DEBUG: server is running!
DEBUG: called!
DEBUG: version: 1.1
DEBUG: [object Object]
DEBUG: image:/9j/4AAQSkZJRgABAgEASABIAAD/4RtrRXhpZgAASUkqAAgAAAAKAA8BAgAaAAAAhgAAABABAgAK
AAAAoAAAABIBAwABAAAAAQAAABoBBQABAAAAqgAAABsBBQABAAAAsgAAACgBAwABAAAAAgAAADEB
AgAeAAAAugAAADIBAgAUAAAA2AAAABMCAwABAAAAAQAAAGmHBAABAAAA7AAAAKwBAABGVUpJIFBI
T1RPIEZJTE0gQ08uLCBMVEQuAFNMUDEwMDBTRQCA/AoAECcAAID8CgAQJwAAQWRvYmUgUGhvdG9z
aG9wIENTMiBNYWNpbnRvc2gAMjAwNzowOToxNSAxODoxODo0MQAMAACQBwAEAAAAMDIxMAOQAgAU
AAAAggEAAASQAgAUAAAAlgEAAAGRBwAEAAAAAQIDAAySBAABAAAA/////w2SAwABAAAAIAAAAACg
BwAEAAAAMDEwMAGgAwABAAAAAQAAAAKgBAABAAAAjAIAAAOgBAABAAAAtgEAAACjBwABAAAAAwAA
AAGjBwABAAAAAQAAAAAAAAAgICAgOiAgOiAgICAgOiAgOiAgADIwMDc6MDk6MDMgMTI6NDk6MDAA
AAAGAAMBAwABAAAABgAAABoBBQABAAAA+gEAABsBBQABAAAAAgIAACgBAwABAAAAAgAAAAECBAAB
AAAACgIAAAICBAABAAAAWRkAAAAAAABIAAAAAQAAAEgAAAABAAAA/9j/4AAQSkZJRgABAgAASABI
AAD/7QAMQWRvYmVfQ00AAf/uAA5BZG9iZQBkgAAAAAH/2wCEAAwICAgJCAwJCQwRCwoLERUPDAwP
FRgTExUTExgRDAwMDAwMEQwMDAwMDAwMDAwMDAwMDAwMDAwMDAwMDAwMDAwBDQsLDQ4NEA4OEBQO
Dg4UFA4ODg4UEQwMDAwMEREMDAwMDAwRDAwMDAwMDAwMDAwMDAwMDAwMDAwMDAwMDAwMDP/AABEI
AGsAoAMBIgACEQEDEQH/3QAEAAr/xAE/AAABBQEBAQEBAQAAAAAAAAADAAECBAUGBwgJCgsBAAEF
AQEBAQEBAAAAAAAAAAEAAgMEBQYHCAkKCxAAAQQBAwIEAgUHBggFAwwzAQACEQMEIRIxBUFRYRMi
cYEyBhSRobFCIyQVUsFiMzRygtFDByWSU/Dh8WNzNRaisoMmRJNUZEXCo3Q2F9JV4mXys4TD03Xj
80YnlKSFtJXE1OT0pbXF1eX1VmZ2hpamtsbW5vY3R1dnd4eXp7fH1+f3EQACAgECBAQDBAUGBwcG
BTUBAAIRAyExEgRBUWFxIhMFMoGRFKGxQiPBUtHwMyRi4XKCkkNTFWNzNPElBhaisoMHJjXC0kST
VKMXZEVVNnRl4vKzhMPTdePzRpSkhbSVxNTk9KW1xdXl9VZmdoaWprbG1ub2JzdHV2d3h5ent8f/
2gAMAwEAAhEDEQA/AMj62Ven1jo7zwbmj73MXUtxg0uBEiVgfXyv07+kWjtkt/KD/BdaSd5ETB/K
kpxsytzcrGraS2uwP3AdyB7VQyGFjtfc3wK3M9gOThGPz3j72qhmVD3JKeT6500Ebg3kSsnD6eNs
kLuOq4c1zHLR+RYuNigCISU0GYLeI/BdN9WevYX1b6L1L1MwYWTmX1MosFXrubLdrsj7PuZ6ldbG
2/n/APbn0Fi9RcMai+50iqkNaWtJaXPf+Zub+a1pauQtve8loc41idoPMEzB5/dSU9d1r/Gp9Zuq
9Pu6Y/7PVRe01221Vua99ZBY9rvVtuYz1W/T9Nq5mzrHVrKhRZm5D6Ws9NtRteWBn+ibXu2en/IV
NJJSbHax9sWAlsahqhcGixwa0tAOgJnRMwua4OAmO3j5JyyW7mgwToD4fFJTe6T9Y+u9GeHdMzrs
YA7vTa6ayT3fjv3UWf2619AfVDrd3Xvq3hdVvYGXZDXCxreN1b347nN/d9T0t+1fODmEQXAtkxxp
wP8AyS9Y/wATvWq7+m5P1f3lmVTYcpk8OofsrtDP3XVW/wDn7+ukp9Mpt9UE7YHYp/TrBLiNXRM+
XCi2htbWtq9rZl3mFK0MLdrztBOnbVJTNJR9+3QAHtOqcTGvPkkpdVOrP2dKzX/u49p+5jlbWV9Y
r2/83OrPafoYeR8iK3pKf//QvfW36u5vWsbFZhbRbj2iw7zAgLbGLkEQanDQTBV2kaq5WCkp57K6
bkufjOZU8iqzc6ewIVTN6bluDiKXeUBdjtMKLmmElPF9TxyKWgiCGiR8lh49HOnddh1qnQnyK5zG
r1+aSnNzMR12DlN2AiLXuae5g+m3/oriaulXPwm5RaYd6jo/kVenvdwf9Pu/4tenhrK2XlzS8MDr
DW0S5wjdsYDt9z3MdWsnoDGXYrui5GDd03Ooe/JxW3t0NVrPQvqDrm/pWXU767PUr9OxiSnzgiDB
UxUSWloInx7Ec/2V0n1q+qNv1fury2EZXT7piWua5h/0Nrdz3M5/QX79liqY9WOMZ99pApBY9sgl
7TPp5NTm/wCjya3b0lNBmIHeoZIAmCdNrxw2z+sgWUvbUXAkbHbXt8J4/wDMl0DMjp19VpHtvs/R
zZq0uE1s9R/772N/nP8AhPU/0iqZd2H9hsEy7JY0OOhc21hn07P5TXMsZ63+gekpw1r/AFQ6k/pf
1m6bmNsFTWZDG2vcQGiqw+jkbi72tb6D7Pcshan1Xwn531j6bisp+0b8movqIBDmNcLL9wf7Nnos
fv3JKfoy3Pxamm11gDWv9Ig6S6du0IhtrAYLi1rrD7GnuedFjW9GvysiuzIqGwZLbdocA0Nbx7ZR
+v8ASbOo2Yb2NJOLYbA4O2lp9u1w1CSnYSQZvG0DXT3Ej+5GSU1eo2XV0NNI1NjA937rZ9zv++rn
+v5rLfq39YrK/wCbaH0B3i4sZW7/AKVu1dQ9oe0tPBXK/WzF+y/VvqzC4OGblVvaBpG92MHM/wDA
nJKf/9Ht6YMK9UNAuYZ1/bH6No+Lgjn60VVM3WPrYO+qSnpj7WknwlRBDmz3iV5Z9cf8YTra6ael
X2h7jNllY2t2D6TBu+k9Njf406bsZ1eULca1jWtY9g37gP3v3XJKe564a2VlzyGiDyVyGLm47i6H
A6kcrPu61i9fY/Gq6i7CymQ/flNgEd2tYgM+qnWKqDk19QqsqcC5jvTd7o/d2fvpKd/Isovosb6p
rLmFoewgOEjtulv+cs7pvTevVtwHUl1Nbam19Qpy7XWGy71HbcnB9+Q2t/ovr2M/VP5vZcqvT8ex
tWPbmufVaHtc4FhLT7h7d9brK2f213mFjm+9tzRvZQNI1Bc4fS/stckpv5VMYD9jRdYyskVOiHuj
+bOn0HuXk3XPq/1anqFLumg5TX1m2wU4xoox7LHObkYj6nu3U0VtbU9nrey31F7Eyyp1YY+W2DkO
ESjV17eNElPz7TbVi5N+J1XGsxqrNH0e4GsO2lm1lg3+36dT/wBM/Z6f876aoZ2K/HsL2eo7FvJd
j32MLPUaPzoPt3tn37XL6Hy8XHOQ3KLR9oraWF8DVp12O/qu+guE/wAZeaH9G+zmD6lrCJGssP5v
7v0klPlQEmO/YeKI5mTi2bXh1Ly0HWQYOoXU9G+ob+q9NZn1Zf2RxLQ02N3Mc8+522yo76vTZ6bv
dV/hP5ytYPXbLPt7sZ2Q3LGGDQ3IZO14a5z3Ol/ud+le/c799JT6D0nr+TmdOJ6D9Z8zFymwbsTq
zaspzSRG5mW+ne/H9T2762fo/wDCY/6RdZ9WOu5xrf8AtTLOS9sNu9U0NNbwJ/QfZacZl1FzXepX
Y78z/hPUqXhWBRl5GSKMNrn3va6GMnc4Na572t2/yGruKfq99QcjHqyXZXW/TuaHNJoL2/ymC1mK
6uz03ezexJT7DidRwM0vbi313Pr/AJxjXAubPG9n0mqyvJ+k9Y+qX1OF1/QvteZkZQaywZlL2wxk
u/R2Nor28+9q7HoH1uPVGtss9H07wX1EF7CAPpNf6rdrtqSnpLW2Fh9N2x41aYkE+Dh+7/VXL/XN
7bOg0ODw/wC0ZTC4t1bLW2Oc1v8AUdUtLK+s+DjMtueQaMZzvtNrSSGsaz1N7fb7vd7Nq4X62fXX
oeX0Hpb8PIYbbbH3W4wO59boex/rtaP0X6S1+3f/ADn+DSU//9IOF0i5tNTW7fYxrWl5JcQBHu/l
Kl9Yvqx1nNxy6k1QyDtaSC5VP+e2RiBv2rp5YDwW2g/99V2j6+02Y9lwxLGtrEkuIgx2aUlOAPqh
9aWBrqzuLdAA8+2efpItXQfrhjnRwrD3sbJLTruDWHVp+it9n1qy8i6mpgbU3IY57SNSABI3K59U
7s/qjTnZ7wWte4YzG8bRNfrfynP+iz+QkpvYX1fONmv6g237Te+sV3Pv+k4D/R+j6f2djvpem1al
fTbsciqvdh5GQQ9lReLKHk+Tm+nv2/T9ldiqdTxbc3NqxabHUh2j7a9HtaP9E+f5x39RXvrH1iro
2Cacwutfjhl2JbpveQ76A433VvYkpkOlW5Nl5JGLn4gE+j9CwOn3uZZu/RO2u3VPQ7NlXT6s7DJx
ayR9upqgAhp2X7fzmWMc36bf0n+DWs7LpHVse5plmXU6t4HiBvb/ANSudptrqzOpYdLyMnJvstZj
/SO51bHsuYwfQrfY1/qWfzXqJKekxTg21h+Pa14Goa2zcBPcNc5yO3KbJaORyBquc+rHT+n5+Fc9
+O2Me80BzWBrXgMref0gb+k2WOsrfteug+zUUDZVWyqoAAMYA0D5NSU087Kcfa3krzr/ABhAOqxq
XGXh7rNvlG1y9CzL8XGrdbY4CBJc4gAfNcH13Fu+sGXh0dNEvvtJpyjo2GAfaLmT9PFxq/ffb9D+
boq/S2pKcjqn1qxMDpw6f9X7XNfa1zL7HNh1bS1tT2tfH6TIs+h6zf5v/Bf8BxsLvPrP0Do3Qei1
9Oyaw3qf2et5uZW4PdbY622vf6hfXt9luO70bPZ6f9hcczAsd0y3qLjDK7mY8SJ3PbZZq36X0akl
MOn5uR0/Oozcaw1X4722V2AAwWmZ2u9r/wCoun6R9ffrL0XpVFGH1GmymslteHbUHOY2Zb+ka3dt
d/xq5n9nZxf6baXPsgONbPe4A/R3sZuex38l69Uw/wDEn0l2MHX9VuvsedzLKWMrZsIG39G85Dnf
1/V/sJKcWj/G/wDW19RcWdOkdrGva4/2RkNVxv8Aja+s+JeDnYmBfjsrFtjaHWMcWuPpsDLnW5DG
P3/8A9XLv8R2EQfQ6raw9t9TXf8AU2VpH/EjSKAyvrFjbCB6hNAcwka+2v1mOb/24kp28z63ddZ0
rBzLui1Gnqo/R0C51rmMLPVY7KAxmVt9Rn+YuN+v/wC0SeiZWPiYuOOp4pt+yVMa5we0Nuf6r3s/
Sforq/T2f8KvV+jYeV07pdGFl3NyrMdorFrWbNzWjayay5+32/y15n/jC6f1PMo6S/DI9Tp1NlT3
NftIMhm1v8r060lP/9Pzjqdr7NsjSZnzUsQg9NvaTxuIH9kKvfb6tYLCQ0aPYTpP5rgiYluc3Fub
jtDqW+607Q7aCI3Skp1+kizK6hi0CQbMcV1Hzd9N39hnvXqOJhMwceptbdlbWNYOwAAhq85+oJvz
/rBWbILcWpzgQ0DUxS3j/jF7E+tgxdrgC0CIPmkpxftWJh5vr33Ma4NnUgRqOEZ/VOl9VAoZTV1V
+P8Apg2GPZUW+7133Wn0sfbH764z64Gi66rptEY7LZdfaxona38z+29WashlwtwsRorblsbXmPYI
3VN5qMf6f8//AINJTLM+uWGyzAy6csPwsfJDcl1IJLRY2+u15D2sfZ6VtjLKv9LX+krWHkfXC/pX
1iq6xjD7XiZOP6VmrmC0Ne91j63Pb7X03fQ/RrqcnDwavsdWU2ttNpdXabGk1mhrdz8ZzGj3Osud
R9m/0Nn6xV/NLn/rz1HFoxcToXRS2L2se9jACGtn0saioWt9ai6309+V/N+pX9n9X+cSU9E3/Gz0
5uGb7en5vsJrcYrLQ9u0OY6w27mfT/0SPjda6915m7F9HAqdw2HZF4/rz6OPW7+zcuGFjfquba7p
ux8vH/RMcxtrXZDfTZk/zp/V3te2vKpyWtu9D9B+jtWf1HqY6gBT0/fRgmqo2Yu6XPsqaynbb6Tv
0jW+n+idtZ/pPTSU+gOx+lszaWZ32jq9pd+lLSLnV+dWJ+ixn/y249d+T/3Xt/Mv5P8Azc6Dc76w
ZTsjOxMrdjszGWHfj7RLelfZ6X47m023Veyn0f1fK/pnpfzi5HA+tj2dN9HOpfkVABlOVU0+oYA/
QPdU5vqWNd/3J9Oz/uxYsPPzs7609YowcZrBZfDARHhusyszIa39NbXVu9e7/A4tfpV/npKdM39W
+ufULHsxhVhuLjjY1cQ1pDarcx97tvq5LW1U025l7/8Atuv9Gl0j6t0dUyjivFdtWO6w15lJePtA
bFFTy+Gfoq3V3vrsY3fb/wAUtnq/RsylvTOg9Ne1mLk+hXZbuLbLmAOZ9ttcWs2Mw93rswmb6q/U
syP1n33rb+qzcfIodbRYcjGpsdi41r3bg+rH/QV7P3KHen69X+j9VJS2F9XqKMRlGLUGUAS2sDQf
vF07nWO/4R6r3dXyfq5k+liWPe8CfsTYtY9xP8w+oO34tz4/R2fof+vfzK73FbSWBwbB8+VynVfq
ln/Y34uIMZ7W7hVf7qch1b3epZj5OzdiZb9/+HyW/wDDel9p/WElNPqP+NzF6c9jb+lXltrQ6qxt
jCxwgE7Xj93d/wBRZ/N2VrMu/wAeVQ/mOjud5vyA38G0WLPy/qrfR0mz7ZGRZl3VU/ZGukVWuf8A
Z2POa7f6mSx7vSfZX+r/AOB/SKGX0X6lO+rGHTgYrv29mX42Fussf6gse5ptyPQ9X0fQtZXbX+ir
/R2Wel/OpKet+rn+NLovV8O49TdV0rJqcAK7LJa9p+i+p5az3fmvYsr6xdc6JkZIdhZVV3rnbY1j
uXR7LG/1vovXSfWHoXQ+n9AuwOn9PxaLepurwaiKmzvvd6Auc7bue/Fqfble7/RLyb684nTOm9dz
MXp7HNqr9KvHeA0MMM/Wnb2tG9/rfovb/wAIkp//1PKh+Ct0Zdv2e7FY7063tJLW6bi33e/972qq
YMunUnhMDBSU+g/4rcItOTmOH0y1jPg33u/6tem5luzGOvDVyH1Fw/snSKGEe5zd7p8Xe5dD1W/b
iuJOoB/Ikp866j9oy+pXXVkCtntJPg33PK3fq5gn0vVf9Ow7j5D80f5qxKLfXprpZB+0Oe6w99rX
u3/57/Yuv6a0V1jtASU33ZAxmyHEeMaLzjqba+rfXTOyN4LW5BZ6bSQ8ihjMf1N7fcxnt+mu16pk
AVO+C836K6y/ruUAC8ubeDtiXElz2/T9vuf7UlIfrF1THyjThYDRVgYoJAaIFlpLvWy/d7nb27Kv
6lSzcJlj8isUNJtBkaS0/wDGfyP31q4nQLusPtay1lGTiNrZdW8O1eXPrc0BjXbXV+n7/wDhFtfV
DonRx9Yc3EytvU2YmPLi4RT6u9ldns3fpPSZZsY//S+p/wAGkp5TKutN762vbLiQRQZY7cZbVXt+
k1u7Z7l2H+LzBs6dVn9ZyGlthacHHxiz9LY5x35fo+r7GOqZV6T/AGv2f4T0/wA/rMzB6R0vDszO
kdOxcbOY3bjWhjdzbH/o22i27d6foNc67d/wao34+KMfAwOnSK6aNtADGn1DY5mPVbk+nd6Pq9Ry
Xf0mr+R6j0lKyeqsZ0nP+sWWzJprx6bMHDdZSxmS7KyPzmv3Wt9LEa+5v2qz+c+1ZfpfzdXqV/8A
FxlPP1ca1p0pvtrcPiGW/wDo1dP9dui9Lv8Aq/idPz8s4PTsWwWXXNEF7mse1rPz9z7H2+t6TKr7
7rP5v/SLjf8AFxlYTeo9a6Zittbi+3IxmZG02htTjjv9b0/0fqubfV6mxJT3tHUntdBcB24/2rWp
zmWAEmTPkuO6vkU4LfXc8Vsby4nT5o3TerteGw6Z7jghJSbqvT+pN6Dk9PbVWRiUF2PneoCXfZ/1
rGs+zbN/2vfSz1Nz/Q9T9J6n+DWJ1rCZh49PUsMScPZl1WvAe4AfrP2hzSNtj/d672f1/T9P2LpM
zrddVNuOys5GQah+j3Bg/Tb6aWM3S++657HtZTRW/wD4X0lTzOl3W4VeDl2MGNXXXVZXTuLrRW1r
XNuyLAzbTbs/SVUU/pGfo/XSU5v1g6w76y9Lp2WHC6h09z3ZGK10S9zDVXfVZ9J+M7c707Pp1/Qt
XlOZlXuppwbHbmYm8MBEFped1jQfpbNzV6N1np5Nvr1E13Nkte3z+k0j9x357Fw/U6rK7732ta43
EGwOGrY/0T/3ElP/1fKlZ6dinKzaaIkPcN3wGrlWWz9U4/af5v0DzzyPopKfVujN9PHaIiAofWLL
2YFrp4Ydfkp4P9HPwWX9bJ/ZV/0v5t3EeCSnB+rFLrcduW9sOvJLW9m1t/R1t/6LrP7a66p2xkeX
wWJ9W4/ZmH9D+YZ4+H+u9bFn0Tzx2SU5XWch7izGqdFuS4VVu8N307D/AMSzfb/YXH9Oqxsb62ZW
NbvrxarMgbGgucQwWek0/wDk/wDrnprp7v8AlquefSsjf8Wz6O3/AAn+l3/4JczZP/Pe/b6k+vbH
2SN07X/S9T2+l/3O3/o/s/2hJTf+s1dnQ8/F6r09rmVdVw3sfvHuFpBx79sen+sVepTez/C13/zi
p/UXLZgddfVbayurJofWTYQ0FwIsrbucdjHepV+ctb6++l+xqPR27P2hk/Q9SOB/N/av0u//ALmf
8J6K4R/P3/lSU+tW4t31kwH5nQMpxzujZRa1rHj0rmuZXZdW0tPv3f4Cz6D/AEbf9Ky1YGDlZn2t
mTjkjIBp223jZVXksvDWYzGtdSynp/qOusfXv9H/AAeymyrI9TW/xLbfR6jP+lx/GJ/S7d38v/R/
mf6X/Bq70nZ9jyPT2/8AKV/p/T3fztn0PX/M37PR+0/9qvU/wPrpKdMfVquu+760fXLKOddg1uuZ
jj+j0Na2bKq69tXrv3N9n6Nnqf4X7TZ+kXlv1Z66+n6419SsDa251725DGw1gbklzXafmsqfZ6n/
AFtek/4wvU/5q1R9t+z+lTEen9n3+zZ+0t3+UPo/zW79U+1+j9o/S+mvFUlPqP1pyPWtrxB3dLx8
CgU2/ZwLadA3+cr8f5df/Cf+fFHqc+tTv3btjJ9aPX+iP5/0v0Xqf6TZ+egXz6To3cfm/wC1JT0u
D1NljWPaWkgHY7SQHfS2O+k3cr/2vcNTK4T6u7psj143nnbsnv6U+/b/AKT/AIRdTXMfn8d4SUyz
Wh4JXKdb6a29jgRrGi6qz6P96yuoRt7fNJT/AP/Z/+09YFBob3Rvc2hvcCAzLjAAOEJJTQQlAAAA
AAAQAAAAAAAAAAAAAAAAAAAAADhCSU0D6gAAAAAdpjw/eG1sIHZlcnNpb249IjEuMCIgZW5jb2Rp
bmc9IlVURi04Ij8+CjwhRE9DVFlQRSBwbGlzdCBQVUJMSUMgIi0vL0FwcGxlIENvbXB1dGVyLy9E
VEQgUExJU1QgMS4wLy9FTiIgImh0dHA6Ly93d3cuYXBwbGUuY29tL0RURHMvUHJvcGVydHlMaXN0
LTEuMC5kdGQiPgo8cGxpc3QgdmVyc2lvbj0iMS4wIj4KPGRpY3Q+Cgk8a2V5PmNvbS5hcHBsZS5w
cmludC5QYWdlRm9ybWF0LlBNSG9yaXpvbnRhbFJlczwva2V5PgoJPGRpY3Q+CgkJPGtleT5jb20u
YXBwbGUucHJpbnQudGlja2V0LmNyZWF0b3I8L2tleT4KCQk8c3RyaW5nPmNvbS5hcHBsZS5wcmlu
dGluZ21hbmFnZXI8L3N0cmluZz4KCQk8a2V5PmNvbS5hcHBsZS5wcmludC50aWNrZXQuaXRlbUFy
cmF5PC9rZXk+CgkJPGFycmF5PgoJCQk8ZGljdD4KCQkJCTxrZXk+Y29tLmFwcGxlLnByaW50LlBh
Z2VGb3JtYXQuUE1Ib3Jpem9udGFsUmVzPC9rZXk+CgkJCQk8cmVhbD43MjwvcmVhbD4KCQkJCTxr
ZXk+Y29tLmFwcGxlLnByaW50LnRpY2tldC5jbGllbnQ8L2tleT4KCQkJCTxzdHJpbmc+Y29tLmFw
cGxlLnByaW50aW5nbWFuYWdlcjwvc3RyaW5nPgoJCQkJPGtleT5jb20uYXBwbGUucHJpbnQudGlj
a2V0Lm1vZERhdGU8L2tleT4KCQkJCTxkYXRlPjIwMDctMDktMTVUMjA6NDI6MjdaPC9kYXRlPgoJ
CQkJPGtleT5jb20uYXBwbGUucHJpbnQudGlja2V0LnN0YXRlRmxhZzwva2V5PgoJCQkJPGludGVn
ZXI+MDwvaW50ZWdlcj4KCQkJPC9kaWN0PgoJCTwvYXJyYXk+Cgk8L2RpY3Q+Cgk8a2V5PmNvbS5h
cHBsZS5wcmludC5QYWdlRm9ybWF0LlBNT3JpZW50YXRpb248L2tleT4KCTxkaWN0PgoJCTxrZXk+
Y29tLmFwcGxlLnByaW50LnRpY2tldC5jcmVhdG9yPC9rZXk+CgkJPHN0cmluZz5jb20uYXBwbGUu
cHJpbnRpbmdtYW5hZ2VyPC9zdHJpbmc+CgkJPGtleT5jb20uYXBwbGUucHJpbnQudGlja2V0Lml0
ZW1BcnJheTwva2V5PgoJCTxhcnJheT4KCQkJPGRpY3Q+CgkJCQk8a2V5PmNvbS5hcHBsZS5wcmlu
dC5QYWdlRm9ybWF0LlBNT3JpZW50YXRpb248L2tleT4KCQkJCTxpbnRlZ2VyPjE8L2ludGVnZXI+
CgkJCQk8a2V5PmNvbS5hcHBsZS5wcmludC50aWNrZXQuY2xpZW50PC9rZXk+CgkJCQk8c3RyaW5n
PmNvbS5hcHBsZS5wcmludGluZ21hbmFnZXI8L3N0cmluZz4KCQkJCTxrZXk+Y29tLmFwcGxlLnBy
aW50LnRpY2tldC5tb2REYXRlPC9rZXk+CgkJCQk8ZGF0ZT4yMDA3LTA5LTE1VDIwOjQyOjI3Wjwv
ZGF0ZT4KCQkJCTxrZXk+Y29tLmFwcGxlLnByaW50LnRpY2tldC5zdGF0ZUZsYWc8L2tleT4KCQkJ
CTxpbnRlZ2VyPjA8L2ludGVnZXI+CgkJCTwvZGljdD4KCQk8L2FycmF5PgoJPC9kaWN0PgoJPGtl
eT5jb20uYXBwbGUucHJpbnQuUGFnZUZvcm1hdC5QTVNjYWxpbmc8L2tleT4KCTxkaWN0PgoJCTxr
ZXk+Y29tLmFwcGxlLnByaW50LnRpY2tldC5jcmVhdG9yPC9rZXk+CgkJPHN0cmluZz5jb20uYXBw
bGUucHJpbnRpbmdtYW5hZ2VyPC9zdHJpbmc+CgkJPGtleT5jb20uYXBwbGUucHJpbnQudGlja2V0
Lml0ZW1BcnJheTwva2V5PgoJCTxhcnJheT4KCQkJPGRpY3Q+CgkJCQk8a2V5PmNvbS5hcHBsZS5w
cmludC5QYWdlRm9ybWF0LlBNU2NhbGluZzwva2V5PgoJCQkJPHJlYWw+MTwvcmVhbD4KCQkJCTxr
ZXk+Y29tLmFwcGxlLnByaW50LnRpY2tldC5jbGllbnQ8L2tleT4KCQkJCTxzdHJpbmc+Y29tLmFw
cGxlLnByaW50aW5nbWFuYWdlcjwvc3RyaW5nPgoJCQkJPGtleT5jb20uYXBwbGUucHJpbnQudGlj
a2V0Lm1vZERhdGU8L2tleT4KCQkJCTxkYXRlPjIwMDctMDktMTVUMjA6NDI6MjdaPC9kYXRlPgoJ
CQkJPGtleT5jb20uYXBwbGUucHJpbnQudGlja2V0LnN0YXRlRmxhZzwva2V5PgoJCQkJPGludGVn
ZXI+MDwvaW50ZWdlcj4KCQkJPC9kaWN0PgoJCTwvYXJyYXk+Cgk8L2RpY3Q+Cgk8a2V5PmNvbS5h
cHBsZS5wcmludC5QYWdlRm9ybWF0LlBNVmVydGljYWxSZXM8L2tleT4KCTxkaWN0PgoJCTxrZXk+
Y29tLmFwcGxlLnByaW50LnRpY2tldC5jcmVhdG9yPC9rZXk+CgkJPHN0cmluZz5jb20uYXBwbGUu
cHJpbnRpbmdtYW5hZ2VyPC9zdHJpbmc+CgkJPGtleT5jb20uYXBwbGUucHJpbnQudGlja2V0Lml0
ZW1BcnJheTwva2V5PgoJCTxhcnJheT4KCQkJPGRpY3Q+CgkJCQk8a2V5PmNvbS5hcHBsZS5wcmlu
dC5QYWdlRm9ybWF0LlBNVmVydGljYWxSZXM8L2tleT4KCQkJCTxyZWFsPjcyPC9yZWFsPgoJCQkJ
PGtleT5jb20uYXBwbGUucHJpbnQudGlja2V0LmNsaWVudDwva2V5PgoJCQkJPHN0cmluZz5jb20u
YXBwbGUucHJpbnRpbmdtYW5hZ2VyPC9zdHJpbmc+CgkJCQk8a2V5PmNvbS5hcHBsZS5wcmludC50
aWNrZXQubW9kRGF0ZTwva2V5PgoJCQkJPGRhdGU+MjAwNy0wOS0xNVQyMDo0MjoyN1o8L2RhdGU+
CgkJCQk8a2V5PmNvbS5hcHBsZS5wcmludC50aWNrZXQuc3RhdGVGbGFnPC9rZXk+CgkJCQk8aW50
ZWdlcj4wPC9pbnRlZ2VyPgoJCQk8L2RpY3Q+CgkJPC9hcnJheT4KCTwvZGljdD4KCTxrZXk+Y29t
LmFwcGxlLnByaW50LlBhZ2VGb3JtYXQuUE1WZXJ0aWNhbFNjYWxpbmc8L2tleT4KCTxkaWN0PgoJ
CTxrZXk+Y29tLmFwcGxlLnByaW50LnRpY2tldC5jcmVhdG9yPC9rZXk+CgkJPHN0cmluZz5jb20u
YXBwbGUucHJpbnRpbmdtYW5hZ2VyPC9zdHJpbmc+CgkJPGtleT5jb20uYXBwbGUucHJpbnQudGlj
a2V0Lml0ZW1BcnJheTwva2V5PgoJCTxhcnJheT4KCQkJPGRpY3Q+CgkJCQk8a2V5PmNvbS5hcHBs
ZS5wcmludC5QYWdlRm9ybWF0LlBNVmVydGljYWxTY2FsaW5nPC9rZXk+CgkJCQk8cmVhbD4xPC9y
ZWFsPgoJCQkJPGtleT5jb20uYXBwbGUucHJpbnQudGlja2V0LmNsaWVudDwva2V5PgoJCQkJPHN0
cmluZz5jb20uYXBwbGUucHJpbnRpbmdtYW5hZ2VyPC9zdHJpbmc+CgkJCQk8a2V5PmNvbS5hcHBs
ZS5wcmludC50aWNrZXQubW9kRGF0ZTwva2V5PgoJCQkJPGRhdGU+MjAwNy0wOS0xNVQyMDo0Mjoy
N1o8L2RhdGU+CgkJCQk8a2V5PmNvbS5hcHBsZS5wcmludC50aWNrZXQuc3RhdGVGbGFnPC9rZXk+
CgkJCQk8aW50ZWdlcj4wPC9pbnRlZ2VyPgoJCQk8L2RpY3Q+CgkJPC9hcnJheT4KCTwvZGljdD4K
CTxrZXk+Y29tLmFwcGxlLnByaW50LnN1YlRpY2tldC5wYXBlcl9pbmZvX3RpY2tldDwva2V5PgoJ
PGRpY3Q+CgkJPGtleT5jb20uYXBwbGUucHJpbnQuUGFnZUZvcm1hdC5QTUFkanVzdGVkUGFnZVJl
Y3Q8L2tleT4KCQk8ZGljdD4KCQkJPGtleT5jb20uYXBwbGUucHJpbnQudGlja2V0LmNyZWF0b3I8
L2tleT4KCQkJPHN0cmluZz5jb20uYXBwbGUucHJpbnRpbmdtYW5hZ2VyPC9zdHJpbmc+CgkJCTxr
ZXk+Y29tLmFwcGxlLnByaW50LnRpY2tldC5pdGVtQXJyYXk8L2tleT4KCQkJPGFycmF5PgoJCQkJ
PGRpY3Q+CgkJCQkJPGtleT5jb20uYXBwbGUucHJpbnQuUGFnZUZvcm1hdC5QTUFkanVzdGVkUGFn
ZVJlY3Q8L2tleT4KCQkJCQk8YXJyYXk+CgkJCQkJCTxyZWFsPjAuMDwvcmVhbD4KCQkJCQkJPHJl
YWw+MC4wPC9yZWFsPgoJCQkJCQk8cmVhbD43ODM8L3JlYWw+CgkJCQkJCTxyZWFsPjU1OTwvcmVh
bD4KCQkJCQk8L2FycmF5PgoJCQkJCTxrZXk+Y29tLmFwcGxlLnByaW50LnRpY2tldC5jbGllbnQ8
L2tleT4KCQkJCQk8c3RyaW5nPmNvbS5hcHBsZS5wcmludGluZ21hbmFnZXI8L3N0cmluZz4KCQkJ
CQk8a2V5PmNvbS5hcHBsZS5wcmludC50aWNrZXQubW9kRGF0ZTwva2V5PgoJCQkJCTxkYXRlPjIw
MDctMDktMTVUMjA6NDI6MjdaPC9kYXRlPgoJCQkJCTxrZXk+Y29tLmFwcGxlLnByaW50LnRpY2tl
dC5zdGF0ZUZsYWc8L2tleT4KCQkJCQk8aW50ZWdlcj4wPC9pbnRlZ2VyPgoJCQkJPC9kaWN0PgoJ
CQk8L2FycmF5PgoJCTwvZGljdD4KCQk8a2V5PmNvbS5hcHBsZS5wcmludC5QYWdlRm9ybWF0LlBN
QWRqdXN0ZWRQYXBlclJlY3Q8L2tleT4KCQk8ZGljdD4KCQkJPGtleT5jb20uYXBwbGUucHJpbnQu
dGlja2V0LmNyZWF0b3I8L2tleT4KCQkJPHN0cmluZz5jb20uYXBwbGUucHJpbnRpbmdtYW5hZ2Vy
PC9zdHJpbmc+CgkJCTxrZXk+Y29tLmFwcGxlLnByaW50LnRpY2tldC5pdGVtQXJyYXk8L2tleT4K
CQkJPGFycmF5PgoJCQkJPGRpY3Q+CgkJCQkJPGtleT5jb20uYXBwbGUucHJpbnQuUGFnZUZvcm1h
dC5QTUFkanVzdGVkUGFwZXJSZWN0PC9rZXk+CgkJCQkJPGFycmF5PgoJCQkJCQk8cmVhbD4tMTg8
L3JlYWw+CgkJCQkJCTxyZWFsPi0xODwvcmVhbD4KCQkJCQkJPHJlYWw+ODI0PC9yZWFsPgoJCQkJ
CQk8cmVhbD41Nzc8L3JlYWw+CgkJCQkJPC9hcnJheT4KCQkJCQk8a2V5PmNvbS5hcHBsZS5wcmlu
dC50aWNrZXQuY2xpZW50PC9rZXk+CgkJCQkJPHN0cmluZz5jb20uYXBwbGUucHJpbnRpbmdtYW5h
Z2VyPC9zdHJpbmc+CgkJCQkJPGtleT5jb20uYXBwbGUucHJpbnQudGlja2V0Lm1vZERhdGU8L2tl
eT4KCQkJCQk8ZGF0ZT4yMDA3LTA5LTE1VDIwOjQyOjI3WjwvZGF0ZT4KCQkJCQk8a2V5PmNvbS5h
cHBsZS5wcmludC50aWNrZXQuc3RhdGVGbGFnPC9rZXk+CgkJCQkJPGludGVnZXI+MDwvaW50ZWdl
cj4KCQkJCTwvZGljdD4KCQkJPC9hcnJheT4KCQk8L2RpY3Q+CgkJPGtleT5jb20uYXBwbGUucHJp
bnQuUGFwZXJJbmZvLlBNUGFwZXJOYW1lPC9rZXk+CgkJPGRpY3Q+CgkJCTxrZXk+Y29tLmFwcGxl
LnByaW50LnRpY2tldC5jcmVhdG9yPC9rZXk+CgkJCTxzdHJpbmc+Y29tLmFwcGxlLnByaW50LnBt
LlBvc3RTY3JpcHQ8L3N0cmluZz4KCQkJPGtleT5jb20uYXBwbGUucHJpbnQudGlja2V0Lml0ZW1B
cnJheTwva2V5PgoJCQk8YXJyYXk+CgkJCQk8ZGljdD4KCQkJCQk8a2V5PmNvbS5hcHBsZS5wcmlu
dC5QYXBlckluZm8uUE1QYXBlck5hbWU8L2tleT4KCQkJCQk8c3RyaW5nPmlzby1hNDwvc3RyaW5n
PgoJCQkJCTxrZXk+Y29tLmFwcGxlLnByaW50LnRpY2tldC5jbGllbnQ8L2tleT4KCQkJCQk8c3Ry
aW5nPmNvbS5hcHBsZS5wcmludC5wbS5Qb3N0U2NyaXB0PC9zdHJpbmc+CgkJCQkJPGtleT5jb20u
YXBwbGUucHJpbnQudGlja2V0Lm1vZERhdGU8L2tleT4KCQkJCQk8ZGF0ZT4yMDAzLTA3LTAxVDE3
OjQ5OjM2WjwvZGF0ZT4KCQkJCQk8a2V5PmNvbS5hcHBsZS5wcmludC50aWNrZXQuc3RhdGVGbGFn
PC9rZXk+CgkJCQkJPGludGVnZXI+MTwvaW50ZWdlcj4KCQkJCTwvZGljdD4KCQkJPC9hcnJheT4K
CQk8L2RpY3Q+CgkJPGtleT5jb20uYXBwbGUucHJpbnQuUGFwZXJJbmZvLlBNVW5hZGp1c3RlZFBh
Z2VSZWN0PC9rZXk+CgkJPGRpY3Q+CgkJCTxrZXk+Y29tLmFwcGxlLnByaW50LnRpY2tldC5jcmVh
dG9yPC9rZXk+CgkJCTxzdHJpbmc+Y29tLmFwcGxlLnByaW50LnBtLlBvc3RTY3JpcHQ8L3N0cmlu
Zz4KCQkJPGtleT5jb20uYXBwbGUucHJpbnQudGlja2V0Lml0ZW1BcnJheTwva2V5PgoJCQk8YXJy
YXk+CgkJCQk8ZGljdD4KCQkJCQk8a2V5PmNvbS5hcHBsZS5wcmludC5QYXBlckluZm8uUE1VbmFk
anVzdGVkUGFnZVJlY3Q8L2tleT4KCQkJCQk8YXJyYXk+CgkJCQkJCTxyZWFsPjAuMDwvcmVhbD4K
CQkJCQkJPHJlYWw+MC4wPC9yZWFsPgoJCQkJCQk8cmVhbD43ODM8L3JlYWw+CgkJCQkJCTxyZWFs
PjU1OTwvcmVhbD4KCQkJCQk8L2FycmF5PgoJCQkJCTxrZXk+Y29tLmFwcGxlLnByaW50LnRpY2tl
dC5jbGllbnQ8L2tleT4KCQkJCQk8c3RyaW5nPmNvbS5hcHBsZS5wcmludGluZ21hbmFnZXI8L3N0
cmluZz4KCQkJCQk8a2V5PmNvbS5hcHBsZS5wcmludC50aWNrZXQubW9kRGF0ZTwva2V5PgoJCQkJ
CTxkYXRlPjIwMDctMDktMTVUMjA6NDI6MjdaPC9kYXRlPgoJCQkJCTxrZXk+Y29tLmFwcGxlLnBy
aW50LnRpY2tldC5zdGF0ZUZsYWc8L2tleT4KCQkJCQk8aW50ZWdlcj4wPC9pbnRlZ2VyPgoJCQkJ
PC9kaWN0PgoJCQk8L2FycmF5PgoJCTwvZGljdD4KCQk8a2V5PmNvbS5hcHBsZS5wcmludC5QYXBl
ckluZm8uUE1VbmFkanVzdGVkUGFwZXJSZWN0PC9rZXk+CgkJPGRpY3Q+CgkJCTxrZXk+Y29tLmFw
cGxlLnByaW50LnRpY2tldC5jcmVhdG9yPC9rZXk+CgkJCTxzdHJpbmc+Y29tLmFwcGxlLnByaW50
LnBtLlBvc3RTY3JpcHQ8L3N0cmluZz4KCQkJPGtleT5jb20uYXBwbGUucHJpbnQudGlja2V0Lml0
ZW1BcnJheTwva2V5PgoJCQk8YXJyYXk+CgkJCQk8ZGljdD4KCQkJCQk8a2V5PmNvbS5hcHBsZS5w
cmludC5QYXBlckluZm8uUE1VbmFkanVzdGVkUGFwZXJSZWN0PC9rZXk+CgkJCQkJPGFycmF5PgoJ
CQkJCQk8cmVhbD4tMTg8L3JlYWw+CgkJCQkJCTxyZWFsPi0xODwvcmVhbD4KCQkJCQkJPHJlYWw+
ODI0PC9yZWFsPgoJCQkJCQk8cmVhbD41Nzc8L3JlYWw+CgkJCQkJPC9hcnJheT4KCQkJCQk8a2V5
PmNvbS5hcHBsZS5wcmludC50aWNrZXQuY2xpZW50PC9rZXk+CgkJCQkJPHN0cmluZz5jb20uYXBw
bGUucHJpbnRpbmdtYW5hZ2VyPC9zdHJpbmc+CgkJCQkJPGtleT5jb20uYXBwbGUucHJpbnQudGlj
a2V0Lm1vZERhdGU8L2tleT4KCQkJCQk8ZGF0ZT4yMDA3LTA5LTE1VDIwOjQyOjI3WjwvZGF0ZT4K
CQkJCQk8a2V5PmNvbS5hcHBsZS5wcmludC50aWNrZXQuc3RhdGVGbGFnPC9rZXk+CgkJCQkJPGlu
dGVnZXI+MDwvaW50ZWdlcj4KCQkJCTwvZGljdD4KCQkJPC9hcnJheT4KCQk8L2RpY3Q+CgkJPGtl
eT5jb20uYXBwbGUucHJpbnQuUGFwZXJJbmZvLnBwZC5QTVBhcGVyTmFtZTwva2V5PgoJCTxkaWN0
PgoJCQk8a2V5PmNvbS5hcHBsZS5wcmludC50aWNrZXQuY3JlYXRvcjwva2V5PgoJCQk8c3RyaW5n
PmNvbS5hcHBsZS5wcmludC5wbS5Qb3N0U2NyaXB0PC9zdHJpbmc+CgkJCTxrZXk+Y29tLmFwcGxl
LnByaW50LnRpY2tldC5pdGVtQXJyYXk8L2tleT4KCQkJPGFycmF5PgoJCQkJPGRpY3Q+CgkJCQkJ
PGtleT5jb20uYXBwbGUucHJpbnQuUGFwZXJJbmZvLnBwZC5QTVBhcGVyTmFtZTwva2V5PgoJCQkJ
CTxzdHJpbmc+QTQ8L3N0cmluZz4KCQkJCQk8a2V5PmNvbS5hcHBsZS5wcmludC50aWNrZXQuY2xp
ZW50PC9rZXk+CgkJCQkJPHN0cmluZz5jb20uYXBwbGUucHJpbnQucG0uUG9zdFNjcmlwdDwvc3Ry
aW5nPgoJCQkJCTxrZXk+Y29tLmFwcGxlLnByaW50LnRpY2tldC5tb2REYXRlPC9rZXk+CgkJCQkJ
PGRhdGU+MjAwMy0wNy0wMVQxNzo0OTozNlo8L2RhdGU+CgkJCQkJPGtleT5jb20uYXBwbGUucHJp
bnQudGlja2V0LnN0YXRlRmxhZzwva2V5PgoJCQkJCTxpbnRlZ2VyPjE8L2ludGVnZXI+CgkJCQk8
L2RpY3Q+CgkJCTwvYXJyYXk+CgkJPC9kaWN0PgoJCTxrZXk+Y29tLmFwcGxlLnByaW50LnRpY2tl
dC5BUElWZXJzaW9uPC9rZXk+CgkJPHN0cmluZz4wMC4yMDwvc3RyaW5nPgoJCTxrZXk+Y29tLmFw
cGxlLnByaW50LnRpY2tldC5wcml2YXRlTG9jazwva2V5PgoJCTxmYWxzZS8+CgkJPGtleT5jb20u
YXBwbGUucHJpbnQudGlja2V0LnR5cGU8L2tleT4KCQk8c3RyaW5nPmNvbS5hcHBsZS5wcmludC5Q
YXBlckluZm9UaWNrZXQ8L3N0cmluZz4KCTwvZGljdD4KCTxrZXk+Y29tLmFwcGxlLnByaW50LnRp
Y2tldC5BUElWZXJzaW9uPC9rZXk+Cgk8c3RyaW5nPjAwLjIwPC9zdHJpbmc+Cgk8a2V5PmNvbS5h
cHBsZS5wcmludC50aWNrZXQucHJpdmF0ZUxvY2s8L2tleT4KCTxmYWxzZS8+Cgk8a2V5PmNvbS5h
cHBsZS5wcmludC50aWNrZXQudHlwZTwva2V5PgoJPHN0cmluZz5jb20uYXBwbGUucHJpbnQuUGFn
ZUZvcm1hdFRpY2tldDwvc3RyaW5nPgo8L2RpY3Q+CjwvcGxpc3Q+CjhCSU0D6QAAAAAAeAADAAAA
SABIAAAAAAMPAi//7v/uAzgCQQNnBXsD4AACAAAASABIAAAAAALYAigAAQAAAGQAAAABAAMDAwAA
AAF//wABAAEAAAAAAAAAAAAAAABoCAAZAZAAAAAAACAAAAAAAAAAAAAAAAAAAAAAAAAAAAAAAAAA
ADhCSU0D7QAAAAAAEABIAAAAAQACAEgAAAABAAI4QklNBCYAAAAAAA4AAAAAAAAAAAAAP4AAADhC
SU0EDQAAAAAABAAAAB44QklNBBkAAAAAAAQAAAAeOEJJTQPzAAAAAAAJAAAAAAAAAAABADhCSU0E
CgAAAAAAAQAAOEJJTScQAAAAAAAKAAEAAAAAAAAAAjhCSU0D9QAAAAAASAAvZmYAAQBsZmYABgAA
AAAAAQAvZmYAAQChmZoABgAAAAAAAQAyAAAAAQBaAAAABgAAAAAAAQA1AAAAAQAtAAAABgAAAAAA
AThCSU0D+AAAAAAAcAAA/////////////////////////////wPoAAAAAP//////////////////
//////////8D6AAAAAD/////////////////////////////A+gAAAAA////////////////////
/////////wPoAAA4QklNBAgAAAAAABAAAAABAAACQAAAAkAAAAAAOEJJTQQeAAAAAAAEAAAAADhC
SU0EGgAAAAADRQAAAAYAAAAAAAAAAAAAAbYAAAKMAAAACAAwADAAMAAwADMAOABfADMAAAABAAAA
AAAAAAAAAAAAAAAAAAAAAAEAAAAAAAAAAAAAAowAAAG2AAAAAAAAAAAAAAAAAAAAAAEAAAAAAAAA
AAAAAAAAAAAAAAAAEAAAAAEAAAAAAABudWxsAAAAAgAAAAZib3VuZHNPYmpjAAAAAQAAAAAAAFJj
dDEAAAAEAAAAAFRvcCBsb25nAAAAAAAAAABMZWZ0bG9uZwAAAAAAAAAAQnRvbWxvbmcAAAG2AAAA
AFJnaHRsb25nAAACjAAAAAZzbGljZXNWbExzAAAAAU9iamMAAAABAAAAAAAFc2xpY2UAAAASAAAA
B3NsaWNlSURsb25nAAAAAAAAAAdncm91cElEbG9uZwAAAAAAAAAGb3JpZ2luZW51bQAAAAxFU2xp
Y2VPcmlnaW4AAAANYXV0b0dlbmVyYXRlZAAAAABUeXBlZW51bQAAAApFU2xpY2VUeXBlAAAAAElt
ZyAAAAAGYm91bmRzT2JqYwAAAAEAAAAAAABSY3QxAAAABAAAAABUb3AgbG9uZwAAAAAAAAAATGVm
dGxvbmcAAAAAAAAAAEJ0b21sb25nAAABtgAAAABSZ2h0bG9uZwAAAowAAAADdXJsVEVYVAAAAAEA
AAAAAABudWxsVEVYVAAAAAEAAAAAAABNc2dlVEVYVAAAAAEAAAAAAAZhbHRUYWdURVhUAAAAAQAA
AAAADmNlbGxUZXh0SXNIVE1MYm9vbAEAAAAIY2VsbFRleHRURVhUAAAAAQAAAAAACWhvcnpBbGln
bmVudW0AAAAPRVNsaWNlSG9yekFsaWduAAAAB2RlZmF1bHQAAAAJdmVydEFsaWduZW51bQAAAA9F
U2xpY2VWZXJ0QWxpZ24AAAAHZGVmYXVsdAAAAAtiZ0NvbG9yVHlwZWVudW0AAAARRVNsaWNlQkdD
b2xvclR5cGUAAAAATm9uZQAAAAl0b3BPdXRzZXRsb25nAAAAAAAAAApsZWZ0T3V0c2V0bG9uZwAA
AAAAAAAMYm90dG9tT3V0c2V0bG9uZwAAAAAAAAALcmlnaHRPdXRzZXRsb25nAAAAAAA4QklNBCgA
AAAAAAwAAAABP/AAAAAAAAA4QklNBBQAAAAAAAQAAAAGOEJJTQQMAAAAABl1AAAAAQAAAKAAAABr
AAAB4AAAyKAAABlZABgAAf/Y/+AAEEpGSUYAAQIAAEgASAAA/+0ADEFkb2JlX0NNAAH/7gAOQWRv
YmUAZIAAAAAB/9sAhAAMCAgICQgMCQkMEQsKCxEVDwwMDxUYExMVExMYEQwMDAwMDBEMDAwMDAwM
DAwMDAwMDAwMDAwMDAwMDAwMDAwMAQ0LCw0ODRAODhAUDg4OFBQODg4OFBEMDAwMDBERDAwMDAwM
EQwMDAwMDAwMDAwMDAwMDAwMDAwMDAwMDAwMDAz/wAARCABrAKADASIAAhEBAxEB/90ABAAK/8QB
PwAAAQUBAQEBAQEAAAAAAAAAAwABAgQFBgcICQoLAQABBQEBAQEBAQAAAAAAAAABAAIDBAUGBwgJ
CgsQAAEEAQMCBAIFBwYIBQMMMwEAAhEDBCESMQVBUWETInGBMgYUkaGxQiMkFVLBYjM0coLRQwcl
klPw4fFjczUWorKDJkSTVGRFwqN0NhfSVeJl8rOEw9N14/NGJ5SkhbSVxNTk9KW1xdXl9VZmdoaW
prbG1ub2N0dXZ3eHl6e3x9fn9xEAAgIBAgQEAwQFBgcHBgU1AQACEQMhMRIEQVFhcSITBTKBkRSh
sUIjwVLR8DMkYuFygpJDUxVjczTxJQYWorKDByY1wtJEk1SjF2RFVTZ0ZeLys4TD03Xj80aUpIW0
lcTU5PSltcXV5fVWZnaGlqa2xtbm9ic3R1dnd4eXp7fH/9oADAMBAAIRAxEAPwDI+tlXp9Y6O88G
5o+9zF1LcYNLgRIlYH18r9O/pFo7ZLfyg/wXWkneREwfypKcbMrc3Kxq2ktrsD9wHcge1UMhhY7X
3N8CtzPYDk4Rj894+9qoZlQ9ySnk+udNBG4N5ErJw+njbJC7jquHNcxy0fkWLjYoAiElNBmC3iPw
XTfVnr2F9W+i9S9TMGFk5l9TKLBV67my3a7I+z7mepXWxtv5/wD259BYvUXDGovudIqpDWlrSWlz
3/mbm/mtaWrkLb3vJaHONYnaDzBMwef3UlPXda/xqfWbqvT7umP+z1UXtNdttVbmvfWQWPa71bbm
M9Vv0/TauZs6x1ayoUWZuQ+lrPTbUbXlgZ/om17tnp/yFTSSUmx2sfbFgJbGoaoXBoscGtLQDoCZ
0TMLmuDgJjt4+Scslu5oME6A+HxSU3uk/WPrvRnh3TM67GAO702umsk934791Fn9utfQH1Q63d17
6t4XVb2Bl2Q1wsa3jdW9+O5zf3fU9LftXzg5hEFwLZMcacD/AMkvWP8AE71qu/puT9X95ZlU2HKZ
PDqH7K7Qz911Vv8A5+/rpKfTKbfVBO2B2Kf06wS4jV0TPlwotobW1rava2Zd5hStDC3a87QTp21S
UzSUfft0AB7TqnExrz5JKXVTqz9nSs1/7uPafuY5W1lfWK9v/Nzqz2n6GHkfIit6Sn//0L31t+ru
b1rGxWYW0W49osO8wIC2xi5BEGpw0EwVdpGquVgpKeeyum5Ln4zmVPIqs3OnsCFUzem5bg4il3lA
XY7TCi5phJTxfU8ciloIghokfJYePRzp3XYdap0J8iucxq9fmkpzczEddg5TdgIi17mnuYPpt/6K
4mrpVz8JuUWmHeo6P5FXp73cH/T7v+LXp4aytl5c0vDA6w1tEucI3bGA7fc9zHVrJ6Axl2K7ouRg
3dNzqHvycVt7dDVaz0L6g65v6Vl1O+uz1K/TsYkp84IgwVMVElpaCJ8exHP9ldJ9avqjb9X7q8th
GV0+6YlrmuYf9Da3c9zOf0F+/ZYqmPVjjGffaQKQWPbIJe0z6eTU5v8Ao8mt29JTQZiB3qGSAJgn
Ta8cNs/rIFlL21FwJGx217fCeP8AzJdAzI6dfVaR7b7P0c2atLhNbPUf++9jf5z/AIT1P9IqmXdh
/YbBMuyWNDjoXNtYZ9Oz+U1zLGet/oHpKcNa/wBUOpP6X9Zum5jbBU1mQxtr3EBoqsPo5G4u9rW+
g+z3LIWp9V8J+d9Y+m4rKftG/JqL6iAQ5jXCy/cH+zZ6LH79ySn6Mtz8WpptdYA1r/SIOkunbtCI
bawGC4ta6w+xp7nnRY1vRr8rIrsyKhsGS23aHANDW8e2Ufr/AEmzqNmG9jSTi2GwODtpafbtcNQk
p2EkGbxtA109xI/uRklNXqNl1dDTSNTYwPd+62fc7/vq5/r+ay36t/WKyv8Am2h9Ad4uLGVu/wCl
btXUPaHtLTwVyv1sxfsv1b6swuDhm5Vb2gaRvdjBzP8AwJySn//R7emDCvVDQLmGdf2x+jaPi4I5
+tFVTN1j62Dvqkp6Y+1pJ8JUQQ5s94leWfXH/GE62umnpV9oe4zZZWNrdg+kwbvpPTY3+NOm7GdX
lC3GtY1rWPYN+4D9791ySnueuGtlZc8hog8lchi5uO4uhwOpHKz7utYvX2PxquouwspkP35TYBHd
rWIDPqp1iqg5NfUKrKnAuY703e6P3dn76SnfyLKL6LG+qay5haHsIDhI7bpb/nLO6b03r1bcB1Jd
TW2ptfUKcu11hsu9R23JwffkNrf6L69jP1T+b2XKr0/HsbVj25rn1Wh7XOBYS0+4e3fW6ytn9td5
hY5vvbc0b2UDSNQXOH0v7LXJKb+VTGA/Y0XWMrJFToh7o/mzp9B7l5N1z6v9Wp6hS7poOU19ZtsF
OMaKMeyxzm5GI+p7t1NFbW1PZ63st9RexMsqdWGPltg5DhEo1de3jRJT8+021YuTfidVxrMaqzR9
HuBrDtpZtZYN/t+nU/8ATP2en/O+mqGdivx7C9nqOxbyXY99jCz1Gj86D7d7Z9+1y+h8vFxzkNyi
0faK2lhfA1addjv6rvoLhP8AGXmh/Rvs5g+pawiRrLD+b+79JJT5UBJjv2HiiOZk4tm14dS8tB1k
GDqF1PRvqG/qvTWZ9WX9kcS0NNjdzHPPudtsqO+r02em73Vf4T+crWD12yz7e7GdkNyxhg0NyGTt
eGuc9zpf7nfpXv3O/fSU+g9J6/k5nTieg/WfMxcpsG7E6s2rKc0kRuZlvp3vx/U9u+tn6P8AwmP+
kXWfVjruca3/ALUyzkvbDbvVNDTW8Cf0H2WnGZdRc13qV2O/M/4T1Kl4VgUZeRkijDa5972uhjJ3
ODWue9rdv8hq7in6vfUHIx6sl2V1v07mhzSaC9v8pgtZiurs9N3s3sSU+w4nUcDNL24t9dz6/wCc
Y1wLmzxvZ9JqsryfpPWPql9Thdf0L7XmZGUGssGZS9sMZLv0djaK9vPvaux6B9bj1RrbLPR9O8F9
RBewgD6TX+q3a7akp6S1thYfTdseNWmJBPg4fu/1Vy/1ze2zoNDg8P8AtGUwuLdWy1tjnNb/AFHV
LSyvrPg4zLbnkGjGc77Ta0khrGs9Te32+73ezauF+tn116Hl9B6W/DyGG22x91uMDufW6Hsf67Wj
9F+ktft3/wA5/g0lP//SDhdIubTU1u32Ma1peSXEAR7v5SpfWL6sdZzccupNUMg7WkguVT/ntkYg
b9q6eWA8FtoP/fVdo+vtNmPZcMSxraxJLiIMdmlJTgD6ofWlga6s7i3QAPPtnn6SLV0H64Y50cKw
97GyS067g1h1aforfZ9asvIupqYG1NyGOe0jUgASNyufVO7P6o052e8FrXuGMxvG0TX638pz/os/
kJKb2F9XzjZr+oNt+03vrFdz7/pOA/0fo+n9nY76XptWpX027HIqr3YeRkEPZUXiyh5Pk5vp79v0
/ZXYqnU8W3NzasWmx1Ido+2vR7Wj/RPn+cd/UV76x9Yq6NgmnMLrX44ZdiW6b3kO+gON91b2JKZD
pVuTZeSRi5+IBPo/QsDp97mWbv0Ttrt1T0OzZV0+rOwycWskfbqaoAIadl+385ljHN+m39J/g1rO
y6R1bHuaZZl1OreB4gb2/wDUrnaba6szqWHS8jJyb7LWY/0judWx7LmMH0K32Nf6ln816iSnpMU4
NtYfj2teBqGts3AT3DXOcjtymyWjkcgarnPqx0/p+fhXPfjtjHvNAc1ga14DK3n9IG/pNljrK37X
roPs1FA2VVsqqAADGANA+TUlNPOynH2t5K86/wAYQDqsalxl4e6zb5RtcvQsy/Fxq3W2OAgSXOIA
HzXB9dxbvrBl4dHTRL77Saco6NhgH2i5k/Txcav332/Q/m6Kv0tqSnI6p9asTA6cOn/V+1zX2tcy
+xzYdW0tbU9rXx+kyLPoes3+b/wX/AcbC7z6z9A6N0HotfTsmsN6n9nrebmVuD3W2Ottr3+oX17f
Zbju9Gz2en/YXHMwLHdMt6i4wyu5mPEidz22Wat+l9GpJTDp+bkdPzqM3GsNV+O9tldgAMFpmdrv
a/8AqLp+kfX36y9F6VRRh9RpsprJbXh21BzmNmW/pGt3bXf8auZ/Z2cX+m2lz7IDjWz3uAP0d7Gb
nsd/JevVMP8AxJ9JdjB1/Vbr7HncyyljK2bCBt/RvOQ539f1f7CSnFo/xv8A1tfUXFnTpHaxr2uP
9kZDVcb/AI2vrPiXg52JgX47KxbY2h1jHFrj6bAy51uQxj9//APVy7/EdhEH0Oq2sPbfU13/AFNl
aR/xI0igMr6xY2wgeoTQHMJGvtr9Zjm/9uJKdvM+t3XWdKwcy7otRp6qP0dAuda5jCz1WOygMZlb
fUZ/mLjfr/8AtEnomVj4mLjjqeKbfslTGucHtDbn+q97P0n6K6v09n/Cr1fo2HldO6XRhZdzcqzH
aKxa1mzc1o2smsuft9v8teZ/4wun9TzKOkvwyPU6dTZU9zX7SDIZtb/K9OtJT//T846na+zbI0mZ
81LEIPTb2k8biB/ZCr32+rWCwkNGj2E6T+a4ImJbnNxbm47Q6lvutO0O2giN0pKdfpIsyuoYtAkG
zHFdR83fTd/YZ716jiYTMHHqbW3ZW1jWDsAAIavOfqCb8/6wVmyC3Fqc4ENA1MUt4/4xexPrYMXa
4AtAiD5pKcX7ViYeb699zGuDZ1IEajhGf1TpfVQKGU1dVfj/AKYNhj2VFvu9d91p9LH2x++uM+uB
ouuq6bRGOy2XX2saJ2t/M/tvVmrIZcLcLEaK25bG15j2CN1TeajH+n/P/wCDSUyzPrlhsswMunLD
8LHyQ3JdSCS0WNvrteQ9rH2elbYyyr/S1/pK1h5H1wv6V9YqusYw+14mTj+lZq5gtDXvdY+tz2+1
9N30P0a6nJw8Gr7HVlNrbTaXV2mxpNZoa3c/Gcxo9zrLnUfZv9DZ+sVfzS5/689RxaMXE6F0Uti9
rHvYwAhrZ9LGoqFrfWout9PflfzfqV/Z/V/nElPRN/xs9Obhm+3p+b7Ca3GKy0PbtDmOsNu5n0/9
Ej43WuvdeZuxfRwKncNh2ReP68+jj1u/s3LhhY36rm2u6bsfLx/0THMba12Q302ZP86f1d7Xtryq
clrbvQ/Qfo7Vn9R6mOoAU9P30YJqqNmLulz7Kmsp22+k79I1vp/onbWf6T00lPoDsfpbM2lmd9o6
vaXfpS0i51fnVifosZ/8tuPXfk/917fzL+T/AM3Og3O+sGU7IzsTK3Y7Mxlh34+0S3pX2el+O5tN
t1Xsp9H9Xyv6Z6X84uRwPrY9nTfRzqX5FQAZTlVNPqGAP0D3VOb6ljXf9yfTs/7sWLDz87O+tPWK
MHGawWXwwER4brMrMyGt/TW11bvXu/wOLX6Vf56SnTN/Vvrn1Cx7MYVYbi442NXENaQ2q3Mfe7b6
uS1tVNNuZe//ALbr/RpdI+rdHVMo4rxXbVjusNeZSXj7QGxRU8vhn6Kt1d767GN32/8AFLZ6v0bM
pb0zoPTXtZi5PoV2W7i2y5gDmfbbXFrNjMPd67MJm+qv1LMj9Z9962/qs3HyKHW0WHIxqbHYuNa9
24Pqx/0Fez9yh3p+vV/o/VSUthfV6ijEZRi1BlAEtrA0H7xdO51jv+Eeq93V8n6uZPpYlj3vAn7E
2LWPcT/MPqDt+Lc+P0dn6H/r38yu9xW0lgcGwfPlcp1X6pZ/2N+LiDGe1u4VX+6nIdW93qWY+Ts3
YmW/f/h8lv8Aw3pfaf1hJTT6j/jcxenPY2/pV5ba0OqsbYwscIBO14/d3f8AUWfzdlazLv8AHlUP
5jo7neb8gN/BtFiz8v6q30dJs+2RkWZd1VP2RrpFVrn/AGdjzmu3+pkse70n2V/q/wDgf0ihl9F+
pTvqxh04GK79vZl+NhbrLH+oLHuabcj0PV9H0LWV21/oq/0dlnpfzqSnrfq5/jS6L1fDuPU3VdKy
anACuyyWvafovqeWs935r2LK+sXXOiZGSHYWVVd6522NY7l0eyxv9b6L10n1h6F0Pp/QLsDp/T8W
i3qbq8Goips773egLnO27nvxan25Xu/0S8m+vOJ0zpvXczF6exzaq/Srx3gNDDDP1p29rRvf636L
2/8ACJKf/9TyofgrdGXb9nuxWO9Ot7SS1um4t93v/e9qqmDLp1J4TAwUlPoP+K3CLTk5jh9MtYz4
N97v+rXpuZbsxjrw1ch9RcP7J0ihhHuc3e6fF3uXQ9Vv24riTqAfyJKfOuo/aMvqV11ZArZ7ST4N
9zyt36uYJ9L1X/TsO4+Q/NH+asSi316a6WQftDnusPfa17t/+e/2Lr+mtFdY7QElN92QMZshxHjG
i846m2vq310zsjeC1uQWem0kPIoYzH9Te33MZ7fprteqZAFTvgvN+iusv67lAAvLm3g7YlxJc9v0
/b7n+1JSH6xdUx8o04WA0VYGKCQGiBZaS71sv3e529uyr+pUs3CZY/IrFDSbQZGktP8Axn8j99au
J0C7rD7WstZRk4ja2XVvDtXlz63NAY1211fp+/8A4RbX1Q6J0cfWHNxMrb1NmJjy4uEU+rvZXZ7N
36T0mWbGP/0vqf8ABpKeUyrrTe+tr2y4kEUGWO3GW1V7fpNbu2e5dh/i8wbOnVZ/WchpbYWnBx8Y
s/S2Ocd+X6Pq+xjqmVek/wBr9n+E9P8AP6zMwekdLw7MzpHTsXGzmN241oY3c2x/6Ntotu3en6DX
Ou3f8GqN+PijHwMDp0iumjbQAxp9Q2OZj1W5Pp3ej6vUcl39Jq/keo9JSsnqrGdJz/rFlsyaa8em
zBw3WUsZkuysj85r91rfSxGvub9qs/nPtWX6X83V6lf/ABcZTz9XGtadKb7a3D4hlv8A6NXT/Xbo
vS7/AKv4nT8/LOD07FsFl1zRBe5rHtaz8/c+x9vrekyq++6z+b/0i43/ABcZWE3qPWumYrbW4vty
MZmRtNobU447/W9P9H6rm31epsSU97R1J7XQXAduP9q1qc5lgBJkz5Ljur5FOC313PFbG8uJ0+aN
03q7XhsOme44ISUm6r0/qTeg5PT21VkYlBdj53qAl32f9axrPs2zf9r30s9Tc/0PU/Sep/g1idaw
mYePT1LDEnD2ZdVrwHuAH6z9oc0jbY/3eu9n9f0/T9i6TM63XVTbjsrORkGofo9wYP02+mljN0vv
uuex7WU0Vv8A+F9JU8zpd1uFXg5djBjV111WV07i60Vta1zbsiwM2027P0lVFP6Rn6P10lOb9YOs
O+svS6dlhwuodPc92RitdEvcw1V31WfSfjO3O9Oz6df0LV5TmZV7qacGx25mJvDARBaXndY0H6Wz
c1ejdZ6eTb69RNdzZLXt8/pNI/cd+excP1Oqyu+99rWuNxBsDhq2P9E/9xJT/9XypWenYpys2miJ
D3Dd8Bq5Vls/VOP2n+b9A888j6KSn1bozfTx2iIgKH1iy9mBa6eGHX5KeD/Rz8Fl/Wyf2Vf9L+bd
xHgkpwfqxS63HblvbDryS1vZtbf0dbf+i6z+2uuqdsZHl8FifVuP2Zh/Q/mGePh/rvWxZ9E88dkl
OV1nIe4sxqnRbkuFVbvDd9Ow/wDEs32/2Fx/TqsbG+tmVjW768WqzIGxoLnEMFnpNP8A5P8A656a
6e7/AJarnn0rI3/Fs+jt/wAJ/pd/+CXM2T/z3v2+pPr2x9kjdO1/0vU9vpf9zt/6P7P9oSU3/rNX
Z0PPxeq9Pa5lXVcN7H7x7haQce/bHp/rFXqU3s/wtd/84qf1Fy2YHXX1W2srqyaH1k2ENBcCLK27
nHYx3qVfnLW+vvpfsaj0duz9oZP0PUjgfzf2r9Lv/wC5n/CeiuEfz9/5UlPrVuLd9ZMB+Z0DKcc7
o2UWtax49K5rmV2XVtLT793+As+g/wBG3/SstWBg5WZ9rZk45IyAadtt42VV5LLw1mMxrXUsp6f6
jrrH17/R/wAHspsqyPU1v8S230eoz/pcfxif0u3d/L/0f5n+l/wau9J2fY8j09v/AClf6f09387Z
9D1/zN+z0ftP/ar1P8D66SnTH1arrvu+tH1yyjnXYNbrmY4/o9DWtmyquvbV679zfZ+jZ6n+F+02
fpF5b9Weuvp+uNfUrA2tude9uQxsNYG5Jc12n5rKn2ep/wBbXpP+ML1P+atUfbfs/pUxHp/Z9/s2
ftLd/lD6P81u/VPtfo/aP0vprxVJT6j9acj1ra8Qd3S8fAoFNv2cC2nQN/nK/H+XX/wn/nxR6nPr
U7927YyfWj1/oj+f9L9F6n+k2fnoF8+k6N3H5v8AtSU9Lg9TZY1j2lpIB2O0kB30tjvpN3K/9r3D
UyuE+ru6bI9eN5527J7+lPv2/wCk/wCEXU1zH5/HeElMs1oeCVynW+mtvY4Eaxouqs+j/esrqEbe
3zSU/wD/2QA4QklNBCEAAAAAAFUAAAABAQAAAA8AQQBkAG8AYgBlACAAUABoAG8AdABvAHMAaABv
AHAAAAATAEEAZABvAGIAZQAgAFAAaABvAHQAbwBzAGgAbwBwACAAQwBTADIAAAABADhCSU0EBgAA
AAAABwAIAQEAAQEA/+E8uGh0dHA6Ly9ucy5hZG9iZS5jb20veGFwLzEuMC8APD94cGFja2V0IGJl
Z2luPSLvu78iIGlkPSJXNU0wTXBDZWhpSHpyZVN6TlRjemtjOWQiPz4KPHg6eG1wbWV0YSB4bWxu
czp4PSJhZG9iZTpuczptZXRhLyIgeDp4bXB0az0iMy4xLjEtMTExIj4KICAgPHJkZjpSREYgeG1s
bnM6cmRmPSJodHRwOi8vd3d3LnczLm9yZy8xOTk5LzAyLzIyLXJkZi1zeW50YXgtbnMjIj4KICAg
ICAgPHJkZjpEZXNjcmlwdGlvbiByZGY6YWJvdXQ9IiIKICAgICAgICAgICAgeG1sbnM6dGlmZj0i
aHR0cDovL25zLmFkb2JlLmNvbS90aWZmLzEuMC8iPgogICAgICAgICA8dGlmZjpPcmllbnRhdGlv
bj4xPC90aWZmOk9yaWVudGF0aW9uPgogICAgICAgICA8dGlmZjpZQ2JDclBvc2l0aW9uaW5nPjE8
L3RpZmY6WUNiQ3JQb3NpdGlvbmluZz4KICAgICAgICAgPHRpZmY6WFJlc29sdXRpb24+NzIwMDAw
LzEwMDAwPC90aWZmOlhSZXNvbHV0aW9uPgogICAgICAgICA8dGlmZjpZUmVzb2x1dGlvbj43MjAw
MDAvMTAwMDA8L3RpZmY6WVJlc29sdXRpb24+CiAgICAgICAgIDx0aWZmOlJlc29sdXRpb25Vbml0
PjI8L3RpZmY6UmVzb2x1dGlvblVuaXQ+CiAgICAgICAgIDx0aWZmOk1ha2U+RlVKSSBQSE9UTyBG
SUxNIENPLiwgTFRELjwvdGlmZjpNYWtlPgogICAgICAgICA8dGlmZjpNb2RlbD5TTFAxMDAwU0U8
L3RpZmY6TW9kZWw+CiAgICAgICAgIDx0aWZmOk5hdGl2ZURpZ2VzdD4yNTYsMjU3LDI1OCwyNTks
MjYyLDI3NCwyNzcsMjg0LDUzMCw1MzEsMjgyLDI4MywyOTYsMzAxLDMxOCwzMTksNTI5LDUzMiwz
MDYsMjcwLDI3MSwyNzIsMzA1LDMxNSwzMzQzMjs4NDUyQzhBN0ZGNjc0MDMwMkMxMkQzMDE2MzU5
QTk1MzwvdGlmZjpOYXRpdmVEaWdlc3Q+CiAgICAgIDwvcmRmOkRlc2NyaXB0aW9uPgogICAgICA8
cmRmOkRlc2NyaXB0aW9uIHJkZjphYm91dD0iIgogICAgICAgICAgICB4bWxuczp4YXA9Imh0dHA6
Ly9ucy5hZG9iZS5jb20veGFwLzEuMC8iPgogICAgICAgICA8eGFwOk1vZGlmeURhdGU+MjAwNy0w
OS0xNVQxODoxODo0MS0wMzowMDwveGFwOk1vZGlmeURhdGU+CiAgICAgICAgIDx4YXA6Q3JlYXRv
clRvb2w+QWRvYmUgUGhvdG9zaG9wIENTMiBNYWNpbnRvc2g8L3hhcDpDcmVhdG9yVG9vbD4KICAg
ICAgICAgPHhhcDpDcmVhdGVEYXRlPjIwMDctMDktMTVUMTg6MTg6NDEtMDM6MDA8L3hhcDpDcmVh
dGVEYXRlPgogICAgICAgICA8eGFwOk1ldGFkYXRhRGF0ZT4yMDA3LTA5LTE1VDE4OjE4OjQxLTAz
OjAwPC94YXA6TWV0YWRhdGFEYXRlPgogICAgICA8L3JkZjpEZXNjcmlwdGlvbj4KICAgICAgPHJk
ZjpEZXNjcmlwdGlvbiByZGY6YWJvdXQ9IiIKICAgICAgICAgICAgeG1sbnM6ZXhpZj0iaHR0cDov
L25zLmFkb2JlLmNvbS9leGlmLzEuMC8iPgogICAgICAgICA8ZXhpZjpFeGlmVmVyc2lvbj4wMjEw
PC9leGlmOkV4aWZWZXJzaW9uPgogICAgICAgICA8ZXhpZjpGbGFzaHBpeFZlcnNpb24+MDEwMDwv
ZXhpZjpGbGFzaHBpeFZlcnNpb24+CiAgICAgICAgIDxleGlmOkNvbG9yU3BhY2U+MTwvZXhpZjpD
b2xvclNwYWNlPgogICAgICAgICA8ZXhpZjpQaXhlbFhEaW1lbnNpb24+NjUyPC9leGlmOlBpeGVs
WERpbWVuc2lvbj4KICAgICAgICAgPGV4aWY6UGl4ZWxZRGltZW5zaW9uPjQzODwvZXhpZjpQaXhl
bFlEaW1lbnNpb24+CiAgICAgICAgIDxleGlmOkRhdGVUaW1lT3JpZ2luYWw+ICAgIDogIDogICAg
IDogIDogIDwvZXhpZjpEYXRlVGltZU9yaWdpbmFsPgogICAgICAgICA8ZXhpZjpEYXRlVGltZURp
Z2l0aXplZD4yMDA3LTA5LTAzVDEyOjQ5LTAzOjAwPC9leGlmOkRhdGVUaW1lRGlnaXRpemVkPgog
ICAgICAgICA8ZXhpZjpGaWxlU291cmNlPjM8L2V4aWY6RmlsZVNvdXJjZT4KICAgICAgICAgPGV4
aWY6U2NlbmVUeXBlPjE8L2V4aWY6U2NlbmVUeXBlPgogICAgICAgICA8ZXhpZjpOYXRpdmVEaWdl
c3Q+MzY4NjQsNDA5NjAsNDA5NjEsMzcxMjEsMzcxMjIsNDA5NjIsNDA5NjMsMzc1MTAsNDA5NjQs
MzY4NjcsMzY4NjgsMzM0MzQsMzM0MzcsMzQ4NTAsMzQ4NTIsMzQ4NTUsMzQ4NTYsMzczNzcsMzcz
NzgsMzczNzksMzczODAsMzczODEsMzczODIsMzczODMsMzczODQsMzczODUsMzczODYsMzczOTYs
NDE0ODMsNDE0ODQsNDE0ODYsNDE0ODcsNDE0ODgsNDE0OTIsNDE0OTMsNDE0OTUsNDE3MjgsNDE3
MjksNDE3MzAsNDE5ODUsNDE5ODYsNDE5ODcsNDE5ODgsNDE5ODksNDE5OTAsNDE5OTEsNDE5OTIs
NDE5OTMsNDE5OTQsNDE5OTUsNDE5OTYsNDIwMTYsMCwyLDQsNSw2LDcsOCw5LDEwLDExLDEyLDEz
LDE0LDE1LDE2LDE3LDE4LDIwLDIyLDIzLDI0LDI1LDI2LDI3LDI4LDMwOzA1MjM3RkY2M0Y3OEI3
NzhFM0Y4NzQ5RUI5MEYwRjMwPC9leGlmOk5hdGl2ZURpZ2VzdD4KICAgICAgPC9yZGY6RGVzY3Jp
cHRpb24+CiAgICAgIDxyZGY6RGVzY3JpcHRpb24gcmRmOmFib3V0PSIiCiAgICAgICAgICAgIHht
bG5zOnhhcE1NPSJodHRwOi8vbnMuYWRvYmUuY29tL3hhcC8xLjAvbW0vIgogICAgICAgICAgICB4
bWxuczpzdFJlZj0iaHR0cDovL25zLmFkb2JlLmNvbS94YXAvMS4wL3NUeXBlL1Jlc291cmNlUmVm
IyI+CiAgICAgICAgIDx4YXBNTTpEb2N1bWVudElEPnV1aWQ6MzdDM0U2OUM2NTRBMTFEQ0JCNkNF
QUVFMTg1NDlENDg8L3hhcE1NOkRvY3VtZW50SUQ+CiAgICAgICAgIDx4YXBNTTpJbnN0YW5jZUlE
PnV1aWQ6MzdDM0U2OUQ2NTRBMTFEQ0JCNkNFQUVFMTg1NDlENDg8L3hhcE1NOkluc3RhbmNlSUQ+
CiAgICAgICAgIDx4YXBNTTpEZXJpdmVkRnJvbSByZGY6cGFyc2VUeXBlPSJSZXNvdXJjZSI+CiAg
ICAgICAgICAgIDxzdFJlZjppbnN0YW5jZUlEPnV1aWQ6NjUxQTVCQTY2NTQ1MTFEQ0JCNkNFQUVF
MTg1NDlENDg8L3N0UmVmOmluc3RhbmNlSUQ+CiAgICAgICAgICAgIDxzdFJlZjpkb2N1bWVudElE
PnV1aWQ6NjUxQTVCQTU2NTQ1MTFEQ0JCNkNFQUVFMTg1NDlENDg8L3N0UmVmOmRvY3VtZW50SUQ+
CiAgICAgICAgIDwveGFwTU06RGVyaXZlZEZyb20+CiAgICAgIDwvcmRmOkRlc2NyaXB0aW9uPgog
ICAgICA8cmRmOkRlc2NyaXB0aW9uIHJkZjphYm91dD0iIgogICAgICAgICAgICB4bWxuczpkYz0i
aHR0cDovL3B1cmwub3JnL2RjL2VsZW1lbnRzLzEuMS8iPgogICAgICAgICA8ZGM6Zm9ybWF0Pmlt
YWdlL2pwZWc8L2RjOmZvcm1hdD4KICAgICAgPC9yZGY6RGVzY3JpcHRpb24+CiAgICAgIDxyZGY6
RGVzY3JpcHRpb24gcmRmOmFib3V0PSIiCiAgICAgICAgICAgIHhtbG5zOnBob3Rvc2hvcD0iaHR0
cDovL25zLmFkb2JlLmNvbS9waG90b3Nob3AvMS4wLyI+CiAgICAgICAgIDxwaG90b3Nob3A6Q29s
b3JNb2RlPjM8L3Bob3Rvc2hvcDpDb2xvck1vZGU+CiAgICAgICAgIDxwaG90b3Nob3A6SUNDUHJv
ZmlsZT5zUkdCIElFQzYxOTY2LTIuMTwvcGhvdG9zaG9wOklDQ1Byb2ZpbGU+CiAgICAgICAgIDxw
aG90b3Nob3A6SGlzdG9yeS8+CiAgICAgIDwvcmRmOkRlc2NyaXB0aW9uPgogICA8L3JkZjpSREY+
CjwveDp4bXBtZXRhPgogICAgICAgICAgICAgICAgICAgICAgICAgICAgICAgICAgICAgICAgICAg
ICAgICAgICAgICAgICAgICAgICAgICAgICAgICAgICAgICAgICAgICAgICAgICAgICAgICAgICAg
CiAgICAgICAgICAgICAgICAgICAgICAgICAgICAgICAgICAgICAgICAgICAgICAgICAgICAgICAg
ICAgICAgICAgICAgICAgICAgICAgICAgICAgICAgICAgICAgICAgICAgICAKICAgICAgICAgICAg
ICAgICAgICAgICAgICAgICAgICAgICAgICAgICAgICAgICAgICAgICAgICAgICAgICAgICAgICAg
ICAgICAgICAgICAgICAgICAgICAgICAgICAgICAgIAogICAgICAgICAgICAgICAgICAgICAgICAg
ICAgICAgICAgICAgICAgICAgICAgICAgICAgICAgICAgICAgICAgICAgICAgICAgICAgICAgICAg
ICAgICAgICAgICAgICAgICAgCiAgICAgICAgICAgICAgICAgICAgICAgICAgICAgICAgICAgICAg
ICAgICAgICAgICAgICAgICAgICAgICAgICAgICAgICAgICAgICAgICAgICAgICAgICAgICAgICAg
ICAgICAKICAgICAgICAgICAgICAgICAgICAgICAgICAgICAgICAgICAgICAgICAgICAgICAgICAg
ICAgICAgICAgICAgICAgICAgICAgICAgICAgICAgICAgICAgICAgICAgICAgICAgIAogICAgICAg
ICAgICAgICAgICAgICAgICAgICAgICAgICAgICAgICAgICAgICAgICAgICAgICAgICAgICAgICAg
ICAgICAgICAgICAgICAgICAgICAgICAgICAgICAgICAgICAgCiAgICAgICAgICAgICAgICAgICAg
ICAgICAgICAgICAgICAgICAgICAgICAgICAgICAgICAgICAgICAgICAgICAgICAgICAgICAgICAg
ICAgICAgICAgICAgICAgICAgICAgICAKICAgICAgICAgICAgICAgICAgICAgICAgICAgICAgICAg
ICAgICAgICAgICAgICAgICAgICAgICAgICAgICAgICAgICAgICAgICAgICAgICAgICAgICAgICAg
ICAgICAgICAgIAogICAgICAgICAgICAgICAgICAgICAgICAgICAgICAgICAgICAgICAgICAgICAg
ICAgICAgICAgICAgICAgICAgICAgICAgICAgICAgICAgICAgICAgICAgICAgICAgICAgICAgCiAg
ICAgICAgICAgICAgICAgICAgICAgICAgICAgICAgICAgICAgICAgICAgICAgICAgICAgICAgICAg
ICAgICAgICAgICAgICAgICAgICAgICAgICAgICAgICAgICAgICAgICAKICAgICAgICAgICAgICAg
ICAgICAgICAgICAgICAgICAgICAgICAgICAgICAgICAgICAgICAgICAgICAgICAgICAgICAgICAg
ICAgICAgICAgICAgICAgICAgICAgICAgICAgIAogICAgICAgICAgICAgICAgICAgICAgICAgICAg
ICAgICAgICAgICAgICAgICAgICAgICAgICAgICAgICAgICAgICAgICAgICAgICAgICAgICAgICAg
ICAgICAgICAgICAgICAgCiAgICAgICAgICAgICAgICAgICAgICAgICAgICAgICAgICAgICAgICAg
ICAgICAgICAgICAgICAgICAgICAgICAgICAgICAgICAgICAgICAgICAgICAgICAgICAgICAgICAg
ICAKICAgICAgICAgICAgICAgICAgICAgICAgICAgICAgICAgICAgICAgICAgICAgICAgICAgICAg
ICAgICAgICAgICAgICAgICAgICAgICAgICAgICAgICAgICAgICAgICAgICAgIAogICAgICAgICAg
ICAgICAgICAgICAgICAgICAgICAgICAgICAgICAgICAgICAgICAgICAgICAgICAgICAgICAgICAg
ICAgICAgICAgICAgICAgICAgICAgICAgICAgICAgICAgCiAgICAgICAgICAgICAgICAgICAgICAg
ICAgICAgICAgICAgICAgICAgICAgICAgICAgICAgICAgICAgICAgICAgICAgICAgICAgICAgICAg
ICAgICAgICAgICAgICAgICAgICAKICAgICAgICAgICAgICAgICAgICAgICAgICAgICAgICAgICAg
ICAgICAgICAgICAgICAgICAgICAgICAgICAgICAgICAgICAgICAgICAgICAgICAgICAgICAgICAg
ICAgICAgIAogICAgICAgICAgICAgICAgICAgICAgICAgICAgICAgICAgICAgICAgICAgICAgICAg
ICAgICAgICAgICAgICAgICAgICAgICAgICAgICAgICAgICAgICAgICAgICAgICAgICAgCiAgICAg
ICAgICAgICAgICAgICAgICAgICAgICAgICAgICAgICAgICAgICAgICAgICAgICAgICAgICAgICAg
ICAgICAgICAgICAgICAgICAgICAgICAgICAgICAgICAgICAgICAKICAgICAgICAgICAgICAgICAg
ICAgICAgICAgICAgICAgICAgICAgICAgICAgICAgICAgICAgICAgICAgICAgICAgICAgICAgICAg
ICAgICAgICAgICAgICAgICAgICAgICAgIAogICAgICAgICAgICAgICAgICAgICAgICAgICAgICAg
ICAgICAgICAgICAgICAgICAgICAgICAgICAgICAgICAgICAgICAgICAgICAgICAgICAgICAgICAg
ICAgICAgICAgICAgCiAgICAgICAgICAgICAgICAgICAgICAgICAgICAgICAgICAgICAgICAgICAg
ICAgICAgICAgICAgICAgICAgICAgICAgICAgICAgICAgICAgICAgICAgICAgICAgICAgICAgICAK
ICAgICAgICAgICAgICAgICAgICAgICAgICAgICAgICAgICAgICAgICAgICAgICAgICAgICAgICAg
ICAgICAgICAgICAgICAgICAgICAgICAgICAgICAgICAgICAgICAgICAgIAogICAgICAgICAgICAg
ICAgICAgICAgICAgICAgICAgICAgICAgICAgICAgICAgICAgICAgICAgICAgICAgICAgICAgICAg
ICAgICAgICAgICAgICAgICAgICAgICAgICAgICAgCiAgICAgICAgICAgICAgICAgICAgICAgICAg
ICAgICAgICAgICAgICAgICAgICAgICAgICAgICAgICAgICAgICAgICAgICAgICAgICAgICAgICAg
ICAgICAgICAgICAgICAgICAKICAgICAgICAgICAgICAgICAgICAgICAgICAgICAgICAgICAgICAg
ICAgICAgICAgICAgICAgICAgICAgICAgICAgICAgICAgICAgICAgICAgICAgICAgICAgICAgICAg
ICAgIAogICAgICAgICAgICAgICAgICAgICAgICAgICAgICAgICAgICAgICAgICAgICAgICAgICAg
ICAgICAgICAgICAgICAgICAgICAgICAgICAgICAgICAgICAgICAgICAgICAgICAgCiAgICAgICAg
ICAgICAgICAgICAgICAgICAgICAgICAgICAgICAgICAgICAgICAgICAgICAgICAgICAgICAgICAg
ICAgICAgICAgICAgICAgICAgICAgICAgICAgICAgICAgICAKICAgICAgICAgICAgICAgICAgICAg
ICAgICAgICAgICAgICAgICAgICAgICAgICAgICAgICAgICAgICAgICAgICAgICAgICAgICAgICAg
ICAgICAgICAgICAgICAgICAgICAgIAogICAgICAgICAgICAgICAgICAgICAgICAgICAgICAgICAg
ICAgICAgICAgICAgICAgICAgICAgICAgICAgICAgICAgICAgICAgICAgICAgICAgICAgICAgICAg
ICAgICAgICAgCiAgICAgICAgICAgICAgICAgICAgICAgICAgICAgICAgICAgICAgICAgICAgICAg
ICAgICAgICAgICAgICAgICAgICAgICAgICAgICAgICAgICAgICAgICAgICAgICAgICAgICAKICAg
ICAgICAgICAgICAgICAgICAgICAgICAgICAgICAgICAgICAgICAgICAgICAgICAgICAgICAgICAg
ICAgICAgICAgICAgICAgICAgICAgICAgICAgICAgICAgICAgICAgIAogICAgICAgICAgICAgICAg
ICAgICAgICAgICAgICAgICAgICAgICAgICAgICAgICAgICAgICAgICAgICAgICAgICAgICAgICAg
ICAgICAgICAgICAgICAgICAgICAgICAgICAgCiAgICAgICAgICAgICAgICAgICAgICAgICAgICAg
ICAgICAgICAgICAgICAgICAgICAgICAgICAgICAgICAgICAgICAgICAgICAgICAgICAgICAgICAg
ICAgICAgICAgICAgICAKICAgICAgICAgICAgICAgICAgICAgICAgICAgICAgICAgICAgICAgICAg
ICAgICAgICAgICAgICAgICAgICAgICAgICAgICAgICAgICAgICAgICAgICAgICAgICAgICAgICAg
IAogICAgICAgICAgICAgICAgICAgICAgICAgICAgICAgICAgICAgICAgICAgICAgICAgICAgICAg
ICAgICAgICAgICAgICAgICAgICAgICAgICAgICAgICAgICAgICAgICAgICAgCiAgICAgICAgICAg
ICAgICAgICAgICAgICAgICAgICAgICAgICAgICAgICAgICAgICAgICAgICAgICAgICAgICAgICAg
ICAgICAgICAgICAgICAgICAgICAgICAgICAgICAgICAKICAgICAgICAgICAgICAgICAgICAgICAg
ICAgICAgICAgICAgICAgICAgICAgICAgICAgICAgICAgICAgICAgICAgICAgICAgICAgICAgICAg
ICAgICAgICAgICAgICAgICAgIAogICAgICAgICAgICAgICAgICAgICAgICAgICAgICAgICAgICAg
ICAgICAgICAgICAgICAgICAgICAgICAgICAgICAgICAgICAgICAgICAgICAgICAgICAgICAgICAg
ICAgICAgCiAgICAgICAgICAgICAgICAgICAgICAgICAgICAgICAgICAgICAgICAgICAgICAgICAg
ICAgICAgICAgICAgICAgICAgICAgICAgICAgICAgICAgICAgICAgICAgICAgICAgICAKICAgICAg
ICAgICAgICAgICAgICAgICAgICAgICAgICAgICAgICAgICAgICAgICAgICAgICAgICAgICAgICAg
ICAgICAgICAgICAgICAgICAgICAgICAgICAgICAgICAgICAgIAogICAgICAgICAgICAgICAgICAg
ICAgICAgICAgICAgICAgICAgICAgICAgICAgICAgICAgICAgICAgICAgICAgICAgICAgICAgICAg
ICAgICAgICAgICAgICAgICAgICAgICAgCiAgICAgICAgICAgICAgICAgICAgICAgICAgICAgICAg
ICAgICAgICAgICAgICAgICAgICAgICAgICAgICAgICAgICAgICAgICAgICAgICAgICAgICAgICAg
ICAgICAgICAgICAKICAgICAgICAgICAgICAgICAgICAgICAgICAgICAgICAgICAgICAgICAgICAg
ICAgICAgICAgICAgICAgICAgICAgICAgICAgICAgICAgICAgICAgICAgICAgICAgICAgICAgIAog
ICAgICAgICAgICAgICAgICAgICAgICAgICAgICAgICAgICAgICAgICAgICAgICAgICAgICAgICAg
ICAgICAgICAgICAgICAgICAgICAgICAgICAgICAgICAgICAgICAgICAgCiAgICAgICAgICAgICAg
ICAgICAgICAgICAgICAgICAgICAgICAgICAgICAgICAgICAgICAgICAgICAgICAgICAgICAgICAg
ICAgICAgICAgICAgICAgICAgICAgICAgICAgICAKICAgICAgICAgICAgICAgICAgICAgICAgICAg
ICAgICAgICAgICAgICAgICAgICAgICAgICAgICAgICAgICAgICAgICAgICAgICAgICAgICAgICAg
ICAgICAgICAgICAgICAgIAogICAgICAgICAgICAgICAgICAgICAgICAgICAgICAgICAgICAgICAg
ICAgICAgICAgICAgICAgICAgICAgICAgICAgICAgICAgICAgICAgICAgICAgICAgICAgICAgICAg
ICAgCiAgICAgICAgICAgICAgICAgICAgICAgICAgICAgICAgICAgICAgICAgICAgICAgICAgICAg
ICAgICAgICAgICAgICAgICAgICAgICAgICAgICAgICAgICAgICAgICAgICAgICAKICAgICAgICAg
ICAgICAgICAgICAgICAgICAgICAgICAgICAgICAgICAgICAgICAgICAgICAgICAgICAgICAgICAg
ICAgICAgICAgICAgICAgICAgICAgICAgICAgICAgICAgIAogICAgICAgICAgICAgICAgICAgICAg
ICAgICAgICAgICAgICAgICAgICAgICAgICAgICAgICAgICAgICAgICAgICAgICAgICAgICAgICAg
ICAgICAgICAgICAgICAgICAgICAgCiAgICAgICAgICAgICAgICAgICAgICAgICAgICAgICAgICAg
ICAgICAgICAgICAgICAgICAgICAgICAgICAgICAgICAgICAgICAgICAgICAgICAgICAgICAgICAg
ICAgICAgICAKICAgICAgICAgICAgICAgICAgICAgICAgICAgICAgICAgICAgICAgICAgICAgICAg
ICAgICAgICAgICAgICAgICAgICAgICAgICAgICAgICAgICAgICAgICAgICAgICAgICAgIAogICAg
ICAgICAgICAgICAgICAgICAgICAgICAgICAgICAgICAgICAgICAgICAgICAgICAgICAgICAgICAg
ICAgICAgICAgICAgICAgICAgICAgICAgICAgICAgICAgICAgICAgCiAgICAgICAgICAgICAgICAg
ICAgICAgICAgICAgICAgICAgICAgICAgICAgICAgICAgICAgICAgICAgICAgICAgICAgICAgICAg
ICAgICAgICAgICAgICAgICAgICAgICAgICAKICAgICAgICAgICAgICAgICAgICAgICAgICAgICAg
ICAgICAgICAgICAgICAgICAgICAgICAgICAgICAgICAgICAgICAgICAgICAgICAgICAgICAgICAg
ICAgICAgICAgICAgIAogICAgICAgICAgICAgICAgICAgICAgICAgICAgICAgICAgICAgICAgICAg
ICAgICAgICAgICAgICAgICAgICAgICAgICAgICAgICAgICAgICAgICAgICAgICAgICAgICAgICAg
CiAgICAgICAgICAgICAgICAgICAgICAgICAgICAgICAgICAgICAgICAgICAgICAgICAgICAgICAg
ICAgICAgICAgICAgICAgICAgICAgICAgICAgICAgICAgICAgICAgICAgICAKICAgICAgICAgICAg
ICAgICAgICAgICAgICAgICAgICAgICAgICAgICAgICAgICAgICAgICAgICAgICAgICAgICAgICAg
ICAgICAgICAgICAgICAgICAgICAgICAgICAgICAgIAogICAgICAgICAgICAgICAgICAgICAgICAg
ICAgICAgICAgICAgICAgICAgICAgICAgICAgICAgICAgICAgICAgICAgICAgICAgICAgICAgICAg
ICAgICAgICAgICAgICAgICAgCiAgICAgICAgICAgICAgICAgICAgICAgICAgICAgICAgICAgICAg
ICAgICAgICAgICAgICAgICAgICAgICAgICAgICAgICAgICAgICAgICAgICAgICAgICAgICAgICAg
ICAgICAKICAgICAgICAgICAgICAgICAgICAgICAgICAgICAgICAgICAgICAgICAgICAgICAgICAg
ICAgICAgICAgICAgICAgICAgICAgICAgICAgICAgICAgICAgICAgICAgICAgICAgIAogICAgICAg
ICAgICAgICAgICAgICAgICAgICAgICAgICAgICAgICAgICAgICAgICAgICAgICAgICAgICAgICAg
ICAgICAgICAgICAgICAgICAgICAgICAgICAgICAgICAgICAgCiAgICAgICAgICAgICAgICAgICAg
ICAgICAgICAgICAgICAgICAgICAgICAgICAgICAgICAgICAgICAgICAgICAgICAgICAgICAgICAg
ICAgICAgICAgICAgICAgICAgICAgICAKICAgICAgICAgICAgICAgICAgICAgICAgICAgICAgICAg
ICAgICAgICAgICAgICAgICAgICAgICAgICAgICAgICAgICAgICAgICAgICAgICAgICAgICAgICAg
ICAgICAgICAgIAogICAgICAgICAgICAgICAgICAgICAgICAgICAgICAgICAgICAgICAgICAgICAg
ICAgICAgICAgICAgICAgICAgICAgICAgICAgICAgICAgICAgICAgICAgICAgICAgICAgICAgCiAg
ICAgICAgICAgICAgICAgICAgICAgICAgICAgICAgICAgICAgICAgICAgICAgICAgICAgICAgICAg
ICAgICAgICAgICAgICAgICAgICAgICAgICAgICAgICAgICAgICAgICAKICAgICAgICAgICAgICAg
ICAgICAgICAgICAgICAgICAgICAgICAgICAgICAgICAgICAgICAgICAgICAgICAgICAgICAgICAg
ICAgICAgICAgICAgICAgICAgICAgICAgICAgIAogICAgICAgICAgICAgICAgICAgICAgICAgICAg
ICAgICAgICAgICAgICAgICAgICAgICAgICAgICAgICAgICAgICAgICAgICAgICAgICAgICAgICAg
ICAgICAgICAgICAgICAgCiAgICAgICAgICAgICAgICAgICAgICAgICAgICAgICAgICAgICAgICAg
ICAgICAgICAgICAgICAgICAgICAgICAgICAgICAgICAgICAgICAgICAgICAgICAgICAgICAgICAg
ICAKICAgICAgICAgICAgICAgICAgICAgICAgICAgICAgICAgICAgICAgICAgICAgICAgICAgICAg
ICAgICAgICAgICAgICAgICAgICAgICAgICAgICAgICAgICAgICAgICAgICAgIAogICAgICAgICAg
ICAgICAgICAgICAgICAgICAgICAgICAgICAgICAgICAgICAgICAgICAgICAgICAgICAgICAgICAg
ICAgICAgICAgICAgICAgICAgICAgICAgICAgICAgICAgCiAgICAgICAgICAgICAgICAgICAgICAg
ICAgICAgICAgICAgICAgICAgICAgICAgICAgICAgICAgICAgICAgICAgICAgICAgICAgICAgICAg
ICAgICAgICAgICAgICAgICAgICAKICAgICAgICAgICAgICAgICAgICAgICAgICAgICAgICAgICAg
ICAgICAgICAgICAgICAgICAgICAgICAgICAgICAgICAgICAgICAgICAgICAgICAgICAgICAgICAg
ICAgICAgIAogICAgICAgICAgICAgICAgICAgICAgICAgICAgICAgICAgICAgICAgICAgICAgICAg
ICAgICAgICAgICAgICAgICAgICAgICAgICAgICAgICAgICAgICAgICAgICAgICAgICAgCiAgICAg
ICAgICAgICAgICAgICAgICAgICAgICAgICAgICAgICAgICAgICAgICAgICAgICAgICAgICAgICAg
ICAgICAgICAgICAgICAgICAgICAgICAgICAgICAgICAgICAgICAKICAgICAgICAgICAgICAgICAg
ICAgICAgICAgICAgICAgICAgICAgICAgICAgICAgICAgICAgICAgICAgICAgICAgICAgICAgICAg
ICAgICAgICAgICAgICAgICAgICAgICAgIAogICAgICAgICAgICAgICAgICAgICAgICAgICAgICAg
ICAgICAgICAgICAgICAgICAgICAgICAgICAgICAgICAgICAgICAgICAgICAgICAgICAgICAgICAg
ICAgICAgICAgICAgCiAgICAgICAgICAgICAgICAgICAgICAgICAgICAgICAgICAgICAgICAgICAg
ICAgICAgICAgICAgICAgICAgICAgICAgICAgICAgICAgICAgICAgICAgICAgICAgICAgICAgICAK
ICAgICAgICAgICAgICAgICAgICAgICAgICAgICAgICAgICAgICAgICAgICAgICAgICAgICAgICAg
ICAgICAgICAgICAgICAgICAgICAgICAgICAgICAgICAgICAgICAgICAgIAogICAgICAgICAgICAg
ICAgICAgICAgICAgICAgICAgICAgICAgICAgICAgICAgICAgICAgICAgICAgICAgICAgICAgICAg
ICAgICAgICAgICAgICAgICAgICAgICAgICAgICAgCiAgICAgICAgICAgICAgICAgICAgICAgICAg
ICAgICAgICAgICAgICAgICAgICAgICAgICAgICAgICAgICAgICAgICAgICAgICAgICAgICAgICAg
ICAgICAgICAgICAgICAgICAKICAgICAgICAgICAgICAgICAgICAgICAgICAgICAgICAgICAgICAg
ICAgICAgICAgICAgICAgICAgICAgICAgICAgICAgICAgICAgICAgICAgICAgICAgICAgICAgICAg
ICAgIAogICAgICAgICAgICAgICAgICAgICAgICAgICAgICAgICAgICAgICAgICAgICAgICAgICAg
ICAgICAgICAgICAgICAgICAgICAgICAgICAgICAgICAgICAgICAgICAgICAgICAgCiAgICAgICAg
ICAgICAgICAgICAgICAgICAgICAgICAgICAgICAgICAgICAgICAgICAgICAgICAgICAgICAgICAg
ICAgICAgICAgICAgICAgICAgICAgICAgICAgICAgICAgICAKICAgICAgICAgICAgICAgICAgICAg
ICAgICAgICAgICAgICAgICAgICAgICAgICAgICAgICAgICAgICAgICAgICAgICAgICAgICAgICAg
ICAgICAgICAgICAgICAgICAgICAgIAogICAgICAgICAgICAgICAgICAgICAgICAgICAgICAgICAg
ICAgICAgICAgICAgICAgICAgICAgICAgICAgICAgICAgICAgICAgICAgICAgICAgICAgICAgICAg
ICAgICAgICAgCiAgICAgICAgICAgICAgICAgICAgICAgICAgICAgICAgICAgICAgICAgICAgICAg
ICAgICAgICAgICAgICAgICAgICAgICAgICAgICAgICAgICAgICAgICAgICAgICAgICAgICAKICAg
ICAgICAgICAgICAgICAgICAgICAgICAgICAgICAgICAgICAgICAgICAgICAgICAgICAgICAgICAg
ICAgICAgICAgICAgICAgICAgICAgICAgICAgICAgICAgICAgICAgIAogICAgICAgICAgICAgICAg
ICAgICAgICAgICAgICAgICAgICAgICAgICAgICAgICAgICAgICAgICAgICAgICAgICAgICAgICAg
ICAgICAgICAgICAgICAgICAgICAgICAgICAgCiAgICAgICAgICAgICAgICAgICAgICAgICAgICAg
ICAgICAgICAgICAgICAgICAgICAgICAgICAgICAgICAgICAgICAgICAgICAgICAgICAgICAgICAg
ICAgICAgICAgICAgICAKICAgICAgICAgICAgICAgICAgICAgICAgICAgICAgICAgICAgICAgICAg
ICAgICAgICAgICAgICAgICAgICAgICAgICAgICAgICAgICAgICAgICAgICAgICAgICAgICAgICAg
IAogICAgICAgICAgICAgICAgICAgICAgICAgICAgICAgICAgICAgICAgICAgICAgICAgICAgICAg
ICAgICAgICAgICAgICAgICAgICAgICAgICAgICAgICAgICAgICAgICAgICAgCiAgICAgICAgICAg
ICAgICAgICAgICAgICAgICAgICAgICAgICAgICAgICAgICAgICAgICAgICAgICAgICAgICAgICAg
ICAgICAgICAgICAgICAgICAgICAgICAgICAgICAgICAKICAgICAgICAgICAgICAgICAgICAgICAg
ICAgICAgICAgICAgICAgICAgICAgICAgICAgICAgICAgICAgICAgICAgICAgICAgICAgICAgICAg
ICAgICAgICAgICAgICAgICAgIAogICAgICAgICAgICAgICAgICAgICAgICAgICAgICAgICAgICAg
ICAgICAgICAgICAgICAgICAgICAgICAgICAgICAgICAgICAgICAgICAgICAgICAgICAgICAgICAg
ICAgICAgCiAgICAgICAgICAgICAgICAgICAgICAgICAgICAgICAgICAgICAgICAgICAgICAgICAg
ICAgICAgICAgICAgICAgICAgICAgICAgICAgICAgICAgICAgICAgICAgICAgICAgICAKICAgICAg
ICAgICAgICAgICAgICAgICAgICAgICAgICAgICAgICAgICAgICAgICAgICAgICAgICAgICAgICAg
ICAgICAgICAgICAgICAgICAgICAgICAgICAgICAgICAgICAgIAogICAgICAgICAgICAgICAgICAg
ICAgICAgICAgICAgICAgICAgICAgICAgICAgICAgICAgICAgICAgICAgICAgICAgICAgICAgICAg
ICAgICAgICAgICAgICAgICAgICAgICAgCiAgICAgICAgICAgICAgICAgICAgICAgICAgICAgICAg
ICAgICAgICAgICAgICAgICAgICAgICAgICAgICAgICAgICAgICAgICAgICAgICAgICAgICAgICAg
ICAgICAgICAgICAKICAgICAgICAgICAgICAgICAgICAgICAgICAgICAgICAgICAgICAgICAgICAg
ICAgICAgICAgICAgICAgICAgICAgICAgICAgICAgICAgICAgICAgICAgICAgICAgICAgICAgIAog
ICAgICAgICAgICAgICAgICAgICAgICAgICAgICAgICAgICAgICAgICAgICAgICAgICAgICAgICAg
ICAgICAgICAgICAgICAgICAgICAgICAgICAgICAgICAgICAgICAgICAgCiAgICAgICAgICAgICAg
ICAgICAgICAgICAgICAgICAgICAgICAgICAgICAgICAgICAgICAgICAgICAgICAgICAgICAgICAg
ICAgICAgICAgICAgICAgICAgICAgICAgICAgICAKICAgICAgICAgICAgICAgICAgICAgICAgICAg
ICAgICAgICAgICAgICAgICAgICAgICAgICAgICAgICAgICAgICAgICAgICAgICAgICAgICAgICAg
ICAgICAgICAgICAgICAgIAogICAgICAgICAgICAgICAgICAgICAgICAgICAgICAgICAgICAgICAg
ICAgICAgICAgICAgICAgICAgICAgICAgICAgICAgICAgICAgICAgICAgICAgICAgICAgICAgICAg
ICAgCiAgICAgICAgICAgICAgICAgICAgICAgICAgICAgICAgICAgICAgICAgICAgICAgICAgICAg
ICAgICAgICAgICAgICAgICAgICAgICAgICAgICAgICAgICAgICAgICAgICAgICAKICAgICAgICAg
ICAgICAgICAgICAgICAgICAgICAgICAgICAgICAgICAgICAgICAgICAgICAgICAgICAgICAgICAg
ICAgICAgICAgICAgICAgICAgICAgICAgICAgICAgICAgIAogICAgICAgICAgICAgICAgICAgICAg
ICAgICAgICAgICAgICAgICAgICAgICAgICAgICAgICAgICAgICAgICAgICAgICAgICAgICAgICAg
ICAgICAgICAgICAgICAgICAgICAgCiAgICAgICAgICAgICAgICAgICAgICAgICAgICAgICAgICAg
ICAgICAgICAgICAgICAgICAgICAgICAgICAgICAgICAgICAgICAgICAgICAgICAgICAgICAgICAg
ICAgICAgICAKICAgICAgICAgICAgICAgICAgICAgICAgICAgICAgICAgICAgICAgICAgICAgICAg
ICAgICAgICAgICAgICAgICAgICAgICAgICAgICAgICAgICAgICAgICAgICAgICAgICAgIAogICAg
ICAgICAgICAgICAgICAgICAgICAgICAgICAgICAgICAgICAgICAgICAgICAgICAgICAgICAgICAg
ICAgICAgICAgICAgICAgICAgICAgICAgICAgICAgICAgICAgICAgCiAgICAgICAgICAgICAgICAg
ICAgICAgICAgICAgICAgICAgICAgICAgICAgICAgICAgICAgICAgICAgICAgICAgICAgICAgICAg
ICAgICAgICAgICAgICAgICAgICAgICAgICAKICAgICAgICAgICAgICAgICAgICAgICAgICAgICAg
ICAgICAgICAgICAgICAgICAgICAgICAgICAgICAgICAgICAgICAgICAgICAgICAgICAgICAgICAg
ICAgICAgICAgICAgIAogICAgICAgICAgICAgICAgICAgICAgICAgICAgICAgICAgICAgICAgICAg
ICAgICAgICAgICAgICAgICAgICAgICAgICAgICAgICAgICAgICAgICAgICAgICAgICAgICAgICAg
CiAgICAgICAgICAgICAgICAgICAgICAgICAgICAgICAgICAgICAgICAgICAgICAgICAgICAgICAg
ICAgICAgICAgICAgICAgICAgICAgICAgICAgICAgICAgICAgICAgICAgICAKICAgICAgICAgICAg
ICAgICAgICAgICAgICAgICAgICAgICAgICAgICAgICAgICAgICAgICAgICAgICAgICAgICAgICAg
ICAgICAgICAgICAgICAgICAgICAgICAgICAgICAgIAogICAgICAgICAgICAgICAgICAgICAgICAg
ICAgICAgICAgICAgICAgICAgICAgICAgICAgICAgICAgICAgICAgICAgICAgICAgICAgICAgICAg
ICAgICAgICAgICAgICAgICAgCiAgICAgICAgICAgICAgICAgICAgICAgICAgICAgICAgICAgICAg
ICAgICAgICAgICAgICAgICAgICAgICAgICAgICAgICAgICAgICAgICAgICAgICAgICAgICAgICAg
ICAgICAKICAgICAgICAgICAgICAgICAgICAgICAgICAgIAo8P3hwYWNrZXQgZW5kPSJ3Ij8+/+IM
WElDQ19QUk9GSUxFAAEBAAAMSExpbm8CEAAAbW50clJHQiBYWVogB84AAgAJAAYAMQAAYWNzcE1T
RlQAAAAASUVDIHNSR0IAAAAAAAAAAAAAAAEAAPbWAAEAAAAA0y1IUCAgAAAAAAAAAAAAAAAAAAAA
AAAAAAAAAAAAAAAAAAAAAAAAAAAAAAAAAAAAAAAAAAARY3BydAAAAVAAAAAzZGVzYwAAAYQAAABs
d3RwdAAAAfAAAAAUYmtwdAAAAgQAAAAUclhZWgAAAhgAAAAUZ1hZWgAAAiwAAAAUYlhZWgAAAkAA
AAAUZG1uZAAAAlQAAABwZG1kZAAAAsQAAACIdnVlZAAAA0wAAACGdmlldwAAA9QAAAAkbHVtaQAA
A/gAAAAUbWVhcwAABAwAAAAkdGVjaAAABDAAAAAMclRSQwAABDwAAAgMZ1RSQwAABDwAAAgMYlRS
QwAABDwAAAgMdGV4dAAAAABDb3B5cmlnaHQgKGMpIDE5OTggSGV3bGV0dC1QYWNrYXJkIENvbXBh
bnkAAGRlc2MAAAAAAAAAEnNSR0IgSUVDNjE5NjYtMi4xAAAAAAAAAAAAAAASc1JHQiBJRUM2MTk2
Ni0yLjEAAAAAAAAAAAAAAAAAAAAAAAAAAAAAAAAAAAAAAAAAAAAAAAAAAAAAAAAAAAAAAAAAAFhZ
WiAAAAAAAADzUQABAAAAARbMWFlaIAAAAAAAAAAAAAAAAAAAAABYWVogAAAAAAAAb6IAADj1AAAD
kFhZWiAAAAAAAABimQAAt4UAABjaWFlaIAAAAAAAACSgAAAPhAAAts9kZXNjAAAAAAAAABZJRUMg
aHR0cDovL3d3dy5pZWMuY2gAAAAAAAAAAAAAABZJRUMgaHR0cDovL3d3dy5pZWMuY2gAAAAAAAAA
AAAAAAAAAAAAAAAAAAAAAAAAAAAAAAAAAAAAAAAAAAAAAAAAAAAAZGVzYwAAAAAAAAAuSUVDIDYx
OTY2LTIuMSBEZWZhdWx0IFJHQiBjb2xvdXIgc3BhY2UgLSBzUkdCAAAAAAAAAAAAAAAuSUVDIDYx
OTY2LTIuMSBEZWZhdWx0IFJHQiBjb2xvdXIgc3BhY2UgLSBzUkdCAAAAAAAAAAAAAAAAAAAAAAAA
AAAAAGRlc2MAAAAAAAAALFJlZmVyZW5jZSBWaWV3aW5nIENvbmRpdGlvbiBpbiBJRUM2MTk2Ni0y
LjEAAAAAAAAAAAAAACxSZWZlcmVuY2UgVmlld2luZyBDb25kaXRpb24gaW4gSUVDNjE5NjYtMi4x
AAAAAAAAAAAAAAAAAAAAAAAAAAAAAAAAAAB2aWV3AAAAAAATpP4AFF8uABDPFAAD7cwABBMLAANc
ngAAAAFYWVogAAAAAABMCVYAUAAAAFcf521lYXMAAAAAAAAAAQAAAAAAAAAAAAAAAAAAAAAAAAKP
AAAAAnNpZyAAAAAAQ1JUIGN1cnYAAAAAAAAEAAAAAAUACgAPABQAGQAeACMAKAAtADIANwA7AEAA
RQBKAE8AVABZAF4AYwBoAG0AcgB3AHwAgQCGAIsAkACVAJoAnwCkAKkArgCyALcAvADBAMYAywDQ
ANUA2wDgAOUA6wDwAPYA+wEBAQcBDQETARkBHwElASsBMgE4AT4BRQFMAVIBWQFgAWcBbgF1AXwB
gwGLAZIBmgGhAakBsQG5AcEByQHRAdkB4QHpAfIB+gIDAgwCFAIdAiYCLwI4AkECSwJUAl0CZwJx
AnoChAKOApgCogKsArYCwQLLAtUC4ALrAvUDAAMLAxYDIQMtAzgDQwNPA1oDZgNyA34DigOWA6ID
rgO6A8cD0wPgA+wD+QQGBBMEIAQtBDsESARVBGMEcQR+BIwEmgSoBLYExATTBOEE8AT+BQ0FHAUr
BToFSQVYBWcFdwWGBZYFpgW1BcUF1QXlBfYGBgYWBicGNwZIBlkGagZ7BowGnQavBsAG0QbjBvUH
BwcZBysHPQdPB2EHdAeGB5kHrAe/B9IH5Qf4CAsIHwgyCEYIWghuCIIIlgiqCL4I0gjnCPsJEAkl
CToJTwlkCXkJjwmkCboJzwnlCfsKEQonCj0KVApqCoEKmAquCsUK3ArzCwsLIgs5C1ELaQuAC5gL
sAvIC+EL+QwSDCoMQwxcDHUMjgynDMAM2QzzDQ0NJg1ADVoNdA2ODakNww3eDfgOEw4uDkkOZA5/
DpsOtg7SDu4PCQ8lD0EPXg96D5YPsw/PD+wQCRAmEEMQYRB+EJsQuRDXEPURExExEU8RbRGMEaoR
yRHoEgcSJhJFEmQShBKjEsMS4xMDEyMTQxNjE4MTpBPFE+UUBhQnFEkUahSLFK0UzhTwFRIVNBVW
FXgVmxW9FeAWAxYmFkkWbBaPFrIW1hb6Fx0XQRdlF4kXrhfSF/cYGxhAGGUYihivGNUY+hkgGUUZ
axmRGbcZ3RoEGioaURp3Gp4axRrsGxQbOxtjG4obshvaHAIcKhxSHHscoxzMHPUdHh1HHXAdmR3D
HeweFh5AHmoelB6+HukfEx8+H2kflB+/H+ogFSBBIGwgmCDEIPAhHCFIIXUhoSHOIfsiJyJVIoIi
ryLdIwojOCNmI5QjwiPwJB8kTSR8JKsk2iUJJTglaCWXJccl9yYnJlcmhya3JugnGCdJJ3onqyfc
KA0oPyhxKKIo1CkGKTgpaymdKdAqAio1KmgqmyrPKwIrNitpK50r0SwFLDksbiyiLNctDC1BLXYt
qy3hLhYuTC6CLrcu7i8kL1ovkS/HL/4wNTBsMKQw2zESMUoxgjG6MfIyKjJjMpsy1DMNM0YzfzO4
M/E0KzRlNJ402DUTNU01hzXCNf02NzZyNq426TckN2A3nDfXOBQ4UDiMOMg5BTlCOX85vDn5OjY6
dDqyOu87LTtrO6o76DwnPGU8pDzjPSI9YT2hPeA+ID5gPqA+4D8hP2E/oj/iQCNAZECmQOdBKUFq
QaxB7kIwQnJCtUL3QzpDfUPARANER0SKRM5FEkVVRZpF3kYiRmdGq0bwRzVHe0fASAVIS0iRSNdJ
HUljSalJ8Eo3Sn1KxEsMS1NLmkviTCpMcky6TQJNSk2TTdxOJU5uTrdPAE9JT5NP3VAnUHFQu1EG
UVBRm1HmUjFSfFLHUxNTX1OqU/ZUQlSPVNtVKFV1VcJWD1ZcVqlW91dEV5JX4FgvWH1Yy1kaWWlZ
uFoHWlZaplr1W0VblVvlXDVchlzWXSddeF3JXhpebF69Xw9fYV+zYAVgV2CqYPxhT2GiYfViSWKc
YvBjQ2OXY+tkQGSUZOllPWWSZedmPWaSZuhnPWeTZ+loP2iWaOxpQ2maafFqSGqfavdrT2una/9s
V2yvbQhtYG25bhJua27Ebx5veG/RcCtwhnDgcTpxlXHwcktypnMBc11zuHQUdHB0zHUodYV14XY+
dpt2+HdWd7N4EXhueMx5KnmJeed6RnqlewR7Y3vCfCF8gXzhfUF9oX4BfmJ+wn8jf4R/5YBHgKiB
CoFrgc2CMIKSgvSDV4O6hB2EgITjhUeFq4YOhnKG14c7h5+IBIhpiM6JM4mZif6KZIrKizCLlov8
jGOMyo0xjZiN/45mjs6PNo+ekAaQbpDWkT+RqJIRknqS45NNk7aUIJSKlPSVX5XJljSWn5cKl3WX
4JhMmLiZJJmQmfyaaJrVm0Kbr5wcnImc951kndKeQJ6unx2fi5/6oGmg2KFHobaiJqKWowajdqPm
pFakx6U4pammGqaLpv2nbqfgqFKoxKk3qamqHKqPqwKrdavprFys0K1ErbiuLa6hrxavi7AAsHWw
6rFgsdayS7LCszizrrQltJy1E7WKtgG2ebbwt2i34LhZuNG5SrnCuju6tbsuu6e8IbybvRW9j74K
voS+/796v/XAcMDswWfB48JfwtvDWMPUxFHEzsVLxcjGRsbDx0HHv8g9yLzJOsm5yjjKt8s2y7bM
Ncy1zTXNtc42zrbPN8+40DnQutE80b7SP9LB00TTxtRJ1MvVTtXR1lXW2Ndc1+DYZNjo2WzZ8dp2
2vvbgNwF3IrdEN2W3hzeot8p36/gNuC94UThzOJT4tvjY+Pr5HPk/OWE5g3mlucf56noMui86Ubp
0Opb6uXrcOv77IbtEe2c7ijutO9A78zwWPDl8XLx//KM8xnzp/Q09ML1UPXe9m32+/eK+Bn4qPk4
+cf6V/rn+3f8B/yY/Sn9uv5L/tz/bf///+4AIUFkb2JlAGRAAAAAAQMAEAMCAwYAAAAAAAAAAAAA
AAD/2wCEAAEBAQEBAQEBAQEBAQEBAQEBAQEBAQEBAQEBAQEBAQEBAQEBAQEBAQEBAQECAgICAgIC
AgICAgMDAwMDAwMDAwMBAQEBAQEBAQEBAQICAQICAwMDAwMDAwMDAwMDAwMDAwMDAwMDAwMDAwMD
AwMDAwMDAwMDAwMDAwMDAwMDAwMDA//CABEIAbYCjAMBEQACEQEDEQH/xADdAAAABgIDAQAAAAAA
AAAAAAAABgcICQoEBQIDCwEBAQEBAAAAAAAAAAAAAAAAAAABAhAAAAYCAQIFAwQBAwQDAQAAAgME
BQYHAQgJABEQIRITCmAxFCBBFRYwUBcYQCIjGYCQJCURAAICAQMDAwMDAQUGAwYCCwECAwQFERIG
IRMHADEiQRQIMiMVURBhcUIWIDCBUjMkkRcJobFiQzQl8MHR4XJA8VMYkmNEJhIAAQMCBQIEBgEF
AQAAAAAAAQARIfAxEGBBUWFxkSBQgdGhscHh8QKAMEBwkCIS/9oADAMBAQIRAxEAAABx5H6U9iXI
sbBgD8cDSnYI0dISzSBZCCN1GejOhp4hxyFgFCDWHQMBmmYFI9AotUmWZRwEAPF2LA4l40citERC
+d5jHSdYD6bkneLRBaXHwgAAAAGAaQbQLgYwpBsgAAAAAAAAAAGMVaRrQxEppErpZ0N2KOZpkhGI
hR5BpRLwlm7CqNYGQjNxu5txdBRg3hrNkbI2wVy9uSflEwkCMIq9ETpwPplHQfTqFfHEiUCMBaOo
+nwArh6cxa2AdJhANkcDCNGGo5gAAAAAAAAAAAAwyn0cxlJSvJKy24ZxtDZmaakhUH5HeIUJOFM3
wnYykZaNgN+L2H4NJuzdG9NkE4u1hLInihYakAAAAAB9FtHMjSRLz4AADkZpKmez2bcKYiRxHCG7
AAAAAAAAAAAAAAAAYBSRHRjOykqPZLmYZDLMY7DgQyjuwxCHidiVB9OoZ4MuGsG2FpDuGM2p2GyO
4xB7JWXGnGmAAAAAAbE1wtgp4kIkhxAAAAClnuQjizXDNxXhbDYAAdIXwwnaAAAAAAAAAAA1JQKJ
YhpJSIHFl4wPR1GIcwENA5QOQhgQhLBRDIGqjPxqRkitB1N2bIyAkEdIUBMhEBIwAAA+nI+nWfQB
oFcG/mUYJ8NmawAAHrbFhwSsagOOHBGrDYfTTiCisB6AAAAAAAAAAAFs81YsnjYyjsbovcimHYbI
5nURGi7B0EXE5EuFFNuNqGnjTjmKmHk2JnjYzbDUCJUKRigOw6wAAAAAHM+C6hAonxjn0yDGAdxx
PRMLjAj45sUMIRpBagGIJAHEOB2hbOJvTIO0AAAAA6gknlqFxEboUghIi/MGo7AyGQbIitFWFWEU
CCJWKsHsayNZGjmGKsHA25phsZ0kOo10LYAAAAAAAAfQHYdwezfCXGsNgHwJp9NOTcnrBBsHHACc
ZQZwAOkTo2YbAjnwPRlgAAADVnMyBJTyhi9KIcUmhmh6B5nhuOZsTLI1Q0C4iOifCaiziujWBqg0
o0wowdTfDWxfCIMhkMQAAAAAAAAAfTcmKcDvFKjCrXG4UuoSjsMg6T0mS6ufQAAAAXQjigm1OwAA
AAAAACdCIjkRBTygy/2JIUviK49CwXk3prQpG6I7AwjjhGBLBLRdBxY1Ia+M5C0KaHEMo0EeaRQF
e0Lh9PgAAAcj4fDkHcJIbDnHbReFICiuCmAbULB9OJmj5z2oBYTCO8yQHALIjY4IywAAAAAAAJsY
wxgfGN9PKoPQxCCU6iB89FYcwZQXDXGyI/DYjsxFxGhJhfhzw1EbCM+CSKWHgNI2IXcbcVmhrwtw
m5sAomOdhzM81JmhkDGulRYRFbPkvMKNdUAAAAAdh6epb+NUEkPhrzNNmcTkAAAAAAAAEZY5UaMP
5Genl+nogmnK7ZBwW9xyRtzamzM0ZCJ4OhEQCwIuK+O6GrjXxnQVBRA9nAbUKmFYqkCCkpY1Ib8J
uABsBURPDDFKFxVLx2CIVIi6uIpqFFaAAAAAAXAz06TIC+JmFwXIMJxOJ9OYDicgAAAK5AGS8kQJ
NeMAPNgPRIN0Es1odDbn02BkHESg1BvgmBJEuDKKQNQGwjMwlinBtMUS8VoMhUgE7JixACKQQoKZ
yPpuBUwki+GpFttNuYU6QetFC0qyVOkAAAAAsLnphilB7I1iR0dINnOY5U+gAAAAAAasivDCV+S3
kQtFAg9Dk3Iaw0BwNsbk3RsTsOwwTGOZqwsiQDaxow2MZQEsUYO4ZxEhyx1lb0SIssDDivkMSCeG
I34akdRai0LPTl4Q6l8huIo0Nup20Q+1rwHcdIAAJED1IzZjURkpbiFYKqwmhbWN8AAAAAAABABA
Ct2XICtCUrj0KTYBpDeGQ25tAxm1Ms+GuMc7ToNQJQN2GeDXBkoRhQg/huEfF8NuR5Ef5b9K8Q3A
q7iUCnjpzHRSFMKORlUqtYLirHEBn06KSuapTOoAAAAWnD0KBgBpxQiwOcisENNLG48w1RkBrM4A
AAAJ+E4q/ltwqZFWMvqm5DeHQ3ptjdBkMwyDJME6zkYJphPhBxng1AZUJgKWKMGcSoXUMZAmQ9ly
kXcSkb+UbxCBwQ8ASYk7C4qYMyJLkESLTtWUflP1zDWqDHUAAAALXJdLN+bYcaSZAINhMyU8cCI2
Z44Q2wAAAAxTGIeSZYpoEBxd5N2GwPQajbG1DMbEzTIMUxTgY5hBGEIGejQBjonwpAoIajTGrFfK
nAwozS90OjF7IcihIJaOPSXdUjGNKgyPkRRg33TCJH+WxpSIQJqAByOIDvPS4LOYdTbhyFIAI8EU
UINwQQ5B1OQAAAAABPRQijgRPl1A3xvw4BlDibwMBszKMs6zWnYYpiBPERGeDQBjglApYo4aTOES
D2R/yrDYmVOvlkoSQIJBDAVw5GAWKddEqG1CBDsUVhqOhMA1gYBIzGOsBzOABXy5iXRiQU3oAAAA
BxOQAAAAAAAAN4HDFAQZGXOQ3G+DWGAPIaDYmeZ5knWYRknA0oUhJxowzoYiIgKaKMG0zggjWioe
TXESZYuJdia4PI30aeUm4iuEWqSMZCZZK7TAYjfMQ2ZrQHIBwAbA7zvNgPYJyBy47IdEWrRyQAAA
AAAAAdY00deNLHYHnyiHlvAOQZA2hoDmGA2huTMO81wUg2HcF8Jwmw08ZgR2DdRXRTTfGwN8akrn
pOytTgTMvgFhkyBFyoQPiKIkIzSKihmSTEEnlkFMsU4AAOZ2HWcAAN+eg8WNyvYVzR6hZgHHE1gr
YAAAAAAAAaMi+JLzuPPYCcW1g3BpDkG4OQYzaG4M4xQvCTCrnE4hRE7GhjDCJQa+L0KgHIMBmGGM
IQvrI9TzIcoShhwCQQQCqxUp1YqYeTZEHCO0okLafRAxHgGWYgYDCFiEWMM7TqJ/S46E8ZsGcnNF
rMscGPmOwAAAAAABqY4IJx5+BlFqwNwZQ3B/DaGQ3htjCEXG/GcOQNKcRLhthHkRYkYY3Ec0K4G8
3ZkGKSVj9TgI4S5DkDcBeECG/hbhxlI1CMaU1YPA6QkJHClN0hIPh3HSOXJyRmJDodZwMwkaJZwv
CQDrgjifCDFzMt8HYAAAAAAZ4JsLUUFzYFr4MxtwyBwDOd5lHwQkg5K+hO8TfBXGVDYxMRupAMNi
EhHFixhjFiFiNKWKR7g3oXMkWFXDsFoLIDY0Y43hoabBDKh85xGzleMokmgMcxD6StBWIzDvOgBz
FbMQ2RmGeGIO56a5ZFE9PgowAAAAbgGgawURzELEJnHcbMMgdjvNkd4lRWiK0JLqPsJphOhFjaGn
IMRqwQT4GMQ0kpJMgqkzw6QSEkCFaFhHQidBQO4zjcAMgwRuIWROBoJWNKpY6kleDURnBZI8AigA
AAdz01iTcMxuw0ncNMInDiaQmJJJxVQiG7G7CRknhFWULBFixGbg3xtg1CgGvExGQjFSrsJqZB0k
gQoQSzUk3JYUCyGUPAmZXQD+OIDWS5i+C+jvjRmtFTFYOYZDbGYZJihIErEYG0jRSqQQHj6CyIT/
ABrSvMUdgAAABKEKeTOGtDgHUNozUjUHYFlAeSS0C5ESApo00qGFz0jvKQAnhZEFnNGHMMQSRl5H
2NaFQGWighWC2OAM8kRGGDRy2qGgkJJRRtY1IJQkYfTNFOJqB5AnB8C6akW0UkMpmn0KglYQRv41
EaQUsiO8kyLgo8MZ+eegNuAA+nwB6BpWxL+pvwoCRmnEQCQIgTZivjnQniCjzSLEoqiVjWBuwXCZ
klrNqKMHUQshMIVDqDOagVUMJvB3ZnkgYgg90sSm4GphzF9H4BWI1xByUQckM4MoUscmHMUIWsNh
vDampCQJmIiN4GuDaCkMNfLAhOQGkqsEDQAH0+AAWDRo5Z9J2x9Q4QVMMB3HAVM7TKO0B8CKMxCc
UVCJ4VAfcLUGczDWDPSNYiTNYb00ZrjkA7ziW0ieUZePUFsHDixDSxjo+MewFkjSJ2hCSBonuHcB
yMc0h1GcbQ0AThKBvYgwlA0cqNCBl0cMhUNIYAHI+HwAAChmeHITwLocg/BuNkY5kCXlogn6CuHQ
RsTklHPL0GwAL2Y6wPxvDcGqCeQ9iZCuCdCChhCyKaI6WuRzgajKNMKQJiOZFuIwyQcdUQwC8j1C
Ko1ZLMLecwlibHUGoxBOxFBFAhheI5CqkNuJphHCtsZJhmyNadQAGUbM2JOWE0ifEdF3HmBOHDBn
I3A5ieHr/ERhTxHMnpunm3lYQ2JexFuDWHIOIcgxDfDThkNocjWGpElG9EqoogQg0DwiTEixGdk8
oygZ6TdkaBBCT1jeCBgUweoPCMA1I6UV46xMRHwkGaJIQrFXcLgwcKBuTSBhCoZADYmrAczmdxjm
MA2IaDiOJFxEkCyTUHrLEeJDiNhLmZ5dRD2SVk2AoYcAxBtDmbc+HYYoTghiNiUCYksA9Y0hGgMJ
F8LegdiEUmMO4h3J1RrBSlJ2h0ZFuaofudorI/ALQbgniemgOYUBkJGCVkBmZqyxEJ4VdDkasBsT
EOkBkHaYZ2HWfAAAczsFXNIWDT05R3phkDJOEeXSVnxeSbsXEV8WMP4oobRORIRFxABcSJwZmXDy
VsX8b+RmjQizMdg94j5FBJUyD4lGNuVWiQwcKQXBUltV2LMHw5iXHI6wnHAJY2oZ6R6laIjtJ/Sy
uNtKIwz04Dzxo5qz4czrJqSf0nHEUEOERGtDRhOibwSUYQdpbkLEZrCDEkOPOmKmh8HFGkEwNkGA
UYlSEvMsfgR3kzBDeL0W7R7Aow3gitJEiZ0IZDcMJN0W4iNU149cq2klh3jVki1W3gPtNqZQm5qD
WhUCAN+GtDDCKoipLa5N4QrEPRVnG2j4CVErnG/F2EZC0e2ASUn0AAHwwTibEADGNYbkTMjZC4Vd
yv6NDH2ibkZI3YA+IfcMWN+ShkahNWRhliwmLHMBqGljbCSQlLDiVQCtCTeFl4baJkSOEAJXdW0D
I8ciZq1uLYawwwgiaiciTjdCPMiUDEORGfF98XUpLFWgjiMYdcSIECZKeEgkqHFllcsfC2gAAAAA
AAADrCGNIIhRu5HYMyItRDRjg38A8UeWMqDYP6GMkwwdSwyOUFzN2NOCWSpDnzfhXIRh0QbBtAyI
lDIZyjGemtbI9I4AUU3YThPxMRtwyIiXGki3Elg2ghXLD5MSLgQEFEYzRVxxYxQMI94sjigmsCEK
CSxlgENAAAAAAAAOsTsREiHIsxCxrJAKIgNQEzAOXJBRqQVhzQjRNSTFkp5mBtNmI4a0f8HoNZ1G
lGLiE1HdEV1T7ZMXqhGWGC6gP+FpNyIkRpEK4hpvCSMemKWSomqIYSy2KwUvzzbyVgdAN2HoCaE7
4+gzRTDWGnE+G8hsLbAthkGEcQsjbBhoy8f4TYiYCRDeCuuN9ErKtIlIgIQAC+kiI2ARAcQa0sGF
g8eeF4xRRjSCBi2BmO8SAa2aURobiVDi4MNjKeYk4s4+AlSG1Eb5K+WKx74eRSRt5CsTsljMaQUy
xaijUG0m9JexoxFCT2kzRjDiAGuNWM7I0qjzlVdIoSPU0QUAhBcOABYD1tx7glo0Ii0IgTKK5h2j
cRFgDjB8IiAlI8QbyWvyf0eiFMaoFITEj3ERG/hfJAS4ynmwrHQspaQ5EaRYZEVIjhWREyyUNZI3
SyiS4EiZuBkYxEUQk7EgLEhTVKQptyyKTvEsh58JLKSgkv4Qx0xvjajbCBeo7YJZuo2llbZWVnEA
AAASHD5TNMQTcTQfMRMBeEsESAPBJNxDwhDhRuZceJoh7B2DeSP8bmMdK0pIoSOjwhfCvkSoCJG9
IgSfgekVfCuMJITllsIg8HVjPyG4QMvDkpo20Z4PDIFSsON+LFBYwECK/pIKSgj7h/g6wU4OR8Kr
JL8V4BmdRYRpYklquMMtJDx25HYS/liQtGDMDz0TakSxvhBR4AVhmZxAZAcjEMcM4tZ6IZKaOsM0
Io08aAV/CtWT2kyJjEZw+8dcLYQylhQ2xG8ebYbgn6IvixmGgegU0Bp444kgJ3CT8aWMlKuw1wMJ
6Von5S2FkLNR1EwI68dsLAKAcSASozIcgsAkyz9WlLMjRaRAl9Q5DAeYCXjSXEBBeQtDMCt2MIEG
DaLcJCEIBnhwC+aABKgegeSbC2G8EZGWEdZVaFvH1B3G8Dmx9I5MIQ28l/DMUJSB8kCLEZVBJ/yq
2TGkaY5QSQfUJgSMiMkcwhghpbhLjhBcQUEtoYxx5NcLkK4OWFSMs14z1WVpD0kK7Vk5SwzTWV1C
XbiU08Po9qgeecSjMW7ykEVLhi5qQBkFNEROAdSbUY4R8ALFBd2JExXTNG+Ee5EYV2hYRcTaBvJT
h4Q4UZINlDeaI8/84ln4fgR5FXI1woYqw44N4mBLCR9iRDZREh4Z6i4rIwIg8JyDz4S+6Ssith6F
pFVDwbQ0YmomZHxSGS7NKnlh6l2wbypUe4kGYRAoMFrcplFY4acfD4A7DrM0eqSqESozQ+lwAtgj
6xxAWhs5GKQkERYpYdzRknRICOhFrDibk2xU3KoRsyUgfYOUKRB2gNibwlyEnE3AM5CCZpfmLSAx
obyMfHdnmjHo3ErYrQqIeA+ipigm+C6EQrpEuYkRUPFkF7I1zGPTYPpBMUbyPkc0I8QegAABuA6g
HDCACVm3L8xPEPfFaCaNTIqyviRtB/FVFuJmx2w4MU83R1m2KWJXbH4E/wASznn0DMjuDUbQJY70
TM2w24zjVCjno3D3xiYhhJWRSHn8HoDkwor4bTLFEFAHDihBpCsVxYmrogFXU3Q+IYIRolo8s3lT
AqlEMYWQkiJAAA+n04gFfDkN0Hgl9glaHginibDSiH8ryiTikmeSKknY6cW03JoggGhKPwlI9gkI
I+CtUagzzWG+D6LUdA2gyDTmCWDz0LysmN5Deeg+eRuQPF3UnvDib4MwcBRBaBSRUDZCOFc6DgH8
arUgSNBWviYpZJH2kBhVYGuDTDgAADcGnAAzxyIh5O0W4ySodEGgSkaCQikMA4AWEbSSsD6xzYoB
iCdiBCPFGc2hM+EYriCfH0xDtMcc2SWDDxl5gjxTRl60dcMHIwC6CNRPKqMItTlu44n0L5kh9FsF
VFJD2HcwY1FiUlXFqctGuEW5FIYhJwLUQQFcgJgAB4COcjiAAA4mYWqCzIPbHFG+EXGZEEYxgd0I
Sbgk5HXjiw7hdEdG7kdBUOEcLRo1IjuI0zpNwdphksAphjC2Eh5OWVzS1QV/hdSW0tFFHY864+Eu
p6NoVQlCTBOD4K2KyLEKmH4OFfZdMlYQm5pA4gDNOa4jeF+O0rmmqOQ3gwTUHadAAANkKcXYSbkd
iKuGMRsZAV5AlCuDIyRMfMOpFoDQE8SQbCQ3FXgQUsdDWgqkeAlYDdiino4EowrYXRCysmTempIX
BRC3KSjnnyERInBBIet4GUI4gY18Jwo44QWgVYUcVgUcyisskt0sNVN8H1jWhixHoFwiHNwHITUa
KGw+BUAAByJTC4ASejnhSDciNkf5W3DKEc6ySoeUOCFdOYRxHRq5EEVTT4TzCGiTBKJuAmjpio+e
nEOLFDAI+VXC1CFgiLHAFzcziGY3BRMKrx6bJKKaAQAaoNjMgWwcULqLeKqMqGaqRZlySvY0SeVF
Bro1hGnjAhtIz0RAwxCjmfDiAAAE8Ra6JBRwwpRrBCiOwrLCoiKkgQ+AccOIDkawTkRwaMRIFYMO
xamFFKxg8MtFm2KmBE8eoYK8KObAZcRMErJH8LoSRllsRwhBKqpX1GAl18tVmmEPI8iDgcIPeF+H
IDhRpAtI0knCO+E8pHBFqRiG2DaBr5HiM6G4iAibgAAAAG6LYBPQPjF5DwakbcRnFbYTwc2SNDrx
xQs5ugviViAjYiFcr0Cwk2Y+Ii5Ily3qRzFcgB6iIZjfHAqZk341wjeHiluAmsKVpTpLHRFmVpyc
Y9DUJo3Yi2IEx0Q4QewOOF1F8GZEg4s58CWFGEnpExv4iY2gbQR2kfQ0s0QAAAAA58toEvQ8YWI3
poxtRFIV6BipP+PCHGi9Ckm6COJKIEMwGRlbkJ5NUWLQ4lB8m9IXhHwF5MmOOgMBQbHvCsDNSYw2
4nJEkXJy4IeRKV/A8nqoBgGlkOJGmPxF4EVHmjlBbBVA5GcbgzDDE5EoEUEZG/iCjPRh4x0aQAAA
AMol0LHxJ8OqFHN8EkayRIlSAfCTjDhhxQrQZTtCiJMNGIpCTooyGgLgRJCTBHn5EP44UKwhhbeL
AInQ/wDEXKWY/IZkPEG4FhMsUEpoys8TcKYC9MTgDHSEUTcduLIcBDh5g4oWcNYcDam0MgLAQhNB
JBHBDxu40oa2QlgAA5HeHUsSE3o+UdKHY1wVBpJDOVECy+SCjgRaw7myAEUREY2RxlgEohjaCb8f
oWQiBYqdm/NyISS5FqArSFm8t2EHRRnHJDliwmWWQzh/KDpQjAAn+LeRHmRLCgC/m2FKEiEuHxDk
RVw6BoNqfTXGMEgSoTAR4RQbmIEVoQH0B9OI70spkmQ8cceboLhohoZBsVhC42ONF7D6G41BrgiD
aCJAciSAFMcZCTLlgkKpLseZSbUwAuGIcjiWoj0PDbnnKk3Q6o0ZYeHWEYJ5hhEofACoHoJjQBgw
bxUjaGUJKMLF5JEB1gqAoBnGzMMzTRBBCmJ8ImN9E0KjoD6fAAJaCd8kPHcDgjsC6FkZIQZkEhcd
HEC1B5NaasKAjg0oiNJxRVSp4Q6m/L6I/s2551Y280hsjWHYbUtSnoMjiDz8Sc0zwokkAcygyR1k
U5xAAtNEswxoTcUo3ITBtgzkj9LBg9kcWHkOJvzIO02YWAtifiRiHian/9oACAECAAEFAP8A6Gsf
SePDz+jMePbPfx8vofy8f3x1nPXn2+3Xn9F/vnwznt159eXh9/ovy79effHXnnry7Y8/or75z5de
XbvjrGe2c9vDz6z13+icdY679usdZ6xjt127Zx12756/b6G+2PHv36z9u+fDt38O3f6H79d+vvjo
XfPWOu3Xn37eX28PPt/r/wBv1dvDGM567ddvL7eGc9uvLHX38e3bH+v+Xh3z+ny68+seWOsefh9+
u30H28O/fOO/6cdvDH6Pv1+2foLPn4dvPt+nv1nry7/tnGe/3+iPt+nvnrPWft546z5+Hl9H+Xf7
+GP/AK2f3+jf2/fw8+u3bH0Z9vDtjv8AbPn15fRHfx7+Hl1+3j2+iM/br79eXXbt15eH26/b6I+/
Wft+j7+P2/679s9ft1+3+jfbxx2679/9E7defbH0b26+/X2679usYx1jrzx15467dvovy7+XXfz6
z6useeBY75x9Gefbv26znPX74756757Y79eX0bnrGO/Xl1+/l3/b6Nz548PPrH0fnz67eGPo/wAs
dZ6889d/Lw/b6K8uu3bGOvv1ntnrv1n6N8+vt0Hr1Z8Pv1n6O8s57579Y6+/WOs/Rf26x5Z889du
u+Ovv159dvovv368us+HfrPX2/8Anr//2gAIAQMAAQUA/wDjp3+k8/f6Rz12z9JY7Zznt367Zz9G
efh2747eWPLry+i+2e/WM57467eePP6N7Z67Z7479vPt36D19/ozPbr7dYx1n7fv26zj6Jznrvnw
889Y88+XWfv38+/Xn3+/0N38Mffy68+/n1nvnr7BxnHp7+X36xjHfP0P3x4eWPDy7fbrt36x1nrP
3znHX7fQ+O/hnt15eHbrt5/t9+u/l/r3bwx1n9P2xnv28uv36/fPj3+ge3j59vt+j7eHl15Z8PPr
7Y68voLOO3Xl2z1nz/VnrPb9HbHXfrv5fQPbHWfPrz7/AH/T26zjHXbw7Zxj6F7f4fPHXbw+/X2+
kM9eXXfz7/8A1D9/pLHl19vo/wDbP2z54+jvLPhjv3/f9vofz8cds+H747dZ79fv5/RP7fv1jGe3
6f3+iM56x1nrOOs9uv2/0H9+u2c/6R28e3fxznvj/r/t1n7fbGPt15dft/o3bw7+f+hY68uhdB6z
jHfPfrOO3Xl9F/fHn12889sZ9PYXn2znORYz13xj6Mx1jGcdY7Y6/wC7t28vo/t3zj7/AH67duv2
8/o3z68sY8M48/o3v2x38+vv9H/tjOe/fz+/Xbtj6O7Z75xnPWfPH7/v1jr7/Rnn27erOO3WevLv
28/v9G/brGO3X746z9v274+jP2/cWfHv9G/bry67dfbr9/pLv/8AKP8A/9oACAEBAAEFAFaMoCfa
NuLMj+ypft2TxRmhPaTWP1ZZmMAz0bASdk9nUhGezriTFXdvLfLTRtxyiQ4WpVriTk1SEgQV6QIl
D4wJjy5tECxGzaIgwXNowLIpLGg46XoBEia241UY0R4rJyWJml9N0Q9s5DFzCik0aFgrEaD7oo3k
kUljWRN/x2Gw0ugTlWGZuQrkbkk6MNLJDfly1/X1e2PcE2atqNL/AJE9hcfUI3q+UpudsrNJH8lb
mGemC6r8u7bKXt7UzfhYyTgalfhWYEg/ADSxFD8O/TY9rG0WgPOTt3QjVoH8tSkErxrDySaP7kkf
rXq/xgLRewVKY+Thzignw5vSw2UZWNZC9Ml/zLO/4n9kK/8AcaNELJe1LSaaxbUJwJrK4lFWRplb
SlN6bGwwsxOQWoEBsEE09ryQRKmUoLTZzo5Yeq+jytZB32PGFhdiDyj17mrSZRrADxKmNOtKnUXy
cXYUa9IpbHTPbfGTAwRyNhLwwxjBZaViz03x0JXRTKAQBMhhBxEfLHgDAeHEhjOTkfAlJY3WOtnL
Bt9PtVNJnrni5pNPq+qj5orZJYLVHy95O5s2+/MNt7vc3GGmnD6xntlQqCqM9wfWcYwX1DmKPo21
1q2s5e42yjoiPsDKgjq5rPJGnOx59Zx2z4UvYFt0/N+Cfm0kOz4fAagkvB7qlJJSOBSnrGcZ6MLL
H0alJMLMijWuOLLAUD/oHEXpQfzZn/vDObwlZ2aaAii+6CPKWz+H1UT76RpKNbymERHSZuPBksIc
9GlYOA7Iizm62UQ00sqEQzK/kreUcU7sqMYXSPJs9HnnpikoFCzqdx7B2bDigcZmLAaVl8j+QmsE
b9ZrQyY7pmQ/I0bIPsWzZwSFvSFnIGYoZadoTFp3xiPH1w81klnOofKlyZV8w0zytXVrw+0G/OZD
y9fo+/hjPbwx960UokCVu2Gl8cSyG05A7yPyzn9APR3bjvQo1L28k9Wblx18SSJiyPOMvK00jp0k
isLrGHdahWsroByT/wDSOnpw2/zwP/e8S2CMK2aaQ5ju+jeNHZ/D+4iJf2BvNNaUrGePBzPjKfDf
j1gQYH0vQAyjvpoAnmVIgNMg8gSg9bs2Yx07Isdncssw+NNAhiljMM8M5j4Bhm8cwXmSx8Iz4ww+
jpraQ46Iae5QGcRxRbaUYWTHEzl1hgOJCcoDgKUhFJGqheQRTRifc3Z26th9iRSJ+GX/AIEP8eAP
VSRey5YXBFhqGGy1vgbUzdw9v1UxJQQy39ZZEzSCj8474cSycEST/wDC+xltTLlKBAQhL8Tx5LKL
eysmFGe6H/M+jCUzf3nP/v8AfxCSi9i20QY5yJNZiaf8PK4H9+hiUpVHy0QcFGoAYMw1BF0W1F4y
eh9IdimsBUyoAoea8f2wsWX1AWFU7Ngfx3ltB+TEW88GJm1H4KlzUaDqaR830yyOiIUsLOVnDKxi
VdJWozulZwYysZf/AOe1oEzE2P2wdUJAWntmwmrorcEGcHTZR9UAb7XuGRXBn9OO3YsAjTDSjCDe
giyHOfvEZAvjzzOGdxe0As5EAtELKDOe+ehsjyWzeOM5xn46G2LxZnH8ORFkCmNlgR9P614lDzBz
nNsSJ3VMYnw8qVi8OM4x0/DCW1ODyYiTwdSeNu/zTAz2Yt/fD/8A3rFITQh2Aau0W5LWrCaZ8S7h
+PbFdqDTIegMznpSaUQAgoo3ASwBGIsOS9im/Bc71xSFjg78gF7Tw3dxOLUUIbyjKEKDo/dKlzEV
guUs4DBTdoLwVI20I1LAzADlqZc+yQ2EpC29MMvDuzHCbJNOo/Yzmhr0Tkk2AdSi47N1CgbypVnq
/Ev2u/68ffGAC6zjIc1mOPzROrbGlIswBOE7rOM4zhYswj8DkyhN0AOMC+KvI3OTaZ2s/wD8Y2R5
Irk6qP1w2JURDQ3Ji7BCY3M0BSnnJ/BckLWpVlfiJUMTaFs6CqJFkw0BYHCWtLeYllzYpUjXFYKI
OweV+sAjPVZ6j8Wvv7Sq/wDcCnT59F9NxhrLyjNChM+cWaz2buqkrGYQY8pW8ttWCcDEqoeBFLQD
GEwoZOzgQ4mWth4BRV/TmYA9JQ5NckeREPjcmMFAERqgMsZjhJpkzAwfNWEJnUqYc5OZ2/AhtDRn
20jWLJ5aXuKwcEx2DUhXBbwp2HtJvrIBV5V4jbpJIP5tb/jxjry6wHGcDWDGUY7RWQAgsZrxRNHt
O1JHnpA3jcRQZ3TiRAaS8pGhsC9CxjGBcGHJFLNDNrYK9ILvg1S1+4xh+xjt4TdrOdWSKsuGds8T
iwmBfxOCRSxpF6g0tJgslzhn5ysEKF+UkRgSg/U4uyVqCgdUTiEoKj8nYBZhvpv+ZP8A+fxRBnV4
N+DY1yvtHsn8Yyj27/qQkrNfrWdWN0TtpJQG5kVGHCY8FBIIPCHaJvTGS3WJKEDC8pcFFPJKkwa0
n1Dfk3Yytm8Ii5UzgLKmLSRkUwYwElTFAWA1lbQlYbkCg4CNrznJbX3ztCAY0tZw1PH4byGW+/JS
16tUvWf5M47ZSJAYyqCD31KXBAmpKasX5gCcLy4RyIKXhDDf50RlYHOVeRCuJvPW/Gc4yQeelOBl
W5OBQC8j+JJv/J7O17xgPjnz/RIHgttSNc4TuJn4adwLKKASX/isH3gtccng2Z3jCpSsbdx3MDRr
Z7iP/kGmT+5i2mwg1i5c2IZBHHY54bti6CV/kVunbSxHG4yMhQ7IWboUnyeemX4VA2sNIDJNXTDV
Dc/MWFXT0yqAGO4B4y+pO3VSE4HmTNRX4UtbgFlzJnySXNG8vB7WjMGW1pCwARtoRibm4IDrIbcS
y93FMlbmfbuiYdJW2Ux5XGnfrGM5x+n0D9HbwyEWMQtnb5AdjAfU2OKBEJz/AAQrW94GhZyPWLLy
oQy+PI3lbGxvX8Qlc0rssRI2KTuLSWHHqEIPpFjOcZT5Q5I44t1Z7ods5QNrR66aiGPBYTlYUoiF
ZB+fAz1ZC9xtO8AR1UoTy1El/DT/AOJ4nKZoeHdUXIEFiHHMcgpdYpcIDyGuf8VqT/3f3dKlCmHZ
zaFUw8tsZV/xuiin8TYzV4AVVcFpxlg/HO7q2A1YYbCjAGJY4Mge10XEe76soPxQOoCcJ5Hj3RuD
MYpw+IDCU9KIffxIkQQETFAMnqWN/rxNEeMDZ2rPobkQSCiUJeAgTYDiERzLlcT0oMxl1QKJGt22
bjkFqYx36jldLDYrGY44SZZKYisYm4v8X2OvdH7QcEZK/jTy03Sck9eOOdm5SprWTo5Q1p8GOZ9f
qlKBAsLdH1vbzz3VC1yFsWgGMH+D3jfa+IDvNKdh9LM4wLDq0p3IlDla0ugFeBgVvZJGEigavw9A
fV/izntjZmepWad1w5lHxm4JY2InqhjhKKq5XnnDJpP+Up9PpJJBK2gKtu381WfLPJobjInkDuzX
VFJIlEE7yvwAp5z6kzpgWQuoDQBVpTc7RCRCHrmWFG4vJac0l5IKKNWpUQASsoGAUlgZhj8iAJLO
m8YupSg9QJm3+0a2IciCzIcmllt5menN1RJEVSHBbnqTnTVTECagTwGDbipv4q8IakczXu4oa9QK
AP1Uule2o8JXtjD4qlSRSRA7BZ2OKuJQG8pvwMhepjJyQuWQyQu8gk1fCa09TyoxO37G1cqiF2SR
m/gpFFYzJp+zuLGabj/B8Na0BxDf81cQQcUcWcF8ElTAFPy0BYJEc7q42kOTIOvUHuM0IMlmBMD4
erGRfpmjmazxYx1Xye1YANiRRfceZ+3JtYjTzqK5tn7DJop+IX/GFAwDA0Q1BbvU7TIgpNZoOHKC
kUhIDKZF7pVPKS+k1NnmCzUBuAAqo7ObI1yxI8xjWkqPBW0qJQY5a7nKcuGtBgun/V84/EJpQqNg
krUEhLMER48S1JkwE1SAwc0JPZMa0Ig5LYwmjcIymVs0ObBI18ZZ1kqVS2PFOKTeCuEaqca9U8So
b+Smt07cyWFro+29o3YL+7ztFNWohsfOgZBgX/Z6k7QqMXWI2uuIwyx9ZI2dljTWpwUH+Ic4qwqr
fr2KwF/cImNqDbEFdhwJ6hcVDNocs2iijkyPp4CwD/X8Z+/a9oXkgtO5HY9pqW2z3NwtO3WuOtEa
2TJn8mqBu/PUYxgOLcvlHAXusrgKnrhjHbHbt/heW8Lq2XPV6WKTeRWYbGoXZNwP1o2nRjKKPVD8
iKWf17Sj2Ev8ImJyMaYjAcJC8HFICQe8kJAHAU2Pa9rIjE4QZAFMWZ0WiJFkSRKIRqNuMyBvQBFh
kahdHx5uEJxijdgmSMCNGRMm/BfUzQgGKXJDhmztAHA21P6AticeApS1Cwxc1AIExM+XCUFNxKQx
9Rf/AKuSCDf0SNaox06Txnf3XsiwNIOJlEmdR796zyjXi738oR7YHOMCRtpBpMGjUdeX2Ly+QitZ
JWyub1Rr3I41Wl7QevVNKzzaKtmx5glXNrrDrMf61Qs0weYNI63s+4GmPzwESgkvjijaek3KrtY3
VH/HufgIg0BP6ONPUG4tvb9iEKmqHXKHWKmjAdt78ewQDSp/f3Ww6cahN8O65adjpdBNjOO3eabr
bJjL8kkrJ/ivqNpHhplNcFOUImDAgrfaGIlllRX5Mr+aRQH4eP6+hwLunAFMa2gyPCHGShJA59ZG
ewExXYRPoyMJBhOAhDjowBmcGlhO6xgYMhLx2MGYWavyYIuTosqAS9GH0zZKPA5o2l9p0nxhc3kY
LPS+5kpvQiSgGnyWnISlM9wpkwy85a0qxPvHSUcsiqKSiqiJzuuk7ctj2wurb3UN6W0/x/bSPSNu
UQp4OAEBlQT1LAp3elFQZjkGzFVx9N1x9PDAZbm+FEGR9615rZdccFhsejF561EwyIrHVtqOTpon
YMiQ3rXDpHnptYZLDWuycjk7a6aZO0bLSPB5I05v6vigCWi3btiWIGiDsZSiZy7YyvcuTJxoUk1L
LHCEIA9coVRkPm0tSUv/AFl91smMtRR4L8rCmPmeU+ATAI+kav8AKB+qdNonQlxZwlxvZBhd8brs
RXsMnyV3g1cb/BD/ABijDBlo/a9xD7ogt+MF5ThOAEoIuyDAAZKTZyIX/gLAmzgA0/qMCkD2EkwS
I4n19GA7CNJDkD63mCBMUucimqcfqmCX1lT8oYVDYSIvLOjxjpGjwLBiHPtWcHMffsJ/ZJKAE3HL
FyIw6jnJZv8AtBlnag8h+uOyDNfdcJ7+Za8pCA7Gpt6uCmnNrIPZGvtm0jZ6ljKJc4DaKYpPH6/f
J5D4RGZG2Y2ISusioWu45Bq2r0Gwy6bSg+eROE2WRIKYlKG9mmbUpZ/HAysewlZIXOS1Slr27UhE
t2IYI5HrHNPMP/X8UGymiD7PXBmQTJHBoy3pM2oSAyOcdLNhO1+G8CRA7bKQuKsxq+n2YlKmVpxf
hyBKuNPQty8JbKQNOg/UpRpleDmdvUJ9kNJndy2lKB7ZfyGXYxz2A/jcdsFgzgjAw9NZQhCIH72U
pRwzCEv/AGpC8FDTYwMosHugCWPsST6jFBAPVksvBmCzcdYS4yYqRmBy/kYEGVoB+icpCgHzJP7u
J+kwUc1EC7tRQBlNxOCs/hmHp5RGMSuE01LXCYwj2QJCdieJrYXYXaCx+MraGn47ozIXOuZ/qxaI
7jrVBAo5InNlkMpTj5eNZNK956os6B2VVj2gbXv3tdJ04QuaRFTAYlM8W/Otd6ygl0MSCbLVxcYl
UonsyZ7BldoN78zL7DI2xqalNh1FLX1YsuYXK9p5bDtHpq5SmTSpt8Q5DjxTJlK1R8Xfiufak1fZ
dUWgcXZdXK4acuWtNRO6OtKng9SNPhLqCqOdvCjVKsAHxqvFUTy4YGAk5odTlyNgcA4AHAAf4Jms
ILfOucCQZke6ftl9JS8mYKS5FhrDkWUYwm9JTDCQpCBHmoys+gsvPbHcXSbvjGCceg/ABhPS4OyA
kRYRlBCEZQcdO6Tt1KkYc4nqQjBszbPWCwUARrUZfqUNuM+4lxgvCArOcKk4QZUoU1ey18kKVta5
Rt7GddNqY9zF6CTF3i+vWpNrTSq29w17cKkkgH4qIKTAEWtWRdipdjuLqsLtbdx+E26Keb449KUd
gWszOlPMsSnDbsCz7WULN4gqjUFklvMGvEEdrDqK2YlQtgQyvbmkcAdbcZCWibo7NfyW20H9tlRp
BojsHCGM3OM48BDwIPhQSpYiuTT35MJGik91h5bOPvbGKR+URmWI/wBeQBFn/HN3DCy9M57Y5Qno
Mq3q9n/xNpgRkoxYMwnICUNAEWC0JWciSFhCEkkAhJcDHkXYXRQAZMIJyXjOMD69QQCwV2CoS+oC
jHtAWlFhHJS8ZLsFKVgU4SZ72VjIFCA0wShoH6MIQjEBEMAMKDA5RCRAfSthYLJIHAd5J9LJPMeK
ngKofc7WbaV3hvHdvJo/yOQfe2t9Mpe4PuYmlVqCn5vUKQyxOpTLLpn8Jp+Nck26nHfddpzDYVwl
kOqx7QNSbWW2tXV1uXfUOwmhV+VtF3eMyCnYfAH9JvzTZtWGq161fnpMpKC3/brOe+ci9XXtiyX4
EoijGthf3iMOshkLvLXgUHniQOr/ACb796VLTflecrEHQNPzb9wEqaB/NVnz8GrPlDbX3C5axXVK
L0r7/GcIwJTDes1bLQMVJik6FSCWbJrzsJ0O3ilNI9tP4wfoQ4x6Upvr6QBB7ibITjW8Asib8jwE
oAsgT4Fnokn/ALisCwAWA9LjRYTlLSxLAnFkFlKMKQuWAg6WY9YpGPASrA7CzNyysAt1cUkNan8o
9c1OgO6NwD7aR1BkKcQFme6L1LljmURyooqadmTghvmqRafcwujVo0Zvuy2XyFumwWj0dQuTpXjY
2ENSxnKUim0VKOUcvEd2V2xt+gfie8dcbhHInX9SU1uts1rLbmoFrN61GWFZdE4fIJXdyTWAt2vV
xwi5WSv7rg4VvJvpzWFBTH9GcgyA4JYevVj0eLC5OcbdOK75F2gl5QuY6n8edxQDc7iG0tsVx2V4
HJ/CiOMXaVPVz0zbHt6BPrJto1V3OIPdsAngf8chjTDKm2BUpYUA2raI0W1u82W4bofZR6eQXB+A
P221QHJLeL3jUhwvbbjewk4cF9IiwYLL9PcAMYEjLDkIisegZhWRyFf2Stbjk1yPUGBJbzjBGOhg
fUuwMsl/UBLBZi5OQXYUsSEEXtZCEoyPWIlMVx2doPQ0y5KEsEzTlEoJkmCD+6pvQomydPjYii01
6jhfEJXbYlqvUJhgErnLkjaoXqdBSIxG21wL9GHDIkkqUqCGW66guatDKI5Z11UNvNJoFEr33WQ8
Wm1pR1qca9USfWO4NYbJpJlJfWjKcmPRJ3bYTvjtRXFStez03nsYtyqSawdfAaTJRXSqTvC5hRfx
ZZda0LZNytS9vWtazoJ5oAYznGeMfnY2C05Xod76l2KhDbfMZ/L2z1covaxq4+tnpc8o66OgLKSr
mcFQkte3b1Xwqu5Cde7AdSTilBX+GxrXh8XuCKTOMzNLfLjhqpo5ZhwfvYJ7Je5JqQzJAkx+MdNx
/cbcMIMpzBgynyH1pxkZEUMkQnN9Soynq2mlCOdbLxhOVVNpsL+ofng9KnY5onGS6WCyEdSC2WJP
1Nb/AGtEVcuxeDE9n30aozd0/cj1EdsE5E4R61PZy22uUaMFvEBGntosICbmDg1RbxhaXXqBFltL
NFgAA4hRtJEUTrbVsKrI7hoTokWHAJRZ2S3MBQk8jghbkY/a6MjoRH9DqoTM8I01pRiiqTjxgqyS
Wlx20hJojsFwuQbUi22D48kTsHpl+KY1NhutvBvodRLVcHH5SMvrHlT4pJ3p+sxjvnvnHQCsmg61
aR0e42W6La3rZ35Ztb4NUyxKBOaqMwDA+kKotIdoXtZL6JdJhuUXF8NfJW0NQpjyEMzRaI+ctvSk
O/PW9jA485MscCl3J27zJ24BtyN0buZShGDK/wAG38HROFd8dWViur90HrDDrLHF/cn+Tz+MjcCx
5LWJC8p3pGYYikSXprlKUvouZoQCzP0IDsWQgLEO0E2M2ZbpoEu4G08hgiOWcl0ycpPx7bdK39O/
XKkcEi6yQpzLG2QdUDhItiX1aJ2sSQPAbXdVSNpvfa5mh8tme3TG6pW7ZBuWOUS2GZjQob5bDSMX
WzBKr2SlSstfHyTSWJuUuj1QxBpjWWmKG3XI8KWto1trwljQN3YgqKgwIShuMKLdU/uDC3h9f8Si
GFCyJzOkyH2TchBjD6jMcj7316hUtj+tFPpqpSIGs0gk1cNOlnzkWJbzNWGlBQq6OpRDwzLxq1qB
c2qcYznrGc4zpzN5PFFG/wBso62eydAJwJP4FmDKMXTl2nMfMpW6zC0+v2wbh1/xl2QyAjVDaBTh
u0k3AdRsvHlvKc68FcacqzqURhYMSqymGKFQq2IDYBf6ttF6puoSgYHivKu5R5P/AFXTVpePw2f+
zJe6fYLJZhl9GjLHfghgTX0YMTdeKozKe23EYM2S4mdEWOrAAU+UCBYFitzW3clO1sQa2mFzxA4O
1I7pN1Xpa35VY2/ymsdlovMY9OZDFFQxOsLJGRJYYUVK4ozz9n2S4nZNPpiv4dbEAgdOJmzmoaLi
qtoXRPGhcjIje6ZlcOeNSaoUq2FPSTqe3qqFkUPJpNEoyxJFGTSkTLmxpvX0dDHkWFISuoQaVg0x
MkXNTg3lZD+KX7gURA8JUWMCC35z1+IZgWG0sWXBKlNIeIK3pZK5AJaRv74HCa1pf/CxnkzeFD90
4N6pfLdOWlvdbAR6Q1jd7XsR8Y68ojA0XDvuHHnKxdBt9dJmWx7KmdsSr9MESF/27ifc6V3X1GL1
mq44KTVmqRJCNYqrwIOuNWlhP11rgkFmu59A4knLFf7S8D5Jrutxtj8+2BaF2tW9OxClBHtln93y
luI4RAdqYyhkt0bCslcQTVnbNTYSbkc3QgtbV1WEobptXfOG9HtelU4sI+LEf7tme+kGfk1MtyaF
KbgIUyggvpukRBAUk+ZSSnC3GdFiSbLNDMnnvISxMC3abkWdTYhatxT22ZGkcFSLpU+Oy3pA5LWx
dT/IVYdXtzzynWw5GqeSS2xizyM3SAXHtyJs1glNl8Vq4skvuCEDIr+qYWMt6ouvyTpe/wAcQx7Z
XW6yrOsWr6LuWsCg3VZsFTrduYZNIjQLuNQw2A4L2iIUnCwpWUmHrykTqmUNBKJ8c0BkeuZyTFlS
wpzIblGFZaUkPrISg9YcejIgA7KDikwXFzyMTyMSkMocRnkyqSBSqbqfMlQrkasBEVD5Oyro4p0R
Y8Sm39cNaH+fXJZKq04fqyqmEGsjSfm43HftK9T/ANTvrQtnPH/x2crdtaGOSz5E+zScon5L95Nm
UHyVb8O6afkl20vPX/IZucRd6811j2qmXbwjkjhSW4DDmSa22zFX6OQCxYYW7VEY2urOokkba2+6
7qiBdk3JapTxXJVrl0fDd6uVZpkM54V+U+jbz1k+Qzyy0siry0tvmx7d/wDkyyfj0tt6hsFlPvNU
SIV2rlJrLPVy3oqWrvRKbVWtaWx9pnprTzreT3hnTCPzp5BBoM9s85p+NZdWvWWPOMLRanqFLk/a
uyJsX11x+PkqRY455MKQVbxBQVxiu42ijfTRWp8HuqxLeqrQqzwxcnXe6KnfNZNgazeHh4rBtUIZ
ZSAVAZHqQY6KXOr7ajAFQYA5r1miEamvTVW180Soc9p3Fe307IY6saFMrbT2h+cYonJRssJeUzzD
m4XTctyQTGVuTiW1Tg3BXYHQisdhZAXh5yUMpyVZ9bw4hAmlbkNOOaP/AKS7edgGRbfqZKQIXhQU
5ptRiV8DgfEFuDHq8rJsf5BcNt7jTOAUGh232otndG//ABD6cZ8Pju1hSW2/GbUWlKOG8hOpXFRr
TcWrjj8ffVJ3OX/HB1UWlOXxf9Wj1bl8X/X5Qnf/AIpVMHYd/iyRbKNP8VBQVIKS+PnV1fxg/g9r
luPimklnQ1qfdP7Wclanh7a3ebxXRxvjzPyM6BzJwq2b8G9zt78o4rNu65BYujm23urdcrkRj/2X
tX18bUQkRkQDA0qshugjSAbUzsaAag5oAXaj81EM2y86/imhxclbmtJXrU+UNgTBuGdI3w9wa9gr
Eamth2WljWep2lez3isuQNnYEDhyNNoJdWHKvCVjbtIDa68zOM7Wlwo5oh0Al6tukNTv2U091hbZ
wbBlW2FKp4/u68NKuHmwadsU8rXDkjvKrcKQVDcVp67r6kkEGvRvdaKjyxqMkM61fcZNyFw+aRWq
NfobaLW06a1lXC4LDc6tLDoM/NRDGgJSHFhGnGjXB9vCwo0pcoN7Ojifkl1cDc4kL7gCiYv4e0rW
nAOmLuiKI3wCqNumPMLvY71p/QLQ0x2mX14jEZT3yyzi3OajlXUbqTHxz6f0cE3Jip0gm8+5Clqz
k046vksUrUNEVH8ijTuapYlzDaiycLFyFauv+W/a2h3PorYenDhZv+ocYS7B1ArObXxmeU651a2s
ok4lQV4ZzjGJs2x95bXah62dF1p6uVemgfITflGVLZqDaSm3lw/3yqr+EqaCI4KwtWJEo6SMsgzk
DbIQidsSUJVplT5dm7qmsSTtEgir5G3VC0ubmcGCS8WFrS5NxvWQDxgIBjyQjVqjT0yhMPhu484z
BYFL4Mxq2tw1FKe3us3fcKu0Be7JzWCs7AoS2QONXMxae0YCnCQ21pflcv8AUm4TrI1zDUAZH1bG
tMfTtbDhTQd5wBybpXHbordM6tkvq+I09szUQsRZvZTMHJEiUnGVIAAAeP2gFSEIxgeC+v5H0ic3
n2elb37xEgfi8YlT/wCochc/dDIysmJbmOMYonuTGmdXLNY0DpAZxiEV/wD7VpKbjLzBOUjkUctl
p94ekWQ4xnP6YMhcW2R3NB8V3ZEA1xnVjweV1lN4Qajlcpbst933K05b9wNo2oKbfvcxLg7kQ3XP
KByDbqFhHyKb35SPm2G0cmFw4/JknmnEDT/Lm0df8pPk/VZM32S8/JDcjcOfKOS0QecCPNz9Lb62
MvrWrcgq1c7GeFU1woXFNdTouzfVTOaYRT7aeoFRjaZlVqfHlxUt01YzmfYbQGNuchiGgbCy5T6R
MB4Zdxxxd3KRcTrC2nSTinjpbBGeK5jy3kcbkfSmSDjpZHCxK3r5A2RlDDEuULBXacs5+hYEYYdr
OGz3W09Jo01tdUXHJa7kY4+ilbq20A2o4lsJRxBiPSSbFz6pZ/EQL27cCrzFLHqPaRUwgL8lSO7b
tDWkbfW7R211zpEoNJSjhNCkrJK9MSclXZIwBzVqGo5NLEyoKF2yYBc4iAB4djk/UgdjBDeF41Ri
9uUGBemrIUW38oTMbHsHKiFdiNpTtH3aC8k/+wTbfnNYvPsY5QaaobXALetMJOJwmKQGM5RxhGfE
s0sZaZ6Ut6ecTB1sGWa32DWdPtt+2XUjslV5gjiaMIc5qyBR2SJW3X2rjXCU0DXRkiprT2u3VJb2
pcEi0Ho+p0EonO1sEjcQN1koqQXnaPG9xSa0aT0Jz9awVBAoTqmxQiUTk3U+HzfZej6YhVX1N8tO
ooFXO0VJ0s4Wut/46Sv/AHFhSQhFlEqFjLaqO9SRzLMKb3MsIEbkMAlKwZ6SWxFE5npoA15CVXLc
ARcBavdUQJlCJTC2EXQozEk4ZYkhUYa6Cg7laMxg8cUkglip0iqBJdrIAX+9EVeUmv8ALkJyuQxh
rsCPbLa+tctjer1uSdttGLIsPcZvSBAPT6NPS+FW6YnC4NWy8VyrbdNtjWqrdpoFOCpG1XQ3HyVF
tark2v8AJonu9DwNNZcm8uZCo7yYxFagc+TPXYgUe3ziVkOcUGNwVpvSBMvV+sl7UlhKdyjD8BZT
VJi1iwEmUmgAHadCvsuRjNZ5Ft1C2NW52XY00XT2VpV6tGYsw2Jywfh5G/mObsT0LsoGH0J1CEhO
DJ3s4GQcYmOEWeaW3qfwlyp3dFqw9YrVdd/BC7OTblJZM3RDcLGmjobUu2s3hGb82qUyOB6fqslP
+zDifJ5xwYVU3HbVIfR+FvBqK1bYtNecHECgMpuDT/FObeNHo/iflhP6uQ7tcaIkK+S/1So/9+mI
7AlSVeXnCRxCHKd7yWnbnY4PTe6mEhSPxeE5zqI0YFqYrpXM2VCFXcTMkLe77Ql4k2xbcnUOu0bE
lyXOHDYmQ07FymVpirWmFiwGx0ai7GjMFeF9yTGV10j4xuQiRyjOv1xInNst1hQvCXYiEf1yWa0z
hHMInd7AWIpSebAdg66dErshvdlyFRyR0o/p+TzVq25E4YmjsnMbLXcWhxkNH1/W7FGHqs6kiSRl
YJw6p4tov/aHSPUzX9ax1AyFpHESYIALW72ynROacL+riNGTFhEKJWUQjDcLuFK02IwKSoltdXTf
XUtBeKqI0PpdrG7bS3HsbwgVtF6p3h11b2qljkYwIySMntXgqObTEQDTii/AnsMJpROQdu/XsHYx
2z2/QWMRZig0Ro6xsgyCAVzU14kHEtZCSEWlqDsSyXtWYygmZNATjHKqpywONbuoXmv/AJJ5B8g3
Gq+1JNVD7/zctv8AszFyiQc0LFyWVwryzcgVbLQNe7tYjC17h1upwh2lgBxh2ycZB09bWNaAp629
Sey8bTOjoE3at2VyI2Wuqlk2k2Lkleqawv8Atq77C1fp0muoRFWkASm5tQjQWZFJUqLveLuzay6y
6jNF+SPXvWuAKWhLH59qTLUdpFjbNl5E0tZHHZaRzrWtnZLdo3tAQJqUa2ztA9tew6hGWDkKamtd
dU8rUuMMMHETO2t4TOj0rt+107fVUWg8WeUbexNrcWkTg7Pgy8EK0vpMIz7AlyclWecxlnnGpCkW
XlaSmKmr2EgqwDciHdjuRGIvsMEWxd0tFQT3Zu9uKPTPZyBbFbgXPtBVkjnzBXwmPevX4jW3ZTPc
sXVoa6s0I10ChJVm+5n0BzjGexPs4xnOdX/j4cqu2kU4vPix33E7Gevjia4OQn/4ueua7Mo+J7TC
4mWfEjiuSpb8TeUtwpl8Yy5WJXXHxjNpJ9OYj8LOrFscsn4Ui5MlmPxBd3Y0bVHAbyJ60Sji0hl7
1DMenAwohPywpv5WrdTbaSOuuXPCD+yXjnHbPROt0zMMe6PnTJlSpkjErT2HN0uUd1WggFDtkbsJ
e66uyxX5hvW636NIdeLWxMAdyCG5VMlqSyoOuTq4tvxHkYFXEJrqVlHTrAFQJpLAApKIwlvtCSLE
hNlRt3sd/wBaq6bo6noaPFo4tu/CHGa6m01dS4MV3w28FXkC+P7uG62LrK1TBG6wfZ7+PGh0Mniw
uCXwtcHpv5CF6tJAoTY7cvidFWM2wew7Mp98YtjNtf42Q0Xxj2amvHRU9ILAimwOAKkyQ1IuR+kw
aYgstc5p8hG4lpzX16LKMls5wSTNrDTkl2zsTG46isae2hsc8biSeHaw1xwp8Z0V4/ONHisoCO6w
a57W8hWnOtl7baXhHdI7q212cmm212YKMyXp3r6qu9bytVT/AETXwBppfUSiMknchdNQb8Y0rhXs
ybCShK2hw4jLoimxHHLjGMZ/RkIc9HNbapwkaGpAZ4no0inBcaYiTzBZAW7Llpxm3cGNlrdBVBTV
S292robSlNhcXiZuF/6/5N/YMKxtvUsfkSwjYEhFh58NTIdG30IMNDKRtS8ZVpNKlmAOMgkH4Mfb
nASyyIS+lpo7sIwP9x2PrhSiSpoLUzaJIibgGCGqCqLQ2ec45StDYAtzpOPGFtkf9LJH209CTnZ6
sXbUWQ3bbh0hT8UVQq4FolWkrXr4bd7Q9SFs0iWHAWWIUkTwbc9gQTyvdX9+L/2RM0s48qmYlOwu
sFrWPBUfBVuttHY2smt9X6oVGoITl5O8snKyxAWqg4E7PhhQnqYgIw+WGIlNO7fa20NybixCMo7N
3qmU/X0RpvdN+O29l7U5x+a/8I3DfI+Qy+rQgRNxWLMLm1gpsHLDXOo/LNe/LZV7DTmyVfwRrVvi
qu5Cih3G/coKU2D5sN36r2OruHxpbKXqv7SqnWWJERXcjdOR13xY2ozNkB1IpyBt3GvuvBNcIdVu
wVVW8V/kN7eh3OLSi2BYAS2LLrfc4GvuBQlcx2Q3+4i/gUX9ikciCMqRrM+m8DgqVXhqm7mIlrqc
oPxsUkPAl07Vgw7WhIjCGWsTljzYScSptj2glFDsGeIIAIgEESja8pHAjPTkNsEmtFQL1QSMGq3O
rWUpv6OfTCTW99wb1Z0dhVuxOw+CzTN0ebeqiDVVq7VciRtsb2TvRviibjO2lTWDsXYd0Gqlbk6r
pdYWr12G63bO6Z2i2zOuo5KE407E4lklIXUGRDcAp+nJ77ZcZPjp+mbelFOrdTN4bM25gUTBdfLN
WzcsUWVvDsgZXnGo/wAqPgWoUCqxr3U5J9edM45WXGFtfzKSvR/hZ3LoiRM2mfJBakDiOi09lta8
vHMTqBwy1NpTRSPa28rmaJTW7hQiYuSZjXHu3T3rfiBz2C7msOvd+J0mvfEa9yB2gVbQCuIXmqFb
jhVVcfbk7jX6so5gti5YEPWbmlam5ZDJrErEjP8AiNz2C/mBGCQl4WD3FpX1gbHZcFNO/b9n8TP8
64vwhKJ5IhZ6sB1E4g8NbFAyn8SEpSPZMtP/AAWqqzBLpekkwjQa0kYWy+RIVjg06mU6RA4m1Rss
1MYmygWpHA7PTi9Jyi1saUuq8pMu/mIUtGzdK5GeYqbHr0Ehf8+/IpklwVd9jNh0UmkyWQ+iJe9O
j+k4U7IGz8x+1RRyHYy7Z0VV8NXnqVa7iJ5hytW09X7eVVYjPErsjzmiaLHRGmq7FaCiZvfEUYyL
05MqMrFNaHPHDJK8qbp5Jdneofxnu82WUno7UkDJj9Zs0cxVMSvK+3yNcctNBZtm+KzTfajWDSjQ
Rbxc2zS9u1xd0ZXL0LYm+QT8h06jusBe5nJoqjkVOVKhqSup00vNYRrS5v4sN/0+tUx0ZpST7I3Y
01Ab+PCoU7BRM9HAa3JJW5BZR8Ebk5rlECywOzCmGqk0ATHg1j23vbSaaURurQ1+VoTcVWnhza9a
Y6MuipisCu2oQBd9n9eGAuwuVjj2rAmwfkq8VcIzNflxcfbMq0d53NTN1FhLugdm2QO3oy8uIU4p
1/Fy1s23blldTRxlaCQsvvJf5gpepEVKixHdTnJWVHhr+p9mStzoQJPslkKtm1/cMpZTfiVcrZ9X
138VI9VWAFl2pRMXwnZcR7LeF4bClfSMXsdASqRgc1yZCkIekh8wl9jokbwVaSBOJbcjemFJ9tYp
GyEm0dr7Cvt46m2RTtPyPaOn9l9IrCkjOwRCE7GWtqZvM4chmqG88q2ZseLSR4veOhilvhCIYond
NwUq/wAA5gt+auMW85XKDTR9l/I03/mKCe8i+8FwOGqWndb3a0UlQ9dwdnjlaNByNLBCm3pjiSjv
ec9qBcnbLM5ltAnzjw+SPqjtrJ2V5WOB3IHQKq9a2K5VOSrS3eDl4+UXAV2tl7LFja16s125Gz9x
oFG9z/XDV7Z29rg5vtU6V46NdKy1Lb6hpHSODR9jhaKoo8va66RpYimXRspxNNiJuAFQE40bzXZh
AdlAzCEVVTWzE4WD2h37h8ziWv8AYeylNQvfRdu5qZNFG9O4qro/cTalVhw2Hvl1y5TSYPATDBGC
8KKuyda/Wbxk8gsEujXiQbEVkYBVe9dqwWTsFGmp33Lf4vNmaPTMhI6/zDt/KNzgMAHtm/LBZ8bU
N5Phrig/PlJjerJzdrMoWtNAxE0x6stjwubIQ3mRyRcVlfGJtfqaYTEBaKCDUEulbsr91NorZdaH
NV+xhaVYV2lJ21+2OkjI92TvgoMbYxyJ2tMCHjkCvdxVaFxyJbDv0EzDKwqb5A/MJKd9Lk1C1o5D
IaGuR3HtlF+SZDsYmsQIhAFxt0euzGOWLQu1akuWvog9SSXa9Q+KSCYzlT+ZLd0qhXXLBOcKjHaE
7CR6HyfXmYTMn/jpsRR1htsiRwRUACdovCDzJus3Yy1LJQTmLnopnFKjcXFyftVNQt8YnJeQXZPh
EsDTTc/S/feA/Lu3A0rjz8jysrSvNbY/b09s9FrZFIW+8YnG7cWz8O2y3o1E439S5lrftjyv7xXJ
pXMNZbw0+rlfCRtjVHmpoIhZ6t1Rw/2gtsFJGeqr4wRuwtgVXQcK2E5a4QypI9q5sVyNQWnM17FJ
DUxKzW++HZFWCWRboaYy/U+cCD6c/q1O3w2K1/KXcu1+EYbeXyzhGvnKFL35fIuRSVPJlYbMGKZ5
/wArol/HIAZwKZT5TExzG3jpaw+Go7iwopWSbCjQW2ljBrfUIY2hXTUqNq0aVjQjO0DiX8PQVftW
EwGJKDCN9bGR4Rz+sW9U3zjV4qRGvupqFJ1bdXVRDcb/AO1+QPXGZDGOWx2ztX2VPI9Aq7HUr3yw
byuYKb1x1Pr2vDYpCCjStk9KJVK3yHV1RvJZR1jfHMsltnzTouqqrTChLv1j3Ja+fu49QNcJNL7W
YM4dUDkNt1Iu6LuWmijQOheUfVbnSpSDRJ33srUl4barv5p1xg+7/KhsJuSo1sInUDkunO1VYSOs
rg1/TRIyxJAe1xZRYlrwWZV7f8Lnrzyz1XptqpXX4r3aZE0mT7YUg4YYDDKFYtVeMN+uTcLlU5Po
psPeT3s2frMh4h74hOv8pri3ZXstflIkvMLb4xVK5sQscLKNIaYQI1I3QIpOqURQBJGzdSo9meTR
DqhS0Qru5dTd3tHbm2MvzXXa2HSqyLqtSByFJNJraLLIITthr/uXp1KNW5kAAzB1PxL8kN4MEV+O
JzByse3mkWxGjk94r/jhbM8mFa058J6kmpbrfxS6I6tQHlE4u9UJzrfq3rhV82XbV6g1JSDqWvha
6SmLaxhqz+/SH+Wa/wAMR1oV6B8aBgEWPwSq1KI5JZU2RdOc9lruW2TKRtKg23JopL1neZTY1z64
xrKJugDCAKFnRDKTOKMBuHzASyp+Ar12O8tiJv3muQMTjqDWeX2p1oHXZ9XInqWoHFA2W+31ywkL
pFc9j1/C0iYEXiYSVLY3EFghcodZDzApWE0tOQ25Ao5a5DrTrDqbNX6TSqSxWMujw/3HqQxxLjh0
jlj8FURZjlQTRI2Cu7qsnctqMHrDvZeKez5Mxwd3yhZXhXFoI2LXWEoNGORe4Ndp/I9s6DteI3VZ
85YHK8t3a/1VZbzvmfb9W9PbVdJc3N0Ma3WF/Ho4hq34/wDWnk53tq+fXDZ84d6LJgdWRXct6ozU
/ZbW/HGHB2uN6osbD/MPEAc1n5rESkLJYG5JhGSkLLCc3pzS+Vfi+k9ytVRcqN5a5SC9+UjXqJw3
YiLbobAWJeqKAsExwz2ptBOtcNE5vR5VvwuNSjPF/wAXlZyHlIi8Wj8LYevmCbLVnY+8PBOkRE8U
fhz8bOk0Fo5wfcY6tBQ3PvriTRcK1l1Vhyxk2NElKsrpHM31IYz2WoXJpXHnIKrwbEBrmuPr51CN
zjjg1FeHEVWhM22uo9tKToYE2FelKSUEJ54SCpoWUAianFAXX3LiWlv36nwnaQa85jQI/FZOxt4V
FkBMHYdgrZgvpqIlpwQ6Mn4URyMFllbX3Kxav68cTOuQq5pbKDJZCJmKXB52tvZDunuNM/zpU1cb
NFZmszaou0SCDbK0PPtE9nnv5QVuQfR53nMxfn2kOZ22kFaG1fJplZUMSNjwhTfwpKiTkTCw6Mqb
f59iCJl3D1skEBv7l9teMNDBUsr2GabntZoflDK0nPa/43HGBMrensl1EnHIEk2t1fhsnm3KbrJG
LAp74tXHFWzqzfL92OjFIJdJW+QWBWMZYWyNtrcwEujVCpUJ4JjLhnAUpvrB0uSYUh2U1HoLYNsz
xd6Htzfd3BophzUz8R+1Nq3lUOq1T60wOcwhaMNRUKj2Z2kpCX3bA5vxZ8u0X2+QbL3dHNb6D2Lu
eZbXbJcdlbAqHR3oQggDz92uPYrbXTevUNaUJ8uLZhOWbA9xi4lXb69uEjePBgdP49QukqM5nMz3
H1X5Z50ppzU9vkLLuJVrZXqfw4HoTg92opsLMJgSctPhAUMY1wQFdWA5Go09wPZ6VvviRlkIJw0C
sCZxjAmdC0yc8olfNcIy6Kiqt7HWjSjTEw5h9GI6iRJ+uRzV22dnqePTc0gFp2uXLxKGK4N9720Z
0rZJ06NQXtpksZWaN1QnqGncLgfl8z2t89fNfEqQtYR1VFjO9SWG3XgYsMYH42WQ1wpllczKotF5
hUqr941jtlZNtbqsr1/lEEglcN9mXlMZ+m60W1nmG2uxFU/l8eNN6Q6yMFn1ByVOurLtV1cxe5ma
xqmd5lR3B5vJule29l8cb2Ar9bGg9MItpGXhMQgRGrmNdgs1C9ldkjwUp6GZj0vBQFBClqJwa7oc
/kbh3Kz6+QalKdm8AispiylSVULAKm+YjkeiDpStoWRDlB6zkD5ddq9iuM3QCpjrx3ShbQBgiHWw
tjpKwq2nFSzYnkms3kWrekaa3XbG3fWy72p1VQLhjOO/l3679e6Z6ekLcrcTaNrVLH3EjY9hrqMb
WXGttFfjOcZFjOM8KNfGxShakacIAQ043okKYad2V4CVPlQQkX8+jDjbCW4a420nJDSm9UjwagOQ
H9PRn8q70jEim9shjJ2LjSDATGlLk0JScRJqfPcsJIcE/KhTwMqnmlqgkrT1UtibnbLM4bv36y6l
8Wuwew927Z7FRWqtLsZzjJxwjxkl4NMcmsxGqiczcIqur2nz7LY39AQfPptPXKEPo9i44iVWNYTx
ZMg6RoFS3PxMtFoQJ4udmg0F2wj1gRzYJ35Mte7A2qhepuo5W+PKjzh7p0ZVa5/lx7/PuPd5/jqI
jcpbT0xT4MYGJ+S4Tp5MQkTRqXlY6SyD21LdIBG9flFKSDigZC+pSy1F0vC62+ZI1kNAW5xwoYOY
2Mka0b/cpzq3T+FyusAKEVrVeSSbxA666+xHlcxjGMdc2uwCerNfqO2ZYI037v7c2ncY+NnaVVYT
ByxLIpI279H36QN5JvTZLWyL5XWtKFp1ZTE2VtlmozWxd00NqmQvWh9fExOAV4gEmSwAj2g+o1Kj
fDxFJ58u9QL/AHIQCt1piSBiQyBSHLE+rBnti89OkoSFqXR0q+KEJUscj2QkMadTkCXAQZVmYwAK
0BBCR0CUb8nmXLLH2YamCQRwzVapV9gzWOpct+eOLYyBakQjfLdC7N/tiMgGERRBZhELeow1rk8L
KeTnRsVNajUfa561xllgW/Irss6eII1AmslOeuVYKQFFBDkXTAwSJ3Bxnf7r13o42xmkrbvd+bb0
aaiHYK2tdUPi41jLlWq3yv8Ajoc6rqLrielZE00xantAsKQuTuiSNU5Xsyj/AHkbF2WeyVqkCWTz
5WcxObgrRtgk2ejS04wuqpYnI5OWR/1p3tYpRGZ7Gn9OhTn/ACFjq2l+v/Hjq3/ao1Y0OL9i4WVl
jzXL41HZ0ycLfMgfaR69aSjI514g9XRD3HX1TF4TsipLIkFLZklYvt03HI7Wef0eeehDGPxp5+Ka
n/YVGH85OQapO0yqxxlWxmp0cLa26FFrCzYsncSE3ujwS/OGRF2O4YGn2Uf8lptgzwS+bNNc+4ey
VcfkUqjYgOGvUO9hvgMX/wDLG2skpNHEZWEwCMpC3RwOymcpWoLIQ2CWIfLZZjpM+Vavte4rITtb
oZF2IxpKWZK2T3oJ1+2heGs5sXZGerNOMaMolBIk5rM/AZ0EHlgcsiKj4XZ5dka+s1TInlvenM1n
bUwE0gdFzkuF+OSm4DtEgbZbNcjKKm9eNP8AkV5I62qumq657NG7lrmhLXm/PLYgh19r/UvMFzz7
X8o8464AZemlOkiNvyl6bFjcpTZG1ZGgloE2WuT57N0nPGNsnRrcJomRAwN7so7CdwHq7uqCI3NA
DtC+U7T52ilEc0l9ONs8cOu1RagcJEzVzfQSaxVPk2exMJyfceCqNPJZZEPSvTfxOczMgsIe2zU3
SZLf1aBVtezdAqWueWHYTIhYjBiMH+htTphk+LWrGhcLGVZfYBBU4FEl43oHl7tSgo6MhriqfBiK
JK1H4q9zWEEy1fk4drOWQt2zskwlLYm/MlnMcimDsfwSBhZqvSKJjMKqYjSSIKk7ZYSOxSXGQDcl
mBFyJeV7ElkOCMJZsWB22Xk8omW/1lbaPrtHteIYY3sm9+wctoSmYWyO8nLcApwhb1aVJ0oVflqF
APdRI0alwVUlU0ymggy/WTTqHWduH/cIaqdFy48IhAzp/ohstvJP7LhkGpnYDjp0i2J46Fu7m+6H
a3bGeUizbCq7V49NXWlk4CeOuKaLag/JdceQ64NdXE041Z18Yy0S1MyTknFLCEGAK1h5hhQnMr3U
EnToVbRKRgVME1ycOPyUJhiGTGlARvpJ/RMkJBlSXhCc4EpRDk7OSrScGI3iOSF9bTi0kyZVC9Hv
dWEdmGtuhqk2yNKrZrb2utOOS18lLPZ76FSp3RgxEkbZ1EXOHPvjNW9ralHXqF6f0CeFaiP1uoSp
ZXxp1+ob4dT6RHhBFzBjTx847CMxGenIkw8FjtQ5F7e2cgClXa8x0tyjbczgTB2PkBzUw0PEzkiW
FpCkZELRfkjZA+wcJUA3K44GAuy03IZ04ZPItiw1UNdZ7I3OU7WSRY3RmztfI5flrQ3dyJbKR69H
muGOLVYaecdjpnQpVJjgNLhA0O7kwOmq2u/IZyGsTt8fDk2SnIPj28o7gbEPjOcij0o10+NPBIk+
7OWDT/Fhxy8JXEJML32mq8wHHOw1Q7QVHQVsxhjjyvVfX2zbpco0yJ44w/L/AN09jx09nHbPXBpZ
/wDtZyZhYcJhO0WWEdHikZBrqscwqBvSohc3zcsYmiQknDYZKrTDYJP7RiKRmmFNjoQcJreCTCxY
GQqkzaQNs44kaWJcl7ySpCF+RBLK5h9ho9S1D6eazuNCas2fByHU24q8GMuldrXOSp507IV4dx31
pcrCpijEsxarDoxO1Z/qzh+a+uWXVcAAzBnkDTj/AEN5/oFXEIcZRYmlMMStTBWSEJoI2uGJuYXN
UQFwecCLmZiUArRdkmCtxZAJOopM4THVopaX7btI/wDc6y6fZsIiIW0kdR8g8GGk85GWBYmPLcjh
Fp5GtTmgnioZCbbSQnDSw2fr4ldJheTlOleu1Mutc76UzDK9f49K0dtMF9QnMHt3+OMLTGqSUi2I
wSZz1YCj3MDzxz6Zsuj9CsrojwQ3PyYgM4eBHIlIslm8us9UbpbI8NkSuTR6KXztxrrtRsoIy8Zb
ahN1CpFfodT8kr+pTMgLL+UCl2Q5Bduq9+OlY54+QHg5W8fOj1TWI8VFacKlzVY0PPJ9ZTogIBmZ
JAJ+pIcWA9K/iQ9Mc9GIbJKgiKZXjJWGWRGZLaH8Qzo+6+s0LkqLLfkyctHoIiG9culsWjXlZsMp
5FpPeznRXGg6pLvkcbT5NsKMpzszqBAKJtGpziVDVZjlIW7YutJAGb1fYiqAMKyeJZCV7Cb8nqEN
hbvJZq2kNUi/QHIsC07jGJTZ+r7WFFG6+zhOnYiyDEDOmGYoWe6IucuuE6G6HgBKXdJ7wYbVavDl
C70lOI0xUPEzW4FcMphbdFiygo40ISpM0KAFJjVOfZcnPKot/UmYDZDz7hOyTomLTzY3tN4eyyB9
ftC9iKyeS9/LHQWfZ1VFstUxzR/T+a7zb3bR8PVPW0n154h9boihsWFQnTGlbit1fbF00HM10wpx
tf8AADm17GEt1eFA82vbLDSNT6XupFJXZtru1C7Zj8m2KnMPuPQCU68T5DX7Q02bybxOINcMbJO4
lNjDNmeFRfFVV0+TZ6+QHzOJd8Y91wjXKZePGEavwMKoH5ZMsBgGLAcUiADtJUg8tMjOwsi87Glz
HrCMOIishKNUMD8MYG+QmYDcvJxBo44OWw/NVJmHjr1X2PuutEfEJp4e8jjLQxN78kOGKUIze8xa
vfHLI2A8ucRJMAm4qtybh9dCpIglVcFYwekWNB/9nWd+izTCRiEIYv08a0CNwzUsyYLbIGQSIhmL
R5LaliXInEYhgnq4v2bqeywN26cr/hx6pPiU2uVckzbdp1qxBJLgqQWemBKASmOBMI6AqMKwqcjQ
luawwsMjeB5Imy8IR7VumVSGUKcLJHTGH4E/48bf3qi8XunSCC3dGnK0ANLvxdWU5wrcBXIgusda
WJCcs5L+SSY7eufWvDcYx0Jh9EnXJn0RYsPijJezVgM88fYjdPHFUOomqjfq3uVbu4e4U/nmqFWa
i0xV8A+PXAZTdjexlF+zaUlGyqtr9gaf1Pr7eHne2/2nk2/uvKDW2adfFZucLzTjiDCXK54ICkmi
1IEu8ZDlAhtjbkNfy2o9immapoxLSlOY8/BEbFpKMsqOykZgeTqzrhiGjfHXBaOonVnZW8zORKyK
3i8XqqDOR5ggykrAiHM72CpESjCVLQJc4lTZnPUxjZLmVNo3jJNzVWBUF1UuB6aaNuE5P5pH5v64
40HPz9pdBAtLTVaXARw4IsdNyhSM1GcBMY4OZeR2GsCM3YN1AYl2NQrrBsS4LBFUVbULAy2pvrpg
ISFRFtOFmMkmBLaTAJ+jj8mluK0YDHxxHk2WPRxZNhvCX8TcV/Ec3vSFW2O+vKkKKwNaL4BJmmHu
b5BIpyNapWMxTGt7Ul9NW5x52mt23onmh2oh7NHOsZ7Zo9eJzpc0wBK1I6FEisa241Vdca38iRl9
QyJ7D2lsJDIGx0TxB2js9shs1yUrrvtilKp4uuCO06pmGgUpe2+OMHOf8kOv6MY3Wc7/API5Y2ku
rW+V6UV8jTj717455b18e2+FNOciwfaU9P8Aj2yJq65Gg2RkJaVBNUJMomsOrUaxpgM+eIw/ROWl
GhhshUACyyg1MrTq0rwhzxk6brnGqobW1Pw0iRZF04SUnCc9WnWlOmCDxvQTkeZYMkQJKl9Jjqkw
UKToheucRzOMW1XhqcVlsqnBfum/k/r1OhP9utTXNky2oK5TDb0kZUBymSvYyTguSUIn1WnAqsVe
qEm2VehJ22SzxoYJzQrrJdltqIBFf4pDFUghFxgwWD2r2vxmQAvSNSH0vp5JWX51JT4mbkEaW05m
QxptS6lHsxs7dDiF2t9oflrKm4upHUURdYlpnbGz81tvjw2Hm+ts6QtADPj575tWg9528+zKypT4
cEeyDXaOlTiaoNIRHpgBX6xum2VdblazSDTexqf2m2Hoeo6s1yoDe/Zal9WLsZ45Yt86gbAwLVPm
2qzRpDy3bjcgPJBUUNo2PWxAOO34s1TspTGxx2Gx75NW0iTZ/lo6rCwZBU1kVBdEeuOoX1175tJ6
/FJ2Nk3vp2hu/Pfa4SYKIkNdx+wo1GpXKa0kkVmOFIo/K/5FOwSw1EUikeUo0EjVLSyn0RGTHQ4a
Uh6LEYtcBC6eTAGYfS8+25J8gDJwJw4kaPJxs7bzgp53Flv4tmV3/wCL/bON/wBj/UnSGnmaE1sS
JupBow3ooWjHhLH8gxhCo9tablMYS8HEBT2M+CwTtS/iKaNvrIWq5BxeV3lFC48jMUijjdjCePto
y0yFKNHhItAWQtW4OGJxJOzOwICsTh7AmQbW2aqa2HWKlx0tp9K0B7XKeuA2wSEtO2nJkm3lo6y1
sVMqo5mNW5brhvoalcGZeuncflUksJsiTwQLGQ5+OzF0DFSj5JgHisK76+oWtuLq7g3JppyecZLP
t9VCyinOuLA4+LchlMbSbmsxjTJdO5HX8H43S4iw32Ro9xA8htqRPUjSaodDYcxZfDXTk/2zjml2
lM9mr/ZM58OAfYBdOdJn5ywJNdMrAQhuWWidHmuWsKlewq8Iymt+EiLm9dtNls0FnEhg8pjk3CeC
IyEaopvczsp0LxksaFzCIsp69WQOQMiVKxGDe1hmOlypSpIkBag0L02hTDeUqYZEqTlZBMWjJg5t
G0qgj/bUj+c/QEORZLySUZFilElddQIUBsj9YsXYiGt/uGMacjGDlJGW9Q7kgw6vAlCexXMYUW27
+cBkv1zy72xpXXGINSbC1kD6ibPhP0jLx0mwpEiTqRZLEtacluqr2SH53Cebb0kKSEUO0Cv/AGmS
ZTPCLcqszqj2dKJGdnjJkdmm651zG7bsGMcbWvullgaxc+WmiOsKCsiQlSQ6l270LYqAkD06IzkD
hxHb3RLUWw5vt5rpCYXy18kUJ2javis2+O4dG0SBUlK5WOPWAz+CbCKldRwY+Kyhh01tahFtO608
NF7L5LAUzq8NkndI26OxUVWFlMXy2+QJom67x+P9sElr/YBc/LWtLsBLg4xLThq3iu0gfYRGkgTI
1YgmJXsRWbea2aUo6wthzIc4bNxFFsM+AdhE/pjwoXsQzE7wmLGU8lqM/wAwqViG6CwWesCIa8GB
HuyMYByFs9ZsujqY4ySI/wAgmXRsIj/6qZ/YPDtnrt26wLOPDUSEOL/NqOYCW4qDpjSSIMqApOaR
/jku6s8JBJxxYHdyJ9uxnAJqbaR/DglqYzrA2HgkYQII7FYzgOWOOjKJRtqcxSIrBZRS4kAnBSQm
6dV5YgzN5AhQ7aW4oamTTOpMVdVEcKcCR8l5TiTuoz4RidOE/Z+ktaNjNIT6jZG+idsapfbb5SLT
qeccW6wxC1p4LO1kLMYpMqQgXHZUq+sBF26+KddSurN2G+S4W4TqsSJus2w2hv5Fo/Q1ibVan7cV
nF7EnmmWnRTnqprPuEy7b6+OJzRgHIpvtW+ndA7kzV62Tl+cds+FKWk9UlbVTXPGr3py+Gd0cguc
WMKVxwIUhJASABLUABgp0/CBNX0JCa0JccjP192ibpoOEzkBSqOTEozLJIgkY/nkioKd1OxlQ7CA
UFbjOSzg5AI08wx0KCd0tSZynek5igmUs5Zgn5mHkf8AFZ9zw8/0aUpmYtuqYpr7QT1gBESEOeo9
k3CF6ysyuSB9smS/mYJt4S/8fbUOcItP07Cq3DiJDd+PEQYyYgEHJxQUJg1oCwkm+vDdKckhb3gS
vGbYPeANUqTtDrfyMlFk+Oh7Y5vzWwe53RP5AUXA1J1Lpo9KqipqX2NLXWxqNmW6zs3Sjb+OI2Na
5jCEI3jK7KwHq7mfkdMyZCap4Ol7upsaom6FlxN/KgB0C3mquqUW6vG3V0/a9Kd54zrYQ0O0srNl
3A4f2Ws4tx27Y7A7qRIvkNbtvHrb/YbGBZF29Xjwivt/F03OwJPw5mFqGc3FIcmN5ZOcHFI8kOhj
ngNhBchFWKI8wCAdlnXjVCixjo9Cj5QeWgMexFtw3MQcZdwKjBuQxJzjxJ2T88RpojwEm4TmFDL7
EOGEfZzKS/jScsvI/abvz//aAAgBAgIGPwD+Y5jKbeE75Qtk+0eCcjlHBymCurFbZJt4GbD/ANah
QK5RIsvnU06jJTaJjsuHXKbSvZNpXzTPKbZA1WmSZkYFFRZQCo3+fZlx8/mVKLZIOBKgTCiu2Dkx
X0Re1CuFBcIy6E7/AFTtke6CvCAdXCJqgmF1JTEqvdHbvXbJFr4Qm0TK+iOJlEHXIN1PgspV0d1A
xC4ZcK2HGQLoqfCxwkoHRBqlBconIY3w5UIt4JVvEYyGz4SfEyD91ctXdRd698j2/ocYDpXxQaua
suVwoydJwk/622ydZOgt4UXQya+D6KrI75IbxcYcYc5JdFFrpgi6L4PkvVQIrlOMOEzDGP77lBPp
5XzgcOfIZXCBRqq9B5VZX8igoq4Tiq7oVNfZM3vRf4J61U5LBdkXjAE1omsGriuiIa9dBtO6/wCT
ag9eytVUyLjJnKgV8PWU9wv1JDpnKvFaB+6tk7qnHFap1P6l/tTfhXydxg6DiAnUWyaXV8XGTmUI
KChKvk9wa5RLpmRhFTkyEKqrKCn1W2BnJxcSmLMgodcVVPk3hSFF1e6Zi6lQZyYMOcD/AD3/AP/a
AAgBAwIGPwD/ACgzZR4TZSnKfGU30bKTa4SoGTDhZOKr6IFsms6t+E6bVRfJXGE3TsmKYCKr4pze
qCB0TTtWp+6JGSuFBQIIRDSiXavx0UVVaJqrXCbvGSRrhF1JRchi6Liar0Q/5/PSx90aavtsmBL1
UIRGRztjNlea+qhAIECO3pTdEetUCo9qrogxqvSUCar5dVbI/CcKd8BsiQJrTdNpXyT1XRTfumr2
1+C4yTdQcGIQLl0zK6EvFX9MIXOQA/ilMjtgE64UFFRbINsePDaVeTVUUWDhD7oywQJupXKLZCsn
GBmfC8MixjG+FlNsiAkozC9fCxCOyhcp1GRn18d04qq4Be3XmvohtX0TK/tk5mjHhBDf/WyDtlEt
fKA2QDIbPUq4UYWyNF1dWxE13VlNsOMklXUmCmnCcOclFBX0qu+Eq3xruiNvIj5W/CmyvHkYKBRV
VujEKqrt5SIhFHyKcJFqqyYmtEJe3ZO166adFedsllOixQc19UXu2+r12UM/py2u/wCE3c9PcR8l
b3tqpLZMD2RPspclq+/VAfsna929KqAwvKYnJwX6v+s1XuiTdEtP4+Kk5Oi9eytNV6KEJhTk6ytK
lON8okA6Cvz7Il4FV2VsXyYwMIIk2RblEENhxkx9Vygnfp9fmmQDoXdRk2L1TKzcIDWuq3TMn1V8
llDaq90Zqq34ZQgEXunfJhnEuuFIyjf+Un//2gAIAQEBBj8ARUicOoRVjQEsrJEkzLJHHJJJvKSg
9F+AU66HXXJqyIY4DOncJZCWiiXRZQVZop01ATToToeh9ZIbQN3VyDKW7yyzRyLJvkk1kVEQMSQ5
I+Q19UgKwYwZGwS0Ct3CsU8qszJ2m3sjS7tST/1PiOpHqGeVVZkYBo2Dd0qIijtUeONVeUmTVQGC
bd2jHXURQ2KjxFIAZIGsdwntEsN714pIZghkAVYwdugGpI0CBkCQbWdG0nZdNWcxGFI0MkUkbbdS
f29p0HuPSLGktpjIsKyJJCzxxRozvHIsxiaw8RXRmbcNx6HTVQpmrLJG8ZVYjDCyMhMqy7pa0bAS
HaW09l+uvXdKRCsQDl454nj/AMkqo3dKu0g0nO4bhtBP1+sqTETdkHuqdBOr7ZVJkZotjptfZs12
6tp1IPpLkUDtAWHbeJzt1lTuqpZWUs0bqGZtddrbSS/s5eRFbtzxLGyuVigjRVdXet0d/umKg6yE
KW0+mjdllXWMmCcNFIYYZXVGIjIUxd+SLaTqDqpB1PtNC8MYkhTcgVwZO20LEyusR12ozNvGrbWU
HUnq1qQRJJqZK8skTFAXSEFCCw0rvIqsNWAbavX4jpOm3RHjeRUjjRn3SSCTuwg9oQ74x+mNF2vq
A3y0EvxlBEcruyMpLttcuqGZklMJBdnGuikgn3XW00eoeRnVZdVPcWOWIygu7RK6NLKoJ12/p0J0
6WQ0aLIJ5tO6s8RsRSVf3DFJFM88CNI3bO5GV2YgEkaAOUQKSdkZIDJGhYaS1+53I/howPyXRujH
a2nbjeJF3qpMkq1tUY6EBpAokdiNAu7Un2HsQ8BTtV+0VUJsaTQSNHYeRHeVI2dhBu67mC/p1K+p
Ca8UpsLGS4qTd0sImniKV53+4BRHLbQyEOWA2nX0NKu+RF7moBfsxzkyLWkWAsXiaXaTtBLFAei6
j1IqVSElMSSOiwySBYHlSULFOYmP/SBAUmT5Nprt0JCKrRnfEVEQ7csoeZpHY911mMSMSuh+OpB9
9PTQxqQm1SFBaOwuhDorhu3G8biQlRsO4Hrt9zYMdZN8asrj5rrJKYniWaYysuyxuGqmQj5EnVW6
WoZYmWMwWJ5tYgIljYI0Ee4LAyuyREo+4AnVddo2euAxRTGTTAYr7xpIdy1q4rVoIpZHZlBnLxA7
lB3FnIOg6LPflntpXCLPYirFnCk6NPJFFrtijHViNdo6+q9+hZhuU7UazV7NdxJDNG3s6OuoI6f+
P9m+WRIk1A3SMqLqfYbmIGp9c2TL+Z+B+JeQWeL8jpce5Vy/PYfG43AckfDXv4q/ckylmGiv2F1U
laORlLBdNNSPXO8l+Vt27+RqVuWc5ky2M5DzXk0nEs/mOQSXq9Xm2Ju4DPM8FaC7YTLVzUlkisyw
pHJ3I3cnh+NPlLO/kfxq9joMXifEmeqyW4fH3H+Kz5DHnj+byeTbF5LAnPlq1nF28bPkVhqgiSsd
dnriXMPx75nzn8VzxLPQ2aXC+K8jrZDgtqlHgbOPt2OQA40XuWWr9628iLbRYa+xGjRT7Nx+L8vc
/HQv/erlI5uB+N5MhLBalikWm2aPGDZ+3hMTdvsJWcRyFHaQAEUOd+ffJnIeeZirXykUOVzl1Mjk
oo7+Wt5rKJTx8bY7E17+Zzd+ad1iSsJpJC7AhQfWYu379v7mhAstKlSoG1B90bEkKQ5a5KyV68e4
RkdoTrIJCpZCPViSbcs4CSV44FiaAzNLG7LLtZRHAIS2gTUhtBoBrpbb7PHVvu1rnSCGWNKpqxhd
KpeWR0ayF/c3Ft7HXp6jlZGStISBMyM8K7j22Y6BgrKD/wDte2n09FGKNp1DRukikH2IZGYdR/x/
tHU9Pb+769P6dfVh0nmYzPFO8Uh71azNHMshF2CQ7LEUqblbdrrr9fXGfBvKPM9uLwtw+vlpfHGJ
sSVsO3DchddZYsTT5YMVlsnBx8EFIoLgsRQoSqPF8XSPxr+cvILdDBG2MTifL+KxNrkmUw12CHcf
9WU+K4ZY+R8Vtrp2MtWgS9FJqlmvIf3BVn/HD8iuA+SGvSTQ0qdG5axeRtWK5UTVIcdnKuNutejD
qTBs7wVlbboQf9wgGhaRtu3rrtClmb4nd7Lp069f7vVmzJOymzEpVJBII10UMI01j1ibcffbuP8A
joPS5aB3ZYpWWWOMyTPFKAS7bnJUzWBorFxr7+3QAkY6CoUiUwuXLd7VQO4wUqBKdBtBG1SpOg11
9WLMubirSPPJN3oK4SVzMpVgZUl1KqANDt16aHX6JDkLQuSxgKJ9oDuoVRrIQqBn3A6nTr/v7Wh0
P20+h010PabQ6fXT1/Ab32/+Wvb3fdn7fu/zv3W3s9zd3t3y3a+/109KsOrRQq7l2iMx6nUGOSMx
yyBldj1JY6hdB9chHtRIlqTsoZxIwSzDMdlvdEYYF7haQsNP0aj319XI49CpEjM5ZWd5DNJuO0IG
WJW103sz7iwJ6D1UjBLdnIzCWONgjwwJPM0jtvaQ9mXaHJAUs3xCkeoWEqIz1q6aydyEB2aQu8aO
3aWOVQOmuhVxrroT6rA154K0yuQDOFjkjiYOB3Cjbpf3CXTcGB/qfizyvFH2LKyIiwSTxr2tkj/t
wxyIdpaUMjIdQAuh+TehIJt6hijLMrQy6BhsB2kRxKwfVgrDVfkfopJdJD2h2jGV107rsloDZHN2
QzaalV2sBr0HrIGOv21WtLJGkI0VDHCzxO7L+syaA6lUVTqd2jer0EUlYSGfYGd9qwxo0qurkoza
LMx3KzALG40APrGyyxAWEr6MO3I3zKRlkjiVPZotdQu4kBTofrIAjGOXR9ommQRMgjQ9vakg3qza
6ELqHOp99ZRO4Vq62Y3tAARQhV7jl1VnffLJvDf3sG0BBJCPYeKEza/buZJmETw9zSXasiwtpGT+
4VfRhopOnp/5ALMXMe6RCqMdrRuSojVkZ3YElCyMka++vT0iwlzHM3dYxxw7O2Je8GcRP2pGj2Au
Av0J0bUn1Y7IeRdBExIjRTJGWQxpvVY4yBWWMAfARqQOp19SIoJeJ2rb3KhmcxM4Ylq7aNLHtJYa
jUf8PUsvbeRYrO6Ps2ZI3b7lDDtjd4qykzxqqsFRI9z66Ahj61PclMTIkEtd2iRZO48skJSV0aFp
IV2KvcO7eG0A9VrPY7auldZnd4rNSORIJXMUsTGOSchFUbolPwchh1HoImPWUKsYG7uRTixDGlcl
ti1llnZoSXDa6mQt9ACIRDEdiiCaaQq7rPJK0Sp3EURx9xD0K9tCCH26gAIkVaCN27sKSRyh2lTc
3wnkkjRSUhVxvUFmGi9dNWS1CiSIxWSaGvIqSwtHtSJGsuS0ksisA3xC6kMNNvqOSGKNS0MszoJB
3JDEXIVFXtRtYC6jVkfTQatqRoliGR3lJVXliVTtZ3aZElYK7xRu2n6uiFW0LdSWRoXkStI4kXa+
/uMncUQEGIywss5dRujKaqPYkepq0FYhrcLBC29lQ6B5GaeN1gVIYoVZg20Elj1KkniK5+U0KNPA
wSW7/wBpPLDH9vUi171le7NYnWPYFgALiUFUB19eSvMfinhHkbPc7xEPHf8AS8HH8HjZ3s38xkK8
EVCehlLkNnJSW68joaVZHtuxChddVOP848So2o/xs80cyytfhkP5AcH49y2Li/KMVZlt8o4riYcP
exeX4lE1mWRft7LAMQ5C91dRlMT+Q34wXMHy6hgI7WNyHjDmOSrU+R8roSRy0oFsvDHYwVC9ZjVp
xKksKxFkPcB0PP8Aivl7xtxHOnITTX+Mcu4ty6xxvK4jBW5a8ljjMmKzmIwlXOXKFPvBLP3ERl0I
dFJUiTx55K8g2rfi7A8tzeS4nj4YZMfl7GGOcv3ONRcgsV7ksNy7isbNDCZFCtJ2huJAUKZJZHld
jqXkdnck/UsxJJ/sB0B0IOhGoOh10I+oPoPJBBDsg7SpTijqoWXcUkkVUYSMWb5H3IAGo09bVZtg
3BEY7woYMCACNuujHroPSnvBtxYmFRJqjKQAZNyrH81PQqWPTrp/YnIclzPhoeyk8ScYs425mOQC
ZEKp3Kk2FmxtdZnPwZrKxtp+4VU6jGnFc34macUuOwL1+FePuUVOVXMctGSebkVvC1UGIutPYskC
WGIy2JIVjRAAWf8A07wC2OX8gF+rbpc3ow8jwDx4tayi1h+UcZz89+umZMs2pmoz9hmXb24CjK+b
+/yc+NzVeCpJho5DXehkXaVkt1pzLHEapVSjrJ3dVAI2Prqs1eQxmSCWSFzDNFYiLxOUYxTwPJBN
GSvxdGZGHUEg6+tP/f6I6dDp0Oo6f0I6Ef24Dyx4W5TnOHc54lmscMPn+M5E1MxSvX5OxVjaCGUT
WKF6T9l1dGhdmCN1IHqh+OH5cXU4V+Q2Do4zB2sRyeN8Zk8/m4o4665nExzIkRxucXZJ2gzJFK+2
NiNAf7JCz6CJd0hHUKNdOumuh/8Ad67u/UFUkXRS25H2ncoU6kAN/j/cfQKyArptbVQDv01+RDHa
w9tD76/119dCD/h19AuoYr7ajX3I+n16j0I2j3qPkrOrOwVWUkBiQ3U9fcaj+vruW6oZFljlEeui
O8bFlLqGO7Taug9tB1+o9LHGqoiKFVFAVVA9gANAP/3G6x+lWweuo/8AlN/T19rt6f8Al/2Pt966
9v8Ak+92+z2dPtNfl77vr/f63I52tINF7kc5jbtB3103PGsayP1Owu2h0bT1kVnhMYWKxO7Fu3JG
ldX2ELNs/bMhAPxDKV0HT1YDGI9uW1BHsBY7VdZH/dLlmXuyH4sNykn29AaBmr5mWu+8SdtHszFg
x+Ji1jiYMOjbj0Ib29VkMIlP2NeOeOaKFtq2B0ljm11WZoX0ZxoSWI6an0BVgLV9WRWkVVMgl7Cb
J0YtM/wXXXr2+h01LKXEpZS/xToHhLiZ5Hj7+rL3A76vuBXVOgG0egsUK9IyzbpAQijthYyj6NMN
GPQMAPb5DoJNRA6RIHSJpZG0OjPF3Y1/6h0jGmjbmAII0bQ2ZHiBZ6sgSWOWJAF7JTfC0hMsyx7t
vu2kg3EDb1z4JdKsWQlkRtqoIUaUxTu8JkMrFGjYsBtEqH5EKPniWaNVcovzkYOGP26qxC7FCAqd
PidCpI1A11kA/daNZQqNt2iEzCRTKFR4VRCzbSYiwP6j1J9WF2uio5bdGgikNeUjYYhIhTeoAHQe
wb/l09SbZZWSuGkQOkiaRrGWYWNdwHz2xqquCy/1H6owoLFXZLUiBizoAxjkLSR9poEllDNu0kPu
pAPSP7eMMZTIqtI2pUtpY221YRiR5Y0YEnUsF29NNDJLC7wKosTxlUjjJSNIWJdtqF9fkdxPUN0A
9OrkkRN3GeFn3P2Y5N8qI7KUlldwvRQi6sq6AdJDClQLG8quyLI0SrJskJhC7GfuSuu4joo3H21B
nihiYRB5QhmddgZTInYkZVdo3sMkgZJT249C3QlQA00KyS/cM8ckSaGNXSWJI43kfQduvIfZWZ5N
BpooAV5I2lkijSQGRnR3REIRnYl5B3tGdVYqN2oZVI19Q7CizBtUrhUjsELvGjmQzxLKrMTqVcFV
6+3orXrowfuA70mRClczKxklY9zUq2rEuSSumhKg+mVkZYmlZogSs2ryq6wrHrPtUCPQnVho2gPv
r6qwsrWJZYbR0qlpzGIo5B3DtKyr29pbYw1DKRp0A9TNAU7bTayLLFGi/uOd4YfHWaCbQ6GMK3c/
+YybvXy7cixyyROFIiCu07JJLVIZ3eOcbgsi67UKkHb6t2TA0kVZGSAFFkhWWNxPZR3UO8hbeNOq
ldQumvUjD0r38RfyWChbaFhgrWclBSIw1qFZ4QkN2vk7FYCQACUKN67l19eLuF3eT8e//qa/Gbzx
4P8ANvI+C5PMYheFcuj8U5Xj1nnvH85m7V6GqORYvEc4x91sbU+8yANyKzHVkrJKycX/AD1/Ank+
M5zxTnUnMOXfkt+E1zHRc9494ryvL+ONiOW+Z24wJ6mP4lx21yS7Vx2dmhMFG9dvQ3aEkVlJVGUy
1bGUsLDkr1i6mJxqmPHY/wC5kaVqlGJiTDThZiI01OxNF1Omv+x7/wDD1/8Aq0/9g6f2ajoR1BH0
/s+v/Aa/T+nT39TfyGLw2Mt2jWfDc2zc9qOli5fuxFA89SlVnyUgjnidhPUZJIymsiyxjb6zHGcT
ynBf6kxvIKOU4p5L4pwu/gMfyuDCRu8FG2YMZgrcuJnVnnZbdGTfIe9E0Uw7smU5HBMY5cy9yS3V
yEtjPQIuQSxFfpo2efIzvUnhtSR/OSRzGw1bcAQT7fUAdRrr7dSNBp/j/sneWA2tt2AE79p2A6ka
KW01Pvp6EElyWjTumKpkJ4laTbTexDJIzwqQZliaJZNvuSg06+vxG8rx8mbOnHZ/gfFOVTNuyVm8
MVyWDEPJO8zVrxS5CYJQHZWMZ101PXDZ2jLHPUzGKpZOCaFjJEY7deKdVD6AbgJNCDoQRofRO0ka
a+499f0+5A+PX39WEhRojPsTv6BowqkkhUVwzO2pBHQk669B0yEcDzntdqIhWBSCUhYpGRGjKwaj
cNI9w069D19MbFl2AmeWWJdjxCJO2dkcmmu2U6/Ubyx/oPSSoF+a7zo2pDNqdHAUKp26dPcf/ut8
sQF+zsalugH7TdSdDoNfrodPX2/bi73+j+x2d0f/AFv5Xufddzfs26fLt7t+n+XT0ImVIokbaJHb
vVzJBrosViIuzghwxOxWKkgHr1ypj2SMasqvviTcC0JiV27pHc3sFGr6akkHU6+pncsNbVqMLs/b
LLteQpIpMbKncXodHJck+rtbWvKhyxcxy7neKREVk7cepUGRXY6gBiF03Dd1pFBKqLRrduRkZTJu
hhZ03Bfqp0DA6M7n6gt6EoLRiQOixREdwxjcN8baaqylhqOqgk6aEek0ilI3qqtF8lWSMF5In3oJ
JfjIf+QtoxH02wNIqAbkR5XCPvOxtF7YcyIzFfZSWU9RuI1GztkIH3GJzGYd2nxjVbA3OCv/ACkK
NToA3tNAIg4tQWHWPXexmPcdI5ndguwgl9QdB7aa9DmUdU3z21k/bjPyKM84lLvGFJWRSSp1VlUf
5tw9Yp9qMO3F3BKHZCwiEJWMSrqDK2o+S6qR0GmmgGyJtWf2ckmNQpLPKGKxbPn8wzE9NTq3yIQJ
YfuAkqjxMqNKX7yKD3djEbdpOnU6dSD6dFWFvlopij0TYVYSGMSK5EYRHYkNpr7q3T0iSRRlIZR2
3VFG6Nf2SziPeA+rEBtU6tuPQAFt8LuCNSFgWeOMlt+2ZAWTbI5fVtuiCIjcf0+pZJ4kYyrIIyix
BYoVEssYaP4lEeUMF6jT6/L2ljCxM7JO7EjuuxEUjCxpFLAgWwnRkc/HukAkBgZO3Xmkhjlkrb3D
lO2zkrIjrEoWREcjYX0BBbQDQiWSERRamA7zsjSBzKkj1p9IBErLGdoIDtIW6Aan1HDDHJMju6hE
iVY0UkNLNET3JOxZYa6BtwIAIXaNZER3SIoE2SACsix2AI27sOqlATogG0KdRoCTtde5sKoh2Ahp
JFcR9AojMmgBTc2qAn/En0qx/cV5laRxPBJHvrJtbRJe2skdhoWdAAd5KgBvYt6oQt/3Fh0Mp7yS
RxjbqESojzmOKu4XuEMilOoTcBu9TPKlp0sPYlTZcngkij10SygaELIpmjDb9quYySdfSTXWmKxR
FqV6QxgTzV9G7081aLvsqKVjVmDRHaW3bjr6RGqLeezkZ2r5CtHu7cFUR902NK8tWr+xCjOwkBAd
92gJb1NHTylSO4lhJLdSrkYoJHWWztmFaKWRpG3S6KwZmCxEkew9eGz475pyzCZvxr5E4Dg3/wBZ
wOvhjmE+bblPIsp4i8m/ajK8r4ziuUw8Wxk2D5hjoDFVkkBnV4d6v5n8i+YLuXu5jlvJeX47H4bl
k1DOWeF8TfyFnOR4nimCy9bB8frSUuN3rU1WG1VqVUmiDKI1jIjWSL+Zyawy47+HlhS9ZjilxP3J
u/xcsaSKsuPFs9wQsDHvAOmoH+4//Xp/7/Via9HJZKIY4acVj7RmklSRUsmc17IdKsgUtEApkB/U
ADr/APj/APj6z1Lhks64iCg1jNPLbujFVCof7WxarUpu59wNsnbYxSKoDMRtBIv8b5hyzh+Maobs
vHMRzfjWHvTteM4WE421fqXpZsLkg7mUX4qsBRVMMw0KtBNxfnN3kJzoJv8AHm402Os8aydCzQEk
V/KWr+RoZClcryWDUs0Zt8zRfuRQxkKWGmvttP1GhPv1+o/2/FfLpaMWTi4v5G4VyCXGzztWgvx4
jkmNvy05bCkNXS0lcoXH6Qdfp68Vcr49Xu0MFyzh/GMpVw1qaO8+Kky+GqXljr5CJFF6ptk6MNRt
OvxIZRofY+nkeNGCI5bXamoKkn5dNp1AJIBOnqtPYvCjXyt5yK8hUO8qrM5I26ARtoCDoCBqff1W
bdFq8ZJkLdO7+poSgBj6FmXVRodOmh6+tkWv0HX2A0A+PQak6DX+/wD2HkBACAsxP0UA6kAAkkf0
HU+te/CYkjV5HMoBj3dChQA6bT/XQ6dT0HoONNpAIIOuuo1Pt7EE/wC/ykja6LRsnoATr2m00BDA
nX+71rvr7fs/sO52H2a/ymzT/q97vaf59dm7r79fQEciFhGxl7bxyuS5kaPVGlQOm1W127dhH1Go
9ZGSBQA0MjoVEwKRxJtUjtq4bs7X/SnR9dQR7tYUQ9n+Ql12r2yvdj2J2U1f4FoXMp3Es7KSToNu
VoyTxqBeryAOACokQArqddSFVn16KG2hvcesD2jt7dOsiDard4MO3u3Bo+2W7x6aBfp9PShY1Kvu
TsjWN2TaEG7vfFTufXaNNvUL1B9OxHcKJsXcp7cu0rJJI0fd+caMNPmzhW1AKg9FTtQpIfispUD4
qe4Yl+To22N9rArqQSfrr6Xd3GiGp1SIIkrOjIXIDqdna199SFIOp0Pqburp20JaTbGwECRja0ch
jGqaIwYsfj8vp75x2dVg7rs1WN2WMRgEiUbUEEjSopZiCRtcEbSSPWOV4UeIhIBCp2wyDcPgWHcd
NpO7b1IOnRtd3pzOWRDE/bGiMsLH9sPu3L3O2wIGhA/vPT1JGH1lZnm2kRxu0SPuVgsncLJHG3cU
bWU66qNQ2khRSzrIskrkiV1VNjqJYW36qpi/o24nUMuo9QPYjiDvYVkVCSA5D6BncPt1V1Viy6SF
tvv6idAW78ReOUrF2FTsba5dUIWK1IjaAHqyj6anSyEDyqplnMkddImRA8csxLhnfaseup0YaaA6
nqbCIdWQP9sBBKgksyxTdtJNDI0ax7gCVVd2p6bSCLSvWnlvJp2/tkTTasoiMk0ZkMhlZ9S+9WBG
hDMOvp3kC6s77mJR+53ixKCJdhKqjMy9SC2nt7elUxlpC0IlSTVXQ6KqwuzoHlaf3RyS3udT0X0y
QxLGNiqSGjmD7e0C0RaNHMRkKjRirM7667txLAVnd2NjWKSDawkAYyLt7aaLCE6uG0i66ELt2rLM
vchYCPSOJi6mMQvAsgVgGsyQy7V013IQw0II9TNKjOgSRDJFseV5o1M0aRyKkvYavHIswcozAj46
69VFy2KNBILGuWuSdiqlWzsnmn++md2qmpKWMwDjtMwZQVPSePDy8m5WK8Jit3eF8Lz3K6GPhryO
lqWXJVYIMZJMjoxKpKZNXAVRrqJuP8OxvM4cBLnJJbNeHDT8eXL1lrRpkpXheZrUFpZpGWdRGx2/
EEahhBNieMSZO5BkqyT17HI4Mbjck4/fWarQys8xjkhkgYbRoziQdvVgUPjW9j8Fm+KZCXA5LHZq
ZbdtcbdtYzKzfxlqjNFbZkuJTsP3I5WcqCHUJvZRxC7y0S3+R8cwmTxmX5bkspk8zyLmWQy/Kc7y
3IZzkORylmxLNfnyfIJz8dB8iSWZif8AaOo11HQ6+x1HX+/p6SJBq8jqiDULqzkKo1YhRqT7k6ep
YJkMcsMjxSo3ukkbFHQ6ajVWBH9gKnQj2Pr6devT2/8AAaaaeqV2jlp8I8VhH+/r0oL5hYFSkk9K
ZSl6GF1DiJtyh1DBSwHrI8xzmNkxnMZv/vOWnu5WezXycOYEt6PKYnFW8fKK1W/BPJKES1NLFaWR
tIlCqA7ShmDFQh3l9CS5fUpsKl2P+bdr9PT5JLdLWC0sD0Wn25AKyKyW1ryIEnqM7bCUZmVh8lCk
Ek9BqddB7D/D+7+yvyOTE5NOPW8nbwtXOtQtLhrOZoVaV69iYMmYhSlydKlka80tdXMscU8bsoV1
J/tBBIIOoI6EEexB/r68R8d8g5Cxev47AU8fwTkWTuiWLLYnD0YcW2FnaxIZ6mQxN2nImxjpKnzU
6agGG3EatiWMTV0c/F4tgdiJACC69eg1PTp7erdSJJA8ARRIuztv3AFDBvmum99HU7dP83QjWtfW
qx7FqVyyoZNI2jMMNUSDcHGvXdr06adD0rO8cs7r2JEaRjsXVQWc7k3KsStougAI1A6HX1HYaTtr
Iu4byAi+5Ouu3YQFPQ6H0kFPtGrsVZZiWCNI2qgxSKpbTc3t76j+/wBAEkkDqT9T/ZbZtdNi6gb+
o3LqDs66af4DX0TXXuuZewsEcukrSaE93exSWKKPXqxAKq3UaHX0ILUpeSNnMZZgS4Z2L7frsU+3
00P19z/vuQS66dvEX316dNlaRiepA9h6/ke9H3v9b/x2/vyabe93Nn3Ouz/p/t66a6dNuvx9GXtu
xmDvKkZlVyralEYkRSxR6EkgkkvuC6N8fWRgHcgiNZ2eNGQsG0kdAYlAIk2p1VzqAWO3p1ltbZEB
vKke+UgAB59yGLWNWdmfdqEJ26ak6ajJwNI21psfIIyVVCAJCd0jRy7ELKNdo6/Xp6wkkjR7vsoG
gbsqrGR4tYlg/S2qdo9dw6H+4j0WsSB9F/WY4ZGMcZjMgVowFd3lYsoVjt16nUkFtXSSNmYuqIoZ
XRQQoII0VY9jMxI0HxOg6+omCtZm1DH4GujON3b7YWNCVQIwKn9I+hPpkdGTvqi7Rp+tFMiEOUCA
bAGGo2oB0Gp9WIllJj7WxGZm6susZlWQM3yA6DTQL01B9jkB+pndm3FfkJlmjIX95dzSF1AYNqW0
HToPRh2KXSM6kTd1e7BIysm0NIp+K69NSD7n4nbJ0ikSSRddmjGLaWiQs7Ky6ozMzEakAf4AysYU
i3SDtsWHcYyAoj6KC22PUFfloGJ106aoCGj3OYySFIkDRuWH7UidO62g6g6g9ddN0iCGGs6yqwhY
fBxD3kiJLzBQ4hcEqWDbkHv6GunbeRxIgKxvO0fYJaIF3LpMiBToA2zoSqlh6MkTb1dj37hYyRqw
SZ1igURvAElO4N8dwJB6t19WjM0amM2XBiAjRJ2Up0C7Ucz7SwY9CPro3SaUJ2nWYkSIJWJbZGsm
zeJVeERohBCJt1/5QSZQhTbIzh42hVIz1QoEjjdo445ZU0DhxowJPTXXUJG8sXXcdAYJ5tWaVVDK
0ixKTt2/EnVgNST6czq7bzEGAbs75ZtzVv1yyF4WsSBm1LyBk1HRtPSypWWy0kMkjOI4l0BkUSTF
hJECkyufjsLAs2rddphV1WrMuiCOcFC2gYkaO6Bj21UEKUCNGSwYAM2RZJFdDVeu1cqKxkURERdi
dpJIkImBBZl2yBCFYL19TcRyqzVOLcOjr3s7hZ4Zo5cxar1yuOx2OIXW1JkLkMgbaXDQ6Elk0LVz
5Fu43H/dU2o8b4hjhI+Bw6SMJYaGSqUJI5rOVMUX7plUwDYWTX5esfxTGXcNDy7ER5eTj03H0WlE
rWZd0ccduoscNAiSPVhZl7e3UMEGmhS5Tp08rRhrVL1jHRwV0s34g8lm1YekXpXLcskoP3EJRXQK
dPSNZmmnlXdumnmeaR9xGmrSFm+IGnv/AGt3jIF7cm3thSe7sPaDBmUdsyabj7ge3X/cDUajXqPb
X+70x3bD02qQSDrrr8gOmn+HX0Oo1/UCrA6dT9VJ0PT/AB9ZbifLORcyxWcmh/kOLZzH3IbeIovj
U+5yFLMYj+OmzV+G1QhYV1q24FinVXZGA09ZCnyKbNY/K0MpNTvJDiK07z05IZhXvlHvQRQ3oraR
GSPcFnilLLKHB3yo8rSRBZRDNECoZwp7Lskqb+27AAjoRr/d19aH/wDT7dPcdD6OPFuyKDWBcaiJ
5fs2trGYVtGtu7JsLCxQPt3BTprp/bELEE0Bnhjsw96N4+7XmG6KeLeB3IZAPiw1B+nqMyhlic9W
UddoOjFdQQSvrMcQsSR57B8Q8n54YKl2pzYp2bNy1YsgTuXWslqBllSMLq7S7Tp8D6wbSqDUpzVZ
IMvXlM5qyKFVquTKOWjhOihnJA/zHqPQit3JJ7CM8aRwQFVNedp45FMQVWEMkiak6fUN11BWA2oV
aYyrM2qlCqqW2xqodtBu+Xv7n0sUNWJFTTZoihk00/SwGvuNf6epZ63wClSNFDMxYbXUDUaKoG7p
9eoI661TZ7tiSVVnkcuNixsuisFKR6SE/UahOunQ9P7JqshISVCpIOhH94PuCPp/f67sbFu9Mw3N
JpJEkuhCBw27eHVTqP1EaaDQH1HJMQj9BqdfmVVxq43KoKK2moB1JGnT1puA/pu+PT/mIbQhSNOv
9/ppDqVUEnaCx+I1OgGpJ9QxvMJDOSqlNToy7tykAE6jb/x9fbfuxsyCRXkQohU/pXXqQ7aHT6aj
39NLGskwUNqsS7jqhAZeh0Dgn2J9JKEkjDjUJKhRx1I+SnqPb/w/2tPr/Yyuq9FVgynp111Qj3BX
+v19cvsf/wAvBXjroDprEVJ+Wq+x6a9NfX85sTsf+dX2Gzvw7NN39O9u36ddmum3r7+kMzD9uN+2
I2LSqI5lIeNy00evZjUsAOjhWAI19XZmQCb7Z3ZdZCa+rTb4omjf4uiHVmZkQt01I1UXJpIGiEl+
OVV2vFEI450i3xqoh76bmOjEGPXUAFvkLUI7JZq9JlWU7R8rOxjvX5Jt2g6sGTUDoCNwxcokM6rR
gKnugPIdiERHsBgywldSdqsxPXTXT0a0bt3kaLtuvzV2lMZRZhudpYpCNwJ10BHTUN6aJ+5vRTo5
RHbYzRrPXMsTxQBIym1mIZeumnT1IsrqWSc95yqq8iMgAkCjQL779NSwGvy119PC+sksZ1jkdEMr
OJdxXRyAduhAcFhrtK6+xBdWVe0FTufHVl0+JXu97TcADuA9iAOoPqykcpFVhuhVUYEpGGecptj0
EcjQggI2pCElht1NiMSJKEJSTtAiNECxussUihmcSSdTqdfZtff1I7/FCthSnxcaoETb3RvCgjVQ
ANSevv09IDGw0lcARKilGdkTTumJHDqiAKqD/PoNQepVI11TvqgfqzDbGqakTags3sdQd2vXp6SU
KJ9Xj+KbmQSPGZNBJJsSOQLErbtpUliOuvUJJCrSGUgRqpZnIiftSKymdI5TqvR03sdV9tF9aTFu
12l7K7HjcqweSNfgoQrZRU26D+uvuw9SAu6fcMAVYkNqojBBm7iakkBEHsrg6k/S4rdzcrxPBtG4
vMzOsZDwKkA7Gmhj1bcTqdB+lo1QxzOCQAAxVGDRW554tqB+wwJYxNISq6Atrr6h2w9xBbSMvEEQ
GU7H7UQ2uXkESuxI03DQlh11jkkRpQ0k0iRuIta+0CSRmcmWXUO+3do6sFHSMk+nMe6Tam9oTIqq
YJGSJ1ZSnZicQx7h+24La6dBqJe0pMUaCYpaWGSKWQAL3y5STRVEe9WcIoKano2gzWSgaGF4sdde
MztIa6RzVpqkiT95n1CpNqp1AbVD0OpMWeyr4uw9W5BknktTaQ/zVqmHhRwYkSw+Nx8KrESdBLJu
XQn1HynF2MjFmbzz4aNr2Ao2eJwSCFu9Yt2M0keHsrj68bPKInRkK6kvuIOSx2cwud5TPnr1zJco
nwluDjkXIbdiw8y1slkGhlvnDxg9v7SqII3iCguQujWfsqgw2D+8ns47AQWrVinj+8dCVa1NNJNZ
dAA8rHc+g9gAB/u//wAe3+P9fWuh666D+n9Dr9Rr6JPXaraqCFI9wH1IIIDkaj3PqlEIq8LUUkWO
eCFILMpexJZElqdNHsSxNJtRm6qgVR0A9UYbOJmxGU7NKlkMw+av5AXZWyF17WXVslOEpWPs568T
QOZIHWGV1aN5BtioeXM5lOJcJnmQZrlHDa2G5RmsHi7OZjxE3IeMcOt57CU+cWsS0/3Bw5zGNks1
4ZStqPbu9ZepgsnYzWEq5O/Xw2Yt43+HtZbFQ2pY8fk7OI+8yP8AFWL9RUlet9xP2Gcp3H27j6sR
xT1IJK9S3dP3tqvTjlhpV5LEsMEliVO/elWPbDAgMkznaoLEA5HjF3PR8dgykqNSmbHUbNG7m54n
x9KTlFjIRyRRcfx9OzYG5flVlsd9EdkOk9l8tjY3ij/bpB7M1u1cFjstSgjrV5kLCEGXvFhXKaDu
byF9TVBfWHIhIUxVWwCILztMRLVFtn2VJVV90YYbZG1XUMQGYSBxoHGgADBwDtDBtNBv9/rp649i
ruYsP4j8r5fF4Dk2Bt5IUsFT5DZt1a2G5FM0m1K0gIFaR98aFJFLnRAyw8hxFUvhOTVzctY5X1lx
d6VUNijYsBiiyRlmDbPg4/qDp6yaXazNi1qxz4u1Ma7ySdyV4ni/b0YRxiIFQVGm4/1J9aDoB0AH
0/ssV4EaWVtojVAvcjbcD3I2ZWUMoB9wdTpp6rRHXeIUQKTrsQakBjqSzdepJ111+pP+wQSfb6f4
g6jTpqB9T06+kXVp0sfutGndVIvkqlpO3qHkHXb0C6Drr9TbLtFW2qimU75ZBqxeL2IXaSNSum0j
aPiPTRBmcsCu9mO8LoANW16np7+ln0jWGNVjggUAxx/q1k26Iyt+4RqCen9Pf0s3dEYTVgQx1L6F
RtQEqoAbQE6kaf8AiEUk/EA6/Ugaf8en+2r2y6o4Yh1UsPhpqNB13denomrMrldu5eoK7gCB1GhJ
B+mvqy0hjNdlhFcKNHBVW7pc/UFmGnryFcLsgg43knLKoY6Cu+o0Kt0P10Gunr/UHfPY/wDP7Tt7
F00/mNn3P3Xe266/ufr2fT12mEW6Sttl7sCdI1RoxMraoEMeoG0hHbUbQdCPV6JNBLGk6KqwKpjA
iJPbdpGIkZOhRWfUH2bTT1lJPi0zXJpNydzrFHbRgQW1WWPtqWBUHbu2k+59QQ6f9SCoeipISPuH
XQRtJGSGYhCR7Bz1A98JLKsCRfbQj4h5FbtwEbt4YxyRsrlHHuToToQdJniEkMSsjTPH2XE5mk0l
hjjaSRZEijfSNtrTgE++4AVpawljZUkjQBUVWKmMkujlkB2TDodAWJ1111E01hZD3TEwddHSFZGY
yLAyFNdyBv0hW1Yj/COSMavCFjD6juytIzkaDXoskm/QDUlV6kfLUd2F2UASsuit3I2fQDQ7d23c
ddT0AGo+vrfG0ck22aAnutAsu0uwmZAGSZYi5QFhogZgdAdpu1+808glsyFQGIlDqRuU6qrBjqVA
6DprqevoRSdtmcRBJBIHZWO0yNqH1cGXaB1O1hqBpr6ZNFjUyM0QDkkq5BdiY201MgbY23buYjQH
1skRdittClF6qxDkyFiAu1NdraA7QPY6n1Y7ksstcGJhE7QKQjsZI5AGA3OCya9dSABoQNPSRIJi
zOjyx7FYxlDHGWCNpMAXdQ2ivqgLH2J9SSF5SghhdjGp0RlZFDLCrgEAjo7ruDr1B2+iDBZd2Pyf
Q/cFHUkmFSYlM6sCxAXTY2oA6erUaiUKqMZEkJiljRWLMQ==SWTc8sUM7E7lLNtbcSdyn0sgUh4V
JZk2NBPIrzaiNlDhpAHEerHUyltG0+IjcwOSk2rtG8JZiIYwS88IaOUSqrs7k7Aqjqd3oLDIdipH
GvVQoMUyds9oh4w3bkDqVKEvIV6a6+lk7EoEatHt0CFgTJYRtsc8JD71IO8xq2hG7UAkV54TJAzO
zTKmwhO3IvbZ+1uVkj9i5J1bQkHoeIcExVjsWc3kksXW+9lSWXGUJa1ucQvIVllTt0lMpZzoZRqF
9QPj8dJZsZGu07SVK6VLMFZ6MUt2YzzLXo9xe4dQWAGmm7potbiGFy2ZggwNF6mQxyYHjk9HFV8k
32lA5DMx2LMM1u1ECqrDF34mJZpdw2ixcuuHtWJDJO6xRQBnIAJEMCRQxjQeyqAP6f70g6HT6qQR
9PqNdfVYW4rDwWjqO3+2xQ6ostWcxTRsVlADDQ67WTo2nqNO62jJDGXmQqIQirCOsYYzQRqvxYAE
gdRrqPUoL/pYdhlSQw2Y9WR5q8pGjw7x8WOm4H6Hp6qVoHSOa5PFSrGXtpBLPakSssUsszxV4UkW
UhndgqjqxA6ilgMlcr8fyEuXOEztbOZTAYirgsjOk01S5XyORyTd/i4pxpYa4xVDuSAPrIkz1/4h
s/xvCQYWC5l63MchiZM3Lbx1OtByR+NTrR47isyZMulk4+kzQ2HWMV3dpAZXu4vjt7EZTLY7H2c3
AUv26k3I8fEiyT0MNj8nQpiTN4yBHket3O9YCssCysoDVfJPGsvgLuPhuWMHyHip5Atrm2ByuOo1
bkmTv4aTD4jZxzPwyyTY+eBrcIMMtaSc2Y9r86ynD+OZHkNLxpw2fyDziTGpFPLx/hdXO4HjVvkd
qqZUtS4yjmeTUY7DwpIa8c3dkCxJI6ggkEdQR0I/wPqKxWmlr2IXWSGeGRopYpFOqvHIhV0YH2IO
vpT25L969bH7QDvNdt2pgAgWIrJJLYmk00XqWPqRbEr19kUxQiIysZ442aGBl3xmMSygKW67NddD
p65h+P3k7yPBy6/405IlfH4/N2S/NOOYbKV664LI2blmVpc3w7ILC9VZm/coWarK5KSISCAPbQEa
fp+gBH+X+3Q+x/2GKuBNIjiIa7dW/QvyJVQCx/qP7tfQhjuKX3qkwWVTKrg9t0ZgVjRFdeg6u3y0
0IHqGSQtNGf3UKyfRlGi70YAj2OnUEgf09JFGoREUIqj6Ko0A/r7f7sb1jlTc2iglWdtAgGmjbUU
Pqx6/TqPY/w9+yqWbCSSVo5XVXaVlASM6luiqwIdiF66knqT9xZfczzyBR01RUCoV1BI03gkf4+v
LN2QEqnEcwpKnQruo2Plu1CgAD6/+/qP9Qb/AJf+b/3Xa7P7u7/Uuzdu3b/vNfpu/X9fVoSP237X
cMJCPP203qZHZtzMzPENzbvih10+ouNAZDNHHK8scAjJAKGMl3bcZ5Y+5tCEoFPs3xUnNns7tJJl
7CK0jGPuCRLJZnjRYwEVtDo5WM7Qx1IwAB/dsQ7IUG1GdxPGugsFS0QAl10BG46f06YgbFndYIpl
c7GjUkGWRSwO0tMNW6BQpJ0AGo9C5sjbc+rFkIkhMadoneqCJGkDrtBJ3D6dCV7ccSQRlZRFLI6u
xO7uHusp2pLFr8lIVnBH9NPQSCJJ301IKL2o3ZpGHuh0rlCSNVO5hr9SPRId4lk1RAW2sQVDu0is
oVfmpIAJD/Xr09MJm+UUYkAKiKVxMpI7ysjfFFJKBR8tB0A0PqqxjkZ2TY4WNgR21EiNEFCkRtou
m7RhoTprofV5fqZ5GlIjCB00JEsmuxUaXQhm6hmPU9OrwxS9sxqVAUotjQ7FMTQBhE0QRy24N1Oo
6k+nMQkcB+0HA7m7coWJ4mCKxiCkHVvZgfc+mgnh0DBgjsBpqA+wF1k2au8nbXdoDqAep09GMEb/
AIJYLguA6q0aLuZWkk2xoeg099T7AeoTHHvZyunwcEoTJ3CHlZdrlHAPQfrO0aHqoKCNJIDpKx13
SIwdBC7EzCHVCygkbx9Pr6syNLIuyZWb7ZS0HQ73MwWIN23QFddyhNSpBUdLOx5nXsmWJIokr9vt
lS0kW/WUq24BAyB2O8j4jd6sAd5WEY+7k6TmJNzbuy+8bSi7Y9NVdTKCQ24gSGNqyxaIqxqi7JQE
mUljBt3JBFEP1sQCHZdV3Es3YYOU1dtjxh7CxmNFgiOmknxC6hgCX10KkqZgAAFUBZYiXJr7+y0K
zKoCntxtv3DcEAOrEk+nk3pA0aiWwWiEsSKCFYRRqzTLIrLroAQrjVT1GuPx3cDw4TD0KKybpDFu
ycks1tVYzSpLI1eoFdV0037iQxHoY2v2i0dIpBIiixHD2oE39uOCZRa6ysrB2TfGCAFKn0knIKeS
yfI7VfJY3j1l5qs+Slt0q6WYYK1evIuOos+1oS8gdalZJDLtLLrPjrghDqS47MscqKdzJLHojsyd
mdGTRgrfH2/sJAJCjViASFBIAJP0GpA/xP8AtGTa3bDBC+h2ByCwUt7Biqkgf0Ho/wB39/8Aw6f1
/sDFWCkkAkEAkaEgH21AYf8Aj6zePvSNFN/pnKWMbKlmrV2ZfHiK5jkkhnKG9DeaE15FTWVBJ3Rr
s0KD5MG27go0bq2hVf1df6epKlupYyOJmiicKriKzQyEaqzWKk6bZHrNKGVoiY+9E3+WVEkWyKNM
2MfbEN+GvPJFJJR+4gjM6iWmY9O00oVNxVSACygj1kuHZitVXBZPJ18k+SbCUrudxGVxlS9VjOHy
Uxgt1KNyW0iZGvHL27EcUbFWkhiIji6CLGySWZblZUZ0iaxXiawh2o86xuq7FLEfLpt1Pqxl8lFy
S3yvG378uV5bLcgv0cnjbSVv4hc1hQv3/H7aSqYRaE09eYyxqVQxkvNg8hVr5bBWL2PvZLC29DBd
FOXcslPIRbp8fPYpu8H3VOQboZDtZ10PqrZ41krLVpa9O+u6vNUtYO7OO/PiPudwkyMmHlPaW4gT
7gKJAiE7FylKtII4cxBBUvgIhE9WC3XvJCUZSg0uU4pA4AkUpoGAZw1uiMllq2Mv4fMYW3DjLUVd
5qWXWCWapY7sEy2cbJkKVeaaudu/tna0bneAuoXUgasdFGp01J66AemXcrbWK7lOqtodNynQaqfp
6BBIIOoI6EEexB/r6vC2LIsfbIcc8ARozbW1B3EuK7qRA9My6MmrCQJ0ILEcN82cOarJiZrNXjHO
cbkRKmNy3EshkaNjI1ZrUXypzxCsHSYBzENx2N7evH3krjFp7eE5lxHAckxM87wPZnxeXxte3Umn
as8td5dshR2jZkZ0JB6+i7ewGv8A+P7gPf8Au9KkjgiUO0TFlDEjQiP5H5Eg9D9B7+tsbjeBqUPR
h/wPX/8APT+3RSASQOvT3/v19BbG+RdysELaBCmjIEYfJNJBqSuhJA69PX3sU0kFXtq4G74Ku9gU
B1DMZAxZhu/rp76+krhtyxgheijQa9B8Qo6D/wAT/u5KFuSIJGu4IzKshCa7/krblaRug6ae39fU
llngjj2pFRgZg09jubWBBBQCV32kFSQE6+x9Q2ykpeGdKcI2yyhZJpTvfQKGaQalQT8hoOo19Yy9
aWZZLU1qRe+pWRow4RXbcAfns19eXbO9YyON3ypYMd5WrOe2AuhJcE+xB6dCPcfyGi7P9Zfe7/l/
9R/Odz/l3dzXp3t+m7prt6+ikcJhAlDlP0I4Yr8odS3ycfL6naD12k+rJWHcJa8yPMWSUSELJ3Ph
Ke4w3JpoFYlYyevTXOJO79UuyNMirD17DOUikVkmKGNNAXBAYjQa7QeJbmMJPfUuzMGhCyQiR+2d
qSssZI2tp7n+/wBYxvttjvUrnUN3iJFjaNtyoyvGvbDaqV+QU9epHopCvbUJ2jFJsb4FnCIUmcFQ
ytuG4sH9gABr63CNo/iTIY4QJURQirIvbRV/cEQ6AAEKSNBpqP21PdOrgJIiO42SBt5YRJrXAHVi
oJ/pros8LLNqw76MQoeRZNyyK7LIkZUswYfFG0019bygVgquZkLLGywbSs4XTuK4ZyG69V10I9vU
Npq+rSbkV4/g0bsWkKNrC2hRt7EFZFGz+4n1k4544kIYiVg5aQyKg3KrvtL7vhtAZlEXv1B0mhNc
a/F1kYyCRHGsjs8eswldVUjoAwX329fQmqyxNsPek2oVdd5JDdxBvXpozEe7anoAB6lZ5EjjmDvE
Zo/+3eUhw7xApZ3JLLIPinVdR11I1kd426t+ovv3kzyvs1R5ZC8aAruJUyHaSAQNK0hVS52AFdVl
Xc8chCh23waOoGg6gAHXXbqE2SBI4AkcTlpgXNfaXLS/E1y7jpoNdNNdNQLCxPHrWebQiSJZI5HL
wuGVWaSSQv00Guh6a7T0mRxVRSf3kG5RujszSxI50ZGRUiK6gh2JABILBZTZSRlhnkARJZHWQrqq
uWhSKWUFRrtUktouo3MfRjhH7oYCPZCwidoi0ixuY5UheKWNSrhw+4ydNFU6om2LtPCezZlXcoIt
RlIolY9mCwkatqQDHodTr7MYokgUQRiVJI3Pcj7ylY5XmfSFY3VPkwdi4Uxn30EcVRI2s2pDDDHK
5jhE04meV5AUM57UTmRidraFFHuCL2Wk2ZGjLayGWszXCpjgWgMeKlVnkDpVCM7sd5UKykNuHvYu
46rHLTiWBxYsI8OPn7IFVarSV1MstezZC75Aix9uGQKx3r65XymBP5jEY7I5Pi1C3cost3NQ8fuL
U5WuBigj7kXH5c7BFUUjfLZuVp2kdlj1NpZsJRwL/bNAaNHYoX7e1PtNuONFVMhslHe0LDX4hjt1
Og6k9AB9fV3I3AiQZPActy0s0VxJJKGP4nBhrq2pKCSKzSJl7CVZVcF1WZu2CykrPSxyDWDHW716
1OHFKhVhaOJLNydARVrPcsQw9x/gskq7uh9cdzRFVsdyDE4+5XardW925ZKiGRLMkY2Q2XkjkLQ6
7oXV426odbPdFg2v2ftDG0YgHzP3H3KspkbWPTZtI0Pv0/s7Ov7e8SbdF13hSuobTcBofbXQ+lBM
i2DOAS237YQFdNSR+73BJ/w2/wB/q1NNXYwDsdq8jk1o5JhNLAjuqPuFyGCQIDtO9eumjf2LXjMs
sx2rBGW1QszIh3O7qkEaxjUs3xAXqQOoXLO6QT4uWWCSvK3aM8ViKenZnqzkSRtbxxsq7xEAsmhX
U6+uWcRy1B8JzbjXduyYnPSw4O/ZljeC2a9aK9LFVmuWaE4sVo1YG0jqIe4zIrmjDFJHieQP2kht
WKyTxz1mM6QtZkjQJcitI0SjYhlEg0U7gvqnko8VPRly2Cziy47Cpcjs/wDaYyeRstUkaTt5LB3r
FWw1quxZqs1aaCQxqYgmITkFmS5SWGhRkje1ahSanj6kVKrjobSpbar/ANvXWrFIsTxxaKdNg19U
cLdNpFsPHSxosPDUhjSzfmikrWJMo1CpBGmSZ45JZJFihsI2uo10hu4/E5CWRqti9Xjii+9m+zp/
cjJvPXjgsV5a1JKky247ELIsJPdQIQfTFQrao0bdyKOVVWQEHb3FcRv1OjDRlPUEH/cCAyyGASGb
sb27XdKhDL29dgkKADdprp09c3/GPyHlI8ryL8TuS43EcIyMtkvmJvFnLq1nIYHG5FHAeWng8nTt
1KsmrfsRLG20opbqNdNf/cVJH9NQT62SAiRFKo6aBwrmPeNSD1IQaH6Hr6Sm5ZpO1sV5d0iyO+hh
kLalyZIwSwGgDe+uh9RhgNzhd3+ZV1B1Viq7Rrof6D0UUjcTtVidNja6FWQAt8W6HoAP/D1DIkgZ
AjGRgV+R3DaBoD1AHUg6H+wttXc2gZtBuOg0Gp01Og/3ZP8ATr6pCnk46ptXK9W8iSu0kUjtEmqo
D8y4ddSCNpGmg9UbH31ewWqhZGZrCGJR0VRKG02yxEMP0kHTQ9fjkCkzb6TSCnJabtqzyv2BNslc
jSaIsW9wu46gEH1xSdi7GWnJIWfXRt88jaoxADL19x03aj3B9eXLPVHbCW1jnU7TA/2syhi20hFO
/Qk6AdNfX3e6Xd/K93uax69n7ju7e1t3bNnz3a7t/XTTr6SMqSX3s5G+Aktu2Nq2uyPqf06Loeh2
jT1eQLvbSVjLLLI7ApCrD5R6KI2Zdi7RtI92XprlYoK8rNZWUdk6s+8qVSQOpmKFlG7ah2qH+IBG
31juTH+SNepcRq0QWZyLMk29jZdO0fmAdo+R0J9iVU42rYTRhWgUrYjBLFCQzOURO3ukcuxcjr00
HuIi9cFtxkZnXokbayaSMxkWIgzBQzaAAnT9QPrSSrKSh+MvbI2qUCogQOY9U6k6+/0100CCasQQ
W1UTMJAY4grCQbZHicKAdumoY6dddfTRGFzHIv6GDFZY5ujHcyyI0gdARt0BY+2v6isMLqvwIfRJ
WLDXTVQBu0XT310P0100pSLHLI8wXVjGHLqqPNGwH6WBRToTu1Z9ddwHq3BItmMyjurLNXeRFiKu
GcaEFYwirr7nRiSTr6ZdisGilO1mYqmu+IopZgDuLN0PsddSfTle028tsAlcftKYgyp3IlaJT8gx
JBUEan21laF0lAkUjeFE/clA7kW1I+j7ANCVYR7umoYn1LvdpVWXvlixD70DSaFC5jDMV9tFA0I0
A6iDUIoVUTR0Vgdio3bWRS/+RtApUH4/XTrBOiyOBE2sW9i+7UF5Io326SSuWAHxYEj2Oh9OPtgh
EdkohjjlEoJ1lKnVY9+gGrHds6Et09TmOApNFVImZasckkYkilLrsbuszKF+JIO4E66KPTboR1QB
JIZg0RY7jGUd30KxlmYDemg3D6bjIQGm1nKQwzBZGE5VGk1mj+UiQs5kDAaKq/5mJ9LKTH2nD7JJ
IYtzvPMGjMsTHSU7otsu/XcdF6HXXeZEeFUilftgxGKJJAsqSTtvDiJ2TUbkYLroSddcg9O/Cxiq
ytFbsWlFCGYpIzz9skT2n/fYdtUZWO5C+vrlWbSlJyF4ayWKFqtDbxOKhCdyssjT5GCzj0MshiKu
s1mzKV1XUk606UNDCYjPc3lSDF0snbsWrtXEUxXyl6+9OtVjk04/hYNTJYLu1qeIsqh1IkqUOScg
pLisVLxWnSrWBj4xbod1+4ly/FlL06T5ezNJ35LCvI2rB1aQ7uR8fN05SbCbIrmVkjmSzkr16SXJ
WrVoyse7MxtAF16MB7n1Tv4usLNnD2qWQjWSsluAWI7kK0vuK81ezUnha4UDRzKYpR8WBBI9X8Nn
FrJLyDxtTwv8zJQx1c4vGcx8n+OE+0gijVZO/DT4pagsyPKHEc0R+BYscdLWS3iuHc7gyWR4TdaS
rTOR4rQ5pb4VYsZBAbMePBz+BSR45Q8ZqyK7FkYn1yngmahnpXcTm7MJxdyBa/Yv4+eX7kwjST/u
5V2qoRmEiSDQlW3H+2ikVCKlYrV3it2IJZ3GSk7zvDYlgld4606QsI27W2NwgO0MWLcs4TynBVs5
gOTVnkrzIOxnON55K7DG5vC5KJWBpG3HAMlQnDRW4YkaNorEccgt4eWvDYnrX4rFTLQEKHpzQPuR
z291ivcRoZYSWHb2tpqHJCLLFKxjLGWqrNBLMqo3drhzG5jMkRYa6ex6ev5kh7nFbM7SzSJaSSxU
lnitmpWmuCEymxcrQEtrChlliaM9uTQ+uG+Q7GWvci41mfEvAM7yDka5SlytMXxzGjDeM/47ITpL
XNKTik1HH4ySrZcSY6eKOORliMTmKnWq2K2Zv53F/wCmkkjkoDkdbKPNDXmxD2BEsn8floZazrNJ
EY1ZdrGSGZPVtF/kb2WqLl+a8UjGKjsZvj1ni0NXmXJM9h56MNUUcvwZcLLmJqrwLWs28NYSaFop
1Z+Q0cvisfRwGZzmU5AMlw6FVx742ylbk3KV49Su0uPGNMJXvu1TH2a1OWGJkgI+KEcn4xyLJwcq
yGMnkr8fzXHs7SzmFvzrkop53rZGm9ypaoZnHzyyB4pA0Vl1dgWLg+POR+NcpPhvILVs9g8RX4Zk
xLzS9mkzPHuOHH3jh7WKlxWXzvEcq8dCB+3fzy0ZkVpO/HHJmchiksWKWImiXMJLFRqWqElic1zM
cZVsyTrikulYvuBEkEUksUTlJJY0b/ceV+Ez2NtHyF4e+wFYNIjtbx+YFuCXVCI5oVmWNWR9dCyu
mm1tTFNIkf7SS6sSOjO0fUkberAfX0HicOp1AI/qCQR/iCOvqe1NExZaskvcUNqGi/bjBcHSMESn
T6+/9/p43RTp8EkTbKurHt7wEkD7gFJHudRoRrqfUEVYvJuZO53I9XbuAyyvsJdkU6FdG106ew9D
7gaSyMWCmTuFE2qFXcAoA6ewHT+p9/7NNev9Pr/4f8fSghmLHQBFLHXXTrp0HX+voMvUH/8AQD7j
UH3+nT+0r11A1PQ6aE6Dr/w/2s5koELzVcfYkiUDUmQRsFAH9f8AEEH2I09W8lyyG1ZvVLn3sUc0
MzBZZrHbVKdchVWVYyWdmVtmrbjuK+oHxwjiiWgGV3YdplMTLMWRejxnadV/UWOuugGs+PqGRJqX
dlawsiwon2ksKiNANyxGWVt2g101PQNofXjiWzMJ5ZOO0XMgcyHrCmoZ9zBiG16gkaevJPzMf3dG
3Cza6DtmsysvuVXcXHyZCq++o019aap+nd3/ALiPd+j37nb3f/Dt/Tt6ab+vpZ2WUkSOy9tzNN8F
jaRt6juIrRwjTeG0JBY/pPrsWowFEE27eqCTUnaD1Xun90AaH/Addw9RrksdBYgYRBXlrJExSCw7
IzgrNH8lck9dpXTUaqfQtRYismjzfKKLRo22LvWVm2yRQ11jOnuSQAevqCGOOABhH2poAJGYoAdB
LuVXZ5B79QpUa6nr6cRRjuDVlDNLFuk7i++zuQMSIgARu1DdRp6RhHGWVNFk1ch2AcspEaqI5Nio
FYbR09tdp9NrDrHMkkUyld6hwYnT5FQroX6alWA01Ptr6JNTbIW6lNjKjREsqEsNjlz1JV9q7hp9
NWXs6SlXMg7IIj7haHZ2y8upaBxqVJOvy0GugRrFZnXuBTHIodXTdIqtGzNKS0gKkaj6/IAt0djV
SGwZCq9uMKoD6qBEFCxnWE+zpuLEEe2vp/2HVVRXaSTpHukclkYxlE1KPuVS2hGp6H0hNEsGfert
GNukm4OVYiTVQ+rfFiDrp016SbKqo6IoCqqMXjfZqY4AnTUBmYghtBoSANfUkb1pGfqC0MSkb5XZ
ZizhtDKzH2BAbTUdRqIZIqixbXG06rE7mIrGzaszKDK21urOxb6Np1WGUMSdiokk8cLCNdShjjCF
JXAIG4kHUHQ/QyahoYO7JuCx7pHkJJQwgGPbEGkB39T0K6H0R2Zm1MjRq0chBUJq7RhSssfeVgoI
UaEj+hPqWMt3U0MYmYS74pIg0kZWUKoVY5N+gAZQHUaAEAwyL9v2DPIJa8Y1EcDQzxrYeRohG7Mp
ZSATuJ3fp1X1Aojj1m6MsrVROUeKXtagyoSYEK6qHQghWH6WBiEcDyW+4yALatdou0i7ZZ98jdqA
yruO1XYNp7ahvRirROd8dmuuSeosrmt2ZDbGHrFneOoqxDSST919AyaqQRjq8Zgrw/6YTI5GxbqH
7SvNj0kglknieSOchfvS+53DDUsdSNPWY5nmq8aWL1mHivE41SVTjeFx2KUlgxo87ulnkU0MdiYK
WbSKJDrsJXkOHeR3ZKzW4EUBoHdlWxEzM4V4dkymQKoIAh13HadfLXkSGvItinnKuMtPZHbhtyU0
THWrdFSU1WK0yAEEktqGUDRfXEuW5ylYgh5fy3x1jsHXnhsfa5nHy8wkqX7ISCQLPVGQ4/YWV32d
lo4zqFkLevx8tWcGhg5Rw7I+OMvmZoO/DjuSYPB5XkuEy1SCSKAzzZ/GY8wnfJJBqBoqspb1T5Bx
ChbzHk/wVkOCc7wl3A17eRyOU4Hz3glvkHIcFj6NZLR+8txW6Nsrq3cs1hGNzzlmTnQsYA1slgBd
yVQRQSXsnyfjw4/wzk+Qh7kJs4nKz4mHFZOaF2igmjVpkXUOvp5KRrtjMzSochxZqRSxVUpZqrHe
+yhSUBh/E2pJaUgBZRNWcAkAE+gXVmT/ADBWCMen0Yq4B1/uPo7Q5Hz6HTUDQ7eo1B0HU9B6lpCC
eGzXMaWKdhoql3ftJnhigtNHI0vxOwbdQduo1I14nPbwfZjipQXcTyKLFXKNnkvDuQqy8btXtbE2
MmhxN/BX8dC9UaLLWlrytvgUDO5aq87ZLAJWugwQFt9aJSbk1u1E4enJXrQ96OR1EbLDNucOF3SH
jt6vyeK1gM5bCD+LrtPx6HFx52Wb+DrZox43leGhqOuTxn3E0zV4nng7nbLPQxnGbfIY7GZw3I6V
zCVMhYgp5uhdxUUEGLmvIz160e+zKkokqmvPtjkklAlb7e9xrk1d7PPeEixluOx32tyjNePmxLy8
sw6b7VafF8h4JOlW9EsygWt9lnkRIi0tTJ0MlSwPPuM5DHc7oZh71mjezcGbyORpY3lFcGjfwooY
7M4v+QtrO2OkuY+tdjkrmzQT7vI+LkSXj/JsPcy+X8aU5GmyaWuR8cSWpf8AGEluGnHPPncrh6k9
fFWEhinvHDx1pO924ykFhuAZHDZXH52WWpfp8zo5RJ+B5DDYunkMZJRyL17UOR4vzWvNk6UyVw4q
5KzUus8FaCWFM/jGs2MJ9/i7EjYKC1Pj8gk0VuLEXnqRVZIrVKAC1BIqhZkZZYTJHI8bGLydjbeO
xuF8r4DjnKsJZwuavnNeROM+QaWXy/Io8lJLNNkcvc43msZZo5W1fhWe2PtJ7pmtzNJP+0++NxvQ
HcXjVmbbHKWjiVpVUDcVBU/Q/wC4wFzyBnm42ea8I5Dxrhl+zaNfBZDm0IhyWH41nHMUkFVeQJBJ
FVszFIorKqpPz1HE8px+1FHHmMrjUgvWneMR41rFhsrj7MkehN+koaN9xCGSMkgaEepqrF+zAqMr
u+onNiZtz7pN0o7oboNdAFGmnX1ensXIK3aqrFZZiUKd7Wb/AKmhQFo4wNCfip19Nx+jckkia7Yj
1aQDSOuz1wI410O0Mr7W3oSCSei6GtakEc4SDUzoTKAWKyDUsq+xUldNFB10109AAAADQAdAAPoP
SceJhjn7DW5pZjppEq/BP1Bds0mo0OhKjX29R1ac6uHG5ykgkJDRxyMdSSyKrkjUAKRofY9AP6f1
9z/ef6k+tB0H+5t49gpW1E0TB/0lWGh19/p6e32GjF1WkklD7GjaJJZFlqSKpmLfcSA7V27tnx1I
6rar1WQY2nLbeKgWaOW0FkjMViWVCVZtdunsoPxOo1GUwE8U5mny6RWlI3J22t6V1SP7mJ/t2hYM
24vtHupPT149xDkF6nGMYG0ULo0kCykaKqe2/wDpqPV+irMZszdkqwRM/bgkdo9r91wjuiCInXQE
noB7n1s3x9j7fudzedO5pu073b7HZ06++mn10+XoliFk2Fo5VAPyVA86J3HKj7kkBG/oQo0119Ej
STaJHZTGyp3BvUKrdJ9w1B+I1+RB/r6WVNAAUSRnWFXRpDvWdIkkRVj1Y/Ehh8R0OvpCDI8bKySR
oGkCyMqKrE7ER/2kTUqD7N7e5TaWDq7IsMZ2kNGm5EcBdFZwwB1YAEfE7vdQskUQ39xFJWQdvcH3
berlmKkFQu1gx19tPUSbd6sNdJFG4biHZmjIOhVAQNddrE++oX12hGkhKlnCDYu0CTvFZGjDOFOu
rDQHUjrofRDEGNtx+Sx6KzIpdBog1MLxqV6a/XUaE+mVkBZgG2Aq6xK+p3yqyggxox/+Hrp9R6JY
Id7AKFC7VRAPkY9oddw11H6den0I9AmJGZG27e1CB8j3QyhFZmYNuDe5UaAf09OO1GZVYkxlNm2V
kdNrB4E2aqQNvTXcBqCPW2GLcSgLKI+qpIC+1InXVDqza6fLVR/y+lUVQURZmBWNRYFcIpYbNgKK
vvo/V0c6DXp6Mf2kaydpRIGBEev69sZAEjK4kA3MQyagDTT0z160UbpH0iVY3i6kk70QOqRbidvQ
ANr1Oo9SF2dD3pgZiGJaJGWQMjDcgVthYnQAKAPUyl9kLM0fxUfQOFUSum1d0koI11Yk6f8AMDJu
kCNJKSukbLIqmLaXWM7XVJxqoJOj+2nuvoElWeCYxtENQkarKJSJuqOJJtg+OisfjoVGmocuyMrs
WRIUTt9zt6kR1lKB5ZQuhTeQrMR9dI2YIyu5kkdR3ZVkdWXZ17pUKidB8/cnQFdPXaNV2owyFbLu
EX7q4kkQkqQMquk1WFF1k2sBJIwTaFVwYwJI1YxpXTuCN4U+6mjTYrIC6svdH/UU7hp7erdPIlrk
eKqWa89EK1eukFZqc0MMyiskcjhVk/aJG8HQ66DdjK1ZGmoNM9hFQRr9uYXSZUUbmKxpDMmgJ0Mg
2jb09Jbq9qWKxXkpWZZjMkIx7sxikeONIy0f3MgST5DRJGI1009eT8dbiWtVybXMjQ71KZoGnyt/
G5F2psN7Rzias2jP8drADQkAfjti7hd/4zmeOFuSJbZuxRcPqLyKxRTHkvBDPixkirOkerPFqw3s
T6zuQpDPRWvGec8feUctk8asS8kxvCuOcnwk3kLLcejaCYLnuN8DtXrsULL251rNC6sspHr8jfxL
57LJhOWcbxcFHx7lEM+LXN0OOR5TGcOyGAsGUXa1ivSoVVEb6xxZHDpHI02kobP4qjhxQ4pzTN8n
5RxCeCsKUWPvWvuIOZ8HUwCOskIliL1ajaGOq6wqBJ3l9Yu8ssL0xCyUFgaNlgjeTu3aMqD9+vPU
vTs5RiU2zqygBuo11APRtACdp6NoD010PT+/1ZsPDPcxtC/SazYpzVIr60bbz14x9nKzyN9zMsS9
wFo67sFYEyJrJR5Znl4vjv8ASvke4luaYRyJynjfAeR5nieEs60rJh/1TzDH08asZQM33JXfH/1F
4xzvlfFIvKd2pm8FJluM5Oa4W5XjsfBFhTgZZcTYXKQO9DGGvWsQ/u1pY0dd21VPGc7wHMRcjt8K
y+AxRp7Tk4sNXv8AM+WXMZg+U8fnE+FioXeY8nxTCtBF2b38k0rKXjsxpFgPKlFsHwPm8HIvE3ls
ZPjjZPK8J49y27Y49mc7hMdXtUchHn+EW4ob1dqkkNju1WhAdWZHymD5Tg6/J+Ly805RxapyfCcl
wFPGW874hq0bnOo+LZju5Nr08+A5DRyPG8hVlWa/RsxSRwyrZeOLx55u8U4XjN6la5tw9xexdWDB
W8LFmMnluEXYOKYqGafiPKeB8wzC0Z8jtgi/ieRtY0hhqZPs+sFzbE4O7fpUHrLyTDW5sOozkGA/
jsZzniuGxuZyNi9leXYTG5iwf4uUTWcniUuRoXjQzHDcn4vPNnPxz84ZnIeKOV5DG0bmTzfj7C+Q
+QxYXhueoVXpUbD4rEcss1pqSWK7Woczj7NVtXZY1tcf5tXvYDnGBtrZkgmxWYswZ7IY65BXGbq1
sfHbkp/zr4yreN1JI0rZKeeJ2VhIyrn+D4KjjfIXkjh2e5NznE4WtP8Aa4XyFwvH5/jX5B8YsyZD
Iz4/JcKzAx9PyFjLMcb2cWmXu043c1rBHGDmON/6x4xzXDcw7PGJ+Ry8fpYS/wAet5biPPeLSXsn
DZqw57F/fUsviPt3uMv3uIm0lLz1vXGuVYW1w3yd4bXyRisllcfVw2Uo53w15WyXHuPnH1LBFDCZ
jH8D858RpXIJq7LSx6cl4pl6qj7zGRJJkKO10FS7ZrqJJa077IZnjTdPTlnqTkoB84XeJ/dWK6H+
2KwyEQztKkUmoKu0Ozur0JIZO4uoOh0YH2P+z/pvw5UuPm+D4Ycye/BtWrVu178EOFgyEjxSCGrf
tq67xt2lOjA6A+POP81qWo81xnFYu5ydLbrPLW5RPj4JbZx1wKZLUcGSazOZJF3t3Dru6gy2cldj
pR4+tDA5icR2LVgTLG0BKJq01gEqoAG0n6g6+rtqoJPuTZRo9sdgxyzOrQhrDJOWUIyKq6AtGqHa
NRqcdFLWsyvcsRSOIoZmVEl7omLMZdRZcajaS3QEaD3bHST1nhs2YY5JGlV0diUA/Q4XQaDpt+On
t0/sjxOAaWSvDxN5Xgi3swlNgwQmRo2RYhY7LMqspJ3aDX2MFXk8W2vNXhpqrGdBHISpLNIxkDvK
sbKo6n4fEBT0x+ZpvG8V2vHN+2/cRWZdSok2rv2n66f7vG2Z40LwWhEH2r3TvOiqrahujMCOuito
f7xfrQ1lhDY6euyq5c6OJNjMmm2MFD0Y9S4+o09YjDmKzNJm+UQpankHfPcfJosiyFW750eQ7WDb
Tt2bdvtxyOIkxrhMYE1LMdv2cJAJbVjt106+uCcfgKscjnqfcgKuxcPaJGgVZFcM0SgoV6qD19/W
3Ve3p/1e5/2W/TXTd9t/0tn7WzTTd012/L05RU2K7Js0V0O8SAjfGn6gzasOnTTQg9COzAijf/02
KNuaORXhDOqKzMEHVpGBKjTUj0sUhdZS7KqyuDEQ53FHMiuddYyvvtC6DX+gcoazQx9k7mbWPehA
aQRoqFix+TAkFSdG6geg8ZfeggDQFmjMYdVY9wpLvkd0O5iSSo66r11MR2l1aJEIZf25GXVXSVS3
wnDMNCdD7jQdQF7RACs0jGUGQKADsLf/ADnTT5OCfb/lG4xB0SSQoxjaQiMqqqgbYjLsXTRgx67d
p/qPUhAgEm4qjvtkaJixYswXZs+MnwYKFPQa9SPTNGE7YkGh0jQanVhHt37nRlX6nUjRQTqR6jAi
1KIhdnQAIrCRQVDPuBXr8Bro2hIHXU7RrsXagfQL3QejgDequpDa9fiCdCOvotMymVHRTHtCK2gQ
GT9Jdf8Aq6ga9F+uo19FQU0TYIzGQypuGzUqWZtU1b33bf69OiIyx/Psx7goYJ3GVUjiVkIDbgWY
HUqNQAAOkcb6SKSFidkIcFHLKAAU6to3sSyr1669JXDMQFnEkm5GOjmJXVXCb3kjCdATp1B+ZBAn
jYd1VBaCJ42eARhAimFiE+G9j+n23dNdT6eTtNp3XBLtK6FpN5Rm36jZK6aAD5ltT11JM2gUtIY3
jRlgDoiwozTRKTuDokZCLqE1bU6jcCWniRa6lQO1E0ce3uCNGJZlkLtsYBtwIJHTQL6mEnf70fdk
QMhX7hgsELRuDGCioGRVbRdBqSfr6gh7UgmdZYlZljkeGMBnayq/DdLAsm1C+wGVAD+k+oIRtKrH
CkMGoUSQxfGVJGaUiSWPa7K7aqx10A6sywCJF3HY6l4WZNWcox12iww6A9QVB066EC3CYx2ctVVo
lJMf7GT7pnjDw9LJSdv+qQBFGPkdCoFaKNFmmrpOGiA6iSFUjilDabI4pEj2OV1J1+mnqSJYtn8l
HKtlXIVdkNeRe08XbMUa6xexYanQ6HUE5jE8i+7ST+OWhDfiOk9wi5QasrTGNx93Uj1GpRu/CpIJ
YtrxqrDQSxRq+buc46pXV0qGPH5ngXHs9j6METRL34rlaa0QCpYSws7bFRd1LGW0o5WnaSTHXcHe
qvep3qP2hhymJykdmOSObH5GoHieNgsE0bmNdw3erL+FOSXuFc/8aYLGco8XchXB181ey/BpDXw2
Jljpq8dfnNO1isXX4tzTD2ZWs2MxjDloTDas0RY5/wCLvy64JkvFnN7mDgxtLyRiy+a8f0vJWESG
vhOUY/IxpFyHimUkyMSJImRpRR2EtPj7cwkcTRcr8W8nfH3bOEz9mPG57GWIpsb/AC1KaSm2Qjnl
iH3nH+QU1Xf/ANNlKxzdCsiOwRg6bjtZdSP8NT77fb+/39vWDzmXrG7x7W5h+W0Y4KVmxmeE5vG3
MNyjjsMOVp5PFJNlcRelSvYkrPJTt9uxE0ckauvj/lfjLLZPO+OM9LQv5zO5LJWJ7EWJynK3r0uS
20sVatqDFpFefFXpVeyYMnRlMhh+4hiPAebcORaVnMQc3wvMpVspBNHzfjGbt9l5MVBFjocRYtJP
9qkcA/7g1GnWP9wBs94wscXs57iPkihgsZyqDMXZ8XTnxWErNlrnBb07RQ4ShynkmRrTUsFlJ9pi
y0cA2PFNNEZfOuJvX+Vvb5ZyLi3lDGSvaxnJeNcnpnfUyvJKU+KxtrGHyHhZTk27cdjt5b+YgnaG
Wp2zA2NiwVjnvGI/G/GfG3JMrgZK9S5zSPG53yH+LWF5jcwzvxnG0fN/BrXJuD5W7eWORLWGSvYl
+f3FfnvDcNwl7fkirwnyR5QwvBLUtjFVpM5wyEZW3jKEdqTIT5PyP4s5UHx2ZpKK3+qMBj67Xa9e
zHNNIsWMHHauL5twTF8sTMQZu7yDE4Wtkab81q+QMJVbM3L/ACzxrxrIZhY7C5qwnKOLYw30lj+6
xknds/jnz65jKXD/AMgMNd4llZVuq3DpvKWRpzZriPLeR5zF28vLW55Ty9dadSC7Rr0rNuKhNSuS
fy5lTgvkbyfhbtDyLw2pkuP+YeRY018zPDxOtj8Vi+OeW8NjshiaeZnn4xzu4uS5ZXmtZC5HXzUl
+GMAWtmO5hyziMOV5X4Ss8qxnl+DEz03sck4LdwmS4tyzmFKeDBq82S4Th+RRS/cubc0VaOvZdZk
1X1efk9Klks1d8d4/mfFasN+b+a5JzWpxiOnlaeJaS5Wkx+D5pwCswqFY8gbU/HJ6jtHdFdB5DqZ
yHK5Ov4/j5d4v8z+IM1RtxWPKXAuQcov5uv5J4VlMpTq3o874w5flbvMeJwfc24KWTxKRWIpac/2
8t2nFfozY3F3a+Mu56ldkyeMsKXgrx5+mxqUrpxGXEn3NeNoROsW5WXchHp4ZNN8bFSRqVYe6uhI
G5HXRlPsVIP+35cr0cguLms+E7UDZBzJNCkCZqCx9hkKTq1STFX7KoZHfrG8a6a7iCcVloGqR0aK
yvJIBIsVqOANJj7Rq7WDMqMYHYbZFQEdPWLy7sy46RZ/sMbMztAsfcQR3SWhASZShjjcghUbXQlt
PUMMMMbJCAVhmiHZInM6rKzbUH7j6AD9ofFdN3RlzmXuY+LtcbqUpYgqLsSS5vn1kQ149JTsAIca
/wCHy3KiKFVQFVQNAAOgAH939mYsSQQyJkOK4Kwo7+x44ZmsdxNAHjCyyIAdxVtAdNx0ArWqtNK9
qCxXdPt7KmRhC8mlgMlh0kjJdgSRqV0AA3equOswRTwQ1aSxd624jEKqquQSp0Csx6nRnA16Dr6S
aWGtvYbjslDKoZtBoA2pVf7zqx9unUp3GpLvkdSe4xVFRipO/wDRu6dNf1ew/uXT7VSY3bZvcsSs
gQaDTovX69SQdProGAQjqSVY+2ui9Cv6v69eh/26sTKHhjLsynU6u6svUBhoBHr19uvX29ZCvHAD
pD3Y1YOTGFBZmYrqdNRqvTRdNR019eO1xST9qbmmAjsmNAGeEZCGUsiR7BIZmrB2jYBdBuU9NDiI
NNOzjKEen/7FWJfY+3t7fT14l4nH+4Jb8MzwK7o8wCJNpqrgGKIIzOvueh+nTd2jp9v3+/8Aa/td
3X7jf2+x3tnY6f8ANu/u+PqNGjSSUBRI8oR4u27RPHJvbYVYdCnu7aDoOp9NH3JEOg7rvpqJCkjb
kbTQuZNpUFWbQe5II9Rqx/cd+3vZ432tqGiZnChBKDppoQCderA9T2FiBR1ikeQtNC8cyxtEzMWG
3fAFAPtorE69fTHcjFe2pYaTdtmURGQII3A2bAAS36RqNoIBQaFdn/cnTUOyupG51dTvijch9R00
I1100Cwsu5CGTuPtEhMurLGHMZYb13HVTu2nQ9PSGMGJ42jRn2AIxCoXO9QWjV2BUKVBBUkak6jW
MEoy7Q7xO46CNtSokY6JKOoH/sX3ZlT5kqyEaFSBoiqCi6/uEkqD8gR7joPWxvn/ANRXKGUgNtUh
90abRt1OpYFTqR0119PJvYMH0YhTtJOibCoWQKqRlmJYFj8uug67VJj0UId4Zt6qsjBmLFg8aJoV
1UA67fQVnOkkkgUAMCqkttXVge7sTQ67eoHToNfSSj5xlDtVWDFxqVRkRHOwB9fZgRpr/UiVQAqo
Rq7IqupdSD0jMbDezHc411AHuVBO1AYXjmmJILRybGL7QqhV3F9xZlZdranQksPTr3VYFAkLroY3
jOu9Wjbtdl49BproNpPToNLPdIZ45pR1LOzCVO00gJdRJuTRlKsSHAbUe/qwpDruEikOzaQ9sCbs
lBrNKiuOjAFdF9umosR+zrK2iLGLA1ii+S/boo2901yNRqPkdRqQQhKFa5YB45I+677pCd4UsLDT
ptQNudgxcFFOpAFpkIslhH3Gl/cEMMjdiNpC7sFh7f7m8AauSQNAABow+MksrxqVDGR3EesZlZj9
tCFDMBsH+UBQQteykaTlXqhe67gzxJNFIVJ1LRJIgdd6trtdflqDr4/5cYdKkOYXj+SmXXTt5WYi
OxYYsizJDISCf29NAQPbUTRh2MBEL+xMsTLMzPEG3BZHhgYKFbdr11LHQRyo+kbhXRO4k47Tab53
ZQjvGugB1ADa9PjqPVD8deKcXbmXPpTg+V88tS3kx+BwWKsJ93i8LHZqtZuT5i4o3zQmNBXgKHub
n0HjHyNVxPIMVSw2Oyl3OYBr1aerYz+LnzlHjOXZKtcRy3Z8VKtOYyJJrFIN3RAzYvkvjvyHC1rK
DFYDJ8WyYfGcowmYfGxLjaebryQ2oq1y1YozRQzCX7dw8aRtqrMcfneMWsNx3n/jPMnMePeT3aFs
0UzFmtDDleO8yoJX/kcp445vTZKWarNE0u1K12FGmowd+bGc04fLhufcMWnxbmvjzKTwNyPi86SX
zXxF3MVDW/nOPZmlpLxvPwm1j8ziUikpzHtyJXyGJ8cJjvH35Kcaxc9/xhylqor2PMONrwAtwzml
mzk6mPscgw9lhGrSxi7XRHCM1Z9tfIeD/O/j3knjzyRhsh/p21x7J4h6d+40F+xUe7iZ7l2pVymR
Sye3AIw0V0RrEGRzuNujHkYZKtW+1X+Setegimqm59ol4U5K5yEIVdHkgeMWIxqpTcpHrJcGy8eb
5Dwe5hEkmha3Hdu8MzeHNqCvyDhf3qpWtV54LTwPBYrrJLSuPXcuY4pB5g8fZ3KcfynOOeeLuG81
8XMqQcmyWbvcRk4pNb+2yUU9fN4XlnIeNVsbDWlyKLSkp2chCNbGutjlnB+M5WLjnPvHt/D88wdu
ktynQw1/MW4hlcTksXNbno5Lh/I+NLb0uLDfrGuXG6GcL64D5ny3FafLaXmHxB/qbnmWixl/O5Dm
1zxjmshUxHPfuZ5syIOew43JWK2fg7NFFkVchN94sE1gR8x4fzfF3/x88z8P5r41y2eoRckq8o8N
cvtTZzJeNBzXOvisXlkxOPvVsdyLj9p47H2eVgydCQhasnryLnorhxnKubcZu8py9PJYWxGnI/JH
IcpLjfyI51xLGYPtYbD5XC+R+LNmjTmgr37lHJ2HEv7EZm5LQ4BHJyrC1eH+KvNXJ8NJLFEl7jfm
HitLzDd8g+OMdn0bNVavHM1z+9wy5TpW808yYWK1HXikktU2s8AzsWY/8kPNs2PgpZrjmVr8ow2G
zdBeKnE5LxbJLyGrkp62BEWOtNhc1NlKkMW/HwSw162DavkcPynFY7P8b8g2K8OeyHDLBtDktjJ4
PNcb5PyPA2skXwUOd5ZhsrlqtmKaGNquZT7kxr3g8nk/xXzDHJnOR8F5lxngENWtQtY6fPeLs3wD
M8XsfyLRSzZXE5ebH8YmKPDJunmlIWOR41ikucP5M2Y5Nf8ADHlqv45ehcoTw8bz2Litxy+POS4e
alfyCxw+SZKUiTBJZJLFDMZKxXYiONUteabvNZ1oYq1j8TyrxrcqX8dRNW3kLuNzHHOSZanAJ8Ec
plMBQr21igWrjpY62WijE+MRW5Fd8c3rUvjPmlyxyHisBpXcOtLHWrclxuOW8XYjh7MvG7kzQrHo
yxhVGocOqxmUhjFEkKtoA3biXbGrEabtiAKCeugA+n+3+RuLyGCv37vIfEGIXGZlb9mng8QKnIJH
v1M92ZI6wq5WMxssk57YNXaCGYBsTcnxWLx3HM1br07jpYu/cSLXkkjxJpuQKaY6OaPZvDfuhgrf
HaBiI1rxwSTYztmOmiwlQAqwxCx2UZO2muiuW2tGCdddQZLEcEsylFJ7kaLIYv25kVrKIWjjIZiy
hgWJ2j/KfImUNcRb8vXpQvouvajj37dyHaV16heu0EHXQgf25cWEVmo8X41CHl7hjjd6rsqq3wWG
VxKem4ho3b6sB6xs+km554CisY4mhQSS7CsDKIirCBV13GRW3aAKdSWjlR9ojZQlidOkcYYbSY1Q
xzMd20joG/oNAI0lbXQajdIADqCNNoKIdWLfIHoNdNNPVMR3ZYRIkhV45n0kWaxChKExMik6DoEH
uSdNfUJ+6AaRkkldZZ1E4lfaJeqlGEYbUkjRiPddB6hSSQyttJLkt8iST7NqRt9v/H/bUWI+5t12
/J1I19+qMuuvp6ssG+GRSrDuSBtCNCd4YPqf7z68L+QODzvXw03L6GT5FLIWeSlUxjK8zRJFCyvP
LJKkaB9Igp1Kkj1HHqW7aIm4+52qF1Pt1Onrx3x1JDL9pVawYhqyf/TEp3CdTE0RXQlSNFYHTXTX
vdp9e1t3azb9mnb7vc27+z2flv8A1b/l7dfSS6kuWihDjVtxhUDUiMCNkZ4wSU+OhJ9uvpgQz9t2
kbuGPsrowUHeZFkZ1iHXawHyCg6g6wsZFjiEsjMddAYmBSHToCGII1YltqjX31BT/KGRVdtwikBD
rtZllO5mCLuXXaumuvTU+hq7xKoKFghkcsm5QCWDSEhSXZdGYFtNT19KsqazFdDq+5nEZ9m3oj/t
6k9NTpr7E9SQ5kksRsgd2dnVjIR8yZXlVECgAkt8hoNPb0FdURVXt+4jYKSH7sKroC2jas4b3Oum
p6fHeqablYsG1CMUnIHdMiq7P1k9umnoh1EiNG+wKj6xhi5Dyj6Bj7BRt2t7dehXazsNshKNujIc
RM8ZUAHs6DrpqRt106aksdVdSCISQ7JHqHB1YD9zYNpOqnXXXTp6JldlbVndQSsBIAd1IjB3khg2
g9zr/wAp1LrukAO7YdCVKCR1KbOhLroQd20prpo3pVJEbCIporKvakbpJuXZI25YlHU6Eg66+xCx
xbxFGVdzKf2lMgdy42OCFZQD1DbdOuobUspAXdJvj1RmRX3qDGska/GRlRDqCST06a9HcNujkR+0
BqwTVX2rE6lo/h1BYHcNddPf1bl7YhXeqLM79RH2k0KTBSoCnodyjXTU+2hk6yB41fQ1k2LJ0JQM
2xndDMqqzBemp+QBGtldzqZNUMUyLJALcKuWkaN4WkCDsgnXQqWViQOnpjF2Xkh7Mcm8v+7IsYkR
toT5aSDUsNAmpPyLDRZvkqyFldyFUozsFiZH7z6JJtJ0UBi4Gp6dF780fWMhggPb+C9HMR1kWIlS
Are6toGLAN6eNu0VjZ/tS4kjIkKMQE2kQhliB0BKEsCOmmh5BxxlEV81bYpyRmdHo5GnMlqm1Oaa
SQfcpIgc7R1DdNQCPVCzagEGcwkjYzOQWLED248vi2NW1K6RzII3DxElV1DooYfLavqS80r0mjBm
NmWEdiRTqpRpZHk1Lr/RtWVgNNRp6/IDk/EefcbzNzK8wt57DryqTOQWb2Pyn274+rNkBUuRUq1G
CVIY2AaFIIgBpoqnKZPyd44zPHWxlq/XjylKWjyDFXGrV/8Asoa8lC2hhr3si3beWQEhZonRSRJH
6x9XKcT5Jj8pfsUpsDlgbVSnNk6GRgsrRv1poVpy1wLMaPFN3GT7kTQqkzRua+cyNyLM8hxX22Py
ctqcYvJJkcOjYzIx1r0QMtpJY6deZzLpq8hXeCrA4PP17PIeDc74xjbNDifkjGLWtZ/H4+/fku3O
O2JrEGWxXK+H5C7IJrOEzEVug0oSWIV7SRWoruM8seN35bSuEWR5E8Lx2eR0b9us/cxuSzniufJH
y1wfLQyNuEmAl5eIiCwsA7YlzHIuW+S63AvOfjTFzHivkPlPE+R8A5nYt1KN2angc7JyzjfHMvzr
FRLEkbIlNsmiRxgopVHj5d418gY4Q57iufo461yCrGv2y52uZ5KUEmZarG2Rex25YnMjhRPD833w
6E3YKVqjZglq20r1WFO8uSEM6wTVpZle1WmuPC8kYRDFLODCAG2qOP8ANuT43KZ2h40s0OSZTC46
hDFyHO+MpbZwvNMXgspaWxj60+Op5V50q2onpraUM+xgzC55O8Nc34/f43fvYfk09bH1rTtjZcpW
pnK8giq5tDh56I4xkob2TjlSNZUw95Ss4MqS+cvxQyE8GY8S84t4by/4PlwlXjeek8e+d8Ll8txv
G4exyPlOWxuUrcF8kcA47kMTkaNVMgls26dQLHM7xjkCcfwD8v4XzDM37XKvCnJ7hp/+ZPGOT0p8
Ly/hFK9j6wmqc+JIuceyDJNkKGRgSZHuXY1axZ59xjmeQs3+Lcg4zyjC3ISMFLy7BZF/tbeYqinl
a9mlyuojU6uRrVkdu89t3mj7Ox/AXOuKZqTNca5d4vkwHjrmnjWvn+MS8VyXAIcqLbwpCMjVh5Fw
3HZLt5zFQ1IcY8AZhWi7y2hFyuVMVhOSU+W4Qcp43jKWCXj/ABTnYqzZDH+QcJNDHlchW49z67PB
at3oVNPIR5OxGsdeWu5s8VwfI+GUMZkaONr8Oo5QpNmMVhOVcbhPMuTSZeW1VsZSniL1fEiCFsdM
RjsdasxrG4gTt4jl0163xnE8n4vFwjyHfonJXzBnMTXbCUudXqZmgnz89HkeIpZ65UDiO9FNPVDK
sxIyk+JydfHcM8xXOJ8Oz+Us37eb47UzF6lFzrw9zqVKzijeE+c5Bl+PPcniNbHxZVLYBkjMb+Qa
UuOgW5zPjM3C+bcUyMl6vDheQVVkxeUr3ZUuQyR5jEZuo9mrJ3rEfYmVJGVzNEhwnIbj2K1jJ5Dk
GGsXYTIE5A9eOrmxj7srqayclerG94A9qW3HFIygjd/sHcpb4kDrt0Yjox6HXT+n1/tgp0681q3a
ljgrVq8TzT2J5WCRQwwxhpJZZHYBVAJJPq/5+8s8c49huR+bMdduYe3Xuy2uTLxzJxNSi4tzHA2q
gTGS4v7VbO0Orn7ldNSNRZwOYzsz1LmQuWFp0IopcbVWSy8kNzHx3YmlpWnJMjxqRGsrEjr19VHm
kzeRlqqxZprsddJ5nAEkrrWgjkG/T9O/QA6Dp09PRyGAszwSHdIP5W/GznuGUEmOZQArn4gABdOg
Hq3heDYp8XRu3GvWllt2bs01hkWPe81qSSQgIgA6+w6/228/ynheNyuZv/b/AHeRlawlmb7WutWv
ueOZNvahRQNun6Rr7eobOGrZHCz102QS1clak7SLvZIhDbazC8Su5IG0dT11AA9GKreGQp6HRZGN
ewrkNucAI6aMWPRWX/iAB6CFnjLsmobUsSoZ+jiEgMzAnUjrpp9fUAix1uWPt/8AXMekMbF2YCPu
Qo8bHUE6lQNP/CLvmFdjRFiZgzkKFLDSKBVAJHUbuv8AX0qD2VQo9vYDT6AD/c8Dx0miy5DkDyQt
oSzDH1jYeIFWVgjMylh+k7RqD/Y+NWTeuBwzggFJFVXZIu+wB/8Ak6PoCu0HrqW003/u9v7nvdru
f5tnb7vc2dzbp003adv0mqCVfkH016x7dS5iTbEyhiBqAAw0Gg6etY2MSbozEdO2yWFduqu20j9t
jtHxXQex6j1JNGYXaNTsnOup3MyqnbaRe4Gbd09l3D3Go9FdnbjXfs+JeSRAoZC2krtGI0AUEqgB
A1UHqZHkVA+5hEwdjukWQkJGh1YMFGqE/wCbr009JrGd0ciBTqVV3VI9QI2RUYpGxG4+27Qe+voq
ZJG+Z/cbR9wfcAjMoT47m+KnU/1YEnSEOIhHIWiLRArqdxnbVPgNV6hwAf8AHb6/bVouwWB17Cnc
mjAtoQVj9m1AU6ddvQj057SlikIIG4JHEOmruzqqKmuuvuenXT0IyrSknqSztu2FlVGm0icjQaDU
n+/UaauE1XUsgViY2SMR9zYdU0UsI9OuoLe56D1H8GIRSux+iohb9yPWMbO4rKpbQ/5fb1GzuxjR
dssa6skkW+RSm1oyGDaN0XqoGg+vovt3JGCFEgTRW16oXKFu0Afcg6hNAAPW1gskajaFVlJ3ru1Y
xbCxXVg2hDBl0OuoHr3YGFjE0YLsu1mRXYx6n4At067kHT3HokpFXbQ/AoWbta9sEJJ2oWjK+4Yg
kexJ3D1JKylpI2ZViZBvVyrAA7ZD22LBdCAdu4/EaaF9rbZI9ZHKMTIu8MhVXtJv2OT+gndqSNdo
AFhJIS/b3vsYrHEXjikOyRSYrDoZANSS4AUk9OplaQxtM0UbvMF0LAtJLHr3FISR20DMem3XX9JP
qCUtLoGZpuoVG0IMStGN8m9SzDVR/lGoIHWWZJe1s2zuYVGxWTtqQzodh+MiAtowK9CdANB3GmmC
hQqdt4yunZUyxu6GR/t3iIIZQR16HUD1MIgQbeo3qmiLarRROWRySYzPGp0CuDsfTr6yOex0sy1O
R6WMpRhQ9o5K+ssUssoZljr1p7cTIZC+0SM2nycMIEuXhkrMskMFbDRV/wDs4XeOSWOaVW1YxpGp
eVWViFDMBoGYZ/CeS8/isbUyZwNnKZCFaNfC4vE57AqeM5l7BSuIsbFegNSzNKXSu88RlIjYuljj
3KvKvAKOPymCsQ5JOQUcjPhr9pL5oJTv5KXFilJI1N5pVZ2kVllGhIAb1n8z4yh4NzXhHKFksInD
M7UtUc1xW/cz0eJfGXMLYMdTO8alW3iW2HcpoIVkTfXHrPYDK5V+R4LluR++xHIrsBku2LsMMdee
XKrUghRs7erRLJbkCh7NpZpmCyTOBXmr2SVMrtOFZY2hew8RVY2Kl1rR6ll+PuFB6nX0QsrCV11j
Z4Vl2xnae0mkgYlmCk6swJJbUe3qTj3I6v3lDM0ciLlDt/c0rklrHx4axWvQR2K80tXI4p3rkK6u
iy6g6qCMq3MOPzcxUZ3PZacZO1F/qidMpBn0uHD8isQXLVS5XuW47YSbuLZZJY3ZWnaT0L34/RYX
y14unr1rE2Nkk5DU8g4CDA41KtrJR4yweRfdX8vHOWylTHQWqbzUknrVoEj7aXMjyqLlOC5fwvO2
uQ8OWWvgHx9DyFNTlr5GbNcdl+7wuUwPlDGYSGtncNJbuQ2LqOyx2612SNafO+Nx4fB4inznkdDL
8k4DX5BU4nxbA8nk4tlP/LDyphsrezXIMRNx/leVkyeCtLbvy1Vu38YwFT7WRKXBOaVcNSzd7I5R
eOZ3kde9FxWTmsVfKZN/suQYyYrksDexUVG3FVtLHJXyKT21+NmSI8d87nkPiQHyFyDO0OUcP8XN
hvH+Y8LeXOIxC5nOBcj8Q1Gq5Hx1ZaqgvYazAkuPy8JezUsFi0UfkPLcfq8l5Zzfh1eDm+Wp4nHw
XKK8KtvbbmWTsVElTK07+Iz1yrIxrQS1pEmmeRo2Efdlz34/ZcUPP3hTkGH5jzDwfmwl7G+W8Riu
R4ZcRzDgmMzM9qOfmmJvNBUy2OqrBPaqKCgKlk9XvyD/ABa5Rb4VySDikafkR+E3kDF5j/Uvjfk9
i0eKctyPijmUeGHFuf8AinIW5Y7FChko6udw/wB/JUaK3JWisyCapbzUUBtY/dJj8pLRzdOKllYL
TW6dxYzD/Nx0I5aqSvH2pIp5I545oXaM81qJJLYhfJUeT8btl45Y7PDuV1IM1gmeeSSN5j/EZeiU
MSumpf2XQ+qFC1ZkunFo1WlJaEdlIaDfbSV41gmHbNrFXKUM1WQhjGy6HVQB6oclpq73OTpXn5Xa
ldpcfFyypcycd7JVZFEk9ZuT0J4L1uCUieO08zEMrRn1WoWbbw0FsyS9Q80NaWykMM9oQqQSWSCP
ft+TKg9yAPUjSv3JGdmeTcH3uzEs+4dG3E66/X1oQQf6Hp/ZGojRDGhUsobdKTI775NzMC4D7RoA
NqjprqT/AGeO7lCKGxYq8kpT/bzsqxWIIyzWoZN42sslbeCp0DDpqNfVLwDyLASeRfBVhcbV+xv2
LuOyPhvKLmpRl8fRu2t7XcfNQsPIgZp441EIBCrt9WuVeLfyc8TLBjXrV8tQ5LzPBcWvY+5YrV52
rSRZ+5jhK8U1jtHYWBcEAn0+R4tyLB8lx8cpge9gMtQzFNJ1VXML2cfPYhWUI4JUtroQf9wpKglT
qpI6qdCNR/fof954w4+p60cVl89Lru0G6aKmgHQhXIJ0I016g/Qeif6An/w9eUGMcrfxcApRsZSx
EMspFtWZG69vtF13DXXqdqn13ezJ9vru7Hdi7m3b3t/6e3t73XXb3O39fQQs8TrrIVCAuyK7iQlG
jMkSjX3Oqg9Br9THtYmU795GsapI2ghkiVljV1J3AMCwjKnoV0MsY0dt0djupt7qPFrIzS7pFdTr
t0UFR9R7jUSBIpV1eWcL24WMS7Boqx/B/gyhgB11HToQZGWGMmUqdw1AGxSxkkZVErFmDew0+XUf
QzFURZCoQf8AU2iJ33CH5frR2A0IJHy0+KkekbtvuIZ+2jodjOrKnbRV3pu0069fcdNSfRVkQl2D
rGpG8kAhySo7LSLJqu4jRgT7ddUUp1d1lc6iPRdyKEkCpD1AJGmo+TajX29FNxAQduQgkICm0EyK
X+W9X0OuvuD7+2uwMjb0fQh49rDam5lUdUOo3dTpp/cPT/ISoNh7YUBkU6PIrDTWTXa24ajoOg0P
pkEkep13sjEavoEQEIVQ7d2mn9Br76D0plG1dwBRY9yavtbuEh00k6dV9gNQNT6RSQ5LF3YGRnct
23+IUFSjKw0AG3oD/QDanb7qM41kBWXvMjSBN8hG1GUEjT299o9SPvlABUIF3IZNDpLIwaNU7Usj
Hp0BA6ak6epzoJGl2u3eRkjAjYqke5m2glNDtK/qXXT3PqRnJi3yPIsjV3ZO4gKbJFR9+3tuWUhj
/gQRpYQDuduUCEtCH3rLEQCzaqdWG07SwbUDQk6r6lQzFFhQyyFdLEsqgq+yXf2pYCwkUjRtSx12
r0BCTRu5+UfwCiLZvkEUsjvIxeMSJoSrbmXQ6a/H09aIK3aZnSAsBLsbR+5rHtLmWUafJgF0J0b6
N3GjTZHIg3xh9/cZV7bRosakiQasSoZdNNNSfUcoVnaXuSbt+6HbCsUTQwuqpI25Cy6nTfr06AKZ
I5Jo0XaX0Vn7qIrWG3IxjGxxoCCARsGg6+v4r7TutCZYMg1lWllu0LKKsYklkDARWASrp82VCNPl
r65RlcZkM/lOLz4yU5DIVZJbeV43JGe7WysZgIydX+Fl2zRWYpH7aKUlTQkPi5MnnMXncccBJg8f
ynF2bluXkONoZZ7EUF2OzPZTDPBFaQSVazCoJY3eKOITOprfkN5u8ueXKUvIL12LjfGvE78TwlWG
nj7n2TzXshyrivLL2SmnsRSAiOvTEKqSdx015nxH8BPKfmSvQ8N3avDuWck8i5fi+ZTlfPcM9iLm
2GfE4Di/GsDn+A0bz/ZxQZOhJK9iGWUbdIXF3xZ5JxcHjX8leO4WpmXxy1rkeF5XCr1bOH5jxN78
jmOKeaev3608hsfuKRLZSRXE2NsBTZ4/k2xWUWSPesT1pC7ygCMNOhcAkEkBBv00Y61lWBlIjjkM
dVNW0MW0EBg4jUxNuAGhIP16j1H3DJWeJEO+OVRJqRuVJAu4rqvVdNu1gABprrPLsfsxnVJCGDOk
kq7JdZdej7dGYbdT9QdPV3l3JZMYuJtWIYcjgc/XVcVlMtdRlx0WGngqW7eMzlztNGOxFPHYcqrI
GIl9U854b4n5UxObrTQ4vnmNk4bgbvBOdNUuTSz4fP2IebYjkefxFXKmJikU5tRPCZaN+u7hRZ4p
h+SZjB1OR4zH8R5Vx3mN63lByOlh5ZbGEyPMc5cj7GRyVBbSR1MnHHVlqR0oRLCFVp5L+L5GuHXj
Wb7tSvyKaE28lwTmdBvv+I5z73HB8tTwsuVgWG08KT60bFt68bTDT15KwH5gcUwPkTwJ50r/AOi5
PMNiCxguT+MfILcMahgOQY7k1DD8jyONmwmUx2ypkY6tios1ZprEZx9m1Cc1xfOtybhvKKsDZPj3
JHp3cVR8j+M+VPbfA8qqRWl+z5HwXyBjKkoKE2Kdlop6772icDhXmTnsHLqXCfKOW5HlOPci8V0a
eUlr5/Etaky0EFLkEdbB27lA2LKy42O2L0cSMrhIpYzLynHXOUcqxOOzFbL4vwZ+QnjPLYleY+PP
I2ToZHMcm8NcvrYnNZXJZPjXPcCDai4pzSpDLamianTyVeZY0l4xFzfwlD4n81VbBr8v5X475FDy
HwZ5fxEsUkeN5ZicI0cmR8V+Rq93Hzpk8NLMa1yJhYigqFCLMLXbU1pq1aKnA08jSNDUrjbXqxli
SleunxjQfGNAFUAAD1/j6u1JWlLyyVpqkSqpg78UgEjz6kPqa7MqbdTqSOgOvr20IP8Aj7fTQ9PR
PTqdeg0HX+gHQD0xfcznboxYkgDpoddSemgHXpp6Mvx2K6xn5Lu3MrMPhruK6Ieumn9t7Itdrxy1
LuNqRUGJ+6trfiyUslmEa6dil/Hqsh+jToPr6q5vAZCfF5aizvUv1Sqz12eNomaJmVgrGNyNdNev
qfN5qdbuWvmP7qxHXhhltzKojE0yV441ltTaau+hZ2Op1PqCw3D+XVkkCWK07cfzMKuAhmjnglNR
QwEY3qyn2GoPqKv4N/JDy94+wb5Wtk8rxGPP35MFl56wjQC/iMsLNecrXG1VZSoViCNGIPG+Q1+V
+KOYYC9VhrrV5X4zepkblqo0kdyWWSCtSgaJ5IGUtHandj8v2/0+sbHmPw1/HbLWIJIv5SzW5d5E
xYyEKKiyirB37yY6xMQzbyZ0UkaR6DQ/b5L/ANMbMZ7Iz/GlHwjzdl5oZCQdZGW34duyMFlGzYp6
j5bgfj6Sngv/AE06nFd+Xq1RV5H5Y5VkckcVMQZbYgoeNKCtchTqYV1I1GpHrH805NxTDcWmyOOx
V+KthM7LmoYZL9ZpbONvx26VC7j8jQlX5Ruh1R1J0Oo/3krRJ3ZVjdooywQSSBSUQuei720Gp6D0
eL+TeOwca4nlYJq2Hzclc0Vx2XhsN9smVkmu2BJRylf4pYQCCOQKSwV9Qbck8KVVj7psGRez2iNw
k7mu0oR7HXr6xPIagtCrieN38dDPJBIlaxBYVpwIpSzKWXtg6aDUuQdOmtywdQIKliYkDUgRQu50
Gh1Px9ecMxJ+6h5BPWSFgsM6RQvM7JD+4Vn0kbUE7QVXqdpHrX7et/0fv+z3F027f19/sb9Pt+mv
tr9N/X1HOjSGRnAkC91gFaNy6BhoqQvsJ1b5/EDaff0kgaIyaB0bYF0C7iqMZigKbvbRQD7g6a+o
pDFIpSVtJYnYSgkB3iVpCW26f8dQVB6+tO2W2xLYlBdC6s23YDubdFsEG34kAlddT11Ks4V1mETF
DGEKEsFBMhO9mLBehG4H0q2H0feWfQbukUaApIAdNFRyF2HXqB6lMESpslILAghhIFKtoQoQwPqC
x0+unX0y6lXdzvIDB412LpIyzBCwXb06gagH6+tX0O4Bd0S9yM9oHbo5aNTIxJJLafTpqNTKNhQM
VMgG75EprtJGrMiga9WJOvt6JdFkIUssgCxujhWLhS2o3sq/TQddST7epJQ20pHrGoA+UsRZ4wB3
mUFGLbRqv9fb00TyMJtVLkPGofVmMhZtG/UkepOo/wCHUFATFtbYCjKEGvdO3SRgvb6n2GgJGg11
I9PBIqxOikqxVmRotQZBqjpo4B6AbU/v9gWbcNy6IJIht3MF11CaDRwRtJ1/SB1J9SaFWDoA8j7k
1UP2tASw+YVR0B0B0Ovv6nM0aoyJ2lVQ4QBhohVVZl1l2AddAxJ0106y7GfaRvkhVtdobQRrG6Ag
BWjGoXXXqNPqLBTSRFD7jEoHdZl7CrsLbpE7MnyIOgI10B9TOHijCwgFidAdrTxNMGbSQSllVRuH
wJPTXQeo3jdQjpGHMe9IkfQp9m0Tbo60kTIFBCdVPXQ9AoraRxxb3iUyIhAicFgqhjPJOJwSR0bV
fcA9QhiaEMzd3UoIwp7mu0IkljXugoWOxi2vTqx9aFnszAyDYkwEexgBG5nCSqgiSQ9WYx66ex00
eLuJKZXkd5AdY4Zo2T/tFUDZJH8Rqd2oU6jQnrAIolVQFSdnYd+FiOxHYiMRgIRe+WHVwdCNOh0t
mBqV5Z44hDKU+bRSqhFgQWXeKxvUMJIywEg6aa+2a4zZr0cDy7j12DkmQXxv4t4pY+yE1wUFn5Ry
bIV69vD/AMjIsxWqLcTWHhbZG+0t64J4u/8AMvxli+XcOofYZXBDkePwcuXqvJbepLWp5Ow9WqJm
n2zup+5msRSGVV06+bG45iMl5N4F5q51ybyz4t5fwVY+cV8xh+X5yzkcrgsgeJJfXG8l4znr8lGe
pKkcpCRygGOZGPhf8h+d8J8zc88jcBr+PfHuHt5HxXnsTLm/G3D+CYLx7Q4bn8xh+MYinkKc3jHE
1sfJZsyTXpYC9qxK0paZ85yVYbSUc1ksUKsaGH7ua1JjaUl6CcpHEJbn30k0c42qN6EhRq/qvcas
Iww7ke5lMyEwgAdtS6SxKNdRtKk/109TOysK8LlomaMFygCg9SGEbD2G36L/AIk340k0j+27zLpr
I/YAnWKNxqok6fJh1BXTToD6wH4d/jVbino8ktYrA+YcjLclx/H+K085kqc2Mx1vkFbHZEYeIRbX
yWyMWrUMaVkJ3mJ8RgPNOZ87+aPIk/FK1HmHMcZ5Nfx9iavLHtQXrOZ8c8YwPF7UWPgpGFqCxZe9
mo5KpMrwLZ2Mn5MeEfB45KfHHiTy9yzxDUt86v4e1yTMSeOM4/FbWfyL4XAcfxEF6fJ4qwrTVqsX
eTWV40aVw13wx5iq8dqctTiXBeaxWOGcz415A4lneJeRuJYfnPEszg+XcOyeX47ncdkMJmYHElex
Iiyhl1+OvqahZSUUr9URWWd1Zql+N1kgv1j9rOyKssSCRAu94i6BxqGHD/GPJc5/qLiPB796fiy5
/FYvO5bimOysFmtlONcYzt2EZ6lw220/3i4QW0xsWTBtwRwWZJZn5nxfG2cZneBcvx5h5ZwzllOp
fwGTNaeumO5Jj8fasw2MNzzCShJKGVxlivlq+jxrO1d5o5ONcL8jWYfK9ulUxGLs/wCgshW8feb8
lwmtmbWTaVL2UoSQ3+QcEh4xHYo0Mm9+Gus0FjGZOtc2yLY/Hj8rUy/NfGVpkq+F/KH5geO8h49w
3MKmfipLLwvy9zXIVOQYbC8uhxtSzjJpaOK5dj8vLC2UwuSrWY4zHivI34/vVxHiPm1mbHXvGeQ8
s8N8ncn8Vc9hSTIZDjtXIYj+H5Xm/HeRxcsNnCZnJ4XHSTgyVpS08X7n+wg2kSBm3OD0ZCF2DZp0
ZTrqdeoI6dOqmF9UZIiVL7nWTtjuBv24hp3NSNAQAQNT7nZsTXfu7ny36bQNn6tuzpr7a6/X/YxH
K8LIgyHHsrjctVsSVY7FepkqNqO5RM0FlHhsoJ4V3K6FGI06jqfG/gn86Px88c+NfMGBxdDi9LyB
j+KYA+PuZWkirUobywSU4puPZG/IoaRJp5drse2dg9fz+E/HfxlnsdyaOfJ0M1QwuGsxStIzMJUl
QSRRM+ukew9Ag9gNDkaMPjTM4EwlmqpQnNZaUbRSL9zhZ6a154kSVXZhIzFzINFOnSTl/wCP2dfl
VCnYWw3E+VQs1gRwuHjRraxRt2JlABEyEOTtBGvqz4a554k8RePPNmPeKlHxvm/FZ0rZoVe4kGR4
7LkXuYqzQnSANKYJN4fRCCuihcR5A/Cvw2kk0Cz0uV8XwbRVDKRH37NW1E8b4qxJN2yHhdJkkC6a
7tAcdwLw3mOI8Rz9g2+XcdpZy/lsXYulZkOSgfNTzvTyrJ2ykhkXcEaOQtuG1I8dk5MZkWcxnE52
H+NvdwbQyR9x3rWNGYDWORgSenuP95YxHIcVTytC1E8MkNqJWZVkUqXgmGk1aZQdVkjZXU9QQfXM
cNNyTJJ4kzNrFfxeIstbvRZTFT14b6QwFbVaHDz0Lu+LuQro7M+qOJCq27cW9a7RRiIPIsxmmbcJ
JNSB9tHAgCpFGqIupPXXpyi8zBBVwGWmLHoBspTHqdVI/wAdQR68r5kQgz3+bZgIVD/OOpMIQJBP
PJJMneGp0UFG99ACfX3H3Q3b9v8A1Oumzdt1733m3Xp+vva/X6egpm0hBVNjSM0cpCxjVQVdGnWP
dqQw10BGpI0GpIZEfc4iMncAZyEVGkMY13jq2oJXTX31EfcMcXbjJkZiCjyKXZ2kDEIwCbQdAunv
7jUxr2jKzrAS29lLEaM08TDUq5KjXdqQ310AO5VIjmVxpvbthNzM4dCYl7idwDpo2g66dQCE2r3t
Nu5hqshVvcDYX7gj016hTp0I6+g3akdfgYiuohUkRzLKqAyJpGH12aqAAOg9KvxGiFYpFJOybSXc
WB36ExjcvvtP9T6Z9u9VUkudh0RWjY6KqanuuAddff8AqoHpVi2kJqAyliX0ABKOzKY9I9Cw/T0O
moI9MVdgxfdIdBqsWrqwYsCCEUaEgH+739MRJq0ijQ6pHIE3KwJDMA/7Y2gn3166Hr6AQiZ4WcqF
sIpiRgrRrtb4pHJvbQ67t3QA6H1DMku4GA9wEwMImZV+ZcBfnCyDVtDoCR79RJH+hdZkaMlnIYBB
IryalVGrL89Sep/r1TR1mZih1/bVomI3Eqq7t0i/LfqBrv8A6dS4DJtZUklKupUB9GBX37ckRZRt
B9j7fUS91SWYaxbFkkLsH2JGCNmgbXqHYNtC6dDqLPedNfkRudQ2yRJAxJGi9NWGpI+ajqPYW+5M
qRjdCR+rYY42Kds6r25mcptAYkroAD11tRtdgSRjL2TCFVI4lUELESzdxXesTqd4Vtu4Ek+k22IX
7E+zvRtOWewXQysilndWVYtBKug2L79CVYyTGKOzIhRpDAI2/ZSR3Y7FkjBWMkhG1J01LHQBJJLP
fRXEPZ7rJEsInRm7JZ5WOuwk7lLnqNQfUcdaeaJp9EKL2xuZoA8R2vqNVdPgWYDQkH6goRMkjpoZ
ItySsm13j2ggBQzSuSrMOi7do6qfQeKyoTuKrwR6blVUjMSvIsm2UyBWcnoQdD06+miaTZGoaSOZ
Gd3pkndWnjkdCXicBAo0LKuo0Cj1ew+MiWWHKxwy2bCNKj2OQEot3O2jCIWv5ilj2ggryyEitEjp
FoZmPqrfwGObFXSmMpxXu80WXNNJK0uYM9wCvJclzccDpM7fOOB3giWEFtws4JXwnH6HDeGcYwkF
CWTHyYtMFyCXks92lax8iTyXMlkatN7LxlZbfYZJ3dWkHqDE1oqLWxuq415cdXeexP3ZIq0MCNBI
8Vc2JtGiR9jn5EkgEYSKeKcGm892RYu08+6WaWd3tOI5E+4sGVnKj9G7aD7D1XihazGIomjSEb4H
bVzKA8G9m1rKpKb9Cd39CNGXekyurbh7pqCdJGVixQtq3uddRrqPb096g8cGRrwSRBnRZlSclkrT
PHINpkiYBgpDL7kqQB65JnvCnOMzkObZ/lMXMhgs4uAk4ZNlFu/zNuXKqmAXOVcTHfhhd2GSSZFT
bXZArOuU4/8AnD4VzfFJ8FdxPHLvlfwBJyjzFwW5lM45o4iG3xipxdOYcbyOWux2FhiYTx2FrTyw
ySVFW0/kP8lPwJuXvM3BPPmWPMfKfjvE8fu8c8leIPNWSxmVzvLcbluI8jjw2SenzLFYO7yhYQrX
K0BtyywrWSKd6ZznBaPHjY49xvk0mV5l5L8W4DA4nEcmrWHxx5Cb/NFy0F7ExUJEvY+CtZt4+WJ4
rUUTROg8HR+MsBfpfk7xLNXfHXmvmnjzlM/NPCnOuR8mzGQz/Bo/IE3NsTwKbwNy+zhLDVKVrdbw
2SiqRoYo5HM4xme5hVqJWuXZMLmMSs71eVcJ5FHJkY4cRzPjdyODIY5MocNcNG7D9xj7gqzxpYFq
tarQGhd49DPQBjesYLK1cnRndaguyxZRajzXIrJgcpBaWeKDuHthTuZqXKuNeW6uA5Dhcfj0yGA5
jUyfHs8mTQ5aKjBwrkHHoM5R5BTpY7GVhNbvthZK81qOFUkjTvesv4KbyWebeHOTTNNb8ceT4YPK
HC0RLUUsyYzCclkzGPxVazZrrKyQRxaSr3U2y/M5rw5l7fC6vGuRUbVHCSy+HOJcr5g2Uylit2MB
Y8i5Gat5IHFaNyxNcpvdymYOOtoJK9VWkJWhQqc54nzyPKYnH5qK5xHJwZUUI78M7T4zkC1JrMWH
5FjbNSVLFNpZHRNsm4q39rtNJHHKEqyxQ7g7TwWkZxJG8W+IGIbdylgwLaaaqwB//Gvqhxqy9CTF
Y2x9zSC4XDRZGKQiwCjZuHHx5ues33TkwyWHhLbSV1RCss16O3bkCzxx0680NFFZ67LWuSXJI7bz
LBbZS9dYVMiA/up7+uY5/wAe8B5nyatxevXkmo8N4VzTksMDWWZI3u5jGYPK4TFVYRCQ33t2CaWR
1EasN7JYoZGrPSuVZZYLFazE0M8MsMjxSxyRt1VkkQqR9CD/AGPEkjrHJp3IwxKOyq6q7IfjvVZG
APuAx09z6BBIIOoI6EEexB/r64/4z8n8kynP/Bkc0NVa2UllvZTjdZdyRpBM/cmsY5VlZSPk6BiS
HB0GE8o8BuVMhRydRZpEjkhVYIpo9yRMKrM20MUXep2gkkMupPq2qz49IFaQXaciGJWUh1mc/JkI
ImPspX9Ouo9VDj4ION+SsS82Z4vzbCSLTy1DORpHcpzV8nTrO21bDqzBRtZXIYAHT1l/xu8zXo5P
IPimebDZWW/Ikp5FglaaGnmcdPOskmhihXesb6HqjMRt0MlWSgUnTvyHdq7Fe27xowstKJi6M0ig
KZCdSehIjvS2kikg/wC3lFd1LyBVjHeZGJE1drO3UBdyDT+4ApFm6+bwkTnt4/Ku9gQwB5lAWUiO
5SgYLovUhH0UoPYQcZzHJ6nCOUzGCKOjnbCR4+3ZnZYxDVyXSND3HCjvCME9NSQfUc8Esc8Mqh4p
oXWSKRGGqvHIhZHVh7EHQ/7rD4Pk9qLj08eLrS4jkeQSxHhp52mNi5jb9hE21pBGiPFKd0ZIIYro
CbNrjOYpZmvSn+0sz0H7sEc4UMEEgG1tVOo0J1HX2I9eSr5YoIOI5g7x7pvqvHvDf5CgbXd/l019
ctybCdnn5VyKWU9ztukAsnqtqRtTLHDWVSBvBB06EjTfo+37jTd24+x2t/c3dn/6ftfc/wCXfpt/
y/5vSINR8FjHfrFEUKV3TMrGVYlDFirdRodDp8dVSBzGNqQklQpWIaouwSboxCHI0ddN3sSANPW3
uSvHKh0dkQSJBoo0CAP8Zto1JOg3aaAakAwttjJBCl41C6wavGST3EcyhnT5adeqnr67pmCruj02
qFLMzszyqxZ13jdoT7MoA0PQAjR2Dgq05OhPaYGNG3Bww2Nr0XVQf6HX0B3H2L2k2RLs3up/Uiqf
1MW/wHvoNQfRCqqaAh5CDvREYjtBQBKVUKxUjT29uvqNkVRLt12qw1bexAidPidXXooIHsP6alzJ
YSIbGQ6aGRABGzRyNrHHsI13dN2g/wAdZWmsxjtJqyCzGgKrKqo+4FzGjQMA2ugJ1+RHqNRk6lff
vKlrESptEmok2sJmYF9CS2g6r09vUD046+RksyId6RBVSRlZ5ZZ5RpJs0m1BbQN01UjoYJ1mhjj7
bOEVVZWIEmrBF66OFJKgAnoDprp6dLhrxkSgRhZAoEZcyDdGoKIpjbUpp7Eaa9NHSW4YWidVZE3Q
M8ak7NoBRQw+QBBIOgPRdNJB9xE57TDt6q3dRy25WsD5iHfJ1Puuh6/X1ZWGct+2zqysVeNSu6NC
C36IzqwYA/IkDTr6tRCyNpSynxcoiGWMKyAaK+5uhTbqCT1PxGlqNcoy6kCVjY2zSbtY2l/Uxbei
6Mf1jXQbiSB9zXTf3otTYZ0m1UDRnBiYLGteOxqw2b3UncOpHpQ25TdYBl2vFLIkXeUAzBgAZzoh
DbkDHrprr6Tc0uxlCuHZtmvaj72xN0kRkXaWB1Z12aghwPSo1lGMk0UrnVAkZTSZIi6HYxSIsC43
aDb7aH1XR7FgbSjRQa2HkgcxtXiCtLJLIi6HU7tpc+4OikzyWMhJCWSKEkzaCJu8JYl7Q1+TIG6q
7sp6FdobUKLbIkCyEg7pVVjXOx5t/wAYkUNrtG5kH9AfRLWTMW2tCjgKSjM6BG3xjVWkYgAEtp8d
SOg4/dykbTWpqcffjeNCslyZ/vLX3EZKiMd6diBLq2g0LEn0hggZI0ZgpZ1SJkOhO3QgoismhBPy
Yf39V7awrBDvSxqdsZ27j20B2DfI5+hB6ew6ekQxyHCYWfufbJ3IoZZo5mjgVtrpqxYsRod57Y19
R6QpE1KCPaCF7HxXuGEJpoo6OXILBifYaemauWjNdV0ijYvI2inV1j+LFSSd2vwAXd1PX1FLssKx
LEoxSJUJ+alHZQxVwff5A/0/V6mqTRM0U2/uFo0bcH6xg7tRqdNV/qdf6+rYij/6kZ3EgRSgOygB
XAZFdF6g6A7h1Og6cfwdeGetR4/m7ufxtcOsUOI5VcqtRj5fSKRa1+RYirasS1LcbRyx2SkhLMgP
ryHjatOtiMrzrjHkTxpxrORU4rN3xjw/zJj8JxXzBneFWL8VhcRzjnfB8JXp3czo9+f7WtFI7V4R
F65nhuM8Zp8cr8m5ryfnaYSlFin45JkMhe4ZSxWJiw1TBYyCCrx7jPjbA0qLur2I4azNu0mmSXD5
/FVTDPi/DPH/ABHnXs0YTZ5Bg+H1r9LF0uUV4DBDYmjqIFqyxxRzAtO6H97X1zXhHlbxpR5Vg89g
oor1S/HNdrUMffrCTKS8eyUUNe3TvY25Qs3YwzwutrI2JUUuwJsJ5jw3OOW/iz5F5BHxfgfmHheb
wmOzPjbklmqM/TwfN8vlmGFlkt4OrZnxss1AJmqSTIjxZGrPCmSPjTzLzrkStmcJjRgsv4rzPCOS
8UgzOKp5ClnM1Zzc+RmyOHu/c7o1jxcSTVh9xXszwEyx38P5C8seQLP8fSUQeQPG8mAyGAyGbsBL
E+Ju8I5FxGpyTEfwNU7ZZkuWorEzhVMe1vWRw2Z8cY7zlyCvahvRcp8pcMySctNys7/aY9uNW85y
7icFNhMBJNVnx8MjrrLvG0R53xjJ4U8X8Y4RcWnlhxLinj7iOAnoWeOTI1aaDkXHMXWzF7M45M7Y
krTC1I5lmKllhUpM3mTiN2PmfhnkMtGabKVcdBjMjx98nK1ajPl8fUSGmY7kwRJJa8aATvudFDh3
06D/ABOg/wDH0D/T2/u9OyEb413GMk75F1O5ox/mKDqw9woJ9gdPWGx3m7HclyOIvZXFwUYcDboV
omnayIxWsV7deV8lNcsSRIkQkgXYH/6jFU9Rcj8UZzgvG/DljkVPgfkfFYmDn8vNb1K+sRtNx/in
J8xmqmLzanEzR38pJipYMSLsE+kDoZB4k8geMvG93x3xPl1LKYq3XsSrkY8tlyIeRwZB8xWyuZoz
3vscmYp4e6s8MsTLKgYatXjt2Gq1ZJ4ks2UhNl68DOomnSuHiM7xRksE3LuI01GuvpxEzPEHYRu6
CNmTU7GdA8gjZlGpUM2h+p9/7GealWvxPDLC9e13Qn7ikLLHJXlhnimhfRlZWHUaMGUlTc49ByKz
b4TmktnL8YeN5LWCnYLNJyHDQLHYOTxskER++rrtdNndCFlUvEs12r/3cdeaOJ9hK1ZUSYZGtOa8
VezRKMD3gwJPxIA1AE9XNuksRgtw1ZZI9teRDJJ3CyKyQwhK+uuuxkBO71iPL/GcnBS5LSFdsjZh
gQfeKCi2YZYEA12wTq43DqT001Gu+tenq2Za9SZUiiQMrdrfIkiysN5iYofiw0HxG3T1N9tbv2Ii
qxD4yrIY9VI1hG4uiaexJBX3GmpJ7Vy7FG0coZWd4pVADAxBNrFY0kG6JUYDQjUfT0+RfLXa1qvI
bIEMtiF2JQayM7iJHk+DlmXqo2n3IBoYu8LWZ8SVJI0jXm9iexI0E7jb/pyaWT7msrD5AAldpB7e
gOsbyx9qRo0aSLcH7blQWTevRtrdNR0P+5zPMoqxfJ4KotjuIS0pWCVZF2de4PgGBCHqD7Hp65Nl
rL7lyHK7+xjG0bSNCxRiAZZYxHEfioQ7QP8AgB5bvFtoPFMjXPtqRPXkVlUHQM5UHQHTU/Ue4tWo
h+zbvXZCNB1+5sNI6MpbtRyGSf5LGx3HXToSPW3srrt7nf7suu3v69jT/wCn7mvz03btPlpr09PI
Aa0iRwh2Z9FkcHaSAx2dxm0CdSA+mnv6VZZJBGwAdml7QABj3SIszIGcs25U1bUH9R1ICTs0CGNR
YMcknb0kggEkqb23IzDTeRoW+OgGgGimSVDrtaMu07EoXZXVVWRjE8jLp0BOqdemh9aNY3MyssYE
qllJbtrGoGjuzOupYjVdT7dD6UiRXi/b+TkkMJAqRgFDp+3IocOWBAJJBIHpj3IpyBJIVdwIi23Z
LHqCrGwGB6akdfbp1Z4iJIVH7+xpAh3OqD9reFfU7ToBu1B6Aa6qIyrMEjc6MhVI22bTM0jBAvab
cNRuRhofbpYeOw6ske7aukciq6x6MA6uWOitqSCwUe56eslcS9LHHtcOzyWdqMEEvdjDvuI+QJVd
WO09dCfX8TVtPcrWJkiSzYtSmKJULwF4UUbDMV1ChGBIIBQ/L1i0ygbV1jY2HsNq67niMVj9sOsq
oum7cw0UnqAPWOsm/j4Y5oo90YskdsbYtUk76aK6MNpWNdCfqD6nuUrtVoe0EeXvybAQ4Crqyp3H
buaL0H6QAN2mmXgktuYxJtASV3WbVd6MrSbJELK/y+R2hvY9PREFyyIikgVXkZ97hWQMqDczdNNu
8huoIX29EPZmbRGb5WAd52sA/ddBuUo25Au0gf8AAerNueZmmeIMwklOugjaNonWRfhtUnTXod3+
UereLnzjQWFmWNonMiMI9IwjPHuErJpGupBBO8E7dNfUDLfhmYxtE69yKQpK790d1VG7suGKlwrP
oTr/AE9IZbP2NaGVXZmkbZp345IlR5QXAjJOrKWfUDpsGggAyEU69x9skjIAhRyixtq6/usSWYkn
VunyJPrZHcgcuj75K8kfxhjRmcGTu6yNIJunsw1ABXoQGivxSLYKvM0gTcIqzPMwjllclGQjdIQw
J6todflDNFelsiXtS1a8BEYWOA9SCDrMzja2nRSDru6AAWK0clSZI5pnau7ioGmEZ2WS+jxEgMvw
0Ic6Damm7Dw2dsgu8hxcLdppAsFea1XMySM6hJHMCkEgMDoBu6kjHzNthRVrS7pWVi8kCqkGgjlK
qsMR1f6EsP7z6STekxBUHZr29ArN8zGxZgh9huP/AOXqStAFM2SmirwJ2Qk5FkMGZld1WF3YaALq
SfqDqRRewipkLk6zWLSoZEsTTKsjBTtjDpGCdDqAdARp19LTjO1k27dqMFIB2CQ7n2CQ9vRyCoJ6
jX0leFEnbdLtkiR1aQmPe8YBVFcoBrtQnoBqd3om1WaQkRmNDCyyTO4Aj7shEoaTQsdU2lNTqQQf
RR4dr2Dr2o0WSJFiUSFZdUftN8gAOug+vp33fMl12aFQGKqdP7gFXQ9NRp7++u9owsnyLDRdH3dQ
XJIUoNNQOvrcqqNZAyqA3cChdpIVtAQWB1/uHT10ZEJJP7YCrvfoWZtdHAXTQFQdR19z6SwFc2Am
x5I2NeYqWYtseP3lkJ3FX3RsdNdD19ULEOUmaVJLFCRIvtK0ogsV45DXmtCkZqux0+XyBO7QH20z
WDfhsPJuKZ3jN3i3IeJ4+aKrLyXA35bGQyeIOQnjsQpl62RU5njmQm32MNn45CTLUu3YvWM4GvJb
+V4TwrJSr4p5RM2LXi1/j9/A4yo+PxeFsipynwP5GqtWt1MrhaN7/T0+6VMfFDW3weoqVXkjy1qa
yJRxoioOcdU7zu8cU8cNK/aSIysY+/3zFoU3kaKIq/cYywRIkkjoF3mQns2RHCCvcdQT9U0bQeq1
hZAUvCWpDbftLHHJJWiIkVFjO7X+DXTcQdxPQD4jO4KsILdDivHsnj78TwLNFkOS8urnG4DF1kKy
xPDiYLUNuQTxsInnrFFbRx61qWFqlbNyOwLjoIEhisRLDOkkSsFV4ZHbZ8m2QsdPix9T0o4CbFcy
iWN2jiMfa7pPcLuIwWWIkaMQ2o0J1Gs1S/Us0rVdgk1e1DJBNEzAModJFVl3KQR/UHUdPXQE/wBw
6n/wH+PrQ6fXUNroDoRqR/Ua+shyHA8V4/5Lp5nDLi8tWXj78jk4bghLkV/hONZSGzLf8dZbISSd
yLG3qlmreeETwSK0a7PGHhqwvJp8V4kmyYxNrlbS171anJjsZiq2Lo42tev4pMfEacshlaaxaMrs
pkESxoPU0/fgQwyQRiu7OLEwmExMkKiMxtHB2QHJZSC66A6nT+xJY2ZJI3WSN1OjI6EMrKfoysNR
6w/GrT3pcvx+NlwfasXLljLNbtTWchRWH5FXmldZo0G/WRSiABgoa2/ibyhJC+1mtf6D5U8LBzqr
GYYoxkOT0OvX0I6vhPzFbEukoWLxzzSZZNWMayfHDlWLM20H6k6fX0ki+AvM8kTmVY5IvGXNJo2a
GR4plR4sK6lo5Y2DAdQQf6eozB+O3m6USjWPb4u5qd41QfH/AOy9dTINP66+ilH8ZvN8rBGkO/xv
ymuNqqWb5WcbCuqhTqNddenv6xgi/FbzaS9qrIhbg+VgV4/uCpYTWIY4VB7bAEnT2/qNcLx7nPBM
rwPNV1q1oqOaqRRWYwakAVQ9d5xEyPKoZW2kroNT03au6r7+7Aa6e+mp+np57s0bRQhmmPeSPaqg
7iGbUMVI10UMdATp0Ppf9M8jx9y1p88c1iKPIRnaGI+2Z90gA66puGnXX/b53JTBNixVp0EYByyN
fv16qOqpqWKvKNR/TX1xvBOkcVqSqmRuxxRJCsdq8izSRlIwql1LdToNT9B68p3u4Yu9jJa4dSN4
Z61gAKhZe5qCRp1GuhIPt6rgNHIk9ZJXLozylpCGQGMOiq/bYdFAMZUe2gB+0+5P3H3Pc+33T9rs
/wDT3d7d77fjpt7Wvz/v9Sf9xLFuULpYI3v3BGG7yApHOrxAk6MWA1PXqfTD7qSYCdH3xXDL2Qg0
kWSN1jEku8r8d24BdQSOnpo5rYidWeGPtbz8ZZBuZRHqSwDEMoYgMu4AfIFEiyEkatYG0CRYwiGJ
m7ehY7I2aTQEg6hdpOvX0rQ22G0w6bGUq0jyKsMiJtVgZFjUAAnaw119yAWmSNX3HpLISqFlJBMx
2xlg7EbWLHdr8j1D6SydszIzFLD7A0aMpMYOjHYR1Yj3KjXQ6gt9wndCEqTIsDbwwKhiJGYyDcV0
2aLqfcnrE8tiBNCd0ks+1ZPjsZGCruXb3F/+LVtNddD6nmmvJI/bllASzHvHx1EsuujvEWdfl+nV
h09vWaw0WZqSWpIrcMlHvKrgypGFaNlJliiLMSXGjey6jo3qbId5Estl55YnNh7SGFine6sjSD9t
yUPQtpoQhOvrFyUsy2OQaRTRC7HEu+OGUq5H/br+7CAVYbydmo1A19VeLz8wVkmmjjKyXRL2zNYf
tCaM2WVZkUHcFG7eVXXRSTWePKU7DSV4wxWTZ3ZZFVpFeKUPr2j0bQhmk69NwJnaW2qmaIlFE0aO
ArJvcRht5Kr8gAAQre46enX7tJOyDKxklUbUjdk3o8g1DFEZTp03DqNegCvZhcQuTGFnjYEOAQAk
R1ZSv+Xofpr9DZrVh3j2JF70c2oKMFQM+5VQrIzHXpp9AfU/IKkmUpKRYPfRWdCks5ZhKjibU9G2
jTeNw1DAj0k1exkFdiVP7L7oWLJtZ1kr6yhVbbtUAu4JDAAr6i+7ygoRSOUMuUaDHoG2s69trISG
dtEK6LICG1LaKOonx9+3crzgK70NtiAxgLIutuszxPE4UsCGPTQj3GjX2zWaihRTDM0leRo1A3GP
tSTKsbRyFxIqru3qSeumnqTGZW9m0hRhEDJJH3XsJGK+k6sxWSva1J03ahj8iQTpj4H5G/frWHnR
3ou8naLozQEV2EhnhnPVwoUqdD7aAHH5elIs0TIisu0KAChPcZyA3bGhB0A6noT6p8kySrZoUM7j
VkFaZe4qWZJFXaC6bdsjAAL1boBrp6pIrhm+2ryL137fiI0iklZFUNqT7n36D26pBtLGNVeNNVYv
sAOropIESsdAwOhb66+pp7JezhcHkXr0N0e6K1k40K2LG6BGUVasyvGkhJ1kLP0BUeiUjlqhQD2N
0qpMZizAb5i+kXyOmm3TQaegDveWzsWSJhqWTXe2ravDE53ajr12gD30KduVUjpKs/V9qOyoO2k4
LBmYO2h2/X2J1Gsc1eVVszBWbtgJHLIgVpEjbVf+mQVbdtGmo6H3sWXgHe7mydZIIqzPIsYUMQG0
2BGAUltSFBP6hqsanb11kTqW92+LMNV1J0P0BHoEj2Kj9IJ9h0boSQVH/h6SOJSCBqDq7bADrt9+
nxbr0/r/AE9KFUnUsCdxCuNp6Ejdtc6dNNeg/r63PvZG7em1CpTUhQz7gGAVz1I106ketzStHLFq
yS13aOYbomjmUaBlf4sV6jTpr9PSmNlc1n/6vbLGKxEdiOx6LvG9voEPX6D1mMrWrVli5claTkVG
OSeKGTN4h5lgzuNEUscdazkKltvvUjCfcyQxyse6heSWKB2RIBCgNj92F0MbMskBsMzRovVdsbIA
S2ijX1ZMs8oG+Al4nQGQWSZA8obTcEaNtdAuscmnXX1ey5ttJTwkyZmWq8rA7K8rSaLCGjZ0TutE
x2trr/mJI9V+NZRh/p3hGEy/kDkCtrt5V5T5dAIOKcfaRe9JPXxcCyZMqD/2tNKjgfJwmRw8U1VN
1apDBYx+z+Lua3a4huRtNFG8Rk+/DqQsJiQEbVDaDjdXNYnE37sdvMceMGYrWLMGWqZ2THvSF+rI
4eDIfbNK1Yz74Zo5kXVH2yJluLDH17nIoef3fGeKkrR1YbmAxebtLk63IIKMX21qexDWxdtxtlZY
WnC9hmDj1B5M8D8+pciqTSyRJxjmx/hcj34UjlD1cvSrS1jDLC4lidk0ZJU3mI6j0K3k/wAVchxH
HrdnH07HJOO0U5JkMVLfuwwV7WOxs2X49Ry6SzK1eTfZEaNIpTeWQ+sJ+RXEMNncj43uyX+x5I8X
XUz8eKq4652beM8s8ErNZz3EqhdY0sxZzHth5pHESWJzprf5pzzMy5vP5BYY5bLRQ1oIa9aJYa1S
nTrJFVp1K8SBUjjVUUDQD/awIu5O1xydp4L2FzCjsmplYG+4wloySNHsrPkIEXuKQV11BGnriXke
vNJhuf8AHqsXG/JnH47Mci/6iw6R1PvRC9i3Xik7tZvmpTuxsrHqpHozXBRsisjmWKTHyV7KEI8k
ilP5C4Je5IQv6FI6ED6rXhipUDFGC1aMQvCUdDM0rMomK6bZH+Q1O5Rp10IDslGElEWVZollVZlk
kMRk1bf33WQnbqwHxH/xGfv4zDzl/m6rUqrIjPE/VYNrSokca6toZGYH+h19BEoYWAu8syBqUaFU
m0kBZljaFCgVNDooG1QAdunrJcg4Xk6ONuwCZ0kMED9vtxSSbpK5ibt6EjQFfgi7ju0HrIIeSRzf
b2HU6Or7ay9xmLNGQzrHL0BPXcNw016jGZC7jq8diIxpYqq9ednkiX9yJpXibdKFLAllBYnqxGvq
vnOMZrJRxmwt2B680ypAwZ5YZq1qEEGWKRiQG1C7+mgO41cfzyRcvHAiKbGRxEc16RN8vzlkjWo5
kFeu7HSTaSNNP6QxtxmnNI4ZnWM2YmAUHXSQSywKiMNGLHcOnxO4ejLa43ICFYp9tcaTulRqQiSV
kbVgQQOug11I0On8FyTF2cMbE322OjjljtXLcpJ+cqzGlFXi2+w1Zm1GnvoMryLF07ebyKU5XxlW
LZXjmshu3HHJM4kMatJ8WIRmQMDp6yOQ5nVtY2vclks2rFnumDCTqwj+3laTqlNd2ilQ506semnr
F4vjeepZ65b5LgLmX+wnWWvXxdC/XtS13HXfLZVvoDp0Go9cK5diLH3WL5JxnEZmhP8A89a/SisR
69FIKB9pBAI00I19clr1neOXJWzWLJMIG7Zh1k2MekjbRptPTVgT6o1Ud1aWKHtiQgsZJa4RBDDr
OVLlPm24gJrp76j7n7aTu7u99rsXte2u/sbte39x9dd+35e3T13hPYYaKZ5DY3S10lVlJmqSMiBP
gWLKiI3UMQQqlZ0VAyJuKAT9yDVHDIqbGRFeOVjtJ1DHdodfjpGXlLHRXsIxEaQoxKCNpGMKCNG1
A3bQDr7AEI9h1AT5fILGHk0B1XRmfRegKgBY9SP0n1G5yaoNsmoebQKNpG0agMEVfZRqvQdNdfSB
7cQsKAssiFN0cxBAZCVSLtaL1Yjp16dfSSpejj7RARksCURuFkTrpMCYS+oBLHUfX46CxZa7UO6I
wKZZY4z3IjPvRnXcpkQder7SdffT1diTN7zX1iB3nZKCYv3IzHJvDxq6ttC9B77enqxPxnKJPasV
9oZZ55pF3rMyKscUqs86SQ7toYkRqG0+vrK5zl+ct3JL1t5TUDmOsgDMEDRKdJH0OpLE/InTT29P
9vJs37SToCQykMrKSCVIYAnTTdpodR09AWchZl2tvXdKxIbczgg66jRnOn9NfUGSpzvDcrSrNFMC
SyyL+ljr+rT+h6eoqAr25vt6/YianeaONhoRvdJNHUoDqoDEHTadAzN6ZRDa7Wk4EpthZSZDqmi/
MKg2gEAhSvTboNCWrGxE4VJEleyrN3tIlaFlVFYVwqtoVce41X0DFYkkAVDumuSK/cWQNoNElATQ
aqTuKkn3Hqti+XWxWztcCO/VnaFWM5V1jaPoxeGSMDWQjQjXpuHrHWHnoBux8IxHFK/2+wxCYNGx
kMKbdD+rQAdTqNK3G+FDETcpzXdp4mzNQjt4/A1+yXtZ+1VAVZ1rwBDUhK9uxYPz1jRx6myAx+P5
RlbEckuRzXLcdjMhlrshZZO/LayNWUxV3lDEwxokcUbGNFUAaTZDG4erw7kkO6SrnOOVqOIjaZGD
zV7VOtDHRy8TP8+3YhlRhrroW0GQwPOuP42G5LE323LMBRsLSuuURq1bL4mr9w+MsEzBpJYy9YuP
8g9pbvBpa3F8DHffs3LNJcytyJGWRZ4Fxc8VOSqY9xAM4B36BVPT12LHI6Ez/wDNb4tmIqvcLCRk
lyGOyGauxosrKGIglALAEbfXc5BwHJZXGw6mXMcOH+pqoKq7JLZrVW/mK5UJoRNRjXU6aNoQDw6M
tVzt/JYpKcF6CWrK/wBvegmki7FmMSmRQHHsXj069R6pGKYSxJRi2FnUrLI4K90sf2QFjbpqoP8A
Q/0Z8Szpk85cq8excsQCvF9+JXtTxMmhJgx1WZ43XorsCFOgBw1OtEK6NLAP3It8jwxAEosvUP3Z
NAv+YEH3119RCZHjjmVzV3K21EUBN4IQBVAPRyCW/qff0sc0QMpVjFEkg7rSJu0idjsGgYn+nTXr
6WaESRBNVWHXRmI+TxyRM5DRTOOgYfEdQTqfUdDIkwTsYBDaLKsLpGxKF0d4VHc02swJ0016nX1J
MCWkm7aSaKimGZ1MkLylv1ISxOuhUH+8ehMm7WQbgjgh9ABukbpodfcHTQj/AIel2qWCgMz6apr+
o/EjXUggdPW/3b5EBm1bqNW1OnxAGvt0/p6139A30BG/6Aa6e510PXXpp6QalduyRnEeqlV9g4bd
o6E9NOpIHofLaqyqJmDhGWTVmB0BVdhVwo6Agt/Tr6c67d6xlYUWPWbbuiMciOUZBtAGh6kae/T1
bj7nYnkUWqo6yRwWldhFoF/6cEvsy9PfqPUpCKkseqyiMgo0iREDtruICEswBYBlBYN7a+pq/wC2
2soEzu+4poHEUsjDUxyNGwAJHx1I3a6euQCSX4GnWmy6o/cjON+5TL5CptEY3pHDXB6bddOp2+uQ
27dgnL4HONHka88EF2Qcx5fDjZKtuwrFkNPEcXjp14ZQJHrfdSKm5gFGcriWLF36WaOJNmkkoiSC
LHR2bLSTzKoni78kLhtXYbo9mpLEYfP3IppKwytCHP16DVllSpPVxtJK2WovCbFpYpMhDHDY0USd
sqAW+Q8xZerUydh+EZTG8dNzGXOTU8xgK2KrryCLllGxirOFtTVuL5O7HZv1fu5Y1xtt5I42MTRy
Yaxzh6PL+Y8G+2sS42lyV5uaPxS8uMkE2NoUn47SvVkSqk9e5HIneWsI564WSSReeZTD5WtBzCiK
fDZrlUVcnYtoj1qWCxhcSVLF0T4LIQPYWWE2VeuhDApFIMN+GtbL0Yvyc8x8Zq4bP5HHVBBmuCeC
Gjmiyl+K+CZKdzyHbaapFNGY3nWS66rCa6L/ALfjvzhxrEp/P8Ny/IjkJoceyXcjgqOQngvxpeiH
atfYrEltUJLqEbQAk68gtcGw1HNcG5hiIqfLuP5bJZKOrU5JDNvbk1KCjZWdVmW0m4AMAAzFdUJP
3R8Q8JoLYaQRTLDnZ4JIJJJUjsU572YqVnSSDtyt8mDAAaD3BrXfG/HPvQ8L05jhMvIsDNPYMxgj
Tmid1Z0lKOG1kXtEAAhvW+bhXG4RHOW2jh+WmRnkEQiBik5NYkZVEagSICyqdx2jp67UOK43QsFI
4pII+Kv3Y02ovbtR2s7cKuNy6Iqqduuq6hvUv/e4am5jVBNHw6hOux2Kq7Szu8q9tn26udGBIIDd
PU9TkWfe5BJCY7FfCYLH4WRd6wEQTijVFias8EbuQC6jZrqNpPqSlXq5CsqTRBkbH20Bje48T3XY
0ommiWNHVf8A4gRtIB9YnF2rccM8lpGaCRlheUuUM8qd0AxhRtA3Bk3fHUEHVYfu6IrvVkQxGQQz
h1RzWL6yKYpG0/bKqdFQn+8V44rdGOWMorxs5XewkjMgVliLFI0QsUKlWXXp161u9LQjqxwsYYYX
jj0WVNqJEI5NY0aHXqHG1TofYD1bilt08c4ilZWlftumyMo7pJo25pGkAIQklj79esdmhm0hsw5W
FKsncjlltS1wYZYqCIrmNl2/OQoE+Sjfqugxn2cUNlpa1Zv2O5Ym7f2p74lgO5o2rlDJI+4MhI9i
NBmc1Yf7LGS42TuWpZEZjkrEMskrFHSMxoZiSAAzDaQmpHxzuApZyK5WxGdhW3WqsJJ9K9pBKI0A
0SwjDczqx02kfrHriXGc7zzB0MtxPFU8an3N6rEdIa6g15EawHSRUAJ1UHcSCAQdV8IcO5Visvcl
vQtNJWvRM4cMVnmRUkJP6NFA0LhehYEa12itz2BWQRGVIkOmihi+wbmkkmct+mTaN5DMfXb7ny7f
c7u6fs+//wBH2uzr29Ouu3dp9dfW7G2vuHVVMDaiRUibYVZJIVmmih0QjahB2n2G3U7UyAkiUpGT
Cvy3JsGjGACSFdpBUgKfj7HQgRrXt2DXk7gllkk39vSukSggbki79iwdehDBRr1Cj1E0lix8AW+S
yWC0gcahowo+Z6h3JIYKR0JLKU+6n7siANM4TvGHdL8WaNhIJmJb5HQN02np1kZJbDRzPIrIkqdu
PVBEqRr2Sjb2UOAQGD6EanUG1tecMFk/ejVWlWMAndGHEkSqBENrqGCltfqCb2Klv2FWSKSN91kF
w8qsWklik2lCYNx7o0DKD8dT1e7kcpbliJeWRVsWX7G/YRKiosajtq4RwN4BBALBGYfaLlLLB+wI
YRNuTSdC5RlaURkx6quo2qyKmvTVTbpYW7NXuVrFlHiEcJWwgYSViiSTmQTLESrbdV36D3JIpTy2
1jzUp3rP+8iysYNXXfG8ymMOnx01BAB1+Rb0tJuRQ9mdu3DY1h1jbtnq6RSTCbSVT1UgH2APQlKd
PK1rm50jZO1tlR5HUKrfu7QxRtflsBA1+unpp8lmUSUsskYhcxKtWRFSN5oezJLGz2WAUMykltD1
B1OHGdVF7kYSMyRT2pFcyKuvbhjRI5FiZ9dNwGnTqu6C1yW5LYyvbVmZ5ZFkj0jEjmeKJVXeraAj
d0BPQ9AtrKcUnO2s+hx6JI4Ee8Drp7GR2O06dB7/ANBhuJeE8NfzPJbRaW9BEJosdQx8Tp3sjmbc
cMxx9SrKE/cCl92iqGJ0OHu8y81cgTkbUgljGY2jWrYiCVZIg/Z++t257MkCMVLvsbYdGAA0T/UE
vJjzHAxqXMFGu9ezHEjqYHe6Hm++DorKYjou5eq/JgcRwzmWYh4xn5phXq0M9ZfGPcun9sxQfeMk
Nlpd52xqXHc6MGLDWo9N71uC3V/bM8sqvCpCxxxKiRpOpIbczHaFCnoPrJBteeuy7FDRyFXbtrEk
jARmRIfkvVt7Nt06gaemu4ylJir0ZeVbWMaXGXNgcduUSQPGjSozKwLaMj66nqSES1Jj+Y4mB1rG
lkMbHRycsYSaWPbkaUPYn2KELPIgd2BJOp0EeK55Vm4NkZ7Ecde9kopBj3ebXRTlpK6/YyK6jYw1
T5f9TVtPSW+3JYEKJdx+RiggazXnhSZa1undAlsJL222iSORdQwZehOs83B+UryKjSfQcb5vUlzm
Nt1oIlaaBpaVjH53HSEEBTDaUNrq2q+uDr5B8H8/4HZwHMcfctcjwtnEc24KMXbx9/Fy3Z5O/heR
4ehXkmJ3Jj7IX/NIV3acYzFSWCxReGpZrSxSyTMIphueVDEdhDkFgdfZvqenrtVkikjjlUl5SO9H
DKVYJHIAiPGkb6KNv+PT2WTI5arCsREc81izFHWjWQMo7s7lYYnV+jfQjXQn29SzYHNVMvXkCoTT
mglr2JNCrCtZgb7Z2SSTqylviOvXQ+pVinTRI5Eh3zISEh2rtRo/l8e2eu5R0I0PQGJaU/76SiK0
NWVZBDoI3d20VnCodNFPsOnoSGNFbX9QLlnWMAndu+RPcOg0/p/Tp6ZV2t12lTIQofRGYOepDaMD
1+npCwUABdSran26jXQ7gf6+lYOIww1QuwDEAlgToQdCR9dOhJ9A71B+sj6GMvICVVyQ0gjZR/T3
+v8ARZF0dCVChX1RiCNyTe4LKE6MCOo1/wAGWWaV4YXRpJUh3NM8ibw0b/HU9w6NrooPUem7bobU
e7cdoBkK67HYa/H9vbqBodT9SD6kYOsyMCJ1LOh/c3sCXYBASSF19iTr1Og9TyoqM0hUqx2N3RMI
oXh6hSK6LNozaEpoQPY+s0FNeR72Jy2PSGNkWtZs3qE0cUUkiowdCixrIxGsaB9NNNfWC4Sb6VMt
Zu8UyHkHK2u1NXzb5zGckzfF0uxXUt243x0ePnmSVd3/ANdtLbQo9YnB21erk62Or1808CrJeuZe
Ksaby2EksRLYLRQ1Ziz6SP3Cy7trerfNpUx0uYHIcbj+Mfv/AGE92ikeGqw2MXecpjLUMCYmN5BI
6PumYh0Yqrcpmx3EOQ+VfKXkjk9Pl3M85k+zguNcUzS/6iw8kBy2Rs1Ld6lLg1xwSKnBY+4Z+1IV
XYxl4zyfEYnxzx2otm3esXspJaq2qcVi9lMbLR7lfHTRU5cDI4MTMkpkrSBu5IFD8q8/VWdPx58A
425yOTnFHu1Mxyjm9Snbq8W4Hj4rI2WuNS5jSvXNmN2F61WjCHVkfyD+RfmnOS5rm/PclHM6B3/j
8Dg8fBHQwHGcLXYlKeIwmMgjijRQN7h5X1kkdm/t+QJGh6Bgp10O06lW6Bup6dR/a3hLmvHqeV5X
xLm/kVJprMVeMJg83YurLG9h1IaMwXCw13Mr9Qv19fkV+CPkKrBcqcVy3LZsNE6gT2Y8JVsXMC8M
xQyr9xx7NxmRdACyAnTTQ+JsznuK4G9m7fGalLNXY6Fa0Zshiolx0tmOaSN5klmNRJGIbUMQAdBr
6mmXieBdJpZGAkqRMNJFAkdiKu4s3b0IYlSQPbqDovFsDFKYzCXSlWQIjL8jCpibRgT0JH0Go9Pc
rYHEQ2GljkWeFNku7upKFm2lS0NaSPcmhDHUA9Bp6eKvBWikWCaNJY7czPN3WdnDq0saqszAMdzM
5B0JPpp6BaCdpzI32d2xG7xSgpIgaOVEVIwWADqx2vqNCBoFgnvNOiyFRFkb0sUjkSKVCNc1ZiX1
7jbSD7aD3qWcbkMpX7NyJIJJ71hYoZVlZUlhC2GWCGAqp7hUEDXXTXpTo8g82eR0y6wxJMcDZpiC
AKqK8cTW4pNdQgGnyQDoAQB6q3uJ/kF5Zx1qnIskcOWjw+SoS7SCUnhjhrSOkm5wy7gpBA0+PpMZ
jfMaWGiQqt2XEJ9wyhYo1jRG2xwKyK2pGpBJ0016TY/NcjtZ/F3H/ey4sz0rse5I00rJFM50OmjF
1BdQdV9Rcty3NeQ2DVKjGxy5KeWGrF8JCogeVlVty9Tt1LAa+jTs5qTMWTEkKy31id40TXYU/aEW
kRb2I1fQE9dPXKK3DMxk45uQVpqk8NdxCzxvXkLNVsxoZIp4xGTu/Vp8vo2uScZLMyLbsWLSSTUI
5iszTzNKks4RRN3WYbNAWYfLqDqLEvAuW8rwqkyz64a1ncEJyhUKsjYq9XPeATVmIOgUa6dPVnN8
yrXeVW45JElu5TlD5fKmGFZijyJkrc2TAIjPx2nbqevv6kR+G35jHM0LGB4X0dUDsSC6Mg1IX5Af
I6fQ6bP9Cch127932R7e3Z3P+tu7Wu36btd3T36eohkb1mCK1LclrQ3IBG1asGVRDEtggPGDo+4j
R9wXUAg+lezdlH27llUuF6vHH9u1iLtrvBLqTKxCMyjp0Gg77CUQV0EyNLrH29snb1IjfdI23rtc
OgXRRoesUUxUFzvWNpGkQsVGvz7gXY6MehZNSnsDoDEzRQwxsrguWQTNGpjnlOxWEZQHcXjKlUGv
xH1mZXjW0EdIGRd8ZUxM8rhYtu5uwhA12bdFP9/rJy1rI/cisbT21OixoiKrBW2PoyBCys5DHVRt
BBsXrMrvNZkeRyXY/r9wNzEgadP8PSmC1PCV6qY5XXQ7t+o0PQlv/H1G9XO3E7Q2xqWDKqfL9sAj
pH8z8fb6e3T1/KyZS5/IBDEtpZ5FlWMrtKKwbUKw9x9T19/S4uDJArGZDHYJkWZe40b6Da+xfkh1
KhXIbTcBrq096hRyBYRltr2IDI6n5dwGWRNjL02gAADT29RZUYaIjtxixA9ltrmFt0SghA3wfUlt
QWHQ/wBRty+KMFuOOvGxSKTWZkVk2iVTKe0iEaKSoJ3akDQ+oszj8MftbGhtN2ZvhudxpJDYDI+1
D12qylSNu3qPWPwlXH2cjnsm8VPH4PG0LVi9ctyaLFXrUIFFlpGEYGiE666Dqp9PZwngrk+BwuUj
Narlc8+MwtdK1mWOqLF027SXK8Vau25lESyurldCwICY3BR1rfKuUWYZeZZwvFHZyVmsZuzRrqEF
6nh8Xq4iiVt8kqGUjc/xiXIwTlk2uY26u7qF7YSNO2hgQ9CSQWb+o02xKtTud5GLneutT9pdW3l5
FWV202Efo3EArr1sVszg0sxLKDHbatGmghlRA5mkiNhJoHYiN9Cx1/uB9Y7CeP8AyVDyXjmIieOh
x7yLgIOVtVoVm7sVKrnIbGN5RXr0nkUJG111hVwEQLqrVqf5DeLLvF4d5SxzLgYuch4mHcRiSS7g
palXO4WNpF/+X96sQIfdoBpQ5TxLMYbkuGycXdjyOMvwZCnZg0KBPuYXlKTqWRGViJN59ty9AtGs
I3meEOH3RkxrGq/tsCiPq8LneCjMRopIJPqaB8VDeiYSCWvMzzNIHVe4kcaBUMsS7Tt2SKdACdPl
6TF2sHk+Z+K5GnX/AE3JC0HIOMRAayS8Yu3Xj/kaoQMy0bDRqny7UsX6Dj8jxK9Hl61zQ5GvNFJX
t0rUhBejlKk3/f0rsMZAZJYw23QqWDbjcq2ePxCCaNomsytHbMszp2miZAkUojBOnbVUBCDVz6P8
BiLXLvG0NqS1Lgqs0YymAaVonsyYSGzOEtY1OkktMsrA9Yjr8Dlsb4m8icCx3M60xwuQi5PkqZyn
DLE0cU9hbnDJrONzhy0MFqKaGtYEYkWRXO5CQYOReRcVkfMmUsiaPK8y8rEcmNmDKwRR3anHeN5C
BeL8LxDkftx4nH1XCBQ0j7QTk+VeFYMp475NnGkt5CpgrM0XHsrdjLdybI4H7n+Jk7zNt3LFHKoG
gcAL6r07MGKh7AgiknjuALYjYtCoMfQwojlmKfLt+3uQSwy8glslxYsSRoEjSVpNvbhhlDBk2RkB
SQ2mvt7emrsFEUh1QSANtcsNdpI10I1I9tBr/d6KgL0bUDaNupG3foT/AJAOmoJP/D0SdSGYjeyA
DUdAF267hqdAeuvp1b56kDZrpr/cG9lOv1+unQemfuqwUBz10mI6BmDDVEUHQkn6a+3v6OkaRSk/
twDX/wCnQtuQp+g7A2vudNeo1JHphXRFSQyWGZy4auEVSsI1JC/uHRV6e2nT39SyIwKkB3UF0AYM
pkUfJzoAA2pBXpoep9Np33bezqGkMgb4/tI41Oq7F2akHQDX311eEqgEzyNM7O0qmvLKAUiKEPER
uVQ20gf0Hr7vMSSwYvG18nYdqgErzrCxjj7UJKmea3CGjQHczPMNupcn1K2WD1BXGFkzld5xMLC4
C/yrG46xCsy/GGtxx4a/aIKnsSKhKsALFyjXe5ZwlGwcjWSITSNYq2vt8bRkurNX6zGDdE5bpDBK
+47SjZ+XlOSzOGpYvg+HznFcLyzEwXcZmsjlZhbkxxs/bpj8rZmp4SvHZFG3BYuVWWeEGQTFeJYT
xbx7i9jm1OTJRUDjsjWxuNvVapxzQw0EycV3Jy1ctLgZL8NVMs6n72UQVYikhNmLzjFkvF2Q4ngq
WV5A/JJK9HB4+5Raw8OVnzL11oZLGU6lVii95N8bEMFOpGL8BeHZMfhfxk8PZe19geNTW48X5Q5f
XH2c3K3M3bltcYx/bb+KilDBnlksktviKf2rt110+Wun6tT+nT6aaf8AH/Y8g8My8bScY5nirmXF
gdxxSFKqrZmMxgiM/cU6y7CeqsTpqT05v+a2HozNRz/NrqW60kXatWuNyUK/H7VlK/3FkRTvWqCd
I+4ddAPiSQMF418h37mMzWI5JyadP9QvNHIMTazU8uOljsVolpRtPQZG7KSHadyn6H1UQc8459xK
iyStFn8dIvdkUF9//cnU67gOjE7dQG19V+3z3Dx98KQ339VlJYR6Kukwk3M0qkaqPj/f7KtPyTgt
zKGYNfrrsDfoLBnUqCfq23/D6ev+08hcfkBWMgDIVd7NIiuIxH3d2/5DodD1GoA9bY+dYNn/AMyr
dgcr9ATskboSCB/Ug6ex9N//AN1gC6Dc0a5Cu0mnUjQbxqCik6jp0P8AQ+o4Iuc4APKxUb8jVXay
nayuDJuVg2o0I16eltYnK4/JVn12zUrkFmMkAEjdFIwDAHqD1Hrv5PJUMdD7d69cr1Iteo07liSN
Pcf19Rz15Y54ZVV45oXWSKRGAKukiEqysDqCDof7SSQABqSToAB7kk/Qemr5h60kRBASWRCCRqVK
gkqHDD/H13Xr4qWRu9OsUUUDkrvMcZnjX4yqokI66Ekan+/K3xjcdAf4yyRKI42MSQKZCdxB0fRy
hZY2JJJP00zvFpuX8ep2qn3Mz0EuxzZOOeWTsxK1SFpJ4Vnibc67QoYfJiC3pnXkmIqkWJVVp0mo
qq6xJGYlMUWqSDQKyBCvsQ3Un+U/1Zxb7b7rt6fzeO17m/t+2vc12/5v0/XTT5+qtfG1+zMlWP7W
VhFJ24hWg2xzMhYdyFizBWAbTbr/AMwZxSKuDMkUaqNHjHdMoEccbo+5AJPl8hLqdNQx9L3YYyuw
NApR2mlMZhjUzLr23GupJ1aTY+nQ9A4MGogI11HclLQGPSNBoQoIgZtCG0IXQaa6SSDGtKA1twoC
szwLGTHG9dv1SRuSWCrozMAOg6WYo8Rd7Q7YRYgkBlKJKzLF9wpjijZG99G1DEagj1agmxN+MSRD
7jsRWJWCkOp/QZW/cIJBXXUge5Kn1ZxWUxl6tZglMYSWrMhcMdYyhKBX3oQfjqOunr7fH0bVybQt
24IZJG0X9R0VT7ekZcBkSJI+6D2GAC6hfmToI3JYaKdGOuoBHp4blOeCSNO44aNtFTUDeSAQF1Yd
f7x/Uf2alWA011IOmmu3X/Dd0/x9BUVmY66BQSTtBZug/oo1P9B6EFarYsTkkCGCGSWUlQWYBEVm
Oign29h6eKxBNBJG5R0ljeNlce6srqCCNfb1h/yO8t4g3fInkCm1rh+MvVYTHw7iEyf9pJCk691c
/wAgLrLM2qmOBo4QAe6zx06+BhmZTIEe7We7RijZkRd0GqrYkYuAqDRdAx012hf5fir8k4vfgsPZ
kv8AHb13CWa6O/dRq0mMtidY1nhDKmzbvfQ7Qh9UFq864fznG42oyLR8mcGiu37UXVolbkHDb3Ec
3JOybdssssjHVWKuQQ==UtH5d8HZPGCu0NQ8h8bZxOXYkpYCGWzLx3OwcfztYw7d2yB8mykbQWI1
JfgvMMJkbsj6SYO2Z8VylGMrErPx3L1qGdrssejK5rvB10DHcPUUsWO+4hTegjshNJ5AQLDyJEqr
FMFjDxsdQG9WMdBh2toyOs0DusDQRugmZ/u69aWQrDGABEi+7hVbe3W5zbwRnLPBntTSyZLD06Nj
K8e5R9mZJWbOcRsC5jCsDhleewyWUB+Lx9R6w/AfNPEq3DOV5J0xuM5PSnexw3ld+ZWjjqR153tW
+NZSZwe1DNLZhd2ASfee2HtzUYLlO4Yo2sWIPuZ0grxyMgVe2kS9/eod0UMqoNCNdTJH9speOMyQ
TEiUyVToYI1ErWA/2yoV3B2YABRoevrB52rFYpcU5jkoeN8iqR6RR/yM5lXAZNl6SCeHKEV2LFhs
te+mgFa4ZA/dgnG9kj+M4QiOQqkneILkAB+oHXXT1PGKsCoscjoYo32aOSd3dbc24qSerEfXTpoc
L5O5FxzFScO5zZxPjjydZuUa8EeEgnyMkfA/Ik08sfbrS8Q5DfNK7aZSEw2TsyOwFZAsXHnZpsbs
+1hVmVvtvt5DEaom3fNo9BqynaQOh9BUj3CIIqyOjELqUCjVmDMwVjqTroD/AI+lTbXi3dxQgUJq
wj3auWVo9Y06E9Br9PW9m7Oodw8jKq6R9NdV1EYAbXRev+Ht6V0LqFcyKxA1BDDTRDoFGpA/uB6+
gS6HYVDEkhV1APsTt36E6/0/x9BgzBCOugGixnQHRffUnqf8eh9EmZRH3AUVSzLIQvXd21LqDrp8
gND/AI+tFZkj1V2beCVjU6EqFEm5gzgHXQkf0IHqWUTmVZZO53WbXaEVFICq3Rg4109yR7dR6clx
o7FXYBAxGzVF3EBz8dNfbQ+pT3GIlUlkTaSY2OjLoQAA6j/2emiZmk3fAvoD2wyqFVRqAf8ANqf/
AIf7/VmFW+coPZldFZgw/dZtSGk0I/8AE6EHpr6s5maPaaoSOOKWRdDJN3JZZCAN26PHUZ22gON7
bQNxB9VoZ61a41/HZDjN15gamTOZxmanyuPyasypBNNZyN2sjxFHj+2Z0fXUssNPGfbS8jgnxs80
eUSjTw2VxtTLR22kxuQtR2SjWMVFDNHZkWOSoxcOJIZnkj8WeRfHVWeticzhGw+cxa0ZckMBai4f
XaGlyLBY+xHeevjcplo5hNX2SOSjHcUEj4fn/CpamL5Hxu0ZszluMtSsVMmuFwWVcca5TxbJVbtT
L4nNXar4/wC7q/Z36V3IQTiKNO6xzXjnxddnrcEw8YwHLeSUMnLZfyDaw1izBLBjbcdhjNwsOdyo
XlF1wJAREFDf2FwrbAVUtodoZgSFLewZgpIH9x9Ega7Rqf7hqBr/AOJ/2eI5MLLGMhyGjjFrGKQN
bq35FryggxtHLVtRyPGykHcPoQfXIuJrsAozVp1hjHxrDIVILwrL9NIO/tH9AAPT8145W+8r/wAn
fx8daMaSn+OhikmkYuVUrNJLsQjUb1IP1KgZ3DW6Y1fbMgLRhVVm3F10KqwR9Dpodh0JA9KaHJM/
RMfRDTzGRrbOpOi9mwm3qT6BxvlbyJSIKMDX5jyCM6oSy9Rf/qev/N9dfSrj/PflCqFTYoTlmTO1
ddeheZiGB9j7j6H0gh/I7yf+2uxO7nTOUGgB0M8Mh1O0En6nqdT6WKT8jPImisWDJkKsbksFDFmj
pr3CwQa7tTr6VU/I/wAlqFdpB/8AdYCRKxJaTcahYyHX31106ew9ClH+W3n6jT2FBBi/JPJcREVJ
frpjL1TVvmfl7/39B6ZuRfkf52zm/TcMr5a57eQ6BFGkdnPSIOiL7DroPVPwv+Wuf5n5G4VhFePj
Wfzi5fk+fixhRWo0pMlYe3kZTWDbA8u4NEE1YHUmeOtey/HddBTfKYHLRsZQp1E7Cu0caHQHUkqG
OnyA19JhOCjM5+xZWRKy43C5C2WAYhLD/aVnh2aEELv1fQ6fEakWstJNjbHR5Klo7XWN4B2oCk8c
X7zvoGG/QH22/LWSPG8qxUhKstuT+QiWSpJXDxGSSN5gUbuxtvYEqNNNQoYesfWt8rq247V+Csrx
3EEkk7P2TXfQbTITJooUgOv6fbT1b5T4u47VtNNx+3Okdq7NDM0MlYWYYo9tOU9sQqWfqGUfHcPf
15Pv+Y+P5TjnM8lybJT2qWTiYFoIrD14JKtjtolqvtj6MNSD0Ylgf7ahtROWICWEmX9x5Iq6sqBN
rDWVt+8gyMo1BO4kBe5JTfuIsylHSQWu40bzqZW3kNC7AkKqtIF/TowPoJHNG0ySlervKZSVVJpI
T+1KgEs2w6kKD9VAIEYijiWIGOuSu3Y8hihf7gP3gC6SOuoQaBgNWJCkbFr0QGOzcVd9oVEBWAKF
0QTbJGG1kAbTboDqnbrRbSjzTIK5QMspleOtEm6Qzos7DdqwUd06AFfU0cFKrIopIZY9Imj2wsVh
k7ibkUawqSSdPl7akANZp4EN25XsMqVJZ4kSMhRJsd4X13kAs3+cr+k9Sll+PhJpmTSPs7VWaJez
v7jOWTUENqfkqtqevuZJcBDJ2yveM9aHf2iRG/eh1MnaMKghIwG1PUHoBfRMPWkr31SKFq9WRZEl
3MYdheMpGzJEuo0U/pB126+mrz4UBshK8iO6O8UMRLMscMw7rpMoO3TaCCPr+n1dpV8IgjYyl5Io
CbLzKu6aV9Ak0K9yMMWVtVf3Omo9ExYTSRXd5WEU8cjqdrkbnG6NZIlH7XVwentu0m+zxNaOUbI4
5I45ImAP2yuSSFMYdySWcFQ4HX6jxvxufEIqX+TY/wC6rSPumvR1LSWss0+xWZq8VWMmTczAdxE1
BZQcbhakNdUxdClToiGvEqU1pIojrFkG2JAAp2ldQdfQMzVYysMMTBxsMXQjcO8NpRpn6a6n201I
1ETM0ZkE+qoghiZn2yJEzakKzBZSNDrq7anU9QFirrER3Ye/HHpMxlkO0syAE6AgAE9emn90dZoB
ZMk6IAY2IsSnTtVW12qYzI4bTogH6tT7JTv4KI3KexsdcrQCtJiXTYO5Rlp6T1JoXA1kgKSBwCW9
vVbxF5av28jicjN9n4955eIW9LIsUv2/GOU3GQizllRW+zuOqvZ07cus2xpKa0fs5ZElVpuncR5h
Gu+eR4lUFYnBAKsfkzanp6tTTY6o8Qk0ad4xLE11UmPZhuO0zvUKSDqoSNCSSNehzoagFhSZzVsJ
ExeCeq4Mdio5ZNort1SSPqf1A6jQ8eOUmklzuL34PkPxXuPk8JJJRs3tpDsiTyQCUHoSkhJGpGsr
CHdLteGSJtykxhR2YhvTtsxUgHQjQjXp10zkONjWDIpUefE73dZly9MtbxjbAO8CuQgj/Ts02n1x
fkFC4qY/kGBw2USPWNbFa5eoRz2KZSMmNZsbYkkhbUIVkjZWA09M8zb9Vbor6KACyqjEB9zlep1P
066Ekeszj8tj4b1HJ1beOt07Ef7dqnfryVbMLyOxIglhDg6dQCCCCOmW8T8u5NXteQ/DGYr8ayVv
I2GfM8k4xaqQ2uB8zsNafuWrOd46Y4bUvVZ8pQuAHcp0MP3FB7EEbJLTSWKWZ4Ztulj4vKY9x/UA
v1b30Y+mdphY2SAVkH7LFjKUWMurOY+g6l9Cw6j29CWfb24leMQIyGPty7pP3JHDbgVYEAsSNv09
gsDWHQsW0YuWCB13bZOvyPVdCw0O7+unqSSVRYjEiMJYmB3aEjRyFPxJXoRqCNBqPSNFLoJU7IYO
NVDsSNSGBGuv01B/8PULSEFEdlVWKbiujd0P0J6fT6j+vQemZZGEpnJ2NEEVYht3bYdERSH+W7TQ
dD7en0cIoHUR6Kp011CgFtu766dNfUu5xsJYOvvqrMWGmhP6tPf3GvplL6KWKgaasqMpDKNBoRov
XX21Pp5DE0rqskY0DsiIkegdUU9XZzoG1HTXX2HpZzqbTqa8UBdkLOxjAkdyUSQsjISxBXToB09R
0gSwFmSSvDNIKlXI5WKqIY4bc3ddExuFqWu5ZlKlYl99DqDj4zVinyXKqNqXEWL8ssk9OtARLJy6
3QDMmO/1jDmFmhhd4pK9dY+6O6NPUt3E2oTYz+Wr4WJ86ZrFRf429dWbJ4WzKJppdcTbZUhHbsQh
lVAw0KSeOvJXkLBYjIVcNj8vwteQcWz8nH+VV8Gs9SPF5XknClz1zjfJrNVa71fusNLj7PT7i/Ud
pJWgznh3h3MfH+Gfhmbfnd9p4czT8h8my/HWxnF2yGOOQrQ4XivfysbZK7rduXljSCJHiWLZNaLB
JbEksr9lREoacsZVRIwqJG28jaOgXp7eo7b0MfkkSOaNqOShlmpSrPBJAS6wz150kj7m9HSRHSRQ
QenqJpYpYlniE0BkjdBNCXeMSxFgBJEZI2XcNRqpHuD6yjzZWSpfrzY6Wli2gsSwZdHexDadJ4QY
alrHJIrqJhtkjeQKysoV3MTbTJFJC/xVtY5VKSL8gdNynTUdR9P9iSOytmd1rdnH7LCxx1pTaSZj
JG8MxmgMbzftoYz3JA+7QFWqRV9Yr+NzUWWq3F2dyGeskaxaOBucxywqy7iyrp8QNTrleV5qRmyG
YmhaXfI8wjSCvDUgjDldxWOGFfZRqdTp19ZXxhcjrRXOM2EwuZq30WCxFmI6LWM4kUEwa1E8FiRo
3WRmlB1DEsTpLNKcO9SOCwOr7T3xu+C9l5UkUdsgKr7tAVA1LH1flSSrHEyTrTgSZqrtNDXV421s
aIsMhsE7jtZpFI6e3pim0AfLTcdACR0Xd8jt1/qenqK5llknk7kqdiOWNS0izokY0exHGqiFyXLg
gfHpodfVSA4+Gak0EdmeaYp3CWitGVV3ESSLPK3xO3aoIRdNoYxUalV6dedTFE9a12ljkkfVBGsi
LqIawLlT3W69Qo2j1YZ4BJOZGStLb3TrYjJMayRTCcMyvGSQdP2yTuB6esjPUxmNgsQQbxNKkEUc
bClNLEUjbtojQDooB3FgCCwI2vRttXurQleaGJ5EevGIj8HsqjusjGQaBWITboxb/KcYlGVHyUe2
KZIX3MjSL+61hGKBBI8fxAMjEAseh6cL4Zhq33M/J+S4nj9KMK8jG3k7sVQWAI9SFoiTuNqD/lGn
yHrhXFsb454vm+dWMBjLPKuWZjCY+9kreXmrRyzyxyWarNCySMRr0Ov9OgC+Uq+BxuGsyIWltU6t
OrI4SCcL2YIUiErwldfioYAajdoR6zNa9JT7lmk9qgtuBZnmmnnsKJJKdhiZEMqKzMqjR3JYfrb1
4GxTYgCxLzvEjJxxVY6v3NOIMFWdKYWCedROp3mIPoWG4j1xTg2FweNix9bj2PgsqlWNRO0lOPun
5IHUNvPT+pPriEnEakFS7dp5C9kFij27YrUkOkIICptSbU/EE/LRj7a3Y4mMVWrXlZmBBfXRUEoR
dZAsTNrroeq6adfX+htr7dn3P3Gxe/8Ab+3b7e7t9/f8dd2zT5e3qnGsjxtUaBXCpIJIyf0EOYNs
cTu2is2m5DqNW6elLP32R3Mfbd42fuIA5BjmSMuy9V3f5yQdQdPShHhk3NAVaJ00T4zGNjsad1kj
cLuJVeuu7U6n0YHiWUIsaxqm77iJZSYtkYl70ZWMyKxUyldOv6dNY0JkmKa7JSYo+wX2EJErskUm
vbB6MAfkR0JJhTVdyRpqX/UxfcsiyyHexrmTooGvTUexOswnmhZIu6hclXEUTGQV1WPSw4BEY3DQ
qTt9vp9wi7I+44E2sjNdRjG0isYe0iKBGQhdR8CSf09I/wBtXaNJmLGoiqW7sLSpCOkkb7CGQsqD
X206FWdYUjlsMZXVWqywsJllCyRssSl3CNoFKsGXqp/T6VvtKZcfKGAwwLG1qNwO6IwNrwxup1+R
Gih+m0auv2sMMgdJF+CssiLFHMoMcZBaDuMRqU3MPdSDoFhFCnJDI8u9f/p1qyoi/sMVOrswkYFV
LlfcluvppBXrszQLLIE0ZbIjLKBLK/zi7Z1YgH2KEjXXXKZrJstGjjK09+9cQRxrUq10+5Uqzl5E
EVdj7li7arod6j1a8u8koSUYGkarw/G3I27mN4/JKTFJa0ZlOSs6rJbdCNJpNoJWNR6h7USixHEI
5IiSFlhRYO1ONoWRUj2B93VSrdR0J9HMzUFkxDKgvXabR5GvjtTIY576RDdBCRGSdw01BGuvT1Xl
E9awCnchmrzitDMkrBXlhZCFIQkEg6FNupGmhK1XswQ7EieF5JUVBNEvciZwNjqS+oB0Y9CDoACc
ZkMZKYp6z7w0cketgb4miYL1ZwdAyHprqdANfUd+GvFLas1zvkY9t1laMiQOD+hW006D2I6adPWZ
wmQoukiq6meudl+pPEY7FLI4qzGQKNmtZXuwvG5aKdVcHX1N4o8iWXblfH6UFGfJGIV6vKsdNIa2
B5nTQyzQyRZeIPFkEUKa+ThsR6bO0zlpHQxxKJwdxfuQiECXagjlaMwkddui/wDj1ydUohZhPHDI
Qp7hk1Zf25EHVVGnQanoP7/XkXx5kYe0l6SDk1BGkjMSPI74jKoCVQGN2rVW0JJ/c1Guo1eVogV7
fz2FQW1jYEpqWk6addwGnt7663XmjErxAzxNErSkpXZkGu0hovmdAoGnReh9eePwr5XbGJ5DxjKz
+XvEMTzdl+R+JvJssnJrgxUYI3XOCc4v5LGzRBAkdP7ZgTpKUj3yxhICYTNAI9O+qfF9XK9uPpqS
QpLEA/19X3hb7dkkkSu8yAu5UOqOYnf4JN2/82pYjToenrEflJBBknw3AK78R86VsLBeEl7w5lMh
FaTl9WjSRZLWV8S5t1ywjCvM2KsZJEJZo1ON5VxnyZyDIVcjHBdx/wDH0cxeJfVJ1keCDHGSSF1J
0Z1VpEAB0019RSZenkc1VJi2S3eP5qOw1WN3EkOyWuHUWI1V4nOh0OvQ6a2reb4fzKlTqTQizlF4
pnrdOv3u0yGS0mMkhgBNpF0MhJLLprrr6klfmiLtQxNTmxGTOVjlC7pVShWotbBYrpoyN1B/w9VO
O8C8d+UeXVslN2b2cp8e/jcbiYBI6Gy0+RsY+y+1wCESEsV66AennqmZUd97VZo+2YXC71Xbs/a1
KdQegbXp09KLCGKSQo8h+Y6r0MoJ1A+o9h1/w6hHJZihYuEXcuo0K6bmJ2hRpp79R7epGPRZAqgM
CgJ+PUod2wEdffQgafX1IidDICC/Usevw2qT8n9+vpwmm8hdu86BBpJulPXb1CnoSQPr6cspZCrx
qU6PJtGxTGumxQQDr76nqenqxK5jaaEPXSJiydvtpMo+6kZWRq0QKsXX5hNQOoGs/HMNDL9vhMLZ
/kL0jKa0Et2a1pM679Wmz9lHCVtdksTo8p7aOTyCTJXbP8W8Gcp4Sz27Mcdi9UwlPG0Ktlzv7cN/
IxpsQggoNgTRBry7OWfvZOLeKMPZzGWq7bBguZCpVLTRyiFD278cqmaC07J2JEKtIjHUZjkmSsW7
FrI3p5mexdltxdkER1UrrLHH2IYK6LGiqAoRR0B117kE7KSvbZHCzQyR7g3amrzLJBPFuAOx1ZdR
rp6xr/xOVx9mxXqz23tNBNVuRvNYlkt4ypNj6xjp2IOx2h3ZNCkmrlXUJL3DYVO2BAY1Qnu6oC0q
s/WPTd0B1J09vUWatXK89GDZicbXVjUSpUiktSR18ZiZX0qY/v8AdlZK4MMUsrFgrONfQ7MCQ7IE
3okjlWMEKiWf9+R27kxQuyg6biQoC6KB3FispFJ81VyYplB6hZF0IDD2P09fydiKKahDbERqS207
zko0sSzxQhLT1TtCu6KmpOgKn22wF2jAA3uArO2g3NtBO1SfYakgfX1FYhbZNBLHNC+1XCyxOHRi
jqyNoyg6EEH6j1LdYM6d9Umm0OgnnEkqBzoBulETkf8A7J9Urmjn7S1XsgRtGkhMEqSgI0sU8Stq
nQsjr/VSOnq9kLWQuz3clZsW79qWzK9i5ZtS9+xPZlLb5pZ5vkzNqWbqfQ+5sz2NpJHeleXQn3I3
sdNdOv8Abuo3J6p3BtYnKnUFT7j2B2jUfX6+pZIORZEPM7yOXnLrvd1kYiJ9YlBZf0hduhI06nVJ
7efvtMhl0kjl7DlZipkR2hEbOrFdOuui9BoOnqLHZS8bdHdGBblWR54EjRkRlWLRpJI2Kka/qG4F
hrqP4fG3N1u/HWMRZofuI4ZonhmnAEhd4mXXQlP1HqNGPrMW59O2FiieRzABJ3GV9hZo2sd4soCk
Ovvr1I9BFVQsM7V0kLKzFNiyxPGoeSaSN4nJBWMN0GuvT14ozOSq1pI+O8hwk4nm3SxLNJdO5y8j
JE1hiyyn2CM4X2XT1T7enb+1r7NNdNnaTbpr102+mwnK+3bx+KqWauOotGFrutuMsRMV3PLJ3evu
B7DTp6TkeG4/QhtRRTIZPs4N7RGSZJIkKooiDK5PwcENqSddNfx8zdfFVsViF59USSKGCwkC2Jpf
gJhbsTT2JJkpMC+pVFY7QxDesX29O3/HUtm3Xbs+2i26aknTb6uwTTu0WBw3YSNGG1EmyECosiNL
tGqwIT7yBweg6+uSY3ITw1a8ESyS2G7K2BDaesvZrtYEkSl2jbqVXbqepOg9ff8A8ZY7v8N3P5D+
eyP3mm7u/cdrvfx2v237e3TTX/Lv9RbirrtjICbGcbXSFoxDsV5FldV0CgewI19zHBSIV1EivHpZ
EgjDECSGSNopw7P+l0AQAadATovZYQF2E/aL9uTZIWKNuOu1lY/PZsVteu4dPSytIu6baFIijDCS
KJHG9AWkjYpEfn+gEjRdQGG4sXRWRRGFdC0aqzRfsQI0nelA6uCGb2bTVvWr2O3JuZwidqSUqshi
Z1EMiLKXklJBHxAIGuug9RHuBZZHXWFy/wC9FLGzKzRy9pHZ3P8AnKr0C6jUamxHJAss0a9lS2sJ
OqrueBnX9tUIbYADodNQQdd5sGNNxA3SLXHbMewBC+7tgrGNOp01/TpoDJ9xkKse5Glihrl2l/b+
Cu0sSwxorvF0bTTUFvboI4opkGxSrmR0MM6atKdspLRRmQAudP8AkLIdoIBFR4E67mWNQr7IlXRE
3GRljmDb9NdVI/zbwPTRDKwURueTSxNvaF1KSh4WlBmMmn6RsjYRsCRqSWdrGbXSNEdnEsEKulgG
QSicKQ4aq4J09tu4669afEcf3m4RgblPI8osRyf/AG/PX4TBYwnHpAi7rVCjZjS5YVEMbusSgjbJ
rj6wqzNAiFpFiURpGWXb9swIJUSQprpru129P6QpHLtlgXdFLGxR44yxYwlC2k0bl9fcFNR166en
yfHHhM7QzpbhZyKFpGT/ALqOSsS6ILCS7WjI7bAk7fc+nv5DHZ/xxmWlnEt3hGU+3xViw7uXsSYI
izg3cDbqor6sp0PQ7vV3Icb8yccz9aGOzrVzOOlqZJZoW+TNbxlueGewsULJIftQQQ2gALEZfjnO
8LyEUOO3YMdD5Lp43LSeP8ubtg1atA8hfE0qEGWSQLFIvxgmkZey7OxHqpXe4lqlbRmCBv267SBW
Zk+Tl1+Q3NqRoRoB7epLtGOOcTByx0DpNIY1Cgt7b2GjMBoxKaEjX1gvImFgr1+UcKyFq5j2heJb
GXwd6aL+Xw0pBd7UF6KNJYwfhFbhjk66H1gsvDY71DM4+tJBJ+hLAvV4xFu6vJH3RoHG4bZOn+X1
PZlUxB684dWQsvdjPa3jbubc7HUf8o0P9PXAOUVWbbfv5PjGUZgCZxmIktUSWBHcc3sZDt0Cks3x
PXQLGtgM01RZ0Zy0ZmDq0haVdxjDe4PUMV99PVyCODdLEk2karvilV1KMkY2zMBKr6/rC7gPb3H4
V+TeJ5fK8Q5Xc4/zjj9bN4yw1XW7xOV8zQxeRURt99RydHk1yGxWJKWa7tEw01BzGAz6LT5BjpWg
yGP3LJWaGWKOWnfrT79r1L0ZDxFgWVGCN8kYBJGVEeZHMsqFO7KQqyCJQyDdGiDqNSWOoGg6Gfim
eyGIjrZ1LGLnwmUeCWK1UySS1por0NpVghq3YrJieKZ9rRyMBu12+slwTn2Lp8Zt+D85xylmbkWJ
EFi14gyOUg4+mTyddY69exd4eL1KeHIIBNfx1W7HMZpBBItanjOJx5xJ6dx2u3aAmelkILcFuUXD
EGeD7cxsqCKRnX9IJDFDHDwTiFnt3mXZLejtSUq+PSOSMxN35ZxLE0zQpukO4tGvUCMa/wAz5ONQ
yyQzd2gUjtWZZ3Xsv91c13SqkUKx9BuUDUaE6eqOI4lx2njIKEMYWOpSRZn7MekabkSOTq3uSddw
6nX2uSxx6BpGcOAw1bYpIVVHxIYEf010GnqTcoRBAXHTcdWUOw2jqo0GgD9Tu6f19M6rJq5kUCPX
duJLJodAE0Qf016dNdT62DaX3auNy7wx3K2qqFRF2r06an66euibnLmFAw1KjYW9vjtCgjr/AJfp
6kOgWJEYSRFlV4yHPbGzcARodQdTr9foPTtEhV44wmxtrKr2HcPFqWUJohPyA0BHt7+shIpLNHDL
OK413yMqtNJ3HiHwrlEKOANZE+Guraer+DS0FzPKJpeVc2yghVSpylynEmOEcYErQYvAGGjDACu9
pWRQC271yq3i7Bp3uMckW7j7lr7fsz1jjKtq3Z+5qhYdsmVqt8ZjsMc6oV+YPrnPDsW09XmHlbOx
XOVZpZJKlqvxeOSZoePU65EZljy7Or2pWV0ZCy6M/wAkxPDYKVu7hatmCzyGKpY/jpLFexDkGpUY
ska9lKs+TyFNIEURtJIXKptOrq3MOB8fzHHeacXzDZvKPnsrUhjyPE+Pnu8qw5wuYnXj2dzFE49q
0aU7cF776QQyRyCXdFz7hflXimEy2To8P4RlvFHmTHcbx3GbVfN4nD3MfQ47mchXx9aCB8jXgijA
eRYboWVJXFhEb1BYlbbJrYj+3FedHSCGRI47bTmEVZ4J7LSQgrIzq8RDADbrbdW0NGxDPIkl6GND
FZ/7YmDHybZbFjuhNzxliqD5AAa/20Er1bMeSQ2jk7UliN61oPKDTFaqsKtXMMIIcl2DkjQDQlpE
UlY51Cv8QdwVv8rEEr1BB0I1BIPQ/wBssTzNGmwzJH1Mcs8YIQOO5GqMEdtG6ke2nX0xjMcb11jj
kXvGYWpN03cswN20RIgEUbdSdSCNdToAOpP0Guuv9Pb39EmGXRdNx7b6DUajU6dNR610Onvrp0+n
/wCn/ZR0JV0dWRl/UrA6qy//ABA9R6BZi5GoLN1Y6nX5MSxYgdOp6Aaesp1kkSzXftVwUEJkIG8l
RtcTyINqyakr0AGmvo5O8su0WjNUVBFur7zGGZiFQmYopG8fpJ1CHQL6WeK3IsobGXaLwTBv3aMk
TlKylxJJIDEQepOzqQp3gYi7SyFZ8ziIhiczTX5TRW6qooY6aAq8bKxZRs6/QjT0GbUgD9P9GB1D
DTruB9Sbk3IqlgihfrrqFOm7c2o/wB9eNeXxoNnHue8Yu3ZWXumvVbLQVX2nVO04hkYliDqvTUg9
OGZYNuW7xnD2Cx6HrRhB3a66MCOv9/rzNk1LE4erFVG1p+3IqXDLIQz6JJIleP5J0J+THXRVP85x
ufZJInbnhY7Q67lO6N9rdqXRdA2h0/p7af6g+04t9v8AZfx/8X/FNr2O93/uf5Tv/wAl/I9zr3O5
29f/AJenT1GBlMb2YkWNN01SGOZiEq/uCZGBj3xgkFtddBoGI9KhzGG0ALHY4jWOZ3g75CwlRG8R
sl1LkaEKNd/X08jZPFBwocs9soxVBtcRlWKh1igbcAqowOpJbQ+iY8rWau0K1hLLZhlk3u7KICHk
JkJRgoV2XUuxHQ6FwMxQVRGjPMtqJjoR81UsrgOsxYD5aglvcagyqmZQkgzPL904nj3TJKkixxwl
mI7QJA6bpG199PTTJkoO1HXLLJNMIldD20aOykaJ+2su7ZuLKFB3agdWeHJRCPYWBjk2hRJ24dJ3
UNYBjVSAN2gYAMACCS1fJQvXjEbtYSaE9xWVRGqGw5UpsKMfkCVXr7a+rM9fJWJFEauYoYp3ZTMP
k7zvCBCZWL9XUqNDrs3IfSUY7ipELawyGSbR1LrqrdolkNgTs+xItqg/qI3aerWVit6NJHKa7PXj
JcljGx+cU5eWtHvKjcCN2h11IFqN8gUlVmllrySS92aRrDmDbG4QvEkgG1x0YFvp78f8dYBrDWeR
5CKOzMolKVMfE3fv3pSsksywUq8IMUYcF5mVdRqB64jg6tJnspBBZyFiWFYp79yxLDLO0xZpFkYQ
Sarq3yboCNTojEOszLGZnjBCWC7naQw16lDp8iCRrr1B9GOw92kyxlY7FOwI7AJI2STLtYOyqNAC
CR9SdfVqLBc15VVFcl0geHEtXnrkPvDm1Q3F0XoQQ5PUDqT6u5XkHmfkcdam8khSvXwFQvHCjqgj
eHGbgqs2gUEM2pB+muW5d5KOez3DP5CKpgMFmMg7PmniiAv5HI7HqtFQhrk7oVGhlbRySCrUvHNf
hHHsZ4zo4h8ZlOI16darSyOPtAwtDaTHfbukk6hAbKuJw6bl0Yb1HFc5YyXIfEGTurFwTyTYMV16
FKacxUOGeQ7tVCmL5TikdYYrsqQ1M1Esc8TCw9itFCj2o7Ne/XUGPuRhmaVB23kkeR41GqajR1TX
9XTUGWXI3az5jtZAWI6c8VpMbTYQywMs6Bqs06gqoCNIEIIOpBUYlJixoR5/lceHk7yKhxdblGVq
VwT20Q7ZYWbU6jsug+LLoK9tgk6PGC5Y6Mg0IcOQB3HA3Mq6anXX+4W8/XrvI+AyVDkVdIzJvL4H
J1si8ZKSBiZIKjKNvRS59YTJVZksULdSL7RpO2C1OaHWBtyqQ4UEIPqAoPsR6uGOGsBLCJCskssH
bnXa6K7rHHI6NM+h2HbtJ+gJP4l87c6pxfzbUxk9tpRLCkXKqN3CWklkdhIytJNEx3HR1GvQj1x/
yz48vQXcxxarBT5zgqNcj+f4TYWWSzapbSzXMvxKyxtQRhWexTewg1kEK+orNeSvk6cmKu5DDbGR
ontR4i1JRR1jLla89hkUkAHaRofocuuXPey81rJLl552VZHvxTWIbollm0MhNmORFVvcJoB7D1he
R8nuz4vIca/hfx48r5Z5bLwch/H7y9yXjPFcJzbIV4tf5HkXizMrHQTvkKYrccxYPrurXoqdW7i8
tGMtA8FUPTdLyxzVQjyzF3r2FZG2jcNoHvoPUP2NMiMOYy5Roe0O5GHMKkncQSdCRoSv0I9S2BXg
kicGIho9Gcl1JfXQheySNOhGpJ9x60A3dwRojhiP8q7YyCCqgP0bTTUDX+o9HYEVFkIKdIpOobV/
dmHUkfX6+pXaNWUskSzSB02xnaWKLIC0nb6naNSOv0HSwVmeJooWMkm19tdWRXgZdoDsUZyNBrqQ
ffr63ksXiWVVkeOPuSarG7v+lU7iaadevyI6e3oqqDuxuEkDaMTI8QXVUUMzBNo1H0J19gT6uOWj
JCWN+6Nj3DqqxhFBMjKhfXc2n00+p9Fo0DhZQCVI01EapEnWRoUEaDoPfX/HT1bsPYjaOCO1JOp1
SH76Be7EvdZZJBUoFe5oPgzqOnUg5F0krStlIqiWZpq8li3a7GR/k3maJD3dMrckSI7diFe2rFjo
PWS4xhsgJuK8GsXbPLuVVNi1ZRBcuZHKQxXIDZgslLcjhnVNCEfYrBU20vE3izjl3N5t7woFMNBJ
ZxfHOPY+7HjreczVeKGOLF1acc8PfkaZY3tyLBEO5KinnGS4DX8Zx8I8Gy4Li3kPkvPkaniMLmMb
/KVMvyWW9BZwjYrFY7k65DE5C6ZppKFln7okihlkh4fnvNn438by3iHn2AzGT5cfC1bP8kowcHyS
Yixmc8cFkK+eweawM3IstHnc3NUyBjMBg7oDhgOS8C53Qbl3i7mnG+GLxHj/ACEjMWbOB5zjJ8px
rhxyEtl3r5rBROyVVR3FiBEjq6MGB5942w+JzeC4utw5ni2G5H9w2dw2CyE0u3EZd7EUMz2sZbgl
TcwO+MI+59wcuoYHTchZTqrDXQ6H6qdOn9ni/wApIluryifkH+nPIdaW6tqtYj5PiJeVcXycGNke
tewtzEV4p8XYhVZoZ5qwlLxOXjIakLkkH/ds8cVOa1ZrwVYy8c04TbCxljXdIVfbHox6AAFowFCM
4fTYpYEAqNJCDIF0Y6jXQ+5GoHo6qGG1hoSRoSpCt8SDqhOo+h06+i2+QWBIoEexTE8RWQvJ3N6t
G6MFAXawYEnUaaEAAkkgAAakk9AAB1JJ9YfnXjb8c7GC4hnjE2JzvknkOK4NBdpyiNlyUNTJO+Ta
hsmRt/Y1KOGAK9fXmnG/n1wPiVbBTcR4xU8Z53inIsTy+jJm/wCaku8jNexNSSXHWa1OpHCZOyjl
Xbtkgn0Y4+H4YIjiXeKMKPI4SWJWeURgsywuoDaaof06aD1K1bi2HX7kK8ghpQwRBnWWH91UCmTY
rDcdPkOhB6n1uqYytFLNJMs08SdqeJ5O4K0kRgsJGy79N41ClmDBV6j0z4grG6OxLQWLKB13wzRI
0SMyjRwVcAg7GHyI1Hqc4yXKydpCDGl6dw255O0wZkLMZFG0bSCdqtp1IMi0k5HJHsXbAdN0DOQo
+43V5Z9yhdSNANW6f8oq8aFzI4fHzWxFLbu46HfDXAkLStICEbcV0HwGm069CD6x78v/ACF5vi+R
NFG10Yw4p6wdhq47M2JtbGQnTQMR09+vppfF/wCUmTt2gj6V+TYbDyxs4ICaNUgxrhSG1PUn4kfU
H0TjOecazMSyEJLBiLEnd2uNAqx3Dt3RnUE9N3xOnv6xOdoPjMpTxk2skNfHXqoeq0sfeQsjyoxk
03A6Bgdd3ufVbFc/4/BSxPIagGUiUzp9rlYozAJ1MtVQSSnyJdQ42lV01P8AYd0hRRuHvroCpBBL
ajrr7aj36esytFbN61UrDI1Yq8LMwt4+eK0u0Iu0zLLH01JKDqVOnTxlZypFW/HwTFStFIShLvRE
sMaNIQ0mo1+WgGg/x0/IbLkd3bl3qRMqLKaxiWV2dpRpGkYkKkuWUDTUfTQjp0OnTqP+B+o/scMU
WJNgMgidtXcNIqlOkisYdrbdpYbtDpp1kZQ08MLEJIBZgYxyEsgVGUjedAzqGO3cPfro1We7k6Nq
Ehtn3cw03IyhlKyFWVkcj+mhIP19a1+UZmEExsVS7KI2aIhoy8ZYxsUI6EjXqf6n1G1fmGWBjcuu
6bXUltzBtADtYarp0G0nTT1WNXkN3LO8kRapIqyBhG4JYDa6gkHQlkcHpqOg0gOSnsRP2S6Ncmn+
5jiEWghVV0NctI4UMDoyH5IS7D0ZZcxaHa1eWGvP1Zf3IgEiiVVRSzRMdSXdgCNPkTVVbSzxTWog
6T2nlZHIiYiVlbRAzSMjIS2xuqsfWZM8laIQxCPuKyNJHIAPijGeN7SMyt9CwbQkdNRUrQXAKE+b
2GyzjuTKCd+jdxHDIp3kk9HHT20GFgspG62KsMBJ7ndSRIVIIid5EVrBQGRXUs51Bb5BRnpDJDIa
teR0L7VLP3ViWFZGrCQPHI2pEZGug11J09XPL+fxu23mry0eP2pVVkgweOkjszXgNrSKLl34qRpq
I+oJTQVEjAZVAsRlXCyfbSRpMInVlVZYo5GZAdNSCTvJB1jhjdChZQYnjZDG3QJJ13lF0X6dB0A9
BjDFaIIYftrYiDHUr8QpaNI/rqP+P0FmMCNd6yrHBWYyz7NwQbxC7woqqw99p29SwJ9QYy2GNBba
xw46MkxyyBtutkoWXagcndqy6dB119Y/Gw1t1WhXllZ0hUCMMDPIyFY1bY08rlm+ip/T0t2bb3r0
4kllKKU+1ExjjjG9OjourHr8Nq9dNB6/ITGYNZJWpeLOXZ+pBVi7zWL/AAupW51UiRo5VLyRXeMR
GMSHRG+XVt2tRZMjcuU5KNeONnuuNsZhElX/ACorQiEK4OrKRp1I6+uSZ6tanymVx2Pv/wAHgq8o
ntXLVanLLC+yUjuw1JIw27TZEupYg9Dh+C8zvSPzjxjynP4rI3LMjdzNYbPZa/yXC5GOOQdEmq5Y
05WXQCWuxY6sB6kWewpdxqjMC7AqNh7YjcyhyJABtU6agkersKJAxsRyU7ddZNCRLHJ3Cy6kRIRI
jKANdrKff3wtW5NYe3x/IXOKW5ZGG5ZsFlLVFG2xHtMjUoFbU7S4YN7aACw321RBWaWMCJXtz7e4
aM0iCyCK9pFZ0KbT2wNfYH1nMszzs3BeY8U5dVnnm3tWrY3k+OuTOWr9NqxF23EkBVXXTUg47Kx5
CAw5bE4u8CSjwdu5SgmjiEpdBt/ePQk7iSf0gEXOD1cpA+AzXeyvGKTXa6x428szXMrhKsyypMK0
EUj2okYaxwJLp8Yg3rIeLqOOkE/lq3nc54mrTLDTr8jfK1MllsfgaF6zaTFNm/8AUsD4usrTK8lq
zCDGjSbR5WxcMrVP5DxnzESZCdrEP8Lb45STmuCGQRljkhluci4lVqhWUhJpkDaOE9fjr5EjtJZy
LePsZxrkEr1GilOc4pD/AAN7upvMSTtBSidtwBYMToDu9Qo3w0OhKI+2ZCrO0YbeYw5fpsGjEEnX
29I/elmY9uN4FMwVEXckgWcuArvGSx013dOv09K5YRkMQqCAfudAsMhb3URjT9eg/u1A9MrFUct/
1HCKEU/KN95ABUk6gkfUetCVKqwDI+5o2Eejhtdyrt06j6r/AH9QShmaNFWcFYpgqxyKC0AYmIgx
g7W+Q0LH29TKREWkdSjxMpEcUKjuB2IRyC8gJA6dQPbTS1ItlUljhO6NH2J9zNGY2Rk6HVUjYggl
i3t6KmaNlDWYYJGBKyRGMBFViAHMUQUKSNO56kaWwkqFowxWUIjumjyM2jJGEUudWJ00J9/VsjJR
TGRL3ZrGQRB953tLdksmOKtXCEuzsR8QOgBANrFeOqGUl4/h8ZLNkM3Wkmjx92WavYogvkZ1WOXH
UobZkhaMMWkIdEO3f6XxLxay1vnXKRdvcrvVIo6RnybSxDHYaCUyfyNbj/G9ZLd7b87937SBysa2
UXnn5FfkdwZZPyM84car/kD5DxmcxzXOS8B8ReOqR8g+KfFsWPyMcVrD8j5L2TlcoQiTyZTLUahL
SY4lPI9jy/leMwZ3nWfyuX57c5TksVRw1msy3Mj5DDUswIKuO4nd8zcp5gIVnkmisUnid5GEm1OM
YPx3+YfD+RcJHMRNg+Hw4nk3lXwXxCpluZTcG8g1Mn5F4ngbfG/D3GZOY0nkmkx2Wt4apNjZqclJ
f3JY+beSXyXCovCLVDyDxJ4Q4ffk5R4d5NmOU4XC2rWK8QSVYMnR4lk8RNlb+TxV/HsnFK1W8s9X
HQRWDv5P5g5kHqfyUhocawP3H3UfHOL1J55MXijZEUC3Lv77zW7AjiWe1LIypGhSNGmEchhV1jaU
K3bV2BKoX02h2Ckge/T1k5KGAx+chwvNOAUMh95/HWbn2nIOR0MRSwlahkLlSDv8msXTCJUWxIBE
+xFdV3rz0YkS4fyh5T43lOLX8rlpHzuKpR0uSSnHperYXEYnyBhFarPXewYY7dS3ERJpoe6e3JJH
r7hHZdehXroRr8WI/wAD6xXFOI4e3neQ5u3FRxmMpIrTWbMzhI03SMkMSbmGruyov1I9JbzfCp8V
E6iRTamVgYDHl5zZ7tdZ64qrBhLEhk37Aig69R6p2bOAuvWyHbFCzTEd+C48lY3BFWkpSTrLYjqj
fLEP3IR/1FU9PUEzwvXuULNeysNqF0ZJYXjsRCWGQK+1tAdDpqD6/EbyXx+xFK+Q8N8IqZqklqOa
bEclwuJgoZWjL2WDxyQ2YCujAFogoI09dABrqSRoNT0HX+pI/wDd/s9VB/xAP931/u9aWKFOYElt
Ja0LjU66nRkPU6+mlo46lUkcANJXrRROQAF0LIoOmg/2AtitBOoOoE0Mcg9wfZlPQkdf6+lsQYun
XmRzIHghSI7mBBPwAGmh9vb07DUlVJHTX2H9NR6dVQlG1DjptLsuh7f0GiaKGY6EnUaD3sY243wt
QzIFsfbjboDGWV+qsiFtd275En1Txss7R5DB41McK9RxvX7KvJWjljrrsYoyxKzAl0H0ZR781u38
dBNY5bkbFm5FZjEkhjMbxtHKsgeUPJGIw2mgB9h7j1c+0pzU5SdY3iNgNEI07rB4QWRGlU9CFbqu
p9yB/EfyNrt939f2539vX/n2aaf5f0btev6evqV5O3NXZE3ySIkeqR7UmdxGq+23cAgJ/wApBbRf
VmMQVTCrLB2RX/bkeQPWUMX7ckUsgcBdFG4LtAOgYVrFaCKIyF9JF7g78MjyMjxr20iChkOu3X6d
floP7MrcykEstwrLDE2sWyBECNvBI0bdPsI10KFddSCAW+3EYr1xXEskrPBM8oDJAhMskMhbbozb
23R/EjqQordvVRLNEo7fdUxiFNsiyHTbtIZQVf5akEdCPTwNJ2lSbfvUbyGmkcGSSRWTt9iOJtEJ
67iT019ZpVllQBZJFMIhmlXdXlasYRYgCtHqpAI1J2ndoTr6oSoSrrlBNO7NG9ebZZbWBHC9t4Tv
XXoqqR1BJ9UJJpERq1FdkKKZflGYpAqORGCrRhioUFteo6En1X8dcfW29zkuTx1LWu/3E+Po1pVu
28r2t6yqmPhJJZjoS4QDc2h4RxPG41KeNrYHH4zHCuoRhHXA3SWHQspmeSKQs5cSa7wW6+q028Cd
I2iUskZUwRqg7YVe4RGQ/RgFA9tNR6r9x9pKaFo2KuysQm0FiCrqBpu00H9D6mau40KbCZR/0w50
DrsUO5dx79Ndep9z6sQd7ZWmMizNtiribc8r9FT91E+QYfLU9Oo9vSHar2p5Qiu0YDiMB9XMSDVY
z0Cqfr1J019QLBAXa5KsMgUCTcsmg2SP8ZIpXbQL1AJLaHTT1j8TFK25Kscbrt2l3VEDMU+SqXVP
kCp1A6e3WGGeJZI7Ndq08UwmavkKsqdrIw2YtqxSQywl0dWADl9NeunryN41ywvYrGYafOZjxZYt
LLBU5n46sWLM3GMjgr6/9vetYfGbKOUrRu8lG7WlEqhGjeTJWs9k7PJuR8zwnILcWMZmhSlxzFzH
F24aNaUGTF49bsy13YKpnsqEdu5prjvIRxU1PP5T8neG4+lkxWnBscen8a89q5/HS2mHbkoXczFj
i4ZJVEtSIoySKd1cSNKsVzFQVo560iPLEqp9vZSaKeP7ZlKxt1JQk6FiQDopWOtHFSmcm2FMnbnt
yRSyyv2RDDaUdliBuYhyDqqAD15ZwTXjK/HvIF6Qd6Eu038ti8bfkZ4gGKs28/rYLoGCjTQF8nSF
UWWhgS9PJCFnK6yqsc8oInmSKN9U02qAdNWAAXyXxw/bNYzXE81VjhSKMTWLUlCZceHCsWMcc5JI
Yg+x+g9cc/G/wtmeM4DkHHOPdvNc25qluWGnhsR2Ks2QxOBiIyueyMKOqLExiUONzsEJ0xHlnyln
OX/kN5npU+5i+e+UctI1LiVm9FLDlW8dcKwRxvGOEQy1pWj71WtJk+3oguFAPWOx3hnPcI5JLgst
HyTjPEvNNHNTjA8trOGqZ3hHO8BYjzXHctCw0DtF3pAq75yY09YzJflz5a8ZeP8AxHQyM2bm4V41
klywy9/dFIchfpY9J7HIMywfWtLnL8kML75Y4e7q0nGfCPibF5LH8O46tiwi5XLvlsrPkcixs5bJ
2L7iNHmlnLNsjRIlVQirpp6GxYn3L/8ALYMwKlSsjRy6Ko00BI0QqeuunqTtaiMhSrAhtDGxKA7l
UiOVidAAQNwHTU+v3EVtIwragI+0jVvgR7rqT0IJ6H05B6AAKdBptBOwqWjUkNu66g6f+0SazKR1
3ouka9GBZ9ToELe51b3+h9vUsy9tkRGCwn4ybtzJAyuykrufU9OvxHt7i+paI2IBHFC2ojKoHeSd
9XRmYvXboq6nQEnTp6tNPkUTUKrR92KORYE3fsKjFvnsOm59ehPXroLMt3N1YUgjmjEUE8PfTYRL
JEjK6IszbtDoDtA9zr6v4vxHx3L8xiDs12TECQ42v21LF5s1LGKlco3XYm59FOiDUeqvLPM+avxY
ayn3KcVxQWTHoncWzNau2ZDFBfCxq8aagKz/ACC9CPUG1aMGT5hWu4fgODxpihzfJbeHpV1zOSxf
/VlTj2Lt3xUe/LEVW1YAhZzGdvFvze/KHyT4SzHjfiPkDi/O5Px74pzvCeVvL2Zo8fEvJuIcT53x
zjHJr2P8J8KyWRjpW7P+o5/5vMRxPUNOMXJppOM+IOHXsXHiOI8y8fc9/KHkN+CLL8osVeHX8P5M
8XeN44bsSY6C/wA35TQqZW/arA/Y4+gqGIfewFb1zyB5Y8D+LVgkhGUucz55494T25a1TvQnI2c5
lcZtlgopvUytuWIaj4+pPH3/AKTvhyz5C8/5y7x3mH5T+ePGHIcb44/GHyL4lx2VyfIGm8zWMK+S
Of5jY5TNHd4/ySfBjM3L8KR485NZQE4N+GuC808i8882/GfhQ8ceUueZPkuUseNOMc2tZO5yDIeJ
vDeE5NavZXjHjPwvgpa+JSTJZXK5O7bgsPPYjVIalbg+T8gQ5WpwLkuVu0d2Fmx0fIL0FKtbSLIV
KOQtVx/Dvl4BBLPvTu9qxHAxnj0WPkUbwtjsxmsnj/so0DwLLhNQ7QWZpZJXu1XlKSQFVnijkic7
xINuP5XkcdmMzxKHDZCHm/HMAmHyeay+Btq+JyN7HcW5FapYfllnCYbL25Gx7zRSSQGRoXSdVcfj
D4n8MitW4NwCxy7kWKxES5PE5rD8fs47CYziuP53xzIUoLFbmdKWxla0ti05vWYK6WJ+69lrdmrj
KNeOxI8sTTCzN9rSiqGaOKzZt2+7Ca8NdZQxIOp06anoc9wjhOe4ljuUZqaMZnK84wGVs523dpW4
5q8+QuYrH5CalicXWmlENavtk7sT7NLDq7RN4X45yfmfDKEx4qnL6GIk4LwuvQdIZbGCkyGbykyy
YLHJPJIpsyS3pI7DmZSSEDZPzH5qvQcrmrR42tiPGeKx93J8XQSS2f8ATfGecc0o5C/UjnkmaXI2
amPrpPMih7EhiZll4r5G8U4nyFx3IPEuQflMOLyefOShrIY7jcjuwLdyUo2l7DGYgAAxgJqBx78f
8PwfjtzxPhbUEXHhiIVw3KuOyWYu5YjsRY+vNUvwK1bSEEoVUEs6r8REOF8pqWryx6z4e5IlbLQy
AujwPXlctLIjKTrGX1A1/wB62o1+Le41B1GgGn95Pp3D6qNWQ/JCjKoc/BtCd2o1PQa/4+rj1T2c
hQgaeszfASbYNxQl9FBZnA0669f6nSSrfEyY+y0lTIBxJFqiM0TOjd11DBY94+QAQ9QVZdbWQgVT
GQJoZa0ELRyRjdN3FH1MkbauC7bWJOpAA9WXWGGdZlI7yRjaSkWvwkMLbO2gIC67Qp26DU+u59nW
/R3O3249/wBp2/uO3t+413d7r3vbd9fRjV5J5jE3csvEsEa6qyoVjlVJBCZIRubQAt8mGrDWc7F3
oJ2ligikHdUsyj9llVo45U1DsxUbk01BYhqk6o6d2QyuvsiuVkZ03IDDY+LKVdSPjpqNTr/blIEZ
JH7q7K7OUYCdFiZk6EAncdDpr1OhA3em3fvdvbuTus0iOE3IrK+iwxynbtYa9VboCOtNkaSaIz7l
kOg2xorFxEO3HJ9sy7SNdV+Oo066SwTiNSJ0SJWXtizCrNIWl2NE0yxT2dAxOvXofhp6zewq0Mri
uUDRxMIpIEcKSFLOpfaSqleo9+uvrDNH20Z7rF1SMyMzSTK4jkD9uWQtIhcybtpTQLqFBE7wSMqR
4h7EjpGNqxyRkkMvcYFZVZ9SB1Kf5vXIPKObiTuXsm2Mwcj/AL6VaWMf/vbIUxwiLuX6rLqWJZYg
qanUHDIsLSx01SSuervFHOI3RZyUD7XVtSVKncgB9ypSq1OZI9YRJBuKmq2hbdCYpSXinUDT2J+o
PX1EHhLEugRhKVkUAkszK0TpIVHTaVUAn3B9SSC5MrH9aIqwuxQE6GQhl01110AOp6aenFddUEmx
HkZ136qSqorAhImKdWPyI/p7equ9XMs5R7NhgUighVQBHVSRTI/7ZBOvvpr/AHnFJGYnoxbCql1H
3BrK04kkVgriOwgKqWGpWMj69FLzNKUXqC7uUlliB+QILftgaD3BUa/T0sesk6KiqsKtpG5eZWsB
0LMNO2gOuhGq6D4k+rnDvJXEOMc34rkoAtnAcvxeOzlJUmrzo1mpVyNeeKtf1lKCeMpYTT4uBrpN
lOFUs948pG0clLisBHgbGNmf7ySzbirNPXr5ERSXZ3aPvS2BEzMy67j6Xxx48wgx2A8cJxLO46tU
hbvzR8X5birl+7catJE97KTQNZZ5H2iRFGv/AC+ohZsLHFJWe2raHVog43GTus+jyEhmGp11IHsT
6tBOQ1pp4ft4mg7yxQV4pDEHM8QiCxdEXapPzPQdPb8v+HVYmX/Sua8XZrHuQIob1XmPBZa+QMR3
sZUq5PByKT0UrLtI9x6k8a17keLu5jFZ6xWaJKc2dsQY7E5TK3MbglzWXwnHq9yxUxk5+4v3q1Su
kbM7lykT8flzFlRj8/lDjFgrD7i1E1x7EOJaS9+3Ha7M8qCQvXhEiatGiLtUcL8nSSWBiuO8utUe
Sx031ebjeRnsYvM7AEkE/wBtWnM6ptPcaIL9fWGzGJyOPymPt4qhdoXIJ64W5i8lVrXMdfqIG3z1
blDtuJNxdwD/APFpJXEpVgydv4MqqzkFiGU7dHCe3sPbXd6iaa27sjGs/aGkQEQ+dhkYMd8e1FYg
7dG1Ck9PQErOYQzCuCICsasjb2nkQB5FkVunQg9T9T6kjRI2Lxkh9XMJcbVCo/y6FVDEAtqCdTp6
Ee/VmBctu2bUADMwiBABG4AdNdB7ajX0Y5Je5EQWZy42tqQp1LEo6qYx/wC/X0wex2gpLahgwICS
OocJ3FUya6qOhLe+g9M0duBHVZCGmZpolLzJtDQq3SQA6KSOhOpHq/Lk+UU0ZYgWDXFiKujl9g1Z
YKy6qfm2gUdT9dJ8RxnJWeSchtu0dXD8W7/IMvYkKyIK0dPGV7Ta2LBUAKmiqTqV019StxXiFfxh
xq2ywfzHNpJYMwkT6E2Y+PUzo00neR4zNNGdH0KkEj1BmfLef5F5JtWnDTw5S9PjuN13kC/OLF45
SqwE6dbDSD/KSAT6xq3MKlSo9qv/ANpHDTrt22kH29aOhE0HagYLtj6hTIDqS2gGd4nwuL/zC83i
Nq9Tw3hMhVoYnC2TI9aPM+UcyZf4/ieKjlJ/7VZPuLTsiJAVYsuf8/eQ/wArvE3IvI0t3jXHk4Fw
ShN5d5fwjBcliymbpRx+JfF2RgxfiLx1gaaSmCfkN+jcyEszOKbKVtPxfgPN4OK+IudeOcOvE/CX
5ZeAefRXed8LxseHzF7CeRq/j/lmTscmseP25M1KrynjGQuY/AXrk1qs/Hc3TvWMrjfHlb8gPPf4
/YfJYbj3MLHk3wtxLxL5FyHhHyt5Vzt2W3j+WeQM9X/IjCc58g8XpTY6vIMfejgxz/yNoviu/BSn
rcn8XebOP/jR45xmUzl+9jeQfjVx/PVsgKc2QS1jYa+C51g1xfGxRqERJU7+YqR2IBYQbZTXi5v+
C3/pvYfhl78v+RX89lvInJOL18TkcZ4f51yaCSlmvIvmDOUIlr8x88LFM0+MxDdMLPDUktxQVIK+
Pscpyfl7Ncqy/HsPguU+S+c30bK5PlHkfkcluBl443KJmm+yznJ8vmGvXchcm3tWr2NGM8ia4/iu
Rr4zJz2MRgsDxe5ZyVDM8lx/F8JPPX4XWlghtR4hq74DHxbdYUQiVujiMyN478c5HkGMh4//AKqz
vNp4qd3HzY+zjbtL7LbexVWeqKkWXzNqEP3Z456sYOmkgHrhvl3xJn8dyvMZrmvJRmOEYniOTznF
+N4Ti1vL188MvH93BJyaWtgMHl8vJisY0uTnxES26sVzZLEvOPAvK8NiX594ZzWJ8OZOtwXv2amc
zfHXDWb2HsS4urcufyFzJP8AbPJXdkgESayIis0bHFZ7iWD5Hi4sfO9rI1+MxXhSeRPs8xBw1558
vLDOg7dqzjC80j9yUrqXGL8gebq/IY+EokeTsYcT0LJMX3b1mv5hMKLnIf8AS9do5Jmjr0ltvBEZ
ZYY4tEmwGH8Z/wARheBUqWNpxS4WWV6ei1bzvkuMY7GmK7kr+SgVZGRK6L+6GRNA0RllXGtiFMcd
ave5DBNLfp03ljMari7ly5Otq7Fo0s00kbK6BTHoD6klt3IMxN2hF3rbU5HVRCN8FeGpVnsQwOIw
CB+6W2lmYklWlw1i7x5lsPYr2g1hLM7pLE0aRTfeQxVoJJIVaMHdLoR+ldfUi4/kVy8aRWU96zOL
0ctcCaOanbjUZIXY3s9whXRiT11A1PH+D/kRir9PGnt42xzxYpLFjHSCOv8AbzZOOMvYvVjGzF3Z
O9qP1MTt9YnmXBuQ4rlPF87Uiu4nN4a3HcoXK8qK6sksZ1SRQ2jxuFkjb4soII/3eumuh10J0B/o
Cf7z6ckM7e7FD22UEdSddwKhSW/rpr0GvV1iPdjdJIpW02w6NqqEoBtOpn0+nVT9VOt7MYas0VSz
HKbYgQhVlmT9iQBUX5xsSXYMNNVKnX1d4tnbDSWqLMKKTnuK1TaBPFC+2MTTrGg0XQ6NtB1JDAmJ
3cSgrJHXVhGkjdzY0ck26RZIviu1tQH6EsNB673Ym37dn6D93s7e7TZv7P6f7tNfj/d6uLGbAkYy
qjV0br20ViYivzjnBZUYrs2gADUjUyQlYkibXbLEsjCSRoCzr2YQ6pIiaLuYkMCo13fIY0mMqXRp
2LEbviWjUMoOqMA3XUFiCurE9B/ZejDybJOyGTbur6EPuZ00+b9pWK9fiVB6elnVHMgQgjtQp3J5
EVxJLJOVElTTcBqFjUj9WoKhNK8sBAjeJm7ccSPrXDQyBY4tPjENgGoLL16gH1YjEgWTuoAvxjd1
O54u1JtMxMU6kjaSN2nQe/rKVwGZmidaqSM6xh5KJEEkgVjHtkYgPvBOo6AajdiHki7jrKhjL2U7
4MjRRGH7nYdxhYrGwDCQx/LUjqaeKxlVbGSzUeMxdWpCZHcW8nK0daZW3MygbZW3kLogO3+vrA4+
nHHFFVryrZIeKf7v9qNLFjfG7M0kpsatu6sqkFtV3GETLFHZRQYDKQYZK5jUyo6QtojKx2r7Muv6
draekSEmK4iQK9KbUmcbSYZIZ1V4pY17nT2P0Go9CGxCZF3q8m0R66KAoG4gyFtXbqra++uvt60p
45xMo1IkjZ3UlhoQZnO1joTu10I/u6enyucrWHSvo9bGpVZo1V33xzSxiIGSf5kgsdqg6k9F9V4X
rfZ1pLSwiNIwJt3cWVSy6LKkYWLqduu1h/gMdRykhORWGS6dC47puQwvJG8aFGeSCPRVDe3yYe/p
tDs2soG0OSe8NNIzqG9tfkdR1H019bZZVQEKY9NRv0iBYqfhqupPsPbXUenbfrXBBVwG10JCSatG
/wC7ICQFH9wP019SNJOGKqoXVSvaEcSvEpdN2rMYidSAv016+ud4y3bC18hw3k2GdJWWua81/DXB
AZFZpO8yyMpjI00OhPoZ6azMt6HHYt6iL8hPNkJI4oqqMzRkPPakKgFGIV9dOh0S5yW3DlZ6UFty
JYAtYGS01mWR00MtuxGn7STTtNYEShQwX4+vyy8W2sigoc4455DxOGS1YLH77xZzzB3cXSrIQjyP
U4ycozIhUCNJDpoPWcit2Gc5HG8ZxfHKX2sbWrhv42ftY3GwsfuMhcu5JpCVrrM80i6KCVPrP+Vr
NRr9fgVS1zyWi7NVjyR47j7eWjpLZjQvTgyluutdSA0sbuDpqPVy1c3/AHdq1Ys2e4CshnnlaWUu
CAQxdyT0HrAeB/O1u1D45p3Wg4P5CUT24uH1rs5kbj3LacAe3NxiGeaVqt6BZJ8f3e3JG9YI1fC8
14XyzDZnH5FRNFJi8jj7uPt0SkTLNXnqySx2oJzOCnz7g66gfSn9ncoRLIqohUondJ3TLIjRuQyS
BgE0LDr/AE6mOMTRFNjEkayKdDvBaYMNmwt+ldFLHX6+nkjvI0MTFHJftr8Y9Tqraa6E6LoND7dD
6mtZDO1YH7WiRPLHGhU9SHDyhUO46dT7dPcerbZ3yDx2qK5mM6nK0gU7KFpUDGcfGNSToB1H106+
r/HvDPGOfeUMoomVTw3CX80shRiqQ2JaaNVgiZ3ALlvY6a9D6krce4HR8H8WyAkYZvyHkp7HI+0w
jG6nx3CuZVmCMD255IlOvyI1ANbNee/JfPPMeWl2vPjZsrPxPhqSTNqIY8LhJYXngjC6qJppXdNS
20kn1FFx3h/GOONDD9x2cFgo5Z3Kxyax3bilbU0oZQGLs+g0brqQJEpcZgFZAXmvXRBRqNXgUzSG
RQq7oohNpqBHrtHyIHTH4TwbwKCDibW2qcm8uZjdhfGfG4qzkWHx1/JVJLvOM6s8DolXDR5FFdtZ
56yLuMFXy9mOXeY8hKBJmkyOaynEOM5qyy1w0E3GuJ5THy3MW0tcN9pkL2Qjdj+6XXQDOfitzDxF
wfhXBLubxHNOLWvGXBOF8Ov8A8icdtG7x/m/H6tDCNi58vVZnq3UtRTw5XGzz1LYlhmcE8rjjxo8
scN4T5bznlnmJyPJMXxz8huLZG7YPAL1yXIface5TyGrPFTxWMQdi3gLuckimmn3wVZa/POBZKte
sX8diRn6U1exQ5Fx+00M8sWC5FicjBUy2Is0pmn2RTwxh9WkQMr7me5kbdajVi29yxbnirwoWIVQ
0szIgZmOgGupPt68nfhV+D/NIK3kTjmGt4j8jfyD47bpWMt4uyGcjlo4/wAOeJxZaWJPKeQMxXNc
gMc8XFK+6KtFJldzY7bH91mOR8rzmi/cW5rV3J5rOX+hnv5KzNYs2rl6185rEzO7MWkcklvWIonO
46tT8dNaxtzjXB7Vqpb8qZryIuPzfkXF5zl3Hnp5DLTTYytiMHRi+2sLGtLaJ1ihlebxHmMjxLF5
JziKFbGcEwFnmVm01Pk1G7RwN/FvNbyt3kvIa8tOatLBXanGbFJhFFLBKryS+W83bp/z+W5FyDBc
T8Rcq4pkv9S5ShxPI3rrRcuhj5HElbHX8xHju07V7daWgLDyGGzDBFNxny9nuTcrkwHlaHynifzE
ykVa2ngnhnI+QnmD/jHb5txafiL8dw3JMWuP5BksXDxrJYa1LQlZI7DOs9V/KX5lecsDyLLc28zc
/wCV+QON2IqVK1Tltc5ymZ5ZyLkljGdkRx1rUs5p0kSakY4pNYWVduuGTjN+ryW3gXHI8vRbj8cL
YbjuOvMVoT4y/ZuXZL701SuIbFiZI1CSgMyovo3eJYbF4f7hqkCcgpW8T3r9aiskJvNWnxecW49q
xLJMbM8TSOjKyIR1KcthnlqyWLdvuWPurUs+XhntSQQs1KtVwONrwXwzxiKrXOiiF+jLIHWrdx8T
jarQixK99pUkQSV0tO8EjxysH3JuIQHTXQAn1G8cEiHurDHYgZpZIWeXvHSSOOLTfMO2xG5QRp01
9Sh6clmGeNe6hDix9xCzzllZ69uGvMkkRUMoUsR8iG00yEHadGrxz96W1AqRuQkYR437/wAQbOiu
NC+ke3XrqZ5rFdLyzpKNYY5dWMTR71ZZgu2aCRDIAV1BdSdy/H1Nk/GuXscg8eZC2lzmPivkMln/
AE5mjIBB9zWr7Xn4pm3ddBcrhQrkmdHQlRi/I/HeXUcQkyR1uR8czU322a4jnBHraxGVhkjiLxpI
riC3GDWtRrvjY9QEaLnvF2VwSp/l6g10VWI6ydCqt1/p1/p6Tdzvi67yAgbMU1ZiQWGitKGPQa/3
eiZPIvEECu8Z3ZuiPmgO8f8AV910IP8AeNPRZ/JXC0VQS7NyDHKEA013kzjZ7/XT1LNmfM/jnHRQ
o8kslrlWKijVUGrEu9gITp1AB1IOo6erMvLfyr8RU3rKXevFy7EzWGAjaUduP7ld5aNSRp7/AOPq
dav5A8b5I8O4f/aLkVkl49d6duAyuTuUgfQkdOugLQceyGWzUUa6tNWxGYlDnax2rIKHbbpofjqd
envr6TF8O5VjosnJIsP2c032lmJ30O21XtCKauyICTuXQg9NfUOQozpPUsxGVJ45Ay7QNwHwLE6s
PcA9AfTMQBsiZ3LbWDo25hGkaaOrt/jpoOh11HqaZdqP+5LKoJCpudiwZWjk1Mirovt/U/q65DGX
4YWinidkM0TTxkzCQB60nzWcmP5dQAGAI9uj3YZFSSvLtjaMyFrlYSsY9yPINkMLWSDr01l9hoR6
gyCNUSzNFGs0ffSdWutqAAhmXtmw5ZwuuhYDd1Prv9xux3Nn2mkfvv8A69nubt/XTTdu/wDH07W7
RQp3oztkrkNNMzQ6I0A6ku5JI6Fh/wDEfUrtAy7drNAI+z31SN5AqR7w6J7M67fZzrqWOsQCwB1U
KHjZjI6oWDB12ERrESEC7tQykEajT+2dW3be3E6BDo3e7ghVwWXQhO8NQGXQka6j2ijdw4YyJKI4
xGJ0jYvI0OkZUd5IRIqNuUgDqvX0JxHMEKQmIBWdV7He3qyMI7UanVyHYBQh6a+xWAShAzxWNh2q
6iItuKztGNncBCaBtWZgdNAfVu2rO4lpRKdjwdmxIFijkjjmMQKLAhVmUjX20Gi9MWlsyD2/6Tkw
iRLEBWUKVEkYHRWRRqumhB1+U12atJZxHAsEtu077kSPOZVUr0pAxrhZXqY1ppFTfqu4DR9elN3r
pGNZ7Ng/bxMjRWBvUoIR2t9V0I91Ow/XXRa8qVmmo7BJHLEomfbEzlopInZixkB3BerdCAdAfUS2
N0G0O9SeEqzwgoQv2/cAVld1BaNyAV1K6H5eoq+TrRzvUmjnjytf/wCoNSJZSxkdW7ZhLDVy/wAh
poWX2C2UuV5YE1USy1dywKEbSxK9UzwSlCdq6HaSQTr01+4NhLccCBpNiK8bopkK7WXY8fc0J1YF
iTp00HqnNaaGSOvdils10ZStdZQ0Uau7LpKFV0GgY/E9G3Fj647lHtwxwtMKssEcgWMWJd8ECLON
CmwyshX9DAjUaAab/uoWXX4PqY9F1YiLapIMaudgOo2ka9R19Oy3I1/b7iq8qhpECNuaMFjDt2OD
quigEa6D1K9vLQq9VJpO2gDysqMWX9qPeAABqTp0/qfrlOLfjJ4o8heYOQVpkq5ccQxaPgMNsbtM
uf5hk2pcR42XeQa/e3IAoQ6a6EDnfm386/MGB4hjsbxLNXcT4y8Z8hntwY7OjHyy4WbnPlG1Rxke
SGJy7xPJisHUStY7HZORliYofFPlDgfLsJk8Hye1wSDPVIZInsUeaV8pj62c4zkIESK3geQ4DLJP
IYpViLV40mTdDJGzZ7J37kEVSLD3Jm3yL0RK0sgSP5N3dHU/Ef3n+/1i/wAy+K8ZvVruE828y5ph
8XyKrbxOP5pxXPZTMU+UcXsySwmzFjOV8NztmhJYjR2hWz3IyXQacS8i+FvJWNs57M+O8FJnPD3L
rQ4t5S4PyHi+Tyk+TxFzAW5qEfJuzXy8Ei3sFZymLubX3FWLRR8W8Bz268eb8g3M7HbwBspPfuYn
i+Lv5q7REbhEh74ghUmQRsd2wKzOCfIPH40MUON5HehgjOm6OuWDwI2nQlYmA16a++g19KijVmYK
oH1ZjoB/xJ9ZBfGPkrmXB5KtzsT1+P569Sx89mkFru9nGRynG2yskRAMkTdPVVKflqrnoIkrStWz
+CxlyGZJIkliSaTGLjJVlEbnXayupYg+2g8YcU514D483J/LHjzi3lTxvCIM01zmfBOaYqXKca5D
iaONtZOSatlcVCZ0hMnfRFXcq+xWHGUfHvCI7qOa96rg8zfnljjllhmerLfykdZ+3OrISqEKVKsC
QfTQ8h8786yE2WsxwpiMGa9BLdmxKEhq16uNqLZnaaVwixAtvOg0J9cZ8i+dr3IuccvylbH3r/D+
SXbaYapalg/fqW4BIbk80RZQIZO1Ht2/F1I9Y7C8T4Lx3jeNhjrVpKGMxFbFpGRAxr7UgiiinZ9o
Xc+rjaSdPb0BFSh3pFsrGGOICSNhsmaZUeQrNBKxLNrrqoOo6euwqJENrDSNEB7UaJFHOpYPEZG2
hfYadNCPS1UgShUINlnkdVRZIU/6shiRh++E1YsVQDQ66a+rvjyLzDn8BlL9wYTIcx4zjq2ZxvHH
y1KWSzl4bMNieS/PxepUaetXr0rqzXVVnfZX2mbmf4K/lL5S/M78XuDZ+XFZnxT+UFqHyLxtoLuT
nfH04M5nruH55wzGcikkeSjKs3E+1K/YjlnlBjOD8KfkfJzT8JPyvyjQ8bqePPL1o0fFXL+QTR1D
K/BPJ2XoVcZjZ8nklmShjuQxU7kpMNarZuyPudS/KLKJDk2oTxT4+lCLN3BSTQ5ekC9Rf46tPPDt
Ys0lgEn/AKfxHqGti+UYfjXIsBX52MBzPO427mKfjGxzXxfynh1Hk0/H+P5zjWY5fhX5HYpRW8UZ
LcluOdzHEWijeDn8/wCRd/w5k/Lnj+9+NXg7yT+JngDhfE6bfkbgsxwfmHkypZ8cc8scg5DR4LUr
cetQZe5yaOtWiuLk3pV6cFmjMI/HXiD/ANMbmvIuV+aPyE8c4fLct8o5Orcn5P8AjZguQ15a2W4H
j69ysO9+QNq0ktOW2n3cGCoxLbrzz2rkE1ThPC6+fxmexlOLKcm5LksbzOjzCfN+WM8aSeQMvmLF
SxLPHYgsU4Kdd7AkaxDAZ455o5QV8feQch4/h8g4XD83rWE4Ll6l2TFc1XjwXKWcRlVpvDkY8Tkb
aR1Hmrd11PdBQ7G0t8ozFi5c4NVTjWVzuV4nXV+OYmxz2arBQv5mGtSzs1bB5WWrLYrx1xLdyGOr
xvBNMH2hcf8AjDxCJLPA8RI2D5V5AylfxtR/G/K57I1U51NyPmPBsdf5ZneXctl5hPyPjeGxOQtX
6+PjnW3osU1BuFeOeYeeKvmj/wBQr8785x+r5r8tcvhyVSTxZ+MGD5F/rHP4zx54zxMOQfxz49y3
kDDYapC0VeTO8ihx+RC6iSemPNVSPk2H8nYfzjnvEn4zY/M8JzkOf41y7J5fPcI88cx5PgYas8UT
4XB+NOMV7nGcrfqVcnjM/cv4m/Vhnhk9eJsbgbtSVqvibiuKaWAWGaGzm3spDBjvv6kMkrw1eCz0
qa9sEJcWRtEWQiveH8YuTqpDLj6eMuitJD2IG/7iPKwM9g3YZwZE/deGSbTuK25pDjuJ8hv4vKcY
ylWpXwnIrbUK8taW2VtTcb5PDBNLWx9yhZLivY2JDPWkWEhXhVXWrjlpWZVtQtGtSdJMeUrFbVOV
ZArpUFh4kCj4FgzaAD1Cv8enZMIAUJHGru42JaRowArQSMwfukMygMT0C+pTIkhaOV0ttGn70aTo
kqylZpFAXepG4A/Fh7D3EkVLUQSKjiaJGl3ysJWSQo6tDGG6bnYKSSQVJGnPOb+OeM3uTczxOFv2
+N8dxXHr3JrOcziWDVo1IeO4m9jMvkoXmGyQR2YDHEu/cOp9eRMP+VuH4n4C5ThKcfKuO8My33MF
IcQipSnK5qDn2Xu/6e5SY7VITPHVWG1ixIqWxIrrKeOQ+FMtzDj/ACW9yvH5G/eyGAr48jiTPm3o
3MXd7uYwUkHNb+FkgWraUWTWQsIdxjDYLJ+Ws5Jyfx35H49Uh5RZwWQytfP8c45m6oloVMrNgKNR
s5HSsWy38jRWKSnKFswbkTYamf4V+UfmLmv4/wDOpnyXjjncHKbkhx0mQjNyXhvJ5ahFWDkONiDC
KYLHFkq6d+JVPdiiJsfkn5elLa7ieZZVS2u33KTKemwaf0/4n06WvyG8xTpI6u+7n/IwxZTuBDC/
qPkdf6buvv19SfyfmfypfWUKJEs+QOWPG4XdoHT+XCsNXJI9ifTrleVcjySOSXS/nMpdVyzbiWFq
3Nu6/wBffTX39bm6t9W+rH+rE6kn+3i3k7x/nMhhcxx7LULswpWJIY8jRr2Y5bWPuIjBZoLEIZRu
BKMQw0I19cQyef5bTGas4DF3pTYt19N81UESMZXLs0uhUl97H66DXSZY+V4UjVllEt1K6Aqjptci
TYQWb2BOvUk9AvpIv9T4aUBd7byo1XYqvI8qyMYS5LafEAFdQD7g/aZ2ltLTQxRxWRBuCsD9v22A
7jiNyzMDrqNdeh9WslDka82WrQK0Ld9H7yxKI3jM3d+RALHdt0D6epsPJlZ2gsnWGUSh2hkEuj/t
xKrbEl26l9jqdW00Kj1/H7m3dr/6rYPtPsOzs3bNN/3Ha/c/R+vpt+vrtThJJnWGJD32dHLyLGk8
DxSSLIixtq2igsoIPspYsjLHvZdymN2kHahmaQnYVVH2VymwKHAbUA7j6gvdmRa4dUDtHIu7cg6h
C57adPdvkxBI1Xr/AG2EMIn1jiihXttLpLIXZt0ajSQPFEVCsQpY9QdOjLGHEMcERUN3dyMFGyTt
V2fuN2naQKurOAwXoqkGOeGZnaJHSPZvQfEuJIZGkCKqhjGXIVUVR+k6H0+TkkiCx/sqyxvZhJin
ljkAFcSiQtqDoGB+o9tfSNL9wYjViZHKo0TrGirH3tFQEKYtQGJCnQHTU+jkKovGLuI7IDJEpYoV
SNIirzRMWbTUroDGxDE6bZ+ZTwSfyXk3O5LJNKwTux4itImMwiyJKG2KaFVmG5UX5qR8gda0bQKl
iQ7IYwNCUlDLKkhMYZxLNt1I+R06Aas3rfh1BBj7tijai7iPIpckRyp3Cjdk6Kralh7dRqZqksln
j92VQrqo0G0kvFKlZ2WK6PfRlZdCAdfUl6rGeVYSpLMzT4aXfyCvCIpAzTYmYxiaFFABMEkjdW9+
mpVLMFG7FFJBcidpqthLyA95LdKczSQ9pVI/cSJi2h0+QJsNjjFJII1NeDQSt3WAk70iwTIFZEbo
n+dz7ADRrQk+0hWFjYaCN27s9iSUMkkscaGWsxX3UAgIfYEEeshWzC5jH1rEsf79CP71oLlUs9S/
Slrz7VaBolftkbwoDabd3orxii+bbFl4BkKse2LNNGsiRGWBZY2qWbESlZQjOoZX2yMNSLeMscUs
cdCsO1asXHmFWaSKOQjsVInDMsrO+jF9NCp6Bi1bkHlGh/5hr/Jo82KyjyycfifeS8M2KqWVr21W
aT5LMZI2LnUew9QWYcfhuH8C4phjdfHYbHY3BYPH1aldnmeDGUK1ShETGGYMI9xb3+vrIfjn4Ony
/wD5KcHz1jF3kxBsTWed8jx08tfasVNBLNi6rRswj9pXIJGij1b5B4jvTeMsFmmpZTMcY5tdC8U5
yeNsuVx0ed4fZrZGllJ67yPHDNJClyssrmCSMFmGSwmH5VwPx75n8acgqf8Amh4Z55xnP5XH0L2N
v/yuOx8MD8oizNvhHJI6A7F1bVmOatqpO87fWKXz/wCPeOcYv1ltx47kHCpsna4pmFkMbPFQ/kXa
fGNFpq1aYLIrHpqNSwZWKspDKykhlIOoII0IIPr8a/KluikUdn8ga3Gclm7cZjePEeTeOZ7i6STW
Hlf7nTMTUUUEqW3Kun09ZzyHieL5fM8WzSrNkchQpy2oobMH7TWVMadyWGWMKS2mo666AD1SxlPH
2JJcd9xmMgjxzRirSwteXJW5bDAB4USKo2pJXQaklQCwPLvIQsT4jCWoM9jeNjE/y9TmeTr3ZbS4
jJwzzRq3HpJ6vauFm0ZJNrsqlm9chsrA9WtJl7y0qrS17Ao047DrVxq2KhNWRcZX2QDt/BRGAugA
Hr/0gPMPEpMznILv4M/iZxh8JxyzPSizWW8fJ5P4b5Jmr8jxta7PxzJcMq+L7AtW5oZK8cvbhsdX
jD1MxwStxqj+N3FuN2fH3gHiOCrS4nlGN8fePuXZninkPyXy/gEFES8KxvPfyMk5PMty5JGl65ZC
V17Sxon458z5NRsVpPItbxP524ZcWm6PTwFLynmqFKTWxXkMk91+GyzxvCdGidAQwY6cqxVOOrBx
DN5qHkuKgZFNGHjXMVo5PAxrK1VJoaeJymTnorLC6qjQ7Skf6VqNRy7xsqLIzNrZjZn/AGRPTM0h
X7Zwf8khViD1+pjt5HNxY+hj6clmW/PJj6eMhxzRixkb9u5O8dXH1KFeF2mmldURdxYqAx9Ux4Qi
xf5EZS+cw+NTxLy/h3LhLBgqqXchZjx2AzmWy9+jWk0gElaFo57IeKBpWR9sfG8bmavGsPf3xWsL
jcXNXaJIpLNeGpkIWuLlL+QXtkTJLJEI26EL1Ap2s5gc++AaXj1pshYWTDw2q94tSqizYNx4aMc2
Qyk8MMkqOzKi6oCpb1JjeKZanQiyN3HRZmCzdx161Wx2LuRXpErJDbFTLULFJ+xPXKfocttDoUbi
XE/yR8OeCsBy7FV8xxblfka5xenxOtFm7MKZOhy/jOMhpxRcWyWSQIkq6wY2Sw8sjxBkWNuK+GPy
I41z38xfwNghr4vF+TqFOTI+dfBNC9Vtz8dp5CxnM9dxnLuKtSrx1qT38l2BWKipkoI0WgIPL34u
eT+F+UsZ/Hw18vilkSpzng4jsWU/huX8Dy5j5JxOdLbyDfPXSC2w3wyyxhG9eNvxt8R8amP57eOM
pi+Vci8peP8A+O4snhjx/wAj45llXgvLc9Wxk2T5Tl+Z4LlJt0sJUsVoMPDZ+/mlWaWGCWrySjYO
M5n5HTJY/H29Z6+exHColsY/OWMaYpv+wrcsewKn3Dqs1irHYjjKxPJ3eIeHvDkGPr8z8u53Gcdx
OTtcfwFrIUohZle3lqHJMriruX43i8PWrT2r0+OmruYKz7y+wL6scmi5hjOAcF8E4qLw1xLJYjj1
3kXkHybzDjnibmvkWWbkfIbnGuEYgcr515C5tdrZrk8+LSli6YxxFiZzSkscY495Cm5F4P8Awr4V
cwOe4zyjidpeP89/KjOZDiElscm45nbtabKiTiMeVOGPNIoa7WsPUiq4cBUlnq858Y/jPmfCeW/I
PgoxeE/F38SOF8nwmR5/yDlHIgMDxLK5jjJzknLMjxZak9/Jcg5NkmatBj69mWxaJjXdl61bL1vL
n5N+TcHkPIPM83yfmXF58Tg+I4bP4zhfO+YctEublyXDuA8HzNw4fh+AxUQvJgsfRs04HgsfeSU/
G3Nf/LbMcq8beMPJ/nfy/F4L4Fyvj3D8ByLyBzzmPhm9zHimM5TnclNlE4z4c/GbFXccIY69ueXO
3VkS1YuRTl+Qcho1IZsbYwOJyFzFydzAYXkFGpjaVOGOjCwgrVZMDEYnuBTFPmrVmXeVkO6C3dSF
AajrVoVXNyW01eVgAh7qwNDar6OJ9Y4E2nc6gknA5A0p6OL+/aCxHAW/0+jvEZakNem4SLLXqkkc
aTTzRrCyLGIUJEp9NVqVo4Jg5QrXQRToqOCJJIRGO5Vlk+IDjVVYadPdo5ktCzIIRMFQpP8AaqvZ
ttWVSKpj7qq2mscgLLroBp6Mk8f25MUJhYq3/cAyhI5JJFKiOKSOUbe2Qp+TdPf1Z5tz7PVsfil/
jKNPDQQrk+Zc2y1y9XxXH8DxHitITZPlmfzWZuQxQV6qd2WaVCdujN65bD4/8NeROSXeE8g5nh+d
jmWSx3F14nY4DiFs5zF8241xJfIfkriGWyeXkr4nGHNYrH4jJ3ZGIvivDLOvNfIN7ynjrNGnyLlF
DC8X5/J5RxlbLZXL4HDZ/B8lh4ddjxeY8e2OH4vO0qWOpw1oqPJ6kCX51kDxSHNfjd+a3gnG8a5t
cz+UdfInJYLcr47J8qz1TB8Su5LmqcW4+i4nl9vFz2sHmsFbaGskZx92KpKIZJ+Tfhx5Qvy5DgfI
8dBk/AvIsvJ/JYp6V+KxXo8JrS2JL8kWZy2PwtqSZHjhrRZGjMUDGygOd/D/AMqUo+Z+MvMUOUyn
F+IZApXlwiG9atZiPjeasWmjqcg47mZUuY8xyw2KzagQmCRjHOK8mS5b4c5Bkp4/HXkmbHrTORrt
G1uHBcpp15J4cDzCpVDGSuzdq3HG09YvEHEemqnoDqpDDqAfcajUa9f6H/bx/HeGCfkPGU7lGvTt
DKbKcMhV2ijsVnav266j4qUDKNBuAA0YXMC1qJYmjeKLP2oRIIiySMWlKSTLuJUggl226KwAPquk
+DykIaAyTTpnAUhciSV4XlsMBXkqwzbtBoNJCV3a9DYlxvKhdijedhFk60ldhCNZZJJ68ukLox00
0baf+ZiAJcdas8mhrMFLVkdxC9awjKCNAwLyhANC6jpp06D1LI+bzklG9NG32eQKn7XKAiSB1LzF
2ivbADpub9wfQk+tPvbf899t9j7x7t3f3aabNd27466dvb//AG+k6MY3SeNopFMKtA5kYuJgx2S6
FtECn+5dAT6pKkbNLHPN+3I+woSkmk1hdsjOZJAIz+rop01VQPUeKnoxJKylZytaFIwwc7JI2DsS
dgDH4gl9f7j/AGzpk5jBNKGHc2dGU9tYYi5kDBA+5z21MhUN0bQad9crAXiIZgs0EbIGRyZGlAEU
RkXQlf0r3GGupb1sTMRztsiaWKURPGwsB4pC+34qrBnYRkIHJBUbjoBXS/jtGkaWNlaSeMR6gKsU
RRWEgUtuJbXUMfrr6kU3qcpRJEj0nWR2DRqYtWYyKY37bABh8mU66kgrM0EiyJUht2EERXfHLHAw
RZQFUxrKRIxCattXT3c7/E/Eir1JaHEMJPZ3CuuyaagtowdpZRNL3WVVZm0XQgnoPVK8kOhk/YmC
iSy3arxmIOa7kxM3YrncVT5adCCDpHbgTvyBlaaOtIqieBn1jyEbIQ3dmgdGI6H49eo9M1iuGlDA
xu2vcWUA6KraCaB0U6qRprqepGo9WVxd7kuJt2Im2NTux2IYpipZS4sRWV+2fbqNNB1PTd6+75Nz
jItZTeVkfjnHzcRkJEccdxIq10iJ0V9vc3MCw6KdPXeseU+TWaSDRljo0YpkGjbe1JkJbIUFANJA
u4D4gn39O0sPLczbNl5Lc2b5OKkMsZD9yM1cTjqVuwCUGp0RmOvUFjul8KcAx+P4ziVkhl5hawcM
cdu5QlX4YtrWsd+I26x1mj7yMIn2jbvPrEm7ZMIeGsBBG8YMQSNZAWZtJmmiVmBVyCxHxIBILGvi
9oy1SWB77dx2i7kQklKvBGZIy8Y0MjAdT003dbdZYoI6M9tLIMbbVk7j/vTkhpSGWRSQSOpGjaaa
eh+LfjjkNnE5rm1F6fK72HlQX6fFnglhyDJYTaak9vuGJCPlqWPXRfVfI4jh2MS/JIm7JzK1vK2j
sKyd7JWIrViEyvMpV0GveLLt0PpJ54mkrRCNp0MgWHabKQywFCkMhkgE4JXYCig6Hdub1gvPn4/Z
OhwL8iuAsb+EybtNXwnkLD1JnNvx75ArVlV7mAz00hjhnYPLUmdHhJJIN3Dc14vLx/yDgbUnFPJX
j7kMcT8j8Zc7pOI8hishYkihnuwyyFpqN2JezdqlJAza9KkfBOd1Z+E2cgJ2iy0RnyMeNMymKGKa
BdrvPGCAXUldRr1PrNeO+EY6tl+fcWp8Z5pxbHxIgmvcr4BnMPyzC4qnLaWVElkv47sNIx6LK27Q
an1PwzL0I6nkHGQPi+XeKvI3Hmw3N+NXxEsFlMhisjEsWWpVlGz7um1yjKjhlk9x6zf4U/iZ434v
i/MWSirT/lJ5QxdWAWOF4rIRUchR8M8cZZQr8mylRorPIJfiKdVoqALTS3BXx68E4xQ49FBxbC8c
uVJZZc7HLmMLj8fRm5nTu5avLZo5DkENVZp6Ucn2NW2ZVhiFcovqO/NUghp4a3Hx6VacdmaCKzMl
nJxNYyKCfGy2L37xUJOZGETHYFAJ8I8V5r5CpYmHwl5L834OTLY3klvFcv8AGPAecRcU8rIuUw9c
C3f41e8xcJ45ksZcj1qPT/1RjpypsIr8x/Gryl+QuW8d+UvAvlSzH5rqeH7/APrLifCvK9/j2JSl
5JEPKjjuQ5vwn5uxs+NzWKkuC0tOwl2oJDfoyTev/Sn/ABt45iuK8f5V4ulwPhXk2FxGGnbNY7Ht
H4n8dwx0ufUsVip+U8Gsct8Z8gzWOgnSxfx5zbzLO9e5AqeOea1qhkbGces8YzKKPvBNiMnbkfFp
KszRiZ8TkJXAkmPd2WiQo6+shnfKnI3xfDuHSXJoswasks95YblwYfE0oInSXI8ltPEFWkxglkLA
n9sSSR2/H+JzmY8afj7Xub8Z4uxOakrvyeOkXarmfJ2WhkhXlGTIBlSk3/2ykzbYYnkBnkqeSvH/
ADbNePs5gXp2KvLeIZ/NYzLx3pbaRpje/jGSHtSvDKGdRPGFDRyBS24cD4L+buTxHHvIPJMbxSt4
t/KDHtYwvB04mOR2r+d4pyuhxSTDDH5zFLsWx/KRM7u4BniSwsc0nOFwfDvJPE+X4rGZbHcy4rbp
55ZamKqtTwuUWDK1BYxdK3NPG08dprGsh07hkcyNjL3j7xHy3OUchg5LwN/j9eKvgJo7LfyorTNa
xd68qVKujSMrPK0bSEuGRhhLeTwnO+NYq/I0lzjEWIuxcdyuEhQ5OWC09my1RslHRSMxSRzsY33F
SAQzZGzmZMN5i43c4ocdm+P5KrlWymNry2o6tOwLylM1xfMUVgRqV2vIj12YII2VtrUfyv8AC/kv
yv8Ajd+ZGQebj3Dcf+P+SyHheTn/ADOG/jclj+RTxYOdBLhuK8ftpdz96nTwm66leuHkmuQMnkr8
m/PvMeVeTOWZfMRcizea5RyK3l+Qc55XyXI5GKxlOXcjy89vO5W3Pepu8gUs8pCq0qK6n1Jnc5Ms
tp69XH1IIk2V6ONoRCGlRrRqPjDBEP8AFmJY9SfWS/PT8i8VZzvDuS4PlvhD8ceI8SyNiHyV5E5V
gL1Jc3wjhXHuHJHzC/yjm+Uu1cVX+0QXcjjVzUMcqHfPDnvy7/8AUt8dcH8bcPyXhGr528JfhRms
zTjx74TH018ef6p/JbH5q3RweGu8JsZDEWq3EauSsw4u3movuJVuRToYfxx8T+ScrwyrwT8bqp8c
ZvxDzdqPHPBXkPKWquez/JbeY41yatTy/kbjvh+jHWwAw1lnTL3YcTBJaFiwJPLP+pvHnA+O5afi
3PeAQYLiWExeMh4T+VvDKXHuEeQeP2cXjsTjLGOoZDKWK3Io6hkqJVWxf7VftrAg/wDTU5flvEsu
Y55yPkHmDyRSEOX4zx7mvNnznFM/+PNX+Hv+TMlxu3yb/wAyfIGSw1OLF4GLPSChiHNDH2bPa2fk
/wCd/L1TjNzl3PPO/IeMZXhWBNzIcYn4f4at2eB+GvDyS5KCxn7UWH5HHfyXIltLVWzZhEUlatA/
2iUfF2AxLZ+Ns3YJ51ywPQw2VrYzOTvn8bNRP3mYytunlp4ZaKKY6j4+dVEv/buox1iHJTZ3J5Sp
USWhY21MJcryVWazYeNZ5Z60EaSdvcxEgZtVYoGUfZs0Ua0YBFXX7P8AcqQvFFB3IlKolhBJG2hO
hYqu5VA1MdqKMPugrqZpGiWYWUhiQb+0e2/dikYqq9wIw6HXQ+opZXnVn3zJFFFuSIM6w6TCaTeI
w8QL7RqAwH9R6eTYVieoFpxA2N8k0TGOd12qTtljAXVXUgv8QFDEJ4x8scExM3jfNeZOL+KsvZzf
jvF5Pi1jhviLxn/53cY4vxX8lrUWcXivlDypnMtLNmOC46LFXL2Jxy/dzySdoNP4a4p4h4NxrxZk
KGSp5bguCwOMXiuQpZqpLUzlLIYyKpCtiXNV7EqWnlZ5bB+I3gEnL+Q/xVj5N5x8cwYOGxY4WJ7e
a5RzTinFOQVL9bhPnC55K57ZzdG9468Vk4bhGc4NBYz+zHwU7OPsK4Vsrw38v+AQ/jJ+QPF6PJ6v
A/LfHMdyLMZCjRxCvYk5FW8fco49xTz2ni/mPHcjYqWIcxgIq9l0ngSXvmtMOTYnKceo86k/GHAf
znHPPHCp8XyrEeNMRyTkuQhpy4jmOT5Bn+XR+OcZicHTq8fydi1Lco2qn2tllTuPDyTNVPJt7y5z
LBcX8f8AKuJc/uYXkni7C47yRbF7l3H+O5nC+QsauJQcyx+IuJarx3MVDYyMUhx0r6tBJj+Mc2wS
8g4HmMzlcFnsRla9g2OO8sC0/wCWw5yNeOLK4W3jMjaNulbjiZqTt3l+M0u+xLVF/N+Kc5mb1Hh/
J7axDI0bEMcd1uKcuggWNaHJKFOdWSXtx18nXX7msAvcihWONWd3ZUREUs7uxAVVUAlmYnQAdSfW
P5T4u/DzzNynjuVJFDLw4CHH1LGiCT4/y1yhMNUII1Qa6jT3HqJIPxKz+H7pAJz/ACHjePEQaPuA
yiPI2X00BB2hiCOv9fUHjr8heHpxnP267WKk1G2cji7XbbbNBFbMFZxYgJG5HjU/010Oj+Y4efcf
8L+ObJjbA5HP4S1m72erNO0RtwQQZChHViZY2aNWLO6kNoB6xV/zd+V3PuW14J68+UwfDsFieOVL
8Uc0TT0hcngvX6qTwq6mSOXeu4bSCNfVLx34v8A8MTB1KUVOSTP46DO37mxdHnt3b6S2J7Ezku7s
zO7HViT19c/5FifDXAcJkMDhL2QM9PCY2gYOxXklWWO0tSSVdZEUbdQvQfQaeufZ/k+Any+HwnkD
kHFcPRrzJZjNHD2Sk+QmNuSKF0ec7UIPSNFI2kkeqNnGwZRcbyjDy5TGU4I5hNh7TSgWq0Hcnnjh
hCuQu7RfYf5QDlsfL/Lww4u3bRIliEbFYbJWQrJJPJIirIm0l2d9CNqn29ZmtNfs2JbNBrWPjjqf
GHJCCMwpJKsX7Osr9Cg+CroxJAA/mf5C191p29O6e12ddNva103dr466+/y9/USRNUnMhSHeJJNU
cxMS9gW2gNdrEqPoG2sBpuJPT1LmYLS9+rBBanlR2tR7I68hAdVLGu8iadWdU+erEdB6ZHBVlJVl
YaEEHTQj+1LFSeWvPGSY5oXMcqEgqSjqQyHQ+4IPphBn7eja6iTZLqSFBJMisxPwX3PUqD9PUcV7
NW5EjTYArBC/vq8jIAzyFTt116L09idYbNPJTB4P+msh3xDppoydAy9SdDqNTrpr19OtnL25GbZt
2zNHGqxqixp249o0UxgkknX/ANvrx346a3ZsLyvlmExzq1iy0ppDJQXcmqyJ3ZGP8fWk0QqybRpo
B09cZ+1RU7WHqUVTesQWP7GmyGtKRMFWMaRgHUbtQpJ6mOWKSGFK8qWJYg0aS6SALOihGL745OjM
o3K2pAf46xtEClkokMhYxPGWjUCPf21XuRosqqAC/X21XoBZsRCJtWdpFRlOiaaMhUliiszE7yOv
sPr6cvMxUoraSLGHI2JGWMqs0M29F+Sgak66fX1Iwvse4wcJXhMblgz7TqQVDMmoJX+vXT1P9xan
keRWUBrDaSKpDgBNkLltTqdnQnqenrmFiCcwWoKt1YBWfsW5ZNJOzCZSz7S0ugQA6dw6t7+pOTZV
S2XylmxfuzR7WEst2Y2Jt8iu2k8bSlNwVhtRWPXUesZjpJLleSKOIyGWF9pMBVTIwIryaHew07ap
r0HT3pRWcjZaSWNAirEH2Mi7gVV0IZV0OoGmiKdPYaX8xfkRa8VWSxXMncLuYqs01ho9RC0cMUcf
xJA1dwNTu1Ga8hZfvSWcvd/7WvMQwr49JilCJXJZnMVY/TU79FHuSKREccTtXi2mUbmkmiddolia
R3f9l3B0VZI9n0+XpyNZk3xsiIAwCyEr9wwjYlyQQfbeVX6EHWdA6xrXBgWGOZoT2dBMru6qqh5D
KCEJDjoCVI2jKYTwdXhx2E4P4rTH/k1m6CzWaPLcpefXh+EyQJSNuR8WjQGCyEE/anKMSoAAWNQ8
h7c8RnCkivL2VH7KxIsjMhboN2g6dAAfUSDf2UHbhVGHxVU/6s5icfBQh3N0G7br7eub/k3z/hlC
75Y49XXivgPIcfs2OMc2t+Y+T0rkPE2pcgxc9HJxYbARQ2c1mO1I6yY+g0YHceP1meVc1zOU5JzH
lmUyPK+U8izdxspmM7neRWpMrkcvksvJZs2MleyNmw088kpEonkcONwPriONGGbkL5u1Bj0wtCev
XvtVsXpKwinuJFcXBWrG2Ux2LUJMMYE5R4guvOeA4LFYyDMeP8dh/Nt7JQy38hYyXK8NLRTkt6W1
HEYZrlrhOTtQo+2KE1oImUBVAXmXA/HuE4vmPK3JOO8lxOC47y3GYKfinlLgPJcTFX8leOuT38zb
qHG5fGV8JRz3F70JD0cnRsBz27DD1X82eP8Ahv5CcE5j4v8ADPIOM/jV5MzGEt4/zT+LGYHlrlvm
fy7wn8o8bxzjue4r+WPgnyRQ5vawVWe9Wlgq454FtUqUzVcj68SeW+TDg+a8z8S/ObwXjuM4yzy7
mTvZ8dZ/wX5uuZTDeFONZpr+NseN7uY4FjOe1Zz2cnRxuTxVCexdtLFMZ8niJUOTwGCTO1KFsQ2X
tWcfe+6nEwgUGGpbEKIzO2rbn+KoqF+J4HjF5l4hjcFV5Dk8UtueSaPneVlv1svHmYZhGzZXBwVv
tQSH7e+QhtJet/KXYftaMWErZUWUs0JTHVvyOaU09ORnaeGdqrKYwY5UZkOh1CnBQ0ce+GmzNK5D
hslHFGtfMOOzZku2aMkVm5j7cdFGh7wim3qWdP1fLwx455BxyjVzmcr8X5DPmMFyDN5LEcqiy1m1
joMLLjVjni4klJqzwx2YLtVHlkPfMEEO1oMDwOTDcl8YJx2vX5v4pzYbkHFOXSnGLdyWJ489+GWz
xXKSw4qWzZSKVY55JZZ5IJjohyVzxF5NocZ5/h5J+RZ/8Z/KWHkizeN43lLtQrH455Fgoo62ZwnC
bk8qNQyQ7/YV1NqLVVkw/FeR/wATh1xhFsQpJnjNHgMikz4HJ4y7kosZW/09yXufcxGU9hIXbbZn
XRmXyvz3yeJ8nlKlvG8c4Jwavj4uYc2nqyTWaP8AF4rIStH/AAlW9RhFvL3GMFZ7IY/cTRrWk535
989ZyfjnEOL4uDHYjFceigtY3hWFms3JeLcIwNW09X7y9lZ0sS3L8qiWxZaa3MNoEQx/FcbRrcY4
RhEqQ4zjOLlkaCVqNfsRZDL2NwXLZWWR5ZXnZQS8xA+CRhPFvHPGlzNc884eXOS5/G5bhHG8dkrF
jCYqPKUOO8F4nXqx1d2e5PzHKrdvSrA0kcFP7JRrLJMI8H+Wf5Zy8cyHmTP4ROaYjK+U7lIcS/F+
plLU9C/U8c/zdp8LxPlPJ4IKMGaz8YiyNtq6U4HSq2ljh3nPI4aTnn4/+H+UfkH4T4RXg4hmZLeS
5R4q8Y4ry9578xXeK8kx4x/kDj3DJ+Jx43C1bQaCCPB525Fj79wUe3wTyvxfDZrxd5Hx/k3kXkKn
wDk2LnwtzjlqbkFfyV4s5Dn6OVqLBlaxyOPSZ6ExuQZPERw7YZVaK0nCPK/l3yRyfkvEPJ/JE81e
e/GHjmbi1vyP5f8AP/OvI3kTx34w8W8b4pis1Tr8d88+f+a4fOXxK80VXHcUzn3Uj1Y4qizchzH5
DQ8B/HPIea72M8CXuRcN/Lvy5yLxXxR8P4W8geV+B+HsX+NPg/i3ibilPB+KvFOHs47DYnP80rY/
L8qrWvv5Jat+ET+DcryarRxeIyGFxWV4nBdoV6tmaDklxuaRW+QHHJFQuc1ydfIRQN2BHFNK6xRQ
Jp22/wC3Rg8k2WSpZpWT3cTkbOHoRLbq/bEbHwBwpEAQsZ7FiZ9rRorGnXzUITJ7EgpZAE46nc39
2WOCsoj1SRoAJ1gJUTJuAZikgVXWN5g8c0TS/td6SwC8MSvAoZu0SFDBmfUOev8AWp2kjVomhkki
hDLLBYdETVoiQi9gKW6L9ffUkliOruCm4jRljPTt/wD7KHXb0Hv62PEH3ag7i20HXduI3L7EfTqf
rr65L5j/ABm4twHK+QWoeQ+Rc28Z81r8lymD5zznlPCKvA6vlXiGBi5TjuE4jzdxri1Zq+JylimS
ZezJKzvXjUz+CPyk4V5G8jWPHvI+X8cy3DpuHcn5h+WXFODYjgtfyBwTmnPOU8Op8S8Jc8ikx7WK
VgUa9e7UxWPlyE5kIdzJ5T8c8A8reUbFPiHF/K1PDPxeXxZhLHjXml6DjnGvJFjlnkCq8FjiGR5W
8+LglggvPfvMqwQyxjvn8UvN/OeE+F+aT+T+Xcz8l/j3iMbSXI+YL/iLDU63kilxLypxnjmYxfDP
JXB6uIevdo00ngyFyV7NZpFsvFs5TyrAYXxF+R/n/wAv+RIPLmHseHeMZrCeOeF1saP4znHhPzX+
PvLM5W5hwnF8fzPEZ8jiMhUzEGdq5TGWhagEU86y8ixPjjjPkHyCvLeT0bNHwh4mzklTxNxjifNY
eOcv5ZwHOch5lZxnJuJf6M5/jUsR4nJ4ufC767vWT7Yktk+aeQuYYvl13kmJxNXkXjnj1G5T4NJV
x2RingXE3p0mz8ljg+IvR4+tJTYTUIrG5LUlKSKKryDiXIMNjeVYLKzNFn+Acg7fIp3x0cr5HExT
1fvL1q9NjUlaWpcgaOSGWrrEYgrEeOpcnWxWd8J5CfJcj4nx2+0+VucW5Fi5cNO2KzlC1DKL9Gul
q4tSw8nejkquJ4Y2EbNjeNcYxVLDYXE1YadGhQrxVoIYYUCLpHEqqWIHU/2cV8EcCqV7Wf8AD/Gq
1zyTn4uztTk2YgZauAi7SEvLUo6y2GZtdXjGmnr8L7tXDV8JYy/hvjGSyVatEIopL01GMPOmirvS
RFUgjUa6kaa6D+zyDjaFl05HyvF2aGPigkKTM9qCxUgQFdxBllm0Gq+5Gh19Uspznjn8zLzetNn8
jNcrxfbmzmVTIWgFl6yySyPpqCDuGhO3ocnyDj2POJs0KzUab1pTDXWOVViFZizRbo2dRqGKH206
HRbHKPIN+TI8vy0U2TFOnJ24MSCptiOWMRTQXbhmLFlCrGrL76D1lMdTkhlhxelUSxJDGZCNDulW
FV/cZdC27qGJGg0OvqCRbkm6suyHVm2qvc37NgO0poxBBBBHTp7+npvZmeWeuiSLGrvHEzd5vnas
QPOQO2NpIOrSAFvjr6nyf8fLBFZd5nRkRHjOhLK8cUaRd74MW01LHXprr/bWowhy9iQINiF300LN
tQfqYqDoPqfQEDb4iW/emjKRgBQyDdA1lVd1Ps+zqdPofSzWozEHmkgSJ9BPvi0LBoxr/ldSCCV6
+/8Abgc5aTfBw7CZjMQkB90WRm+2xVQoVUlJHiyE21tRoFb+g9Yx0R2WklWu62FghH2kpVJXkaPX
cCLI010QAAKp0BZIo4u0XG2xYbuL9xOKkM6xhGi7kEPbG4OrfoHQabl9Bqwi2xu0ErVlkR68UcjN
oiDo3ZBO1iq6jX6D1saRZZW2s+wswkEyu4fUINsQ16aaKNx/pp6l7uyMnuyuqkpHqW6CIsSBubUl
hruBPuR6cyTtGfm2u9NvSJuqpqSrAEn5aKSP6eshbqzLPbnhPYQyfa7nUPEzho1PbZS3Ve4ASdAN
T0wfEmmN27l8hHkMlDEZ5IYadOxHYjhtIJHU2JnKMzOdmoY66qmtaa5Sryyx14VjJKqJQ4EmhljA
WZn1UjoCGX23HQu0cNckKXQROpaN3H7aTFiNjkByDrpqNNGLD1Cn3CwlX2SBHZ0h3NK67hIVO+Zk
JDKAoAYe+mn+jaZuSi3N38pIf2xFiojCph2rOhjjszxtqVVC6gAf1OPgeIQzQQb5msQBFeHZ+uKR
TJKURgp0ALElgW6H1ShiijeIpKyWVCCsj9GLFXMYSSNS52hBIC2umvy9VJFjZlUD4mKRYzojja6/
rfuxFnHWRtevtu3eU/NGVpJNT4Vxu3dq0HhIGXzE2yriMU9kGQpJkMnNDCu1WAZ1AJPx9W/MfPKy
zeSPyRzFry5yyaWKwcjVh5TZXMYfAyT2NbjR4eC/oA5AGiqoGgAiMM0kggROyiIxjRSodUVHQKpk
Eg3bSVRgB/Q+o2qlazWRXgiCiNd0ckahIoY97CZpZCWLAlJD7BSfU/gzxdde74R/DM5bh1a9Vlmy
GK5b5fNqKTyTyuSuk3ZtfY3OPx8dqMFkgjrYeWdWVbbk2OR7XuTRZvL5OV5an29mzBbs2ZsiUp46
r9ksGMSCFrMoavEO4CoclmFryXJROVgxleSrVriCeWKOxJkVS7OotyhNKeNr9qIBnlY2GHx0Xfke
Mclp2sjj+a4ifiGXoz2Hr2MjiM5TsYO5X7zfGk6Y+0I+6hZYgg036AGLj+KzuYQYHLYfn3iLyDi3
hx+UzHGJb7WOP5mAqLEFHkGNs1ZKd6vKhWK7XkV42iZQ1X8V+JeC/FHkTzlzXg+Y495p88+U+P8A
FuT8QrSZ+s2FmxHEPFGNoy8H5OY+LbUlnvLBiY7MjV/4uzDCJJavJ8tyXM28/QGMGOy3308NzGJh
KNDF4WPFSV2h/jIcPjcXWr1UriNa8FeJIwqxqBxHwP8AkBxlPK3D+P8AHstxOh5Aq5PLQeVhXvR2
o8HYzt2ezbqcvbBmdIP3EhtWa0Sd2WaRNX5xkc5grXGsPh+TrLymGSJopcLazz2shiuNzRlZ2rZu
zWgkV45FH27Qy9wIUK+uR8qzdKhgkTBTphUqVY4aVbF07a643ErGivXs5CCVlSOuJnI3SvuRW24a
pK8ByLp/JQZUJNBkqFO1bkarWmqOkiSR8foxsPuY41jlSViqSdJBJZxuTm5vksJQqZfI4GHI1Yrv
FL/GTLBx7kVDFLFcNq88BsQrTZ/s7Fed0aJtViXKYbOYDEQQ5vFR2eb4O7Wjx0nI7+Nv3LcsWCsZ
Kpeo4W5mDfbs1ooIK9TYoXewIkq0+Gcwr4flGawtannMnlLsq8l4HyC1m4JrGP4tkclNjWy2OsMk
c8wsSpXyYkkZ5Qa0ry4jxDHmODefU4FjOTYDiZ5HBks3xzhs/IKseOtW5czhr2Et81v0bNKHIVIG
t2sWboWSZCDarWs35680+TLeU5JPzTH087W5TfgoTQ8WsxLkWy7ZDIXsXSw+JM8zU6NGrHFUjVik
LROsUMljgnjnj9fiHiTCrjq+D4suSi5BYbJ46rHBd5JleV16uNm5RmcneNiYWZI1iiisGCGMRIhI
oQTVa7/a5C401yXsQLDjcfayM67wjs080VUpCiqWlmZUUFmA9QfkzlsdgaZymPv4Pxwc/g8nkf8A
T2FBsnknJqlgZXFU8fmOVYvEXMbSlLMy1bEkiFRYAHkXM5L8hefeG8Z4B/IG94q/F9+EyWKfCfHi
fi1zXifG+UeRMl4Zyt9eD+UPIfKvJXBOSLXyXL6+bx2Bxv2EmKqGSOee35V/ErkXOPKHIuD/AId4
7hI8A+LuR85YZ3MZLn/Dcnz7zh+WnPrs17hmZ8q8M8h5zOZnA2MhZ+7rZSvWyMEkUUtx5fWN/KX8
ffGnlDKUPH3L+aeIvyhqDyFY5PwfxrifG2Pw/HPEGbx+Fy8sHLeP8Szr3WjSaStXpUsnWuUD+19p
J68e/l15N8dpyLy7by/MoPFVa5SzVDFcF8a8fyd7HZzzDmKtXvQ5/n2VyuVt8fws1o11q1owlOF5
EvTD8Xfxp8Z8M5TiPKfILGb/ACAm/I6DnGVhyFnByZryLwjkvjPJ4V6h/nppc3dS5HYsWNuLqqta
tEkU8m7xRxq/lbeB4/R4bxe7xvisc72YrHHDgsW8OVzOSsdtM2/ZmEMcFSGmsTwpI7OZI3GKxGHx
deqtO3QMUylUKw0qF6WTetZVgihkEYjCRgIFYdCdSaNhIp7NitTpq4jd0jZYZxeSNrKMJw8NgBq1
hWDV5oxJ8l3AwYuwztkscDIlxmhry5SpWmWubMtKFGj7lOVWjtR+yTuGX9t42JjeKNe1KjrPJNuB
VpVUbJHjMvy06aajoB7+irvukQkMCAGUJop3adDqev8Ax/sBLOu36odNFCsSSP8AMR7r9Q3X+8Yy
n5f8Vcc5/WwmZg5Hj6eQrGOdMjVqy4h7L3qxp2bHfxN6aqUmlkgeB3R0ZWKm3Bi/xS8TY2xZvWuQ
y5ZuN15reFzdjG3uOVsrx27YN67hRi8LknioRUTFHjJG3044pFUrzSX8Z+aeJ6luwlvNcNreSPDQ
w/l7gFtMyucwVPx3+T/jzNYDyZi8fjrFOOsqZKrl4Z6e+KyZI5Cvq34f5xwDlXi7Ex/6M5n5z88c
0vcE5bT59n7FPlXGc/yjxly3A4xc3ncpyynm1lTDTyktLXlu5WBJ2jIHEPGHG48NUgr0qmdzTxy5
bm3LLWCpQwVb/KeV5Gu93kXIK3bVRNK88VSvWWGHakNcI9vF41Z2Xsfa37VlntdtopbuGngtwUDS
o2YI5JptCCgPeVg5MaD8hOF8q5xyXg3OfG1vm3IcHyCnTxwztPOZPyfbx0mQay1psNJhq8WVVpcR
ahnqWKSIaFqs0XaTk/Aec5nJ4L8nPx2zuH5Hg/K3Eci1e/yDhkdqeLi3kSlkJoWzENiTJ6VpzOk8
TSTxQXISrrIcV4U85yYvg/5OY6lOmOtLFHheI+ccdjdElz3C6lmw0uI5jWh0/lsEdyLKr2KEk9Us
lbyz5x5XahqYTxpwbkHKrMs7rHG0mLx09itCWfprLYVRp7n6Anp68o+aeU27OT5Z5l8k5fkDPbka
WZf53KtFh8fub2ShQaCuoAACxjQD29fi544SKOH/AEr4Z4RjHijDBEliw1YyqA3XUOTr/U9fr/Yz
sdFVSzE/RVGpP/AD14D/ABhwN6W/Sy/P8VZzVOu7LJHhMNLDctl0iY7YZO3HGd/Vt46e/rhWGgrw
1Viw9R2CgARxmtE+hYgMFIOuh6AaesB4nwM0S2c5lFhu2KivHKK1DfK6zzKxPdbaNvsdvQ6fH02H
/wBI/wApzCtjTDFyCxZsrUa0zkfeS1xJL3ZoDIrbtBtfTTQeslncrObGQytyxdtynUBprEjSMFXU
7EUtoqjoANP7Y5lYpNG+q7TsWRW0YiQu6w6q8aldykbtCTounow6Fv8Ate0AGAZJCrJKZAA2+SRZ
WVNfmibDoo01Y9OpOpBJBP1Kk9dCfb+zG161OS7NYmSNIYgNw1ddZGYowjhiXUuehKgjXroU5By6
Qy3mhWXH4ZJAa+MJJkFiw0ohaxYYpuAV1iAb2ZgNteSjtC2MhJX7kcSsJG0iIUMHZo9TGTuYHuDT
5fFNf7PJ/OrFfdtyGE4zSslYzJAsMT37KwGQksjvkASvxXoSdxGgpwy7abyuikSK80gSGM6NPtfV
WEbFnG0npqNANnoiICVj2ImURjsgqZbRZWnCRyCsjhdNQ2n+Ua+ksyGQllMhm3Fau4SKHTYkj6iI
xH9OqpuAXp6YgIznuKJVdZC0cjd5WRoARGGYlXU7VJTXaSCfUojhdo1GukrbQdvuQ4A11UafL3X/
AMfVyWMSB3jlLgJuQFjL3IwAyqJkiA2jdoAfloPV21PNM0faknsSS6IWCjWJIo2eWT9qOIOQBoA/
QtqR6y/IbtjfFPl7Bg7oZNEil2RKiyy6JEdVcaKdxDOF0OnqulV1LsxXcVCiPtJCyht8Qj2hE2nT
cCwIAOp0ClpwsIVpmi02yCVzvARJGB16A6796gHTodbNiESAwxbYEErFpw3bESK7SoJioibXe+rK
56kg+r/JrZQPm5EVI1LkJFC8DxL06DYZACCPp0HvpGkVXvBO0itMI13kAK5jkEcixk2o9dHGo2kj
6n1CXdoyr94IkKGUGYSqIpgf2yHKa66h9BoQA3qH7uTRnLFAkbiF5HkkjaNnYuqSISNGIOh6NptD
jhXCPEcfCMhNgfJnG+Vcr47zzJ5bGYfl+F42bl6LBnI0BYtRJavPG7Exat2tN2pLesTx7i3G/wAY
/HGDxlOhRx8+MjyeYqCvWJWsiS5CzDMs0cBAEH2h2IpIJJDCtlc7+ZHj7jnIqtyO2cdxzx5jF4/L
ViliaGEyNh42Z5xZZZnkTU/DTUhfX5cce/I/leDyv5V+L/HeOm8O8qx0WPpY/ny+YcpDwLhfJ8Di
UWg9ux4t5RcsS5GKKJZEjqwzOdsods+0mV5FDfztaWS7kqeUm+7yWTNtLcb5aSR0sWa84LrI3d7g
eQyfI6o1nEcjxlrGZ7LYvGZGrWSGCO+1XkdehfpV5ooZFlhguY6Qa1gm9Gk2sgJYeuFY6SrNDlbG
Nq5G8yKJK0uZtLav51chZmeKO3Xlv2I1SuyFRBCgJJXX1XppBLG0EkwMtWpZvoJqkrMqRfZGRSVB
c/B0ZW9hsJC+KfOtOKtyDF+KeQhuXcenq1az8Y4r5BTE0KWTzeVaxWzVqjc5HiqdaXtTpWia/Hs2
yF3NlYjsuV42shXkAisQR/8AViiBTpYRWDKC+jhSBqxUH1xbyNgqmIu5bi197tStnMXWzOMkaapZ
oymfH2wYZZI4LTPE3RoplWRSGUEXq/Ibt5nzhnt5rJ2zXy7ZPKZfI0slkcnbSSrM0Vx5IN5kX9+O
YsVkXVw0k074Qxw38Y+FrwWadqfKZChRs2P+9yd65Zx+GSrSvGecLQkaYFYVAYIrQ80oYqXjGTjT
KzZixdZoaMmXhhycVeg8lKQ04Z6hqxOU3NJDaLG0dkez1aq8yjpTYu3k4eR5BpqsMjw3cNHYVsVQ
NU2MbdpXUtp3YXErzrtJMagEw4rynwPhNjHXzk6OTuZLCUMXyq/grvHb+PrPiLUePpVavIjdaVEk
myJgjsKXimg1LyZPj+D4jluWZIR24qlb72fKytWx+QRac728TJVqw0S4hq2b88NeuZHfuAalhJyD
Pcp49Fzj+LxY43Bxfj8s3B8DbtTGS40mdsWvvLN8QVr1eKWKpeYW4tQAqvKlDjSZnMVOA8eElfjH
G7F0SvUptFVrqMjbgjgbIyrVowxIH1jiiiVUUHez+uH+GeKNdrVcxNFkuX5PHymO5j+I4u/Tlvms
NW71u5cevDAqxyOs7pJt2Rv68CeCvx24Vx7yb5+8uWbuD8SeLcxymfhnA+L8W47xSlzTmPkryvlu
P4PkeXx3GeM8fwSVsXjqNCzkMvfyMEETRwyyWqfAvyH/ACc555H8lc+8p5zn/wCRMvjv/wA1fKHj
nwJw675p8kck8p4zAce/HjB80q8PzeL47TyUKzvyeLPXxfhtM1iRSqQ1fyU5nxPivIePZjJUfDvC
7+R4vx/7fkixZHIca43H4LOewTZK1xDyMvHZ5qeZrTTUb2NrGe4hxZkDc9/EHH8XxNLgX5rJZ8bc
Nz/G+eR1LHgbLRLwXnHkinx/jeUwEOY53wWzhOF1mtWqcRlxVvJv269hb9Ss3hXL1Pxcx3nrE+VP
HHiziPn6XxZzblXi7mPFPCteLK8X8i+deO5Px7wzn+dnyvi7PYqHkcOSxKSJlKk8mckdHjnD8Gxf
mbydyDy5jfE+VyHinxTynnOPp0ucycDyfM3uUKfNMqKtaxn8rXms7Wu3ozZkX/qEKFRPEd/KtRfI
xcVqY/JWKqKqLk8SsuLn+2V1jsUUj7OjaN8VA0+JXVDXtd6RxYq11ARizLIqWGkd07ytCYtgB69S
fYgeoStozMTWVYxIyU0+yhWJRJFCsSGJ0JXQ6jpqwA96uRDQ0r8DtItmpL2t5li2mMKB25q08SFP
mEkUABzqBokkmnaWZY51jDRxsO2sYawQIyQrS7UK6qzoOuh9RLXnEcxVgu8rDFrG6krG5V9qWFG4
66rpr/QajRSQpZZdpUtAwbaEkUHqNTpuXUdOumvolNruP0ozKm46jXqw6e/qRJJtkKEq+i/MktHr
EGc9Q24DUD/wPX0pjk+MJdTJUhYrXglSKaRom3dotE8ewg9QW/oNDuikeylkRBa7iSSUdmRZK6WN
dO7CqoZG/wDlqR01+tPMJVr5nnHMc/jfG3i3hKtBQynM/JHLcrBicJiqv78Nyri44b01vIyoxMGM
qzzg/CNTlb3lLyLyDyz5T51l4sxz/O5K7kcTxOlkqkRNLiPjzjLSWTxDx/xKpGK2PhO+xKN9m27z
zs6StFPDAJQO81lJLEViScXxYjkx0VgwrVEz7FTtzSOVCqyho9PO/i55aseF55iOTZLGDbDGa45D
BhvI82K79E09vHLmSinmqxE/b1mkljWOFnmDfjr+TNKFYqmE55B4r5zPBuj14J5LWJEsQ/erKLNb
G5uxDIrR7hG3RiFc7qvIMNNYwfIcRNRsYjMYeWfE2cdlMXLVu469WuQCCzWydK2u6OWF4pF+Lq+9
fl5L/E7mnHK/JOfpiaGNyXknGWrFPPc64Riwf5qfkGOhikit8px2Orl3mrdtciFd3USby/4z+MY6
8tqHkfl/hn38UUXeP8Zi8vXy+Q3IQylWq0WX5DaSwB9/XF8JGpRMTx/EY9UIClBUoQQ7So6Ars00
/s5NySzOK7wY60In3qjLpCxd0LAhmQddOmvtqPXLPPHLJlGC4xkJ8LxmSWyT+016ulq5B3AIozIr
IhADBffXqdexcz+PrWatFsfG8t2t+1tjEZkdxIW0BUj9JJchRqfWZ5BymKTK8Xvw3IcbaskzTQX5
ARBdoM8UXbPbUbHU6gldNNSDnOEZesZ7VW9M9HKFCGtULI0pSmVNvdjaJ4/j0j7iMxGuuo110166
aFtP7temvr+7/wBun/6f7Qu46D6akdNdwB0I9iNf7EhqQtIzuEB6KgY6dC7EKCAdf8PVXN5QwpkY
ZzsPcMxBEzvB2u52a8qhYQG+Gmp13MNAEjiEeVsiqrw16liKGKR2k2NNPNEI9qRRaaqI1+emh3Db
6rWbM0QV7BeOtBFDHHDBCZooowEDhzF2z81c7mYghCpX1qPp66gr7aA++hGo16D3B6f3euL37VaV
LHMMrY5KGVAdy3coKlbuOHDRv/FvBInTVCNx6btK0Lu3Ypp2zsO6Z2ijhYRmE9V71gaMw0GrHXqu
noCQRyR2OzJDFAkAWVngiMleJHZZJZZv0Jv3DVfoQuhnljSY9pZPuG0jsySwER7YWTcyIAxIUFiA
SXHt6EcvUGFm6na7DaNZpayqukv7w3bR/n1A9x6lcOCilhtMWq6xEISNCr6k6aAj36+lVpVZElHd
XcFcQ79WKh4yiTaoO2duh099Ndc9JWbfaUSJBHIFQNZ2sIiis8w7Z0ZW3Po401J6eq1Z9J5/nLoe
1265nCyiYy6yKCkChdzEbupGnuAGkDmRerROojBSMtHFGWl0RYUhK7wNwZiSCBqVlkmMcknWD7eF
ZdNXeRUKIVfcAR8Trt266nUg4zi2JSIm5Y7l6xLuAidv+iG0EcoiWFWYkn4+23qSMfURttWCsIUs
xkxWikcavMTsCRp7NvABGnT9RGkUn3EKKdNvdgErSJYaMd1QD24t8ihI1JIVNST12kyusfcdFhQS
iWQCSQMwgaMxdqSwGQAav0HTQ6hvSJD2BJPvjG+IRHfKFZV7jKhRpgCAGWELtGh6nQwmUqTWdBM8
ZQqqg7mjSOLsqzRj5FjooAA+p9QyNIu8yTgvYHcjjCbZ0d1LsWeeUsoOoYhtBpqfTGdkkriYK8dS
eVQ6OkPYEMfenVXkZdApIAduhJXT1+J7HG44eRsn5F59PWyhsRQ5KHgnGOM4Kvm8YjWZIvvEtch5
dQdUjjaRXrSEqFUn1a5zfMVK3g8Hj3s4648EOAe1Qq2sZQTIzWK8a5HN5FK1eeClXilWwK85mDqz
ES888jJYyGKp521zdKtbI2spyHNX+OVLPImxRuZGSrjLOHmvV40v2JVeWNEJrB0V0eqfHkWT4H4r
twy1ko4bKDxvHLJj8/Zowx/+ZfIq1ryByarlsZTq3KmYwFD+KJkFOaFf+4K4/HXs7lYuPY7i2Z5v
5I454d8t+bMl5Libi3jn+EtZzx/e5j9tx776/wCSJMfybEYq7XvGnclkopPYgl7Kfkx4t/NDlHFc
j5SzfFPIPhvD2uAw3crhvLnktuE0c5wDnnAePzbb3HMHzHEcsw2Uzb35K8eBzEF+qYxariBAQSCD
qCOhBHsQf6+t7/RI416KNI4Y1iiU7VUMVjQDXTU+56+ljLIm7doztsQEKSNW2tpqR/TqenqeCB/v
Ia4LGaEpKqKAC/daB5Y0COSpJIBIPsdQBJXjFnF2TAuVwsk80VLJRw7GjaR0JlrW4po1lSeIq6OB
p8dVPju3xr+ctcNytfI5XJnH5xcXj8xiOPY/IXblESXTcpVcrjKFLt7rBaAu6vJpuMiZzxvao1kx
vHM7b49eiyGLfDcw1ivtBZkyOKhhJqNThotG1lleaMwDeNNm+he8a8nw13jdCVq/ILwrw5WlW+8y
DxuIcPBJXjvolh2lFkVq6zTooQhEDSvjpuQX8tXzNG3NyyevVaCDIXK2OyAoYvuWGjE+LmsWEcQy
xslZnbZ+9HCY5M7lljg0ggqU6cJHZqU6ybK8CCOOGECNSdAkcaKDoFA/smavWnniqRGzceFdRXqo
yrJPK5BSKNdw1ZviNevT15M8leQ8XlOMeYeO4jgfJs14653hZMbyW74851QzFvxR5T8d5GSrU/k/
G/KRDkIJXi+6SPKY6aKWVGWOM+JeRW+R+P8Aj1uGP8pvJPkLmWd5HxfFz8Q8ax+O+A==/wCK8VlM
ljuRQRsuCwXJc1h8fHK81fHo1D7buSPKkDcb8MW+Xvwf8V8x+MWJ57wDw7i+K4TjnMOa+Kucc1xG
N43jfOfknJ5/M8mp4HLY6fIzwcd47Q42lKrOat+1Y2SFeF+IfFeY4D4m8S07HL6uPnrcQtcj4vJx
fkvB+R8G4zzHw9jOD5XhuHh8scdqU4IKYlyKYzFwTtN2ZQ0UT4vgVjyhZk/H/wDDHxbzHEeZaXjr
nFVeX8j5N5Iw/FMHyXC8jzOK7fIvHFnzJHdmwN4wyR521xzj2erx26y2IJUv+K/BvkX8gPxO/Jj8
DMJieIcRyfBsDl+H/j9nfE3lLx5xK3/pVKuJz1XD5/jXGcG+OgrNHjXGOs1p6iK0TENyjnGXlFrM
ZzkOe5Mb+LoUMBA3IMlk7OVjycGGxsaYzGVDkJe59nWVIYkPbj2qBpwl6TwSwT0IsjXjgl7nfpW5
ZrkZoCxaliFrHPMYCCyLLEVPQKPXcrzmP5b5oCssFqKZ9DILFVxHZSY9GZiNHH10HWv8pNjSK0sG
is1hlj1EasrLEXWOb3GoKHr16el3BBcsTV54a+5I5GgWGWEz9gr/ANvErN8yh3EruG07tYontLYe
c2UsCwzgiBGDqwCoAUicg7QGJIGhYagxKcpDLGzGSG1GsUeu8jSCYHf2jAp6ll1Ukr9fTyvLuFuI
yuiwhozbrwRlUaIASb5qqg7ty7TD9dSPSs6xSBtujAaSQpMAoR4SCjnuroW1BJ+nQ+i8cyvCnv2A
V2b3MakK2uu7VtTqdoH9enqTuMJGk7yrFHuiKhkaFhX3SqHaN9uhH0bcR/RXma1LWMP2zQxrIuxZ
VkLs0qmUnQohf4HXoy9SR68OeIeUfbWOG/jl4yz3kfj+EV2EsvMOZ8Zsd3N5Nbc5r21x0dfGQUpI
UkSubNjuaPsdZE2PNL9vYauYbFpYDXnki+5gyEhJKRTNeMk2o+akNG4CjQq0qpGqzmax9vaqwdYo
hDMrUWOkdYjspJoUYlXk0HVfw2/KjBwR1Mbm87i8DzCWSGKxamxfFM5/H25TMIa8cTDB8o7Uqznu
FAJFVY9W9eEfxo4fZtz+Z/Kvlzx9n8Dg46Uc1arwXieer5vknMLsMEVmX/TmMoJDBbqTRwQWGuAE
gRuI3WSqyvYQpZiRZnmjlICxxM5WT7ibtug0+IGh0IO1fVhqEskCm9NRmPckSI6/bvMxkRnLLKIl
ID7t2hKn3Y+H/I/OcpU4TZy1u/gsDQvtXpcQyvkTJvGtS/XvSslfEZfOV45I46u4wzWZj2ikjJGw
AGgAAA/oB0A/s5VEb4rv/FWoVQSRK8cjxEmRdx17jKDt/Rof83TqeY3sjbx+QsSXrlMVZ1huSkhn
7U0bp8lVRu6AuuhH16ZZLHI8zFxyEOa9AXDWkfY/dSWVo1ii2B/ltRtz7wSugAFvxpzHJSyZ3ita
P+Hm3xo9jHlVTsRkMD3UNbduJYsF0AO3X1xvL0EgHIsZlY6lqSFiXNXtzwNXmPz7ixuy6DRApQ6F
ten+xoPTSXLKVIlJCmRGYTMF1dI9jatIgZSAdFIJ1YadY3xED25/3WczLD2o5iOyskW+uJE3RKNR
qd20a6DUOkhnWKJJjKldAojUHce0gVFSOMkjUKq6hQPoNLEFkq9mKGSm0RGveSRZC0sscULBIq4m
T+qqF3H+vpsfNDs7FuVI3WMRROqLorRrGixHcrakjXXUHVl27fWJw1NNbuYydHF1wOoae/Ziqw9D
p/8AMl6kn29cH45TRYa9DC4qkpqwLq/axsNSHZGsWsY0RlZ9QDqCdep9VYFTc79h9kfdV4DAyRdt
YAGmkUTFFYEHuLqxBJ9QxPuM6VS6oAqgQSNLLWh7iK8iqjyqO4Co1Ov1OraNOklh9yuYtscQIMu9
O+qL3Hs6htG2FyCB+rV1ZmdgiuyuZX0ezGmiNET3I3hQddh03Akaa6Cx3ZAX3NG+4KrMGI3ITINw
2P1UE+4P9OuUJOhaRI0/Q0ewNvSXfI2s0TBmDqdSCykjboDarrYkWazciWVI2ITth3lCt2F2LF3k
jRtoHcGug1GpjmSCdgoX92MpFGZJPif3ACpjidiB767gWUEa+nfR2YF4TBJoxUBZf3w6vG6AqvxA
cuBqCF01EmQuTukVcmywmmMR3hO5GXiOrSCewNivqTISBu1Y+p+QZSJ7Ulq0LoD/ADeJWlHbaNmR
A6M6okasCQF112ga1zN3Kx7IIiU/cFpHVCk0qzRBSu4dY9NAH3L1A1qsjwtYkRu5K7TKI2kEbuTG
jFd0r7ywCn4tqw0GgiCqsMvceDcFmLyLG0ez47iZZwJdgX2dQAv1I/ZiSvvhSUpLsnWxGE3SHtS6
bZFYbiWUdfdtehEEMKRIzuxWZgFbuAqBHJ10QqdA5fXRdNCQB6jpwLorGMuyBWrII7Hd76kdwLK8
TNs1DA6a+/X0IzLOjOrJ8nXR1afSDfIiOsLhlbQgMdT9SN3r8aPEeD7mRyHjjwbyHl17CUC9qzTs
eSudLj4IBADKXv26PDYpwEVpWhAJ+I1Xg6XONzc/uvLicti+E8jSaPBZkY3O62+PQUKeZqZrkWKs
S0DUspUVVKvY7csLozeuMTc0p0b/ABPiPILl7CcPnxsNji9XksGVy01bEY6PIxyWhxjhr5m69atJ
PZrzS243keXbtWaR4w9yFx/KRwSSRy18e47lKA5KxPZmmkqrO0cYiSFEjB3ggDb+Vf5Dcw3cr8k0
PG/GuM+B/FPGMDmOScx8h5rkWK8nc4yuOpYzjtHL8yy2Lgl8MrZzNqlUlgwuJxty7KDGh28s/Jfz
mePjk/NbVuvhMfxLimN4pxzD8XpZS/JjcNiquPpwz5QUprsivduTW788m4zTO2gUIysrNtIVlIJD
gMhAOhIZSCP6g+rUrWYIXrLE0cEveE1vuSrEyVhHBJH3Ig29u48Y2KdCW0Bmqcy462f43lDRhyD4
+aKjybDxwXYZZcpxjJTRy1osotEzxLDbjnoTGUNNC7RxMletwvlOLyz5ABBispOOL5RZEmtRmK7H
lpUwKqVrrMrJfmQR2I1LdwSKiVLdK/QtCtWlmrZCu9ecNPXjspIkbojGvPBMkkZ/zIwPUEEnN5eG
DmnEIMPn6r+O+WULue4lyVcnVxkGTwDCrnMLd4nazeLpfZploDcFNZiTUlGpXOZWas+CwvNObXc6
3FqmcmeKB8vkbFp697kd/t3srJHHZkVrdltzlmlf5sxavhKMWQe9yKnir93Hd1SlVq1HICKR5rEU
Fx6mQsZBbIjaBYrUddHLFe23pa9KvNYnnduzXgjeWV+jOQsab2O1ASffQDU+r6XIrEFuuipWhbcZ
JLLkI62Qe2sMUCbn6DcWAX210IGnQE9WC66fRdSNzH6AdT6mwvBFzOZmnwaXuaSYGnkzWx+DuZLC
03h5GUQxJiMbmbFVHsSbahnnhG/eVHrwVwny/fOI80/jV4J5n5g/Ar8lhNNSyfFLVTxjHznm34Ge
csQmO41U5VxfL8eW7co1r1y7i8zgIBJVMOW4xTuHx15JwWT4V5T4ngPGP/nnnPMOdyvFPK587+bq
Hk3KePeOc+5RmsZ97iM1xTwpmPHPI7vHMAs0PFuH5bNU8hXo07NWu0cPljwfw6e/5Y/K+/4x/HX8
ZOOc78pV+P8AI/FH4Q+GcPn+aZ/y/wCWPIf22SbifkHyBxNM1ncrkqNG7dwM3KcNE1KC/TRFz/Ao
PIHjLIfhZ+Hq4yr5m8geBsfyS7zD8lvMHH+Ucq8mL+NXgKSxz/L8e4x+OfF+ac54t4/yHK6Vu9yH
Lx18hUe7WMN56/lr8sObYWtZ5p+U/wCTHnPnPJPJs2MXjk3kfC4zMYjBcVzHHMBVrfb/AOlZsvWz
bJMZ2TeoEYdmmcYL8xfG/NOT8mxOY5lc4p5q4byh+Z8xzOOp8mzOY5Phc1wnlpjzU3EvHlTkFlUy
GNythKdURY6rStxwiLHt68J5Cndmgtx8JwFK7d1Ms1XN8dx1TAXJwXlsqUyOTx796NtmolBAXcfW
OGWC0rldUiVZJ2SCSdUM8oxmQDw7ZYpNx7Tsk6gaOhGhNQw5GvZSTZJLHka8KSmuphZBHcgCSa7m
BjdoXY7SCQ2m5pMjTiiqRxki5Tv05ktyDvqsKT5JcXaryr3Sf0EH5An21jiTH5rJtFtmaDEYibLL
CrQxhwzVJ54I40Xo2rFSDrqCG0lTHcRzLRdgTiTJW8BjK5sEkpBJC2auW4JpYmClmhCKCp+Te2Ke
YcV400WVpVIdt3J8nvaWLArvWZEg4vRMkcdp0RhJNuZtQunpY5OU3mRJIzLIK1LFyCi7NGg7Var9
wFro+3ubmY7AdzNqfRka3mJC0W97U2XzExmaQkKUjisiJEkABcsFKKBqBqdVkr27JWq8UjsL9nQQ
Qs3xXvvJ3bHe/qhO067Tpp6hlsM12tGkZsrTrmK7WqPLuSaOqjiS9GpJ1C/ugaaRuAdPxe/O/i1H
KZHguQrU+CeR/wCFhS5E+DxkOWrZ+oUdzSsR3+F5uWWATNrJcpsE3yIqesLyzg2do8i4xncPj8hg
uQYrILbwuYqWKsk1azDJEv2ltWqNE4rPsKFe2+jAr6Jk7T5Du9xpILtrsQvBArV44BVPdMEoQliV
kgWQtt9h643wyjyL7/zZw/k6eVsZw7jdmXMZvDcKxWHyOK5pluT0YmWXC8YfF5ysEtWikpmZBX3n
34p+bPkjnOQ8q+UPL/jridfCchfH43GVPH/BaeMpLFwbBwVWnhsvX5FBYa9kgsP3xYb4oe0AJ5qa
wxyxWXimDrFLHGHHZe8UKbopTNIAwJcqA2h19sjmcr2qeOoJJYy1+vTbI160AE89ySX7MK0dWAES
ttiJCg6AAFRS5VwjM4rO42ScXMdnuPZutl8dO8BaSvfxuXxdgVoLGLs1wybJBKkifLRlHrAfhn+Y
PKqsHmelFDifDHlnMWylbzFj60c3b4tynL3ZY648mU4URKb9P5uIaDW2j96V5X7ZCkAkhepHQhvb
X+n+HrMccxP3druk7UgicMj6hWlA1kWOEaljqCGI2/HoTUoZ3FGeXHAK1ixXV7C140njdZdpSTUt
J0IUt9P7/U2ExqTM6MwsGe1LN21cyosEcsc6wzWP3FQodGG5SQNTpDzmjYmoy1YIpZHWVErT1p1A
kheLdHPrGZSHYN8VSQqDpqBNmJ5Wr1JJDHFIiIWkZmImYL9TGw/p79Rr/s/4f+z6+huZm0AA3EnQ
DoB1+gHt/T+0U5Z5K4vPEI5EUP8Avb1ijUDcGVtZNdRqNB10HyXDZWGUTx3qyRSyJXgijWevFvKA
xEt1WfXUgbiTr7D1FXhQySzOscaKNWZ2OiqB9SSfXAKlyk8kOFvy5+5XaB3QrjVXsLOxCoqNZlHX
cPlGV1B10qrFvCwKhiQykEwzJUYySLFqjf8AdSMApGvxA0AGixWLLKFpCBY3RSNY5YHh3qwSUj5O
wPycnYOmq6mtNHY0NxWkkSQRVywNcxyxV7kKljGJAJRG4I3MNdwA9RVpukpSF7ExIjZU2PMz2YJ1
R2WeQ6bgoD69Np1HoRBkh2sWcyBjC24LHXXQtrKryr9Oq66jp6eUK/ankdl+3dowTrJDIZCGaOWC
J2Ua7yNxB2ka+sgwkSSMvL2z7kBpQrMHVDDKUhZnft6roxI10Yj+HqJ959lVuTyjuNHIO7OUgYb0
TtlOzrooLB1QD4n1tsGxKGldQXUrpud3jVo0hWIS6NoHU6qEBJ16eqiJXcuSgb7mOwF0WSSSNde4
5mjjEpEjsJB0Px0B1xnGotqMj0rGQCCN4i+uteqq15JICjBe73NCSQuug6+oR9u7aSwMHkjRpI5Q
+hTsPGI4WJVhu12jU6H3PquxO1ARX0Wx3I68apE0qFVKojSsCi671VRqToT6+McnZinkWOXfGsn3
DRqvZavqY2JIIHRFCA9B9d80RI2xqUKxjZIoklijimZWfuRnT3LEE66n3H3M5ikilqd2RZof33AB
cQhTIeitqSFGi9eoUn1b7ekUkYcSLIHXbGzgokbJrFqm07ST7KNuoOnqeB0EkhbewVowxr/NhqIy
sXcWNQNNXAUjTT3Kn7wI0TKCCzEvsUPJGpZG2qXUkr11DdAff15/k49lsvVxvC+P+NeGtdo1bmU7
F7jHjTAvkqcdI3oGM38zyK9WjCyQljLJpIgeXdZ5pzDCzcZ5LVv02xWV5W2bt/aLmKtGzTmvvkLC
UjV47RpzXYPuMau/uOrMYlRwV4jYsXMEiz5db2UxtjCXclbsymxm86+Au/az4aa7kZ5+3X2KI0WN
V2jb6d0oXIiI4ZtllLE88S7pIpIFUd95opITHt6MCFPxXVdfHsPGfD/iH8iMH478WeSuHeWOMeWa
EzcYnoeVqWMkyPGMH5Dgkw3IeD89w8GCrZHGXMNbbIVb9mSsrWYrVuk+UhllWrLjcjYgr1HZlsN2
Mhcq2DCkavHE1OxV0dWZG6hgCNSGZt9mxOzbmdjI7Ho27b76jr1Oo0+nT1F2a9mC6lxg7u5eO3jp
IyFcR6hYZ4GTQgMRJv11Gmnp4nDArtZdy7S0cirJE+3U6CSNgw6kEHoT6ycEVTuXciI4Pu3+ylhS
mgaU12rWqFln3XUhkJWRARHtI66jkeE5D9lkcTQwVq7h8fkeO08vEt9pr1WWvWyRaLIcfmlqcjuy
V5oSyLe7MjKHiikjuZfgH3OLrVME+ZlxWOlu30grnuWWuXZ8pJe+2kjlWzThp/cfcyx0klZVMzMM
Tzni3lfAcup16+YPIMJZx+Q4nyXi+drZ3kmDxGCt0Z7GUp37OfoYH+VrRrY0lqTKrKRuPqLLpSv2
6V4zV6N53S7NbTHRIXWzPWeSNrNSsVD6BVCp0A2n1BajlyUedWWVKNWnXlls2MhPNSr4qlXgjR2l
Mplkd/09xWCL8iAzi/XjqzUyapgFOGrZiaukdZ47kgiS3YnQwAEzs7qdRqOvqSONfuJ5GCzWCh7N
dQ6tEKr6q5kmCMHLgDb0A/zesX478mcJ8w0/GfOvHXKc3zfmPizmvIuF1bfg6xySHhvNMJ5Nz3D+
VY+9gOM5zO8Zmx+Ox9+mUz1mSfapStHYr+WuRUp/GdHhuayH41cOyR8qVuQZ/g/E8rhPJeFhwnMO
YYbjGMyXNc337uKxcMq4vdcD92+sUjROstP8tfw55TlbvOfzR45xbnnIPBXhjO+IuRfixxN85wTG
eGfKXKPyN4li+L5XyXwDypPg7lbisEGOzmJsy5/jVfJHZNWkaxwfj/5KcD5zwvk/izw3/pbJ0eUc
TwvmLxpzzK8gxnDOL8u4vgcOlbkNnM1L+H4VUnx78hhr1xDERIZZVLz+M/w+8X+FJPCn4TQeWqXN
fLXI6N/i9zN8q8V/j1T4te4jwDlvjLj2CxXE/HOD5fzXl8PZerat1JpaMsVcyTU7ck8sv2uL4Z41
8UcHs2I8bhMXWo4rjvEOE4Ca0MZgcFiateCKlhsFijHVp1YV0ihVI06AeuY8OblOW8YfiFBy2a14
78A4H7fHV5sNiGnqYHM+S8zQP8jzblWQrubVqKxM+MqWZNtSBFjDt6xuIp1dlrx95T8h8Gzkssm8
WJckcRz/ABOQLsztXAp8oWsi/FdlKQ9flo0EywSOwlR68saymaPZZLb9ydqWC1VlJ1dAysuuum70
2yvViTSMqFhtMsJSUkVZKsM0OrjQDop7ZUn20PrWKhj1uRa2Jw9PaS3dBiWNp1ndVl7bLroCT+rT
X0kW9awTuCWFGneKSZo2WIRJNGVd5GYjTRWIXrqfUhaygi7epMJDQzIVjVxKkun6NQSFJIJ0Gh9s
fUjlAkvZKpNXEbLEoTHBJ3buOWVu1IY1Vg24kgAadRURwZSRC3zEbbJNuqrH1jaPbJpuXQ6fE7/i
PSqtxobknckUpbWZSxleKVC6IRViQKQFIX4gDr6SyiSWZJlIO5gRIGkJZlDPow3sWGignTTQkE+o
9ZWkV1jeeJezMkiSCOOC3JI8ezcjRnVCW00HT1yfgnK+P1uQcR5TWRMxhiK26Sysskn+psGoinhi
zeIsQCyiKmlkgFv3NWbkcv4JeYfHvPPEfJLGTzA45nWxgxjZIWy1e2/jvyDXt8cxGXTHMYbFnFXq
0V2z0lSPtqBbxv5JflDxv8afG6yinm63gPjvj635d5lgrWUkhdsHnKPHv4/gNF60pqq89+1YRq0c
sSaGTufk/wAC8K8Duzcl8peLueZPkvL+T8kyXLeb8z5VHgMhaxy8m5jyT73LZcT5WDSGsjwVYkOk
dcFoyOOcdyFQC14053zfhjw1krxmlEmXj5NVp2aUB34+eP8A1BumqmNWVt6GNoyFYOCrKRYBinjj
kXsxSdlGijjcqE7km9XbRmAHUaFTcNmu7NKlmFvvFVIkrxxjZEFiWBYklRWHVCdW1ZR1IX8gfHdV
KPjnL5yhifPvjvFB1wNvB5yaChV8iYjDRJtocxwN6wjvPHHGtuPeJFcFmOF5HirSJDYqY7kmAzmF
tPFtS7DBkOP5apaqNXnrX5SqTx2odoSVl2spGp4z+I35dch3eVMDWbCeMPLWXuRQ1/LFCjVBxnF+
UzzMsbeSIIFEMFsELldynQ2te5eu2EhaeRZhJJNGS8esncV3jlBVVWUDTcoO5h7np6znbjhLSCVm
BMSyawyshiZoB8IWkP6ddzgMOh01fPMr1IYLk8tybcnaIE7yI8iPYaxqyp+2VC7WTXrqfTYfGwRV
7r1vs5IYpJZzIC0ZexIzRwncxLuN5I3Aa9dV9PIx1Z2Z2P8AVmOpP19yf9m1YtyBYoo5FCfAO7tD
IYzGZJI1d+6F+ABJAPsB/sVLUb9t4Z43WTe8ZjIYfMPH+4hX31GpHuOvqoY5HlmpNHkZWaoiloGd
mKMyFlSbS0Zmbdu2kjaVO4Y0y9wQw2IJnaNNxUxzxPGS2o7e111DdSCPY+x5PyySokq45qWFjWVY
+7oyVb9iOZniiBlErovy6ID8SCT6raVoohPIQs807qJEfZIIpJV7rwTQxxkgFgx3e+mo9Rps7Ky1
w9olIwmrznsyxCPc80cayfJtqMsjEEadfU0M9MWYYa1cJXkjewTHIjPullcSNH3UTTcobQagt8tv
pVdVZGZdAUNjfUhXeIJbUgmVxJNIVQhNQ6nQhi3p4u5LDHLPYjDPJAYzFW0SR0EkyJPFXJWNiDoz
bSVIJJswNOia7FIQhgEkgdQ0UsRiWzrYiGqxJptbpr0HrJ15UWZpXZYK9cyV2SZmSONXBIjRlR9r
EoTuYMo10Hrm1wtG8NS5WxSgGeMM8CSTmJK/aZ4zXtb1BJDbz1Oqr6jeaOF0KsJFmrlXEbabljWT
uJGoKhDtXd1JJY6+rmXyMU0dSnVmmWIvGCHiRGXXuziWKSQHtgqPkZCT7aDI8nvRa0YrSvWZhLLS
1eyYmdWb7dWDSLsjLKm2NANGPX1GGRUlDGXZsG3uv1RdyaTJArMB8d6khjoOnrt2Hj7gRDt2rGEn
eUSLAZhsed2LN1LbtF1J6dInSRChjHZr7lKSCV+sneZXlLPFrtVQPko+vX1LX7ccAjZmVVOlfslW
ki3Su+nbdG09m0YgDcNAVSWeJK5EmsrSd5YNygtB3UO4EQKpOpA6sQGBPpQGLssLCYq8jvKp/RpI
rLBvnDaMunuNPY6+pxCJYS80jSd5pQ6P8VPSTXYGUMVI67SR7e6Y+W1C8FpxCIQSVLv8oG2fPQof
qP1e3t6/KzyfjOP3OQWcF+QXl7O8gxdmmchVh4px7k+ZpNNmsaYLKwY6vFjooZXmYwAypHp/UWqf
F4sbdycbQcdiyMGKuPXyGQvPKuTvULWJyHH+SRRNVsRNWnowwJC6Rx6JtVcdSxuPmFHj2AxeJiFa
zGl6yMTiK1G+idzZAo7pEzMddzsQoJ6eqXG/E8l8+WvNDcg4viL+JmtDN8Q4bhMdVl5rnsPWoK0b
3blS0tGvbJDwrZmmTbPBG/rIZnK5PKy8f4ZWOav/AP1F7s2YZ4YcfVWO6jY5p7dmdQ25vhXWRm6K
FaNwsrT3ZHvfcFo0H20zMggNePcqyLNG53aoCCNF0IPqWV6sU0i1TFsmkZlmaecpMVKFDCfs5So0
1IZdwIPT0JJV7UIYhIIGcpBEXLtHAJ5JCo3MT1J6n1Ttl6gbdJR7ERf7orVWJ1tWYypTbItkRowb
r2yNo01MFOpH3bNmRIoY98cYaSRgqgySskUYLEDVmAH9fQw/D+I5Tld7ll2rg716jgIMjBi8ZFJV
fM4uo2Vq7TnbVy5WhheqZJGlVoVjlL6DK8fnyuFzPkPnuJr4vnfHuGk53JYDF32ks1DhczTy1enh
L1ecx3rFeeFJ4pa9ZQVZXE+R4XxrgmO4witiqWH5JVufbZWTC0bmSu2YuQYqnSTEZvJ5I5OVZ7Mx
aVu9KxLF9Fs2bcqzyWprliUNDAsKz35e9bmr1kjSvUeWXr+0qbQABoAB6DIzKwIYMpKkFTqpBGhB
BGo9Y/gXgXx9leQzW8hTp5LlFuCSnxLApbnET2cxnZgteMxqSwiTfK5Gmg119c/8McczFjyzx/xv
5LznEf8AUWIaenjvJ2f4cw43HZoVFsvEnETyyret0bJieeXHTLuBL6L4iq/kFn6HgHgnnDkHhjzF
SpcK4q3lHifknyXzDyTT4jyb8evNXkCxBncVwDkOJ4tffkOLioV0tZVmHYz8Jws2Jltfjd4N8l8h
/HCL8HuUx+XPM/5n8aocbzeM8IZLFcT5EmX5HyCtyOryrC3eKcM8S8pvUKXGhjr+a5dyrLyxyPhc
Zx3Ltbg5z5F8Rfhx585rzvgflz8iavNYrue/9MD81PAv4q8Wy3JaHAvyY/NjzL4WqW/AVLnXObNC
CLFcWzvjjtvk5HkkbtUMp9tN5G5v4P8Ayl4L/rbw/kPyBwXj/wDJ3xPlP53I+Imy2PsP5ET8mvwR
x3NG4Bx3OX8tWx1e75S8P4+tBas1Iw1WNbWylJV4RV4dznzDnL3kvnlO1KmY5DibWbuTZDjfjvKc
lmoUr/JqXijjtuLB1rliOEz2ILVxK1WS5NCtn8cfw54HR49+PF/DZjk/5kfkhzHybwPxXxLDcN46
kuTfxzNl+Wcr45nMZgK1WguXz9+GF6lyo1ekksgktQSTCeytxoW+1SxHIZYpIav7EJgkZIy8HbjG
wlVJXQka/wBn5S/jpk7ymDknE+HeYOMYx9WkGW4hmJ+H8it0FV+6th6nMsa8hRGOyorE6IARHmFi
SSpP2cbcLdulmANFij66/a5AbdmhdEfdqhYDask0SJHI0ujzfIRgnUiKdCVGxkjb5Ki69Cevs9gN
IGJngkVSwnii03xA69tWitLLtjX9B3HRgenqVZZJpNOwEDKZVarJs2TWH17ce9wwc6lU1OhIHrUO
32Qh2q8MzsixS7ZWZWQxlwvQ7irHaGOumoYTySmNVHbxsDu8ZhrdyTuNJqkZW1NKu5o/8oChjop9
RvYkjVVrJGfj2ZA8b6MIlaQyN268pXafYMo+oPr9mKaSuYazzQxGOFo0RgSY2YruYIAXAIYKup06
grYxzonafYIUedo2QFVnezHsfZPGNjH23jUadCfVCFpbU7pcMxaxG0oled33TTui15FePRQV6RBm
3DUa6Qbo3/bsHaksMYBsTMzBYpdDPGj6pqf0qoc6L10++qQ2zBddZMzViTuK0bx2T/KVojBsFtLG
wNs1MgDsdZVGpMoihlmdo2R4xsupVgZdkQqvHKYll0B1XVJX3rtIB9PBkqNJxPjvtjVnhkjikY11
EVeVGUpdh+3Z2KWChClhrtBX1+fPhCxdGRp+OPyYvtTi+2MFjG5KzLn8JchjrvFBfkWJOOVtkxWN
DEsa7S4lHqcMY/uo3DxM+z7iUODakCaaqsEzyD9xgitvI00XT1beGFllWZbVmJXeOVI4GWwXYxwy
SVp4Jx+4ujKf1EDQ6+ZsRn6ytUyHjXkbGUxxzGpchxNu9Rsx2LgjYGtYTekq6duX4hdfXiy/eju2
lxMGc4RPPYKCSJsFnLOLoR1rKFJPs48fJF20kZh8doAVFUSwVBtlhkL4ydFnrNWsKv3dOeB1MDxW
qbRrJG6GNw6g6JoB6xH44/kdmJbPOa9Y4rgXkvIWOvN6VWNXr4zlVqZ5CvKIYIlhrSgmS6dgA7mp
azCix7d01WLRgA0iWHieEbpI5J9VjYs5099ddFJ9ZlMbBcnvTzOYpce8iyNNNHMoVpDI5RKx+S7d
Sq7dW3fH1axeSEzyo7aTyxSRib5OuqF9Q21kKnr7gj6f7FOljo1DCuks8vdMpcMiCIo290CEhug1
10B1IIJ9FdTtJB0+mo166f8AH/ZWnJJKUBhrsRYl0kSLumESo3wdEjJIG47Sg6AN1x81qRIEifvC
yVWRohX/AH37ET6xvYdY9I9wKh9NenrFWZaUAmz038tagyFWZe3NkHmuhnKu7rLFBKqlizkKNv8A
kYLXryRlpp/tV7LbXUFI5plcpHGNypLLqACzALp7HRKszhZ5YzYgMgAKQAAK69plWSKPZGy/PbGF
OvXcfSVoTKpkig7aH5SzpJ0+4aI2UZljjBZVYghXbodNA1uwkPdEZkghDLGzWXTbLPXdpFaJp4UI
UMCNWGuunRNssFcKrbJOwxihMyrIDP3IWZFnkjJkYMAJAD0G3R2t3Y1SeEaCJd0ZjaDvyETRmRhG
8MbIW1ZFAPy16+sl9sXEUne1ZvhGZq+uxJFUCV45kiXapQLppoflobvIJY45ByHlGetmxMyq4o1L
7Vq71pmMkkCEURoGb5bDqRqfQKGVJUkfRJhLXMj749ZZ4pJWcv3WUn5b+h10A0FPimPR0vZeWs9k
B0j71TuNtCPo5dKziSVnYgDagA+vrGwRRxKe3HCB10iaWfSZphsdJJZBMW1UkHUa6E6+qixtpv7S
NFCshhKRbY3VpJHcRTKkSHRSA2uuuh09QS0i0UEUivKsrr3y0j99IG0kBVpYlVW0BZSdNAR6EYEz
HtKVAlUpVaNXJiZtwjkkDf3DVtRqNTo7wrN90iMYTpG3ZR1dkL/E9RKV2hSxAX9I6erhLSEfaGaU
BmLMTokRQzwFX3Iy7tVKqCR9D6kBSv2THOYd0c0kgMRcymOYSEuANE0B0XTTq3QzGMIoHcJmaQmS
vFGUcOPgpYKNPoDr0/u9LdrTr34ZYb0W93RZnhfvKvQKNJNzbR7ksP6+vyH5pw/H2snY5H5L8q2s
fSeOpJRt0OU8vysdqvnZ5mgEUUmItzN3YikveTuD4q49YmpDM1rCcT5HibPasLSkWGGG3Qu26Rkx
tizWtQVVjMKFXJ7aAH5A+uOeSPBnhPJ864TyjOz0+I8w8ieWvE3gThHIm+8lizK8ck59nLHLMxUZ
a00Eky4btSSxlUL6E+vFjeZPGtn8eOQS+HOVZHgFrl3IeO8uwvkLJSZ2xVt1MLybxFnMzh8hJnZF
SrFBeiqF12Kojjl3N5Mv0hQnvx+JuL43I1CgNvHc4zOcu5HNYKXD36LN/I1OPUFkSSmR2KtmCVLA
39sIJpZJO0CkauxKxxjTbHEvtGi6dFGij6D+yexkZGixtKFprXanhgtylv24IKQmjmWad53XVdp0
QMToBr6rRVKsEUJs2nFmVlkyskgSAPXsMjIFpwpIpiPbXeST7gqtDNYe3LQymMtRXaF2Db3qtqBg
8U0e9WXejDUagj1yHH+LOf8A3OEwtzIT5AZjN1+JS5W9k5BLlrIu4fEQWMnJZklfvyTzkszSA/rf
dI8fizj+bBR5pbOO5rirDSEMys6my0Dyo7roHJHVhrpr6CReAj22LDvHk/H1UBQp3MHvoVRlbVSe
h9tdenqr/quj464Dj5Jglq9muW1rZrptdiy1sbHZklfRfYHp9evqhm/yD8n3PJbVZ6rycJ4zj5uP
4G1I7M5qXsrZc5CcKsZDBDGDr100DevOPkDwlxHAePeQcY4NHwjwtgq2Io0JLPmnyU8PEfH9qSmp
3citYebIWc9J85A9fETF37eoHhTlfOfHXN8Xwfi3Huec5sebuLcs4Tl8NneVY/Ac5uccyuV49yKS
ryX7bHZrk3E6stPCQ5SZ1sLZnt0VsxyJgvwwqYTA+Vf9WeUuC8H/ACD5Zwizzjjvi7wl5N5l4ru8
g8LZ/GYLyfyXmk3IPPP5F5/iN/mHN3o37P2OSydOSxK7GnPb47lqfBs5nOEPzvD+UvIXGsJj55ea
f+oP/wCoZe5Jc5zlPCNe1dxtWXMeMfAfOcNbynOsxBjzBDFTr41ZZsdi7de3zrlnnbmnHvNfCOPe
UuC83/N7lnjTL3LPJvzF/JblK1n/AB//AAm8SS28ZhY7f47eNr0WOxs1aOpNXS2grZaSpMM5MnkF
PM3MreTz/lDO8X5f+TGPxPLavLeKZPk/j/GYyl4H/FfiXIKHHMSnJ/DXhqjTrZ2aZZNuYtiWWykh
zlvu4vCVURIsdSr1yY0VBLIkSiaYqiqA0supPT1jPxW8QcF8p8T/ABuh5HxK7+SfnJ8Xd49468lZ
3OR38n438HYHkV6OnDzCGnd49YzeVp497Ok1Cs06pFCTIR06f0II/wCBGoP9n43G3YoRYbyllOS+
GsytyYdow+QeO38ThjLHGksqzR8t/jZa4IUNPEup2g+pa0TS2McGBWK1Gtp7FaQbhHGttZdxBg1l
Xdpo2gGvtajwdtoI5oiTTvd65U2pFviiTc6XqbaghQkrxAsNI9B1jVcMO/J8LH2M1eevtSsbDBIb
BqzsysAyfFnYgqddekwTFWFsrFOIrt+SrFrCY4lO+pAWiCvJGquEJ6t106aRtkJtsSsix1IVkjqR
SsAFsON7u4j6gd5/jt6aH0iFVtLIoCNHNKrNEGaKxErBpXIAj03bSyE6k9NCsiyFYrLRSuTumkih
2ukIUxBU7hTUMy/o6AkaA+matK8iyw6QI0kTkGbdKyH96WIr2dxJ1d/dD0Kko/cnBREM6puDxfus
S08MaOjR7kCLoNwCnpoDpHYLNHLD1jnjcpXWSSN3QTt0mmj6gCMNuZlHTQaCp3RHkEgiiSQgFo+5
DX7m/wC5M2x1EoUtu6fEk6nRiheRY4mk3h2skyp9ssj1YllLPIFjEh3bCUPsAxJUTVxHFLFYCzY2
UvpYIEldLmNglCymOCtZjDM+kh2zBS2i6+pnmsmlLEVinsL91PDKneMfZsQCuhaSJG17siF3KkMx
+LL/AOrTwilanoUB5J4zyqHE2ExQiSzyrPZ3kFzPVK0cFPMLDYnz4iMkiSQKLSMsshViIGb5BYCZ
Y69mpNKgWNYVhiI2yoSZe42zcYmaQ7SfUshhYGcRj74JutslfuI9n7aRVZWhPxZ4yHlQlWDgaDK+
NsZKuT8uec61jgHjLi2FWvNnZsjnIa+OvZBKkYaU4mpBfi3bwB9zPDEq6uNPF/jrICi2Xw2Er5zm
lWKK4nf5PnrtnP25ICdryLTmtiudWKypWMiooOz0IzG8EyNPPKszxTPski0bZ2Ui7YVVUA6dsBCB
t6t6htrTlinrzlY7AZILiWzIbKWIrlRUetLKYxskQgh9q6nQMK/jjyfeDc9pxSR4jktk2IW5tSrb
QYbZeYqM/EqKJBv7dkJ3usm5fVz+QqVLKLHYYue2g+cQkZYXDu0cW5W16FnhOvRiPX2GKgjjTHGa
KVk2bR2zsiji7crKIFRviCoIGnX0nIMqZXikJaGIxI8SIpHbZodszTrM+g1bap10A197cuO0qGKK
WdYzvMSsRE0FdZjsEsbR7yoSIMNvXp1P2uxu32fue9sk0+22/wDU29vfr3Phpt13fTT0bRIOsUUe
gQodUUBiwLOWbXpuLEtpqdOgCxxqzu7BVVRqzMxAAAH1JPrtvoGA+Sht21hqCpOgGoI+mo/2TC3V
X0CdNxWRnTRgGYINCPf30/r7euK4kwmatm8pX75aR68k9Hv7rDaArYjaRYyAwBBbp19jh440bHip
TWKSNu/2oY4xGKzosqaWe9sPyiDMF16qS49L3EdXIioz2IGYtJOJixWZjueKaKfRCFIBGnxBPVYm
lkS0skc8FqtbhEAlUQPDDNEdjSpskVif1v22H/MDJLIkVqy/2lmlXrLPE8QaM/uKgLRduBdVLnch
GoVT+khJkWNkrsG7rghoogaz7G7jR2GhWQjUasAOnvqLMgljFeGp9lahWNHkljjRmZJHllaV7QDK
CgCgl9WOia+p4mK1IqtSFR3maaOxBHqYFWWFzHIAZnAVi5TTXT5BvWYlgMriKtbDlZdZmWGN5FMM
rsqSp2izApsJ3aEAAseGQj4ucTVs2S8XzNq681po5pXKJuRrJjKkqoG5dQBr6M0n7detDrY/ajEo
jETMjrI4VmA2nUnopbaug01s3qkz26GN/wDt8KQoWUWGkjScRCOON1+2jhhTe4RNVYggFj6jUWmi
7FeJp7bVxMGUaLMVsqJe4iton1DEEdQdPUM4ndbAjSKeSIfEdoSHu/tmJt80LMAOh0+g9xFHVk3W
UrQlCz7lL2ApL/bskDF67aOVLEmMMdTopEdiwrSmFJTIsUM7KzSRh+9Y2IAE7kiMynVRoR8vl6sK
6CNEjsxIsT7As2/uQsiPopMc25AW6adToVADCfbIqK6iKWKRCFchFmjDvJDG0qxbtzEKzhSOh0Ek
jjuzRwlCu1ABNGRuBEW0CRiwJ19xp9Bt9Tzy3lX5O4aVBHLFY7gPb3kuNQ5010BHvroeuQjrtN9x
XWVkI1V/uthJWOUSLAyhZVZSU2A+2vUeuUZmTKfxv8xl+aU8jfWrLdhry5NstC95aUVPI3pJl+5k
RGrmKyomYLPGrOSUgTd35iK8ca6FhJIViRYzJKyFtQApYn+8+/qvR8t8aHOeSVsJ/DC1y/JWeS4b
C4G13pHx2I4/alnp4mnBV3JI2OEDRzq0heRjoPE+J4TneScdxmNvcoxq+On5hyPN8YwmPlgoX8hy
DxpQ5Fm5qfG57r0Ynlq17UUF544ugCFX4dWrZOHH8y5LJj+Kcw8eLfZ8LfsYC3Zx5yFajBkbmHrz
S0qGwPOsVuSkqRVQ0einnHGK+HsYdMdyPJ0kwz17EbY2zWl23cXFFZsW72zG2i0P7ztMNmkh3hgP
u7UsNaJm2QIzdye0ytD3exDFvISKObdvkMcbaFVYsCPUkuHluRwIzfazWRElwK0bRs7iAvFHIyu3
6SduvQ69fVnH8L4vnOT26VY3b0eGx1m8uPpKwRrmQmhjaGhUDsAZZmSPU6a+vDHGrnIsDX5T5fz6
Yc8bFqN7/Cq1zl1fiGGvcslSR6+OkzVv7ixFAxEiUoknb9ueMnC+M8dbN7MyVzb5PluyqG3kLZFm
1JCUHcc17DMUYkB1A6j4j1BYsuTIWWDcAoVoyAZJDGZ0UrCoBY6bk0+O4eq9qKaNJAsKxxSENuQM
8atETohd9u5NpGjNp9dA1LYVjjj+4EkamUuzxgx9oF9TJG5VFUaa9dB76KxSKaOzPLJZs1ljk7Zi
kjjZFZkEo0KtqAFAb3PU+sJ+I2D5Vb4x4d/HPyJ4r4Xy7lWBuWEuf/1D+ZeScE45zjN8dxcEE83M
OR+EuG+ScHxqDERR2LEcvIs/OiM0CMvAj5p5bP8Ait+Hnjzx/V/HflPjLyz5CizvH/Nv5hVsxNBn
/N/gjBeRWtc38N+KMxLiLyQ1cTlbOL5hensZODFYrH0UmtcO8bfkf+Fdfxr+aPjn8ic7wPwp5L4V
5S43zC03PPxvNXy3Qk8j4zhWS4P5iu+OM74qz9bO8Zt5Dj/LOERWcvGHsVpXsg+UeQfjbwLy3yPw
tl+Xz8D8I+Yocl4UxHizw42b8lm7+Y3mDxOPLPJuL5HO5XkPm3LXKPFM7ZoynJTwSU4MjWpzlDSx
2b/Dv8suU4H8eIOW8U/Bnwz5M8e53FVeZ8r51a7+d82efPMfHMpmrKeRuS84ysOM+6yX264LAZTK
2YHis5maKpwDgnJM1LyrIYiSHl3kPnGUg1vc/wCbcgqRZTkGQiq17VynQwAy4jp4mKKzLVx2ErUq
caIteNfUjOVRFR2dmICqoUlmcnQaADUk+vxl/CD8XOEZvMePfEXCeW+ReTq1mtgvH+F5Bk8vDgW8
gcrsLK2F49xXDcbiSLEXrGy7kpMrNUqV5bDJFLhKPP8AyVDZz1uGHKZPH8SwuUbFxYz7iHWPHZW/
VitW1nryE/cGsoH+WMkANm/yX5/zuxynmHI/Pvi7gHj/AA2OrSUsfheD8o415SzOZsclWeNXsZ6x
PxnGhB+0IAzqUDak+NfK/HmK57xnz7iHP8MQ23/7pw/kGP5BRUsQRtezj1B1BBB6gj1xPyJxlY2w
fNuM4DmODaaNYWs4rlGGqZ2jIkCaAiKpfQaqNrHUhiG19RKz/biUMLBUK5AmaPQKmqo8YWXQsQBr
/cfVmFZGEjqx2gzRBJmZlJjXc3xfTVnBVdfp7As41buLPHCyQ712RCIxhQ+xgS6gM7KxKdDqT6mM
bSL2xNPPIyvGzQomkoU7VlG0DoPkVIOh06etazPHXWMJGqKJygYS9Em0DFN0YftnUadDr7eoY4tV
3kuZH7kliGXd0EbHZsmMhPxIOg929RIZAHtSJ2Srr2l11iMkjruYTbwXYaabDqB09QLDMU0MbWNr
rLORo21SI1YNExV1DKWEZPtroQkTSSTQtPIIpiJNIH2qkZEa7Q8IGg7bEDUnaCT0pkjtnutAY4dq
ieV4I1spINFWNl7ZUIW3aKSo1+I7ZuQyI8iI+4IJ1hcRMGCPvmfoNhMYOiH26E+qsokgmelkK8da
CXWssdewGrzMhBRERppUkchE7hUdTop9TwfdxJYmqRxyyTzyxyIzv2JWnbfGEaKQOsb7QzSHRCQd
T/6oXMsfTuRcVaSHj/8AIzQW469y9i+UYapauQxZKvWtfeSyYuYSvI05mCtIjBJdPWT5v5D5hxrg
nGKccsOY5lyXLYzA4LFgx/dNNkMlnLWMqaChPoZN4L7AVUhl9ZHif4D+DOffkpZrzzYWfzJmKg8U
/jhjrIKw2LS+TeTxC9zGfDyqJGqYSjbe9HuEbqmkvrJ/ln+W/NMX5r/JPPd+5jI6AymG8Q+IKFuG
KOPC+J8VnY58pKmJieZEyUpgnUEuII5pJZJZK09GZI6kkkEMqM0kcERRZZ176Ksckc6WNZEC7nZl
CgBvT1RFGY0gMxuR6OUro6h0aXtusG2MNHH23KNtIIOh1mrQQxoJa7KvZkV5YYwkAUCQJLDPHJKw
OhYMBGu7rt1Z68DifHWpZq04l0lp2pJI7gNaZZofsbyTbFBjMW3aW6g+n4PyuSSHl8dayMZkbkcM
cfJK0EInFhJQ6QV8mIJNJUDBSqllLAsPUuSSBpYbPdieREmMcCRKZYmaUI6zb2ZtSoJ6qPl09DCT
zQJVnl2BUeeWaPRRFPHYZodsUcknbU/F/wBWqoB19NI5iZmLprKbQaN3DPukcSawo1jdtZIzIzHT
YrPtH3fdTta7fu/tIu3s/kNNfuf1bfuflv27NnTTXp/Zjqct2tQQtLKbFvb2gIYnkKAOkiF3C6DU
aD3+nrIVa9xb8STELZRxIjsoEcqhx/8AyZkZNP7umo0P+yCp0Oo0OunXUEe/ToR6wgrRdteM4mmJ
DCAyG5ke3D2NXSbdLFGikLrqyPt+XQ+qlZqfeWGvSiihirvW7ryP3k/cc1mbfGzIqgBV26H5Db6r
mJ4wqCzZtCuixB54bKrEHPcXpC7sdCgRNnVtRu9SWHVoknisK82xVn/bjjkikiUxMBXaeZkYsyx6
EkddPS9qyk5lQSwCw6lOwsbiXtWSULlEmaPTcF3N/mA1MLKqCGSB1STIRSPHWjE0oG8TIrxlkG4O
YmfTqCADqJtscdVI4oIbM29Yt/ejjYTEyETuZWbag1DKRroOgs1KcsNuxcglSbayutddp2qs/uEV
So6HoF100GnrJ1YXUSXpFpiwyMXSW9268aMWZ0Em6YnRtNGUA9NQcdJXlZKtdoEiEiRuUdJAsSLo
EXsiOD9X0Q6udDp6gxtJhJlcwXgEFmv3TMIwVijQRSxnuPPIjuU11jUDQeobVxbFu1YmHfuRxKk8
VjYoZniVe2BJuPQK2gYnQDafVSe5LCrgPFYmii2xJOYgqKI+4zQwRKE37iS+zUfQMRHXkhmcxShX
AYyyir9wGDIYhJ23H11XT4nQa+hKHTsygfbuHAlEirqZQthhKnbqt03P832qRoSQ4a9JMwmmiQDY
4L9t1APattImg1ZukYLEHq2vqSOVQ5hkSURussYZmZCSsih3ETyA9Om4jTUHT1OryEOZjKyhSpEC
vHskZleQEbiOh+PUaldOsjLNGxrsQ0cu7uIVmP65iWZwja+3TU+/QepUMhMfykD6NXj2narzb0SV
ZQoQ6uB110169ZUuBo4lD22jWRD+2JN5GqtGQZgECajtnQ6g+3rls9d2UNyfPSwSJuibty5S08bA
A7kJjYdNenqjHx7EZDkORoSDKDF4yH73JTU8PFJk7j1qKiSxYjqUKMkkmxHWONCW0HqzU8l88wPF
M1Bi8tAuHyX3keTsrRgdkZaENWeyzzOgYCLuSsoIVAWCnxrxKjx/k/F6HD/555c/zjgXLuGJLd5V
xbGZXBvjcNncRQz+UGRqY6Jqk8tBaEkd2F1Pbm7i8rzXI7FuTn0XJIJsdl8Hko7y7aNOtDPkYcjU
qxjjkq5K/ar15x2o2KPAqfLcnj78ebAttByLO5fk/lLMtbfD1uI+L+FYy3yTmuez2csV7EPGsdX4
1jBEb0iSpBJZi6SOQjcXyXhzJcL8JxePcfNxTleQ4ngshlMZ5Fu0M/a/m+WW4c7m8NaM2PhkFKlY
rVaUFqOuGNOL5yeuS5fyNm8h5e5BHPPiqOL5RTs8X4/i6zWBXjytCphslIuTvP3ot7WbgSuraiIE
EjknLL3j21hvxo41yvjVryJ/5Y1ON4EZKfJXmkocLTKkS2zyHlCxS0KT2JJVaeuZTH24HI5z5lq8
fwXj+xyvmuR5dhuJ8PgNPjvB60uRa3g+Pcdhb9xMfx2qkMELvrJJ2u45LsxPivml6aeW3zDxtwDk
VuRzJFM97L8YxWTdljNtmi7123K0hbVTvGo6dDWRjuWNBGyRGUmY9mJbDkpGHPUBidE2deoAJYyz
FZI3eeNJEjXXvI6SJGgjYQjoNdpTaAQNdV0WxMonJgeH4q6iEJDH1k1Yk7NoYAaFuo9j18l+aOUV
2v4HxN425z5YzcAiLCzDwXi2T5EMVHGpLRT56xQiowght0lhdupcK34V/kJ5n4r4j8ix+ROZecPI
PlDOeTeGZ+zf4XzbjXmGpznz15U4Xydmtx8E86cE5/wiCzkp5a9SOXjlfG4Gm08uQsTReDeE5DA+
avxrzHkThvA+d+A/OPFcJ478jV8hwj8j/wAdfKWc55w/P8P5KI5/GeRg8b8P5Tjhm7WKu1cNdwjs
9yvITUs8fznjDxN4p4XjfH/gzic3n3zXy3gsfM+YeEvxawVmWn4i5P5R5U+Pr8+8i83m47xblGY4
vhcjkZKBXEWuQ2oDUkqV7PCvEM9f8oL3ljM8Azfn3idTjX5y/krwDleY8MfkJ5Z8h5zEYzEcY4tl
8dxnHrT4lDRE9PDU8JTyT1RfmpVGyVff4m/FvxfwD8xeOP4k8q8p5H5e8g/kF+ZPlP8AIHgPMeO+
F+CyYzLcC454v53lv4+1juN+as3xNLuUzEsVGbIUHgpRTmSfbFiscUFKlAtTHo0cSPVoDYIapkGm
9IygRQoRAiIoUEanIyzyfM0LMaBFBZ5OwwdlR4bShY0JZiyOqqCW6euU/wARw2nAc3kk5FyXeURs
nkLkNSvYyN54cgsN+SwDHIGjWKrFDviSvGD8MRyvKwLj8bNJRlioXnaHGR4arLcLTWkZEorDQNuR
OoePWPf1VT6b8cvDvF+LUfxj4h5tXPeOeZQy+RP/ADD5fU8b4rl3DzmuYLfr4/xhFi+Z5TkdjK4i
hjIpr+MxSVDYm32pYYvX4s5uwzXMvwTi2W8JZkyyJJMlrxLyG7xrDr3ASRMeDnEy7HbcVdWJGoX1
XkrzAS6GCSIIqvtZtQ+3cNZUO4uza7Q2nv09KzR9ySZHSaTV+2oVCSjOi9oIGGq6a6toSBp6ar3F
km3bI45y0rR6MijTRGeFVOoPtr066n1K1qFKw+UaSKkcgLF9GBDrqoZRqB0J6kE9PSfb3GSSN969
iRVVqpkDjREl1IBLBwAw2kakDp6EE0jtLHNpGd4EliFk3RuQ8bRqWGiuN2umvvp6SGWUPSG15AGh
a0ix6q0ilX0R0ZzqCAw2j6H1GsVlCqK6doCNJlMhiljMskUiiN5RG36gxLN9TqBJPJBPthkMsIDg
duSdpEnJh7kcckCFerAJub9IIUgx6zMSFUyFYn7BWZg9OKtJL8eyhPbLMzaMCARr6sfvpU6yh2sw
GBE7cYgNhkXuMkxVG1I0Yqvvq3rPeJvAXHOaflR51xGNvUf/ACy8QY4ZWriMiYkrQVuf+QJVHEOH
z1C/eFexcFuUQsqqp2BpPKfNOJfiP+IvjPAYLI8h5cvPpb/kfIU8PVx81m5evVOGchnsJmGetrBW
GZrQxz6iSMhtqcu/JKx+ZnkvxPH+UvP+Y8+zGJ8R8D8Sw8o5hhaGbynHePZjIc25pgec5PiAycFT
vti6FYCIBW77kIFTmfmTE+UPye5xVuV7/wDqL8n/ACzzPy/JayzTR2Euz8Yv5OtwpoBKEVYP4jsB
o1CIq7ta1ejUxePp46u+OpwY6lUrY2rWrdIMdHCv2FSrBWSHa0aIiKSdnXoXecQg/uRySV2jeLI6
RRiT7OOWwZ4ZIDEx3qjMrN82V2HoTY2N5pKxQ1i6q6d1ye2I7M9dJmrvLuiX9wmM7g3xZlW2n3Uw
j3Xwq/vPXRI7EINMRqzMkRWbTQMBoAvUaD1ME2q0r2YkiWHtRusqlFkaVY17b9qYGVCOrxk6t7m0
n2SKDZcK0ig9uWKOVJGgE5KQ7GnDMrBdGHUDqfSZOnDYozQyB4GWNUkjtUpikFmKWINNGEtEOF6D
e+ofT2sYzLUK1LkNXSJ7MlISjLUmjmh+8x7o7hrLbitivpsVzvUFSR6aahDN2qs/egjWyJVdNA8T
V3haKM90RMobRmAVgoPubkwa3P8AbzNHAJa7RwxwxRmQRw2IZJhZeSPQppGsgMcgG0B19bN8nb01
02HZu+x73/T+2+4/V1007Pe+O3d8v7BJE7RuNdGU6MNQQdCP7j6Z3JZmJLMfck+5J+pP+0mbyFaO
PIZuRZVMweu/ySOtjXrywu8iO9Vgp3KVJ016g6UdroZ9KUR7fRZFIZt7MIiCQpYkKN4ILBtST6Sc
D94zzJJ20j7axR2Zkl7Q1d5o5Or6DaOpGuvX0kcUk8tSC5LX71cymassrPKteaBy6PJVjZBKpBUq
FIB09PIkSwqIxDYK1AEZ4RYEQVIiEetNHo7MBtcaaDTcxevWjM5FdZUKnbGpO2UQOqSCOR4ow50J
QgsNQNNGZZ1lS6RJ3UrSNE1eZmiSsscirK8UliNdCgXpIQNBpt9ZGWSOWGSCCwqQx9oxQzvJKVZy
OxI3snUfFmUDXqdMpcGkM1aSeaHRtzQXMfWtS09iSwq9ieS5FEEZDvVBru01Jo2rlgw16WLezPFJ
GJYY40rDaLHfmYqERlbRWkdyCQvVk9WuRVnc8ewDWcXiEVitQxmWCvYniSGvCZQp2Kyh11G9dT7J
XTbDEqkR2JOkisVMaLJU+J6K4cDc2oKg6H1BBMUkkYppJMkczIybTq0kbwRyxyhCn/SIYOSV6toW
mRFiYxxmJW7AK2CHgnWRIovt4opiqKm7XU/IEHUJGWgWQOjSm33ZY60KKwArJGCg3odB11YMNenp
lkLKthnkB7bSsiV2WGF1ZI4jDHIiM6gqCN/Xouvobp1rQHvQMrmZ5NFV0T92YApKzsSD1JI6n20s
u0u0LBsJJHcjViCXT5IJ9hUqdSfkdDqB0do9dwURvIe4SqDeVLOr7WTadHJ2/X/l62PuCrREhQXS
NpI5G1BkHcjfWqVIXQbdG06EDUZxoZY65evZjj7RkCxQQxIrkSbI0TQKdo1XWQDqejHO2lOq2Mre
lB1jO5XsOwP7OsfX30BOn1JPX1irnGOQZXi2exsVq7jc/hgWu46dYuwZO0CosV5o52iliJ2yxuVb
oSPXKxxX8tp/HNzNcTlj/keJ/jR4Pk5lQo2pII700HOeZYqzcwdmCKEPXlSCRnklfRN7euV+Y+c8
+8gedPNl+lnMnkOT+UueUMjleVZarBFkLmWxNbA4XhOFxvK8DBj0eOOvWsEosgaXUbTfjoU6+Vny
mQx0uGlwluaehze0Gt1sRkbdevM372EyEgKxPJI8Vp2QrKrSBvKmRxcK4HP8j8U8q49j8BNNko69
tb/OuEZ7IcfmNOxUZKNiKgZJobCzxEIVeJx0HHRQxsVW1l6ztNHDsgYqtmSzdrvairVblmf7ymyd
xUYzTTF5GRECi+q844/xXj+Kx/J+SeRvIPI7JxnFeGcU47WfkfKcvm61hEvZYYnAQTvHSiDz37jQ
w1kZgkfqj4T4PyfKr+KfirnHK+RePcLZwOM4xkedclysoxcvk3nEON3Xs3lbWEoxR4pMnNZtYmlP
JCHDSy7vXgmmvcf+O8O+Pq++VZNz/b8Uw6w9twP+uIh1UDQkEa+mQzkSM9btzV65VAtsSSIs4btV
68yAMhYDVtepU9PSNvT7meIr25GEhdiX0aZmf4SzRyKQhbXcNBrr1jW1WX7aARxyB3dnWSQRxxvK
I9XVhGfkN21k/Seu0YP8ZaVpbWIXBYzzn+TV2vKRS4l4T4dzLF2fF/BstesY/I43G5D8ivKuAhxk
VSRor03GsLlRW2z2Kkg80fh5lfO+a86cs5r5M5z5R5Vk85435Ti8JyfyJmMtVn5NxSzynxvieT1/
HVq5mZLsWMSWenJWnYGRkmTd6/EjmPH+dTeXuL/hB4X8oE84yHmLgnOuZ3eFc6gp818mcM8mcZxX
HuM8jyVvxXJnYePY1Mli45XSe2sk89nvGSx5XzfjCrwHxX+QmS81/mFy+HyPRn49z7zt5dk4rhcZ
+P1C3wGK81zEfjr4V8YHhnG6dK5cvXuYtjblo4qTBwG1b/A/89uXfkHzfxh4L8p+JvBPFbv5hcFn
w9fyt+LvmDi3CcZS4DkU8j4fB36ma8d+bcTbznj28mexGTwVbJ18VjsrUnnsmY+ef/Uj8rZPmnLs
v+XPL+SV/Gc3kehx6tyav4s4H5J5Px6pyPkWI4lx7iXAcXzTneXxb3sumBxGKxziGE/bGZJZpbVD
7d0q4i7PRoSPI7M1bakqqpZjMgq9ztDU9Qmo6aevsSWnhhppc/fRJ4rfeeaKaEtEIexOK4J3F42I
UfIgaHyB5x/IHn1DhXivjn8VXkuwkZDN8hzmSbJT4Hh3GeM2Y4sxnuVZA0mMFWGJQI4ZZnkhqxyT
LwTjn4lcZ5x+Pv4CZPHT8J5DQxvLuHY/yL5ey/IKU9TNYPyZ5M4BygWPGWUy8GShqYfi2OzlC3fi
AeaW7JKI4OA8OxnKeV8mp5zgHHeTRw89xFrEcr4xLPQipXOLK0eUyGIyOAw16rLFVaIJLWYPA4BQ
6+vyj/HS5bsSWOI+Q+I+XMFSlnC1o8dznj9jivITWWSTQbMjwTHPJtC6PIhJJI2yyVyrOrswVmR+
5MiCXVNvwAlVSBvB1J0B06+msQs9csB3PkVbUHcUJXVSg36Kv00B6EaerEpJikmZpEfZrIQYdZ1k
IG1mc++pADdR1A1vy1WBGxWjjJXZJGsZlcAgtIG2kgE6t9B/fHjbNHKZGvNP85MTGlz7KGN9GmFZ
5K4VAkh+4HuCPiNSCa1jG3xNEsK61Ju7HPEzgO26CWKG1GWTUhWALMABrqfUEkkyyHtMJCHkgWYd
vtB5WWUqynQlRp7kD3HWF5izAO7sKpEZi3lVi3NIq/BD1Ib9OpGn0Y1obEwaPuMrzljEyooKJ22l
mgkRnJVgzKTu0AB19RRQy14WjQS75WmWOOtoZJGnLRsx/bOu5dYyPYaklfMXIPB+TsY3m2NwtCWx
lacskWaw3GLtunR5jyKgVctVvYnjcs1hJl0KxhpN25dw8Y4bwxewL8TyvG8byLkHLntwX8ny7lWc
rw5HknKOSZqsqTZbNz27cuktkyTw10WP2VQP/wCiX8c5shlvD0vIY7X5I+ecXVvX/HXHaHGL8djN
eDcRn61aKrlef8jyUMMlhYpTFWrjYzB2KninAOI42Tj/ABjhPGcRhcPhaEYFbHY7HQR4ylh4Zq0u
rxwVgSrLro5Icn5FYKkEcyWZliCyqGrTdxJ2lnhhldF79iUSknYT0YBQfWjWoJLS2GSUGaQ/aCpK
O3EjBpoRPGsjKR1bVRu0JOqQBJZ5ZMdIZVpssbQukbz7QQ8ll5QZ3QyByi6Nr0UepAkoLRwGJdJI
ZB3XLSPOryR2I1krxEuEJ12sAR0+LbooHhhM9gSy14XEjttLyaxR14zKX12MQzkHVgD19NG9mVZ0
mcIz1FtzdtGYpNOWWTc+sDbVJVgpOv6RtmtavJZcbGsBtwAnjhMcliaOSOZJdQwKKh0A3ajXpZMl
FJJY5RHA0iREoitIsc4S2a7LIrFtrEFwDqenT1NPX76zCZJkevLPVlqPGZpVkq2KyzKjNYQKQBvL
oOh019DHW8LHLk45Z4mjpPOJLSwPJ2Z5JGLCO2+wlw++JymsevT047ZqM3Zlid1iJikdbceqSusc
Ql+3V9isVLMwGgZdD2//APH2d3ZP2ne+5+336/bdzu69Next/wDg+v8AuMRh667pcjfrVh0LBUkl
USuwAb4xx6sensPWBoCjGqQQ0ROJq0LqsXbkng3WUBaNoklCsFUEsBt6oB6prI5CA1e9JEd5DQQs
8koAALusQ/6hIIR1P6tw9Rzwt3K2n3CVprEYlXvANPNE+1VjlDohBSME+39fVV42mSxIZNzpFGkL
PMG7ZZggWTuSjqCoCEnoCT6Lqe3E0kPfrLOftdJIxt3SLozGMgjYDpo27QaAG20cEUcU7q8DzNDE
0r7lgMsILabIpG2NJ22dpGYEEnX0e4XSxEzzz2EMZSGIGGaKaSVZWiJd20IA3uwXT1cQsyu1ewyv
HoZEMJRfmEV45p7A3BQu0oFO8BmG0cNqbmhaK1YtV1aNo9I7MEbd0JG0m8VllV3VhJtPuRudcD4b
4zMRzjyhPW47UrVWQT1cS0gjyeRkhQlYoVrO4jClyzNtAYEbYMfOLESU4SSssK7GtGN43b7ieWKH
ubnJUINvbHQaDpVCBmrRRubU8EUkW6QIxLOpdW0RXBUlHOupGpG70gqKyw6pA/bjXt9iQLGjyMk0
zO9pwFLt+3qdRqTp6SOSAJOrxRMXg0lE3cmUxqP3BCJSNdOihvpqVADKYLUE37B0ZY7UbBzLCZAD
pZV9OugUn29hoI1SR5dN0q2dGTt7f2hIgVlaWH5sC2moZCNdPdo4tXbuKwkeTuBzGmrCP4yaAdzT
bppu0PX1KW/cWN3YpqwLybtdjyE6/AgbjqfkOnsR6lVZdlSypMzxse2iBun3EgBYssiabfjqh6/X
SCwuit2NmkIcPMywOiThEOkZkln3EjbuZQB7nSbjWMD28znb1LFQ1lkMqyz2XljmtRtEmtiCoZBL
IqrrrH1LAesnj78L17tO/ar2oJFCSRTxTOsiOg/Q6sOo+h6emuSN2q9XAZeWzYclYa9cLAJJrEgZ
O3CqnqdR6yl05q3w7xRlsX5T4rx/C8IaZ/yI83848deOMfyzE8B8L0clxzkmExKci5pyrjWGlsy4
zKZFMZlLtqtB3KJZPLUvjTxO/kj+Xk/GjiXDvyC/Mm9NkfK3Mm8YXqZ5d428beCOQ47kWd8NZv8A
Kzz/AG4ccV72JpNwjAU4LqLNantPyDlGD5bxvmOB/H5PFnifmvMMTyPxXnKXHfIXLMVzLlEHj/Et
4UrT+PzgOC0cFQjt2Ir2Ykp5fJBZ8hJK7V6XEPLPGb0sfKeH8nx3IgLxS1Bkp6F2OXKYnM0/jBfw
mZEctexUlBjnqSlHBVjrz3yte4lkf4finJ8fU5lLgIDkMV47y2WgsXBerwqn31bAzQxSsZhDbXHk
pHMUMscknCfxL8V5G3kuT2YDzbz5y0S5bGmnDeaA8K8RVcdJYWGUYevXlyeVuOJDblvxRxkQR6ye
gf6HXqAR/wAQdQfXhyyqV50n8a8EtLNTvFqlk2OK4WVJK8lctXau+46y7ydrnaQpcejYNNCn3Gyz
AbexIZ0VVSMaSBrDu46Meu4H+g9SqliQMkv3LSFt9cxyahRLMBEZ2aYMpZCG66nqPl5A8ocwMy8V
8f8AD+S805L2JhLPJx/ieEvZa9HVnkVYv5G3VoCtCzj5WJo/ixPr8y+Gcv5Fx3gPnD8tfLPivyH5
Y5zax3PszTHiDxfa5C+H8EYqTxZK/lPj3iO3wfk3+nbWV4tBby3GkrSXIEY3/u6/jrxv4y/Ar8MP
FfimtgsHwzivnvjGV/LTkvBMDhcfk6WGio8UueO/xy8QcrnyFSnba0Xs5n7arMlj+SvJJMInyf5w
878tnzR5un4byjjvEaheLxrhMAnPb0KZe1x7AcfvZu5lMWlNYYXfktvOXo0O4GS/GZY5PKXjfxZy
XyXwXn3P38bZLl9fK8Gs8v43l+a/ycsOE4T4o5nzOlyHLTLx+pc2ctzUNTFu5kjjaqakSxfiv+KV
fylzDhGY4fBjvLP5Q8FwV/PXrf44/kjz7yHL4e4LyWh46zPPOW8h5BR8T5zxDzDInCYVJ4bfKM3i
83JNWW9XlT8UM54zxsuPxXJfFeG4py1npHGNF514Bx7EYHy5RuYl1rSU8tNyfj94zmKGWKxJUey0
oecCTJZ3KZPHYbB4ujayGYzWWuV8fisPiqdWa1dy2UyNyWGpQxtOCEvNPK6xxoCzEKCRg/CX/p45
vh3mXy9zeplsdyLzdJhszmfF/jOhTtUqY/0AmUxFPjPl3lGfnmd6eTqWb+Bx8CCQi69hFh8RePfN
Xmrl/kTyJJy7kGI4Hxry5Ybh2Cw7c2qUsXyrlByicbwuKoYbGwRVvvZIVufx2PiLr2YdA8WF8S/h
BxzzZxjyJzLlfFMd+UHkHy3wPnn4u+U/9P063HchzjldryNBT8x8p8J4PJ0MhWxFHG4S7hchDYmG
NHeiRm/EbxH455By7nfm3kniXJZ3z1znlfMuQ5uDI3sIvG8LgIeG8UzEktbgnCHuPkxjcfDJMsFW
vHEGQRlT64ZxSbMSY7A+eeG8v8U5Gq0pjpZLONRXmHCYLHwcCzNyni9etXbTpLa29QxB+4mtds7j
viMTf9vrIrQIQ0YLSIW+IO7oNnX6WY9rgmOFXBIbRCzlu2mgcJ31b46soB+vq0tqbTeTJISwVEAL
Mu5EDIYwo266dG6nX39X0Wb4dt3JR26SksBrJ0O9l0bU6e/X1ZexGJYIp+xE8gYtsMhMoMiuFdWZ
h9Br7ke3rHvhDJj8pWjhNLJQFBLDJ+4yI6HYLFTaoDxHpp1TRwD6PFuXVpMdmFhieKUsslHKVg4R
cjjZ2iDWI3ZtuugeMsEcBh1SRWjKEqumrk7ncTCOZCWU9sSAKRoVUA9D6lRDKszKiSmKRiylNhrC
Db0B1ZgU6Lox9ySDVjmik2Fo445IzJGrqFVzHKe28KAauFJB3DoBqS3p4Lcde/jLVU0bEEoW3E9C
bfXsxTwPFGkiyVJGDrIrq+/aDp09ZD7Hg/MeHYbM5C3lM3474N5R8lcU8V2crNEK2SuRePMFy/GY
DHWc3WuLFbhqwwVZY1X9tTtLYfxv484VgeF8Jx9aGDG8a45jsfjsbDJQrVYkmrNRrxzLkplIMkj7
55+hkdnJJlgNivdJKRCWRnWiWuI8vclXSNEt14V2su8uTqwPxJ9SQ3LLx6RvJLKwiZ40rCRVjRxP
NIWjml1RUCkxnUexIEuliMbXay1e19yxWeVnksQxlt0Mrnb+oamRfoAd0qqhkWvIh3yTQ1lYV4uy
e9LWRjZKLNtLk7D3NGYbjrDPEyRRzAx24gU7tlotZNIZOxIrxAoAGVSRH7P8tfUs8M857cbsEhlG
xF0X7iMSzKYoldYQxOqgquhX3b1JKtaSyWZFilkeEQI7IwDpEQkzI8wIb229Sd5GvqeI69uGWRq8
swaSSf7gqJIkneJe8rRsqx/MgBTtOmo9S2ZopEryuu4xrthNmNCZJTP0SKTYFV4x1OgAO7XVoJQF
rzQvKzSKT3yVlj2uG77pBGNpkbQK6ruJAJ9S5XHo8cym72wkqGSGAzduPVYXE0gYrpqNzbm6aEAv
ayhmdCiN3KjV2nnrKITJLJXlnjlmmhSKMO8S7Cu1JBoOh27R3d2vb3dO/ru7m7XZu+m7X36+/wDu
MVPNFaNHDPXs2J4F3JDNNajiqtKRJE6x7gddD1/v9jiJFgNg24q1fuGZa6wwhqssqSTtUYdxdqoR
K3ToPj6QWGsP3Zp3jWPtJNaeaBZDMoYboFqrowIToQQDrr6hdisyRkSrNsnjDpJOTC5jsRmvI8zR
MpHdH1101INSVVWd0WMSwrEqvFbgEm+vIN6zzBjq2gHx00I10Ppp1kiSQLHL+4u4QQrIgayzxvGX
ll0IdXGpCFjr9JSbMzujFEZQrojEGROxJIsw3K6HeoBO/Qj5e0rh40+6jlrIjKtetvhZDH3YpG3y
Lu0k99xI1/5T6uOWjhbuTTQwwtvlrqbf/cfFgBE5NUBYw25GPx+jevIPM8/ciq4zjeGjhsXJiAHB
s2HNVNYY5t4dFbQFiVZd426D1d5xkpWmx/Hqt63jI5lkdMXVlk+xxMNQBGCWT3WkGpDNt2kkD0s/
bUhYnTtQhkmhZXCz2BEZVry9t5hoCQZH6a+22KOGylntxqLeryPO0y7wrgPVaQSmRhs6MmjagDXc
22B90cYaYQuVrLM8zApCH2tt/wA0hfRzt11Oq9GlgkLCOvXVvtK5YrO00u8lztiaJpOu5gGUt1JJ
I9d9zISm5JtsYR/bUywxmMIViJVug6AEgvtLeonBaeNo52jclUDJNGWUOsa7WT5MdDt3MCpBIPpv
iq90KAuiRrFGJm1eJQdCxYLubU/LqeuusnWR5EcKVlbTao1AlEagDTuA6ksv0JJA9SgKHWKFTFIG
+LuzmdNyJ2twQEFl0PyGunuPWSaexp3kdRomsMA7ZkYOXAMcwJVQNAAeuhPT1yHmORomXxr4TwWb
zNqe7G0eNuchajaQVo7ADBzXTagJXqzkAdPXlHIp2xHb8gcvliEKLFEIjnr4iEaISixiMDTTQafQ
e3rNVqh0TOY4Yu58mG6m1qvZmj0Hv3hBsP8AQMSNDp6xGTmy3IpvJ2QiucarY/DUOT5jk/JbOdtN
x+vwrxrxupib2X5PyDP0cxUqNjOPiXIWN8EjQduIyLkc/wCSsNk/xT8BeAIOS8z5livyt/HaHN5P
yp5ZxuHSxicPxXwnznyH4mwOewHhPAXDkL2Yz2X/AIlsxNVjirXJa0gh/ILgicX8U/lLyz8iuT8k
q8W8heNOdYPx/jctl6lCKXxDyafxlz3A8Qo+EfGvFOHY2isOOwN/k1mXIvJCIppMj9w9XJ06VvDZ
G9Plf5bjUtRKlfDRw2I1wz45t872aVmnII5XkYy/dwTBvofX5WeUuU56nXwFH8L/AC3neNcUyzRj
Fcz8vcdyvFG8W4RwcpSmeaxmspKpjir5B56zzRmAIzzR8s8y85Yy8q8h8yzHI+USTZC7NaXM8gnm
ycjWKeYltZeubsveni3zyJ9u6BAiBR/bQ8YW8pbm5d4Mytvh+SguNq8GAyd3JZnic9GTSQvjo8Zb
krqmw7JarDXTaPTGrCVdblZI4GhM3YFaR5llYiRmuIdV13KyR7gp6q3qH7iKNiqKLDSV3jrOCWdD
CwZhWhgKbnYliGOo6evLHiuhkIKtPOcTvVq16+ryYSXkw7eS4pgsiiftvhbWQoxHJRgt/wBiXB6M
pNvwZnuAUsRkLfkKwMJz7JXchg+W+M80c5go/wDSXI7dGSktfIcYqVcgKs81uepexeUisoBNVVos
lxjhfkrj1jlHk3jubxHjfyXk+L0+KeWJfI/FreEznkbx7ladKpHQ53R5bxDnk2F47muTw5Iy82xU
leCzVigXZirfBsl5X808f4l4rzPlrkHNvyI5FkLzZ/GxUsnekr5DE4hMfxzh2E4DxfjWeygwkdeX
KZDs1FjsWZHkj9c5/NTB8kxPBPEfhLyp41hx+QuZDD2sFxTjHLc1xDJeO8p5uxMMdp+RcFzMnKsZ
iMvRiutYr30tVLq1Qsrx+EMB4r4F4055L5b8/wDHcj5B8vcy4pQ5Xy/xTgc/+T6Nyjj9XIyDmnNu
MeQPPPJ/F1Wphoq12RYuIpJZhK4+sscX5ZZPwUK3l38g/wAkvye5zzHJeOOQNyXiX4+eMeP8f5iO
GcP8lYOxSx3H63kHn3kzCZyfkPI7VeTATX5abrevV46tZZqT5PyemK8BcUSbJ+R/C/ifxDybhuFv
zw5B4MhyXP53iPlzzfV8mUeI4GzVuHF3+Q1CiW3ko460aslj1n+EZLKYrzzdwHIuD2PFGE8EXfJH
kHyTyF85cr8Yl4ZyXxA0WH5jxvKLHZjgr31o0K8OQsCKd540QDxl5h/9QTyZ5p81+Qsfg6eeyP40
Z7mJn8LcaoZ5FvYDx7zzJVqKZryZk+GU68dHNQ1r9fCXblcr256mxXxPHONYfD8X4rxfEUcNgsBg
sdTw2B4/gsRUjpY3E4jE46Gtj8XisZRrpFBXgjSKGJFRFCgD15sfCXxkOLeD8JxXwZgZ4pmmrPNx
evbz3J2iJdx3IeW8pvVpCuilq2i6oFJ9cA8o8UsNV5N455nxnnGAnWSSHt5fi2Zp5vH7pIiHWNrN
JQ+nupI9cA8t8VtxTYHyVw7B8wxj1RvqomfpVrjCqs8KzoaV+R4vmpJ6E6HUAytIW7a6hpFaJZGA
KsFjOoUEl/Z9HI16aaC9GpLRyV37WrLGAhQ/8vXRSNdejE6j6+rtb7kzCTcoUE+20R6M+oKhjqPb
oOvqR4tW1mPyPzYPGflJ8fiyqdQNdf7/AFUidJO2VhCImxFVu2omnDt8BIjyabdeo6D3HqDGZPXG
22Fibj3IKciNlcPahrq1a9ThKlikqMRPCzaTJ1YHQaS8G559pFk67N/HZmpJrieWUVZEXJYeSV3C
jVAJ4ZgJK0msbb9UZoJYLCFtkUZMKp20IQFDPGvwkVjGG69SoI6g+oVJV3ikKTPXrrNHuf8Ablja
NVWZopUAPcGhVgBt1DBqcVqzGSxISQQpslJ+UXcj2y1ZF/TIVYqdq/H5dBDbM1ieV4zExmLWFMUV
KWE/BtZF1ZyUOzcNqbSugJVLUu2TUIbUQr74/t6QZnj7k0SuFL69oguCNQzAgCBIhGa8sC2FhEs0
2su+ILPZbuwlq6tMdCEHVugYEEMEnidkmjMbMK8iiIdqTINW7UbRtCnb+LD5aEhTpqPUhNqOWJbD
tb7O8TSPElaevFOJCFjgJRQNV+BU6aDoZFjlt1q8xSSSIOBCtYSo0lV1EaiWaCWTduj3EL8tNdPX
3ssMskbnYJUlaeKuI1/ajjQbni7ckhLFyzKPkQQekqxJI7SSIxCMsTJqJ5lZa86xyv3RI4bcYxIz
EAfQSrLFJ3I5I2hG1o9wjR41aVg3ZQrHOY12lJGO8jQkgpVYWmmmd+1IyQEwl98Ai2wxxrASyb0Y
kRFQeuuh9SlFRJYyz3QusgnZYhWkrpGx7cksZvLr8YyqsD+o7PVk2pAZAN0d2GsITVjVQIZii2N6
zFpUDFSw1UDboOmttEDzKskdZohNVaONFZpJN8RZu7uYuB3tB76adcjZNWsHhknisVL8lKaukOwT
Rx1tqyF02l9Nztoz7P0lFH3WuQ3adz/TX2s/c/kOxs7v3Ozu/wAVv+O3Xubvrt/24k2sFlbQOAD0
ALMRqVBOg+pHX1ZzF6CMfytntwws6KZJTLGkDN8g4IiWNoirtqw3Lp819Y6N1efRFnjVY1leQwSx
Rz1XEh0FuaZNGc/F403NoOitFHHI6ywKIhNoGJ7qtZ2tLAGURM4DPGApVj0JUeu1Pa2PtrzwrJPp
KRJKsqbkLt3O6YdoY7f1ADodA6QKqVUUzmW4ySMbAkjhiMizThoV1m2so/Uh1Oh3aGOexJLHFHG8
KswQL2RuiMzMHa2U3BgvQOv6m19RlHtoXkmjd7CmJbDBjLLH+zqdWZCdiABkHuCdRJWqmKKSHuxv
P+zscSbgBpLHpIgkdI9Bpo7an2HrLIpVphFI8kWxmjRUcx7hK5Cg2UddWCjUgdAOoucKo2dcddsQ
ZzLbHlHcnjaWvVqhGEaLAhr9wjYNW29Bpq/JOcWYIms8pziUcZ3JAi/Y4SOSNnmI+Sx/fysdDqG0
HT+sECxyKGSaZHR0ScMUHbUxvvaVJGBcIEQbBp7BdMfQhjDK0saQgrGJ17IIZJ55nkZJiPkDvj6P
r100FSMNIFeARwuJYkieWqoEkMxTu6q7rqynYzNqSx1LFZBGUQd62zWG7itMGCQ99I3VYpArMxY6
akEhFUk+rCTbHDNobCxbI3kjCIryWGjKxI8m5EjCsEXaNdBq0m3vRlTFbkUs2m0q8kfeZyFMbhVZ
Vj1G9enRh62StIJZVAibRwmpYKYLD94dmLdIQQzDb0B/vcrMN8qRxuiMiIWUjf8AJuhLowKlSTub
X+p9XFMyzSlWcqJtRDOypHtYSnbGTCzNohO0DQnoAXxuCMNvM5+aLC4xYFKNPkL0kqwV4X2K0Yad
A7Mo103H29s3wiu8WH55zThGWy3JMlLGYbS38tiZZI2sMsncdot5c7gJFLnUr09clxlqcWrOOz+Y
o2LI1AsT1MjZrzTgFmIE0kZbqSevv/Z5Nymb5Hceh4f8h8c8jXJ1ufZWuOQ5PxHxuuuaxEtVlspf
w0fAbCQOqAIyHcX6g+Lub/kj+QfifyziavCeLeSOKfhPm+E+MMVb8S3PJ/EK/MuCU+W42Tk+a5P5
jyPBuD8gWvUsZ/HwyWspYnyRgrmKlHFioPx78rYbhmb4jiayYqHhnN8Rz38aOPQYnJW8ivEPI/gH
EzW8dT4pzuGR6+RyVGWhyGkj97HSiKqVby7BY8KX/CHjvyfct+TPGHELN3j9vCWOP885Fe/1Jg+D
8r4llb+L57xXi3k21frY2xrXvth61Y3qlGYtVSjav46el3JI8jVjnrSRR2K8NySMvWEw2z1xPWeP
cGZdyEa6g+vJGFj4zgstFzv/AE1X4/dHdxZ4s+Kp4+LIZbG5C1azMkdhqtIpaknW1LYj7rtKrFi0
GR4wKuOsUa2bQsMhWsVeU1sVyCxSqyYunFJJk8bPTw01aKKGzGBZiqyTrIAyxKVYaFSQQfcEdCD/
AHg+vNXP5JWOR5X5Mocd7S/MLR4pxqG9V1jKmIM13PzH5lQxCjUe/qU1omjd1Fet3WDxWI7AjWac
ytLHIkkSN8Nm4sQFOo3L65r5g8mZG3iOAcC43PneSZSvXEmSeIX4KuOoY2tZnSvfz3IcrZr1KFYT
AT2rKodqhyPBPnpaFKO35yqc28k3sbDfe7Q4tNL5G5hxbE8VNqeJLGTl4tgeN0qEswVVazStzlFM
xiGX8vYzjtSbmcODuR8+4nj6oucx8x8EryY61jLeCFtms8X57w+9hYpsVkhvszY+SzT13LBH6p8a
8sWTnKeG4fjOH/hpPVwl+7/qHN5/yHb5jlM/kLLZWK9x/n/Gn5XnMhFCJLM2V5VegnSJq6SSR85w
/mduM4ux5v4zy3wJyfkWfu5UcS8aeRcdRzWG4nyPJ5HjkE0FXxjz37zKcXydqrDFRrLnZLVRC0OM
VcV+AniLn0Gd8BZjz5Q8e5rzLwd5sZ468kci4LhKcfGOH8+ixJm4z5F8ueAsr5DgXkHIcRZzOPyu
XzXbp2RQTFU4fzRzlvxpPLyHwN+WX4/8uyXIcRhaPH4+E8n4PxzxZHiORX8zybK8ND/6n8mcMzVH
DYLIrZ/na9m1TjrwymxYg/Gm14t8J8/vcS4R+NmP8bcx8tv+M/nrF8d8geR6/kfleU4HJwSXxTie
WZ/+e8bYXkNriVnNZizkaOQbB1lZrFl4XS5B5H5zw78ZvHd7kGMwq8n5P4BxmA/L/wAk43xnjcth
OH8t5jh8BksfgsVi4KVeCPXOTm5lIAklmpDLYmBy3jfxHQyvJL/OeS3/ACT5b8/eQpcW3lHyhzLL
15r0ea5dnMRi8ZJBToU4nr0MZUr18fi6YSOtGhEpks2bl+pZwkmNofxCVwzTPIy/97PZmkhSSXaY
4yjAoH7zaoNoJ87ed8/digfhnBcvksZRaVop8vlNkdPD4ivIIZ1WTMZy3VpjcujfcaeuZeROVWhd
5PzzlXIOY8iuKuxbOb5LlbeZyk6R6kRxyXbrlVHRV0A9v7cRwrNZFLs3ibmvIuBo3ceW9SxM32nJ
MLG6CWExQxYzKdmPUtuirfDb22BZkIEIVEWdZGdZAkcjKUZ0Gx5AoIIPyY6AsBr6t6y7Jo1l2xsx
UrtIfegIDBSDp/Tr06+rVYSP0aVWQdQG3b21Y7mUqOg16an1LLoFYyOokOr6AKzLKHB0Dfuf4Eaf
3azUy22IGFv21SNVjgjIiU7xvJVUUgjVm01J+pqRNI51EM7ElWfWN2lFWBte7HFI0RbQAjQH36L6
OLy9qTH5UiDJ4zN0RLNd4/lNzbLaCZniliVGAlrgoJINU9tCDwnm7R1M7UZGgnrh3xuex0MskdfL
0bXb1kjkIYGKUCSFh25W3BdZXgtyMJmZJu3IQIrEBCSSgTSpHJEjPq53FT1HUHT0qOzuJwEhgWOS
OOBZO8vcZHYss0TjaCHJkU7dAOgCs6Q7okSeeuqtHA6E/I9zc6Oeyu3QAqoKkgdfRIkFmtYi/ZI0
KfdQxTMsZjaZE0bTZIQ+g+Pt+gxPJKsrRTVSkMc1j7eCKyIUaCRgJlkrxw9wEbndCoI10IPbjr1D
J91NXdJI42i1jeMQxwo5mZIxOzbJUIMo01006CEqzT20AmmaYTEyLLDI6RPDtTdXWUI/y2hB1DEa
+mjWe2YEs7qjyv2V78bIxBkfcIgHQgLouoU9R6l213nkn7lkPDMIpJo9pgXShBC0aQmwwDS7Cshb
QjUAmVrVdIbpVpbt2wqoJrMzqiRIVDvWg1T/AKm4MS+4MPVmKPWOy8007GOZoCkKfbh44yusJr10
VipJ2tHMTrp63BY7Vp9zS72WQIqwzMytoO3MsccKle2F6gNoAAF7ZZ3mqxoLU0ksk08aygyK021U
mdXVy50BOranoAPU9dUWQ/aCMRBFFiCRe5EI4hKsWz7obtVYFf1g6+oQPhLFHIqKs/b7hgpqZobU
epDWdrqSOke1V9tOs0kiJFbr2GLgpDsMjSGuY7BrK6MsrOAkjjZqfodjD7rRu33Oz9h9lF9/+n7X
t79v/T0/c379unTdt6/7Og//AFe2v/5ekMimQA6vGR9CDp1V11bXrpqAP7+oFLjVOpGPv5PtYXRE
SWCsXNi33bHw1FpFKt1RQdNNBopx8NaCVHoLWRElrRxLLNGQEEihwlZEij2OpC6xHQgFlPqlGYYq
4IMdVoZIIylqWNZQ8jJG8YKvWZwp/VqyjRl19VhPkO1vJsPXUuJZ3Uxxz9hNsKJC7aszIo12n4jQ
eqqb1geaSfuSLFLFLNLFYZpQpiCuGVEdpQANh19z09WZCqyMxpxyAx9gRpK0O8Fu0+kc4YAFQeq/
8vQyqxlskK7Rd1NIo2MDiOKANFJNIyou0jVwxUDUA6ehG9VFBrySxEqrmKaZFWIt3u5CXiRT0B10
YnqT6mWzJD23XbEEfSYvC7QgsFBWOF5kC6uSz/I6jUN6s4+OQKs4naSQ6rDDI00javEFLNOgLbVI
Oh0UHXp65O8cqWUgnq0a8sTbkljiqwlO2B8FXWQgKugA/v19eNsRHj1itwcao5LJyvOw7mRyhS9M
zBH2BXNkIylVZQAWJAGoRJJCLk8bzyxSIkrCQI1bsmScyQ7n2MSgAUj2AbT1DKtglGjZJN00kusT
s0cbF5ZBHJ2lC/PVu4GH6QmgQRxJuMXbjjSKFgY9jQrLJO+xwomZW2AgIDoNfYGJzCpTdIsRSVo5
423mSOSTT9UK9VKsytu+PVSCUKtJWqyukolQs+0xK/criV0sNGjLuXvbV+Wuh6j1JGjGu+14lmmL
q8ksyvJHEqWklQz6z6agldV0+J9zLZlmWYPKnaEKFREhId41UbFIkCuAR3Cp6A/R7MhTuA2ImEJd
6itHKCZH+CxxyMyauCpAcaK20HXI3p77gOjlmjhUxfbj7kLEyMrSRSoJFLMg0Kn+nqPMZGFrfCfE
4TLXUdN1SfOb9sVOZQkMboURI1Ukkbjr76C1UvRK1bIVJaPZ3tEEqzxPErd+FJECAWC4Hx02gEnb
oPMvCJGV4qXNctkKjrpo1PNztloV0DNoYTcMfv8A5dfTiMKe3FJM250T4RLucjey7m0HRRqx+g9f
nhxDw9xBPJHO7X488U5MOGy52LA3ZON4DyXl+E86ymBx1WbH5DnU2C4l5Mhs2cQtutLaq94GTtLt
ZMFifAGN5evF+VW18p5/kXiD8RefeTMt5Rz4xXIvJF/HeTPMXJp+Ic98q5qpmGpPxfGYO7g+DR18
VjvuFuSTQLxDxXw/w3jM9SxHkfkvIuacT5/hf4byifPDVrSczyvlng+Gy+FwFTyJx3FvSgsUa8EH
G8VHTq/x1P7SWtJNi+e8P4h4GxyeOPLnJ8nyjOeOfyGx3IOW8J8a+fbcFjx14Et/i5mZ85e8e8b8
c814uYpMrVyUcNmxZksPWaezNHBiLNXDLiYKlHVwkqWEMmXmmysEMUwsWpI4I60gIgLhYHZwqRg7
fXIeVssxHGcPLJXlrUEy0kFy9rX3tQE8TRFqPfEM8waqbGyF0kMoQ+RclHxfF8o/hL2cuS3snU+6
xi08xBmMJQmmxtG/j8RFdhvX47NN40T7awu9de2kLW6ljTvQzMr6TJP1bRxumjAWR9rDcdAd2uoB
1HrmPE/Kt65R8Z+T0w7pl1inuY7iXL8ZLLWq5vI0ayvYOPv4+4YbMqBu2IY2YbQWXFc95V518WYP
jedpSWsHkZuYYmxNmqjVYniTEY+i969mpHgV9DBG5RmCHr8fXCPBngPO5zL+J+M5ixzPnfKMhiL2
Ah53zdYZcdga+Lq5M185Y4xxjH2LMqterVXs3rZfsAV4ZX5B4WvWYslnvxw80chx+JxMs7yfY8G8
k1oOd8dt2qwqSAwWOe2s9FF3JViG1gAp1LRqluWW281eSC3NJ2Wgm0lksfaRKg7cImkZtNkzarpo
NqseXeZ+Lccrx463dGY8rYvFVKkd/jfJo7dabHeXeI1ezJS49ZxmRIbL9t4kJl70plhktwPh/GVD
hLP+RlB+b+JZ8dj6mSm43ybg5w2U5rlvKWT7hoTZXN2sly25cx80ksrUI+OUWnjVK0Hd/HjjvKeC
NWxXgfn+EznGuYcfxv8AG4Zh53o+LubR1Vug1n5DymunjLJ5X+ShjvPJkstBHIYx2Cc9ezFHkvOe
A3fF/MbPPOUJyLnXAuWW+N/ix+efGOV3mz1w0Mbk+TZLI+K/yFzVenZmpHL1jvksQLXVK9er+IHn
RxWl8OZvzf41/EnyjTxuAwnDPyO/GPxbz3NeMZ+fcOo4LHR5KP8AILxnyLiUt+SpkBXscjwUjW4I
LLpYnTbYm/m8hZ4fJZlyGMwuQpU8tieOWK9F7Uv8hcYwZsSZKtE0KaRmaYncqBjHPkr01TilybCv
BShpWpMvJXir19sUliKSOtXuSrFIFddChHUgBflj7Fu0snYx0KWchaeGBI5aldYplsiN0r15Y1UB
1VVRdp066+vFH4bYHMWoOJ3c/PyvyatFh9w+C43kJcbjJbleKZHFf/VRjsRK7MJf45/06so/t8h+
FM7lVo4Xy3xWvnsMlizHXgj5X4/a5cknpO53rk041krdsKobvJjtmjHarPjrpaaYKrQ1y/agybxo
shtYiSRuzjmnOrSVJPZzrGyhtWt6Myro7qJi0MgWRNgDwHQoqLoAR8enufrOWI0J3qwUHQu21R/m
Og92B09vQkVoxuCszsCVKagmJt43a9xQSf8Ahpp1EWgTvDfFooXqx1U6OergqvxGvx00J1GnoKdU
aNwqlTJ1LSKgfaRoEQs/93Xp7HVa1cSE14ZWqKjLIoaSBFlleTbuURbuh36bSehA2+loSB4L2Osm
fC5WoI6+RxF/tqi26FlHiR4pGcRzxTHZPApB0YAh+McptCvmKpHfir2B9pk4Y4xFHk6Ek7GZqc8E
KhlZC6P8ZFHv6Ym2xOzvRxFP23YjtGUdodsmXbow0GjjTQkE+qtiKwYpHikk7aTsixzdxmeGcSxM
kJPyjUPvATT2HqFO5LH3K4mSQpAVWOUqqRPHG5mhDGHTcgZ+nTowLwyQO9WZe9XlheeSJWdXjrxh
HgYPJ3NkbbenQN1XUejDYhRdSlXYqi2UeMvJK5lrBpfgsKlTuYoyA7iB1j7OlmUwtamlglkcNM8l
l1ljrSAMzywhSz9DoNwXp8bleYp25lEgNa1J29In3SmJXJlcyBtzorO6HqOmus92ON6gi7YsGOyX
evCFeOLaJG0loWdE3s3RCW3bdD6mlP3EcwAMlVqs1ePTRxCkUzRyWJ6sU+3f12HowI3aidXjdokj
MhZ2AkEUyxyCfuVBZWOSZIyFRgBGdD+o+nSIpU+SSzB2YLX3Qjv/AHGw9rtJUQr8JC+gGgG4H1Zp
BppYYwQybYpn2zBUnhdwyq69AFZlJ266ghdPRkdw09SIyQSy19rIyJGw7Lw9sSvrqq7yq6fIqAdf
U0s8RSyjxwSPHGsiwzSqWisCu6tr2437e5mH0PsTtVrMbizEzbLEMXbmhQsF/wAm0WC+g3IV/Xv2
9Rq33vcXT/o6b5tva7ne37ez3e52evb1029O39f7fY+wPt9D7H/A6+uv10P/AAP/ALj6O3prr/8A
jX+7+w5eKmLVOs1Wg8TogMwt24vuDBO7oqtXii/cA+Sh1b+h9UliggVDDDM26JI37ogIYztJG0oa
QuNHdj7kjoN3rEdtkM7PQuxKbE0lyAxSMs5O0CGWN5AylS+knd+Og1PpHiZHeGWOSdZpo07UElUi
KRi7Kr7LBClmG0D26Dq072JQ8ex55nk7whhaSVn2LCqyizJvWJ9VAKkhz7H0s0EJUtJ8Y5bULQFS
waWWWEQvHO0ZULGo02adNxGvpHiulDLJK8sarDMqqgZ68lgaibRCUaX5HcBp8R0LpYijneVZayQf
GNy8zyxQy6sAscP7UhIIBHVevy9XVV0EMo7ytBDFr202OJQzH9tyISVUNqSSCxHT1njC9qKtCt2N
djqBHFXmO6OQOzK7MXC7i+rvpqdP047jwPcfkXk2pjHKxKqmF85HBNtieWMBFrxnQM4Og+R119Uq
H27osVSrVaB3eH7iFgkjCHYsb0o0gfTUqNd23aANVmaCoYGlVJ9LEirPOkSK6WFeSPZoFR0Una+h
6H3UQCaKaNEsLDXEq6BY0lZ5TK7wHdCszHtvtQEg6+3QO6IRC6BpGaVKl0yMCCgXe8qoSGDBdDIC
ff1JVldZVlZ4qffI2JFC6OohsLH9x1+WsfxYeyn3BjQTzQyyvO0FhpZWhRkeSEgwhiY0ZWYjSMs6
KBqCX1d37VNXicnb8ZZYK+1iiSqsv28IdNxOp/Q3xOu0aRPI0kZmRXUaFo2QdqB5yYEgbUjUsRqu
vufaZ5ZJDXsft2IYuwkKy7kUSKQ8oMW4oHCbW3fL+71dhitaWJ+/DVhhJQT38haaCvCqgEdGVdCC
NSQn+OIezHNNyble3PZq1aRe/NNcmE1eGzIiO8vaEjMARt6qCPj6g1lhDSLXaUiVXCFRseNWRdKz
SbzqzElipJU69PNKZKpPTk/mMf8Abx2EKGSoMTSSCaLcqs8DhSEY6kqPf1RjyFsUKE1iOC9fNI5I
0qlg9mzcSgskTW5K0MjOkYZSzKNCPf1YzPn7K28B4z5tw3y34Q5ryBZav2GG4X508S8pxM2Qu1Ho
yTyNV8lcL4npYazFXp15LHcjkEpaLmXhDg/kKh5lwfEvK3Ns/S/ITiHEeW5PinlylyzMW/IL8zxf
IuMU8gmQyXH6XOBiOXRV5WrYm5h5GE6QKkkvM+deSMqvMPx+8j+Ur3OI/wAcfD+T4/k/L35Ocj8S
YLxz4S8KeLPInjDA5il5Px3BMpJxHJ865NheQyYbBLTqYBc09aIWIJvIX4t82/GDyF+OXJ/PmJ4r
g/Bvgzxz4QwlzhFvzJlLXEc945r+P+eeJ8HP4ayUcnM1+yD3spgsnJWjvu1fbXjD8k4/PjZ7NtMv
CMXlJ5Xp2ccuLsXqdyOxjx9zC/8AJQuokUSAxSxLozAaesxFCtv7HkFKLHZV8beONyqU0lMki4+6
8FyrE1mNnilE1edHhkZdoJDDP0bU1m1Q5Nj1p5GqZW2W7NW3DkMXPYcsJg1O9CHV1IcakdVZlNi0
YRX+5lknWFd22NJHZlRWfV5Aq9N7Es3uSSSf7C2xiq7dxAOgDfp1bTQbtOn9nlLxpev4yhxTzh4W
mae7esyVexzLxtlavI+OQragdUrzWcFm8zDGjsrPM6FRuRgFeaYOzJXTviKaKNe4ezBUWURkR04i
ocuNQuuuz5Ix5JByDH1cnxCTFZZOYfyG+XGycbq4exNyWrkJ2AinpmhDL13sFLnTa+gbmvkDDcMz
HlHg/HI/J/APHXjXkklx7fEeIYRKfHcLy3jFilDfx0XIblm1l2umSpJV7Mv24j2yurc//IflPivk
3ijxJ448K4Z/EnjbkGQxGMueQfOua5u3CcPyGnJQa5epcO4lZsQUo72TloQ1slXksSUisLyy8p45
5F5UK3AvMfLfx45RNj62Q5NlsY/C/wAleK0vBnnSlk85hb9XG46jZ/Kb8cuK5HLP91aibI5Sp9yB
JcVps/4uyXlrxXhv/UK/D3yXc/IbxDjMFervzjj/ADzivEFwfHeR8h4/HksHm+deAvKvNbPIRiOQ
15EpW8Hy02ZVrZaCSOLxB544zgsriaHNsFs5ngIa8pfjXM8PnLHDfJXFoLVlq1XNYbjXOcBkaUWT
gZ1mhrraRXglEgmvw5CG5j4pqMc1WERXrVSyqO0MCTNNtrwxLEXYFVSJkY6kBh65bybynznE8Bq5
bBZOxRezbqPdyXZoLVXE8ZqmSG3meSXMi0kdWhTinsTujFQi7mHkfzjzqpfpck8gWUsYTBWyHtcc
4nUiQ8XwUyxsYoMhTqxG1kBESj5C3O2rLo3og+4On/h/b478tcfUS5XgHLMPySCqzbI8hBQtI1/F
zPo22vlce0taQ6HRJT64P5Awk8eSwfKuPV71Kw00VqRAtNQB+hJa9+M6AkFXDnQe20SpGk9lRu2y
TqfvP0l0cuFjisLJCuoJKMR1JYjq7zyPE+j6iXSAMdTuHcYEMT16ANp/jr6CRyq5TYNVk1deiH9t
1KEjb0UH+o6dei9vQuyrISoZlGyNj+rQgHcx1I6A+w/qqqdJJyWbcyggfFnPXRzoXDH49R/T29ST
O8bTPHIiIRtWOM7mRdRu+TMV3dWJ9PYsWv8AuDKymGZ96KF7ixIsCTA9p1BOpI2j309/UGVxc0i5
HHW/uKNsSPCMdIgdTGYgyI0dqNwkig7Xj26n4+rWIuWzW5JiTWjylKZrAVVZTCmQrxKwc0brIE3K
DtdNCCfdazz15K85SKFUksNHWPeG5JrbbmhRgwJcLoylT7kaIoJTWTusdfuY4Hdj31SaLSSOO2yA
dAWbT4sh1BZDYbpPE9WKEkWKuQc7mJkeyUeOSEEK5LNHqe4hbQ+p5w1dJPtWlsSrE0lnuSr3raxH
Us4kgYqvwGhVtBpoPUfblkJikqaV90MUbRSmVxMs6pLO5hmchmDO7Kw3EKB6in0ryJM8jFayqjVn
TuSRWQ8AsnR4ZAX+THuEEew9PJLKk/dU6RzglWWZpO2S8aA752j2IdCdinqNRqIU7s0sjvJZRWZG
jmLpIsteTvmGOGMHa+u12BDBfcm5NBO8cgmdx2oaciIsepAX7h1is6ppIpJGgZfoR6ZZJWErvH2e
/Jt7cbARzQb4w+77hq5Y7gxCqo0AUD1PCncjcxmvAJ3SgqNIisUeZF/+qWKXYS6s7SIpPQncqLJL
C1adUlrrCmtuNNkTusgkjjsbTKFAkG3Rem/pqrwpvEsc8MVhUKyVVZWlDyDb25IYjCV7YLs6ghfb
T1beVnsssKyL+7rpJDGkTSQ67o1aOSAaggBj/Q6afebm+507/e+Pf99+ztbftvuOx017mu3rr/b0
GnT6a+2n9+vT+330/v8A/wCGp9Y+OlkaE6rOz25461lJX7wg+/hh+6RZTJUlCfJolDEp1IHWM1bH
7n2q91V+407A2/bi2fthCY2m3/LppHuO3b09VUlAlj+2Xtywd8WRLrdiUBV2QkdzfKNB0bRW1A6u
a15EIrQG8skLsGQwFdr7IwqWllQtGVZlKO46aE+tIhVKNFX2lxD3YzFLIr9rdIsjS2V2sSw3Ifpq
dFUukC11hrNEKh1hkWSJC0cYB1RoJgRujbUg+zMCTIInWe0I5FYw/tKYtZu9Ie5FtB0L/GUbtoGv
X3Y1t5l1s6LE0x0mYOy/atLGsZmRNVbaBKx1LEADW20qWChgmJjlEa7IQ8wRVlsSt3GaxuL9tV+W
mug01zqzPG25iLEk4CxRzsVVGmRlZmVUJOgO5QBqX+S+uCLyi8mLqrzTMzQydq9a35ZFyJoVIhjY
JZtZbRA3EKgUE6g6eooqF6luFhTHZsQTANJEkKyqYrSGQGydGOg2r8gxBJ0jWKeFHEES2njjnkVq
TFTHNVFjsziOOyAGSLqep3bdQK4uRxAhkay6GRY2kDaRRxpC8sW4uNQWIG8kHQ7T6XsSJBOskmzu
idopI2XeegSZEtxuGT31IOo1HX0ppyrJEK7dgKJ1LShkL9nZEIRvZUEmvyG5N4/pW2CuwSSKWpoZ
UtTTGSPu10aISWUKuvQoAhUr8h19DeJZF7Fj32LJoY03doRsHcAE9vQoeh11YsPVbtoCsaWjqv8A
0Z1Z4u4LI3jYUl2dG2gtptPpxXpTzQu9kK0M9RYoou0pLKtV442btbQAd2nXQkan141p+WcgvF+A
VcxWtNl79c36mUuLkQKOMWti0ylus8loErJJEkYYgM4Onqp9ncrLTMINXZE7xrXaONYgukSLujjb
U7dVZFHUA6ejJI6tAFiQV1SfvM//AG+2eSQFQpLbdqklQevUkqHipVa8NyDx7xpcpZglqv8Ae2DL
fMcrxV3aWDYnQCUBj1P9dPWPjxhjkuSXPuXnoC0uSgtGWOGhj3WPQvpJXSaF4kK92cDfvUqvhXx7
+fnjbKcb8SRZHyJk/wAH/PNfP+NLE1nx7Jk8xN5c45neL0s9nOeQ8RqcihsRTS57jn8VMk9c1bEd
uOs7844L+IP5b+JfDvj+xx3Cck8p+dK/hfJ+SfNtXKLPYo8Q8XW/HePxmHt0bElpBftcm5DHlaAj
epBTxv3RLJ4wj8Q8W/Lr8zfznyFXlfCPxJtfmdlsTwjwRx3FYK9grXnrzZ4dp+Zpvxu4Tm/J/OeE
xvWw2Bw80PKqMclo1oosMtyb1+Rubh4vwvxt/M+XedX8nw3x/bfLePeH8lmz92TlWC4lkqOb5fWy
vG6XJRbjqWaNyxQmUq9YpWMaLBDyHLPhsWxInuxVrNuaLVWKvHXrVbLTbWA+Pw3EgblGrB1RxIiu
yrIFZRIoJCuFYBlDga6EAj6+j/IrCLQRRJ2TVKt8n+TfaEwhy2uun/u09fHTXQ++3/2bvr/h19fu
97/pw6dzf/0+2v2/6v8AJ2tNn026adPUbXMhBWRZYdVkhtSq67o30lCQGHsl/g29lGv/AMPyHg3F
/jpxvjON8n4jlXlPH/knyTi/KPIdjyhzLwHY8Z87qryLyTU8lccl/HLifiHHcssYmzhadapd5lLl
q7iq2+Vok4pNzTkEljLHF0ZbdP7O/FjkuNVqfdVkmix4rS0YjtDPTKQsShTQbV9cxr8hs4yp43k4
JyaLlWQG14a/EZeO5ROQWY4KdWeZ6tbBNYd1KHcVIVT7HIcg8G/kz4O5JjI5Yq3lPx7xniHlLhWW
tvWo5iLMZTC8t4x4e5/cqciyeLevJkoGillr245+2zhmjXwEn5k/kxxPO/irxz8i6PJs/wDyPAfy
QveR/JPknJ+YuL1/F3jrnuU8k+PfH9rhXifi/n96lpLcmKsUroWOvZvCmJ7En46YLyX5J8j5H8Nu
P4L8kPJfl/mfFOO3sbNzvwTJ+QP40YjB/jfSpcZxV/zJiasH5AnhOWznI6WMoT7I5IKF1msWYqeK
fxn4s8L8x49hf/TC/IT/AEvD495H4WxlPmeD5X+SHg2pwJOZy4LkGIrYGj4vyuD+7szThczkKeak
SjBckr3Vg8Hca8Qcwwvk/gXHeG86x3HPJGNxme4xiPIUTeb+bS875C/HOV4nF8swGUj8h2bsctaz
VqyNBWjO3ttCXPCPww/AnK+Xec5HFU2j80eSvOHhfx/4M4tmIs9eowjLcRg8p3vKfLbFjFwSXpoY
sZjJ2mmSK1YhkNhYeNZD/wBXfkXP+JZ3CPyTL+DsPzbGd3w9znMzZfDVavF/CtTxDHy7wzxXi9Pk
F6K1mZGzU+Qkio10yVsNOqC0sLNHV25P7yQ6N/8A69gSiyqAsR2yCCw1AAAB6Ett027jt010016a
bvlpp/Xr/scvwHI+E5mfwpJkGyXj7nd7MYBakGUSz2MzxvH4S3lI+VmKaR2nr2q9Z6IlR0chimrS
ZGUnaNprAECUdtlik7scbVkUwDdoflqffoAZ+xJWijDy7ekrkwMhKasELExqFB0Ua6g6nQ6yFLUY
KtCLIrx3dJAV/dZVRGjRU1O75lug6a9PSqZyo0YyPYSYntaMCrCVDLsK6HUD/AetKtnagLNCYY49
GPuiN2UaXUt01UDr7n1OKtdjIpIJmljYyNt6MplMLp1XqAD7jX66WhkJJ42SdXZ2WZoZgY1bsukG
qQVw50LauCAPrqfVoU0vQQmApYZjBJMoEqSPNAlg9xw02iBXYHd1X/N6xI8Xw2a3K1kIrNHv2SVN
itkDmuzPcYYsxdJNQABps1baxxD8lxy0cvtqM0FC/Ld/7xYo/uY1ns1qz9mQ7drFdddNdDoPUBlp
T0rHYV7AeatM3ejDtBFGYpZE/wC4i2AsPmr6a6DcTCs1d1fuSd190QJnbowde7MyogAJY6nUnYp0
I9ETxRoZLMiMytAorVO9CyzbYHsSTgzjbMoI0kKE/XSn2FkmDSTCPt/axxo8SQbWRt3dMdtD8V0O
xteuuoMYtxXYpljsfcF5H3SR/wDzO+FE8iDt7dwk+RUdSCyhZBDUEceySKQrLQ3duML3LSdqSVjB
Ou7RWAdW27wNNWMg70e6WLv151DGJhaQy7pakhSR5GKgk6BNF0DH1I1iKeWIXy1SNndEbIOm143k
nG4PFEysCy7NqgasSh9Tvak7ErWZtIViEkcdsRMWCzQynuyNYJEZ2qyuB0J19Sbp65iSVRIZ0rF5
nNfVmjFpElAAVQ2hRQW9iw6nuNSFhd0iCJXYSJHKzGBfkkcTTq4V+zujUpqW0bpOsNqc0Fj6vKlt
Y3Ds3c7O2B2EkMgfdsUBgTp03bbYnsKtU1LRtNJGzRroGNlVaNFssTtA+CaHd0I0J9afdV+9/H7d
/an723ft7uzZ2O/u67de7u/+Lp6//9k=
